Archive member included because of file (symbol)

.\CortexM0\ARM_GCC_473\Debug\UART_Bootloader.a(cyfitter_cfg.o)
                              .\CortexM0\ARM_GCC_473\Debug\Cm0Start.o (cyfitter_cfg)
.\CortexM0\ARM_GCC_473\Debug\UART_Bootloader.a(Bootloader.o)
                              .\CortexM0\ARM_GCC_473\Debug\main.o (Bootloader_Start)
.\CortexM0\ARM_GCC_473\Debug\UART_Bootloader.a(UART.o)
                              .\CortexM0\ARM_GCC_473\Debug\UART_Btldr.o (UART_Start)
.\CortexM0\ARM_GCC_473\Debug\UART_Bootloader.a(UART_SPI_UART.o)
                              .\CortexM0\ARM_GCC_473\Debug\UART_Btldr.o (UART_SpiUartReadRxData)
.\CortexM0\ARM_GCC_473\Debug\UART_Bootloader.a(UART_UART.o)
                              .\CortexM0\ARM_GCC_473\Debug\UART_Bootloader.a(UART.o) (UART_UartInit)
.\CortexM0\ARM_GCC_473\Debug\UART_Bootloader.a(CyBootAsmGnu.o)
                              .\CortexM0\ARM_GCC_473\Debug\UART_Bootloader.a(cyfitter_cfg.o) (CyDelayCycles)
.\CortexM0\ARM_GCC_473\Debug\UART_Bootloader.a(CyFlash.o)
                              .\CortexM0\ARM_GCC_473\Debug\UART_Bootloader.a(Bootloader.o) (CySysFlashWriteRow)
.\CortexM0\ARM_GCC_473\Debug\UART_Bootloader.a(CyLib.o)
                              .\CortexM0\ARM_GCC_473\Debug\UART_Bootloader.a(UART_UART.o) (CyIntSetVector)
.\CortexM0\ARM_GCC_473\Debug\UART_Bootloader.a(UART_SPI_UART_INT.o)
                              .\CortexM0\ARM_GCC_473\Debug\UART_Bootloader.a(UART_UART.o) (UART_SPI_UART_ISR)
c:/program files/cypress/psoc creator/3.0/psoc creator/import/gnu_cs/arm/4.7.3/bin/../lib/gcc/arm-none-eabi/4.7.3/armv6-m\libgcc.a(_thumb1_case_sqi.o)
                              .\CortexM0\ARM_GCC_473\Debug\UART_Bootloader.a(Bootloader.o) (__gnu_thumb1_case_sqi)
c:/program files/cypress/psoc creator/3.0/psoc creator/import/gnu_cs/arm/4.7.3/bin/../lib/gcc/arm-none-eabi/4.7.3/armv6-m\libgcc.a(_thumb1_case_uqi.o)
                              .\CortexM0\ARM_GCC_473\Debug\UART_Bootloader.a(Bootloader.o) (__gnu_thumb1_case_uqi)
c:/program files/cypress/psoc creator/3.0/psoc creator/import/gnu_cs/arm/4.7.3/bin/../lib/gcc/arm-none-eabi/4.7.3/armv6-m\libgcc.a(_udivsi3.o)
                              .\CortexM0\ARM_GCC_473\Debug\UART_Bootloader.a(CyLib.o) (__aeabi_uidiv)
c:/program files/cypress/psoc creator/3.0/psoc creator/import/gnu_cs/arm/4.7.3/bin/../lib/gcc/arm-none-eabi/4.7.3/armv6-m\libgcc.a(_dvmd_tls.o)
                              c:/program files/cypress/psoc creator/3.0/psoc creator/import/gnu_cs/arm/4.7.3/bin/../lib/gcc/arm-none-eabi/4.7.3/armv6-m\libgcc.a(_udivsi3.o) (__aeabi_idiv0)
c:/program files/cypress/psoc creator/3.0/psoc creator/import/gnu_cs/arm/4.7.3/bin/../lib/gcc/arm-none-eabi/4.7.3/../../../../arm-none-eabi/lib/armv6-m\libc_s.a(lib_a-__atexit2.o)
                              c:/program files/cypress/psoc creator/3.0/psoc creator/import/gnu_cs/arm/4.7.3/bin/../lib/gcc/arm-none-eabi/4.7.3/../../../../arm-none-eabi/lib/armv6-m/crt0.o (__register_exitproc)
c:/program files/cypress/psoc creator/3.0/psoc creator/import/gnu_cs/arm/4.7.3/bin/../lib/gcc/arm-none-eabi/4.7.3/../../../../arm-none-eabi/lib/armv6-m\libc_s.a(lib_a-exit.o)
                              c:/program files/cypress/psoc creator/3.0/psoc creator/import/gnu_cs/arm/4.7.3/bin/../lib/gcc/arm-none-eabi/4.7.3/../../../../arm-none-eabi/lib/armv6-m/crt0.o (exit)
c:/program files/cypress/psoc creator/3.0/psoc creator/import/gnu_cs/arm/4.7.3/bin/../lib/gcc/arm-none-eabi/4.7.3/../../../../arm-none-eabi/lib/armv6-m\libc_s.a(lib_a-fini.o)
                              c:/program files/cypress/psoc creator/3.0/psoc creator/import/gnu_cs/arm/4.7.3/bin/../lib/gcc/arm-none-eabi/4.7.3/../../../../arm-none-eabi/lib/armv6-m/crt0.o (__libc_fini_array)
c:/program files/cypress/psoc creator/3.0/psoc creator/import/gnu_cs/arm/4.7.3/bin/../lib/gcc/arm-none-eabi/4.7.3/../../../../arm-none-eabi/lib/armv6-m\libc_s.a(lib_a-impure.o)
                              c:/program files/cypress/psoc creator/3.0/psoc creator/import/gnu_cs/arm/4.7.3/bin/../lib/gcc/arm-none-eabi/4.7.3/../../../../arm-none-eabi/lib/armv6-m\libc_s.a(lib_a-exit.o) (_global_impure_ptr)
c:/program files/cypress/psoc creator/3.0/psoc creator/import/gnu_cs/arm/4.7.3/bin/../lib/gcc/arm-none-eabi/4.7.3/../../../../arm-none-eabi/lib/armv6-m\libc_s.a(lib_a-init.o)
                              c:/program files/cypress/psoc creator/3.0/psoc creator/import/gnu_cs/arm/4.7.3/bin/../lib/gcc/arm-none-eabi/4.7.3/../../../../arm-none-eabi/lib/armv6-m/crt0.o (__libc_init_array)
c:/program files/cypress/psoc creator/3.0/psoc creator/import/gnu_cs/arm/4.7.3/bin/../lib/gcc/arm-none-eabi/4.7.3/../../../../arm-none-eabi/lib/armv6-m\libc_s.a(lib_a-memcpy.o)
                              .\CortexM0\ARM_GCC_473\Debug\UART_Bootloader.a(Bootloader.o) (memcpy)
c:/program files/cypress/psoc creator/3.0/psoc creator/import/gnu_cs/arm/4.7.3/bin/../lib/gcc/arm-none-eabi/4.7.3/../../../../arm-none-eabi/lib/armv6-m\libc_s.a(lib_a-memset.o)
                              c:/program files/cypress/psoc creator/3.0/psoc creator/import/gnu_cs/arm/4.7.3/bin/../lib/gcc/arm-none-eabi/4.7.3/../../../../arm-none-eabi/lib/armv6-m/crt0.o (memset)

Discarded input sections

 .text          0x00000000        0x0 c:/program files/cypress/psoc creator/3.0/psoc creator/import/gnu_cs/arm/4.7.3/bin/../lib/gcc/arm-none-eabi/4.7.3/armv6-m/crti.o
 .data          0x00000000        0x0 c:/program files/cypress/psoc creator/3.0/psoc creator/import/gnu_cs/arm/4.7.3/bin/../lib/gcc/arm-none-eabi/4.7.3/armv6-m/crti.o
 .bss           0x00000000        0x0 c:/program files/cypress/psoc creator/3.0/psoc creator/import/gnu_cs/arm/4.7.3/bin/../lib/gcc/arm-none-eabi/4.7.3/armv6-m/crti.o
 .data          0x00000000        0x4 c:/program files/cypress/psoc creator/3.0/psoc creator/import/gnu_cs/arm/4.7.3/bin/../lib/gcc/arm-none-eabi/4.7.3/armv6-m/crtbegin.o
 .text          0x00000000       0x74 c:/program files/cypress/psoc creator/3.0/psoc creator/import/gnu_cs/arm/4.7.3/bin/../lib/gcc/arm-none-eabi/4.7.3/../../../../arm-none-eabi/lib/armv6-m/crt0.o
 .data          0x00000000        0x0 c:/program files/cypress/psoc creator/3.0/psoc creator/import/gnu_cs/arm/4.7.3/bin/../lib/gcc/arm-none-eabi/4.7.3/../../../../arm-none-eabi/lib/armv6-m/crt0.o
 .bss           0x00000000        0x0 c:/program files/cypress/psoc creator/3.0/psoc creator/import/gnu_cs/arm/4.7.3/bin/../lib/gcc/arm-none-eabi/4.7.3/../../../../arm-none-eabi/lib/armv6-m/crt0.o
 .ARM.extab     0x00000000        0x0 c:/program files/cypress/psoc creator/3.0/psoc creator/import/gnu_cs/arm/4.7.3/bin/../lib/gcc/arm-none-eabi/4.7.3/../../../../arm-none-eabi/lib/armv6-m/crt0.o
 .ARM.exidx     0x00000000        0x8 c:/program files/cypress/psoc creator/3.0/psoc creator/import/gnu_cs/arm/4.7.3/bin/../lib/gcc/arm-none-eabi/4.7.3/../../../../arm-none-eabi/lib/armv6-m/crt0.o
 .text          0x00000000        0x0 .\CortexM0\ARM_GCC_473\Debug\main.o
 .data          0x00000000        0x0 .\CortexM0\ARM_GCC_473\Debug\main.o
 .bss           0x00000000        0x0 .\CortexM0\ARM_GCC_473\Debug\main.o
 .text          0x00000000        0x0 .\CortexM0\ARM_GCC_473\Debug\UART_Btldr.o
 .data          0x00000000        0x0 .\CortexM0\ARM_GCC_473\Debug\UART_Btldr.o
 .text.CyBtldrCommStop
                0x00000000        0x8 .\CortexM0\ARM_GCC_473\Debug\UART_Btldr.o
 .text.CyBtldrCommReset
                0x00000000        0xc .\CortexM0\ARM_GCC_473\Debug\UART_Btldr.o
 .text          0x00000000        0x0 .\CortexM0\ARM_GCC_473\Debug\cymetadata.o
 .data          0x00000000        0x0 .\CortexM0\ARM_GCC_473\Debug\cymetadata.o
 .bss           0x00000000        0x0 .\CortexM0\ARM_GCC_473\Debug\cymetadata.o
 .text          0x00000000        0x0 .\CortexM0\ARM_GCC_473\Debug\Cm0Start.o
 .data          0x00000000        0x0 .\CortexM0\ARM_GCC_473\Debug\Cm0Start.o
 .bss           0x00000000        0x0 .\CortexM0\ARM_GCC_473\Debug\Cm0Start.o
 .text._exit    0x00000000        0x4 .\CortexM0\ARM_GCC_473\Debug\Cm0Start.o
 .text          0x00000000        0x0 .\CortexM0\ARM_GCC_473\Debug\UART_Bootloader.a(cyfitter_cfg.o)
 .data          0x00000000        0x0 .\CortexM0\ARM_GCC_473\Debug\UART_Bootloader.a(cyfitter_cfg.o)
 .bss           0x00000000        0x0 .\CortexM0\ARM_GCC_473\Debug\UART_Bootloader.a(cyfitter_cfg.o)
 .text          0x00000000        0x0 .\CortexM0\ARM_GCC_473\Debug\UART_Bootloader.a(Bootloader.o)
 .bss           0x00000000        0x0 .\CortexM0\ARM_GCC_473\Debug\UART_Bootloader.a(Bootloader.o)
 .text.Bootloader_SetFlashByte
                0x00000000       0x2e .\CortexM0\ARM_GCC_473\Debug\UART_Bootloader.a(Bootloader.o)
 .text          0x00000000        0x0 .\CortexM0\ARM_GCC_473\Debug\UART_Bootloader.a(UART.o)
 .data          0x00000000        0x0 .\CortexM0\ARM_GCC_473\Debug\UART_Bootloader.a(UART.o)
 .text.UART_Init
                0x00000000        0x8 .\CortexM0\ARM_GCC_473\Debug\UART_Bootloader.a(UART.o)
 .text.UART_Stop
                0x00000000       0x20 .\CortexM0\ARM_GCC_473\Debug\UART_Bootloader.a(UART.o)
 .text.UART_SetCustomInterruptHandler
                0x00000000        0xc .\CortexM0\ARM_GCC_473\Debug\UART_Bootloader.a(UART.o)
 .text          0x00000000        0x0 .\CortexM0\ARM_GCC_473\Debug\UART_Bootloader.a(UART_SPI_UART.o)
 .data          0x00000000        0x0 .\CortexM0\ARM_GCC_473\Debug\UART_Bootloader.a(UART_SPI_UART.o)
 .bss           0x00000000        0x0 .\CortexM0\ARM_GCC_473\Debug\UART_Bootloader.a(UART_SPI_UART.o)
 .text.UART_SpiUartGetTxBufferSize
                0x00000000       0x10 .\CortexM0\ARM_GCC_473\Debug\UART_Bootloader.a(UART_SPI_UART.o)
 .text.UART_SpiUartDisableIntRx
                0x00000000       0x10 .\CortexM0\ARM_GCC_473\Debug\UART_Bootloader.a(UART_SPI_UART.o)
 .text.UART_SpiUartDisableIntTx
                0x00000000       0x10 .\CortexM0\ARM_GCC_473\Debug\UART_Bootloader.a(UART_SPI_UART.o)
 .text          0x00000000        0x0 .\CortexM0\ARM_GCC_473\Debug\UART_Bootloader.a(UART_UART.o)
 .data          0x00000000        0x0 .\CortexM0\ARM_GCC_473\Debug\UART_Bootloader.a(UART_UART.o)
 .bss           0x00000000        0x0 .\CortexM0\ARM_GCC_473\Debug\UART_Bootloader.a(UART_UART.o)
 .text.UART_UartSetRxAddress
                0x00000000       0x14 .\CortexM0\ARM_GCC_473\Debug\UART_Bootloader.a(UART_UART.o)
 .text.UART_UartSetRxAddressMask
                0x00000000       0x18 .\CortexM0\ARM_GCC_473\Debug\UART_Bootloader.a(UART_UART.o)
 .text.UART_UartGetChar
                0x00000000       0x28 .\CortexM0\ARM_GCC_473\Debug\UART_Bootloader.a(UART_UART.o)
 .text.UART_UartGetByte
                0x00000000       0x40 .\CortexM0\ARM_GCC_473\Debug\UART_Bootloader.a(UART_UART.o)
 .text.UART_UartPutString
                0x00000000       0x16 .\CortexM0\ARM_GCC_473\Debug\UART_Bootloader.a(UART_UART.o)
 .text.UART_UartPutCRLF
                0x00000000       0x14 .\CortexM0\ARM_GCC_473\Debug\UART_Bootloader.a(UART_UART.o)
 .data          0x00000000        0x0 .\CortexM0\ARM_GCC_473\Debug\UART_Bootloader.a(CyBootAsmGnu.o)
 .bss           0x00000000        0x0 .\CortexM0\ARM_GCC_473\Debug\UART_Bootloader.a(CyBootAsmGnu.o)
 .text          0x00000000        0x0 .\CortexM0\ARM_GCC_473\Debug\UART_Bootloader.a(CyFlash.o)
 .data          0x00000000        0x0 .\CortexM0\ARM_GCC_473\Debug\UART_Bootloader.a(CyFlash.o)
 .bss           0x00000000        0x0 .\CortexM0\ARM_GCC_473\Debug\UART_Bootloader.a(CyFlash.o)
 .text.CySysFlashSetWaitCycles
                0x00000000       0x30 .\CortexM0\ARM_GCC_473\Debug\UART_Bootloader.a(CyFlash.o)
 .text          0x00000000        0x0 .\CortexM0\ARM_GCC_473\Debug\UART_Bootloader.a(CyLib.o)
 .bss           0x00000000        0x0 .\CortexM0\ARM_GCC_473\Debug\UART_Bootloader.a(CyLib.o)
 .text.CySysClkImoStart
                0x00000000       0x14 .\CortexM0\ARM_GCC_473\Debug\UART_Bootloader.a(CyLib.o)
 .text.CySysClkImoStop
                0x00000000       0x10 .\CortexM0\ARM_GCC_473\Debug\UART_Bootloader.a(CyLib.o)
 .text.CySysClkIloStart
                0x00000000       0x14 .\CortexM0\ARM_GCC_473\Debug\UART_Bootloader.a(CyLib.o)
 .text.CySysClkIloStop
                0x00000000       0x10 .\CortexM0\ARM_GCC_473\Debug\UART_Bootloader.a(CyLib.o)
 .text.CySysClkWriteHfclkDirect
                0x00000000       0x24 .\CortexM0\ARM_GCC_473\Debug\UART_Bootloader.a(CyLib.o)
 .text.CySysClkWriteSysclkDiv
                0x00000000       0x2c .\CortexM0\ARM_GCC_473\Debug\UART_Bootloader.a(CyLib.o)
 .text.CySysWdtLock
                0x00000000       0x30 .\CortexM0\ARM_GCC_473\Debug\UART_Bootloader.a(CyLib.o)
 .text.CySysWdtUnlock
                0x00000000       0x44 .\CortexM0\ARM_GCC_473\Debug\UART_Bootloader.a(CyLib.o)
 .text.CySysWdtReadEnabledStatus
                0x00000000       0x20 .\CortexM0\ARM_GCC_473\Debug\UART_Bootloader.a(CyLib.o)
 .text.CySysWdtWriteMode
                0x00000000       0x44 .\CortexM0\ARM_GCC_473\Debug\UART_Bootloader.a(CyLib.o)
 .text.CySysWdtReadMode
                0x00000000       0x14 .\CortexM0\ARM_GCC_473\Debug\UART_Bootloader.a(CyLib.o)
 .text.CySysWdtWriteClearOnMatch
                0x00000000       0x3c .\CortexM0\ARM_GCC_473\Debug\UART_Bootloader.a(CyLib.o)
 .text.CySysWdtReadClearOnMatch
                0x00000000       0x20 .\CortexM0\ARM_GCC_473\Debug\UART_Bootloader.a(CyLib.o)
 .text.CySysWdtEnable
                0x00000000       0x24 .\CortexM0\ARM_GCC_473\Debug\UART_Bootloader.a(CyLib.o)
 .text.CySysWdtDisable
                0x00000000       0x24 .\CortexM0\ARM_GCC_473\Debug\UART_Bootloader.a(CyLib.o)
 .text.CySysWdtWriteCascade
                0x00000000       0x44 .\CortexM0\ARM_GCC_473\Debug\UART_Bootloader.a(CyLib.o)
 .text.CySysWdtReadCascade
                0x00000000       0x14 .\CortexM0\ARM_GCC_473\Debug\UART_Bootloader.a(CyLib.o)
 .text.CySysWdtWriteToggleBit
                0x00000000       0x3c .\CortexM0\ARM_GCC_473\Debug\UART_Bootloader.a(CyLib.o)
 .text.CySysWdtReadToggleBit
                0x00000000       0x10 .\CortexM0\ARM_GCC_473\Debug\UART_Bootloader.a(CyLib.o)
 .text.CySysWdtReadMatch
                0x00000000       0x18 .\CortexM0\ARM_GCC_473\Debug\UART_Bootloader.a(CyLib.o)
 .text.CySysWdtReadCount
                0x00000000       0x34 .\CortexM0\ARM_GCC_473\Debug\UART_Bootloader.a(CyLib.o)
 .text.CySysWdtGetInterruptSource
                0x00000000       0x14 .\CortexM0\ARM_GCC_473\Debug\UART_Bootloader.a(CyLib.o)
 .text.CySysWdtClearInterrupt
                0x00000000       0x80 .\CortexM0\ARM_GCC_473\Debug\UART_Bootloader.a(CyLib.o)
 .text.CySysWdtResetCounters
                0x00000000       0x2c .\CortexM0\ARM_GCC_473\Debug\UART_Bootloader.a(CyLib.o)
 .text.CySysLvdEnable
                0x00000000       0x2c .\CortexM0\ARM_GCC_473\Debug\UART_Bootloader.a(CyLib.o)
 .text.CySysLvdDisable
                0x00000000       0x20 .\CortexM0\ARM_GCC_473\Debug\UART_Bootloader.a(CyLib.o)
 .text.CySysLvdGetInterruptSource
                0x00000000       0x10 .\CortexM0\ARM_GCC_473\Debug\UART_Bootloader.a(CyLib.o)
 .text.CySysLvdClearInterrupt
                0x00000000        0xc .\CortexM0\ARM_GCC_473\Debug\UART_Bootloader.a(CyLib.o)
 .text.CySysGetResetReason
                0x00000000       0x14 .\CortexM0\ARM_GCC_473\Debug\UART_Bootloader.a(CyLib.o)
 .text.CyDisableInts
                0x00000000       0x10 .\CortexM0\ARM_GCC_473\Debug\UART_Bootloader.a(CyLib.o)
 .text.CyEnableInts
                0x00000000        0xc .\CortexM0\ARM_GCC_473\Debug\UART_Bootloader.a(CyLib.o)
 .text.CyIntSetSysVector
                0x00000000       0x16 .\CortexM0\ARM_GCC_473\Debug\UART_Bootloader.a(CyLib.o)
 .text.CyIntGetSysVector
                0x00000000       0x14 .\CortexM0\ARM_GCC_473\Debug\UART_Bootloader.a(CyLib.o)
 .text.CyIntGetVector
                0x00000000       0x18 .\CortexM0\ARM_GCC_473\Debug\UART_Bootloader.a(CyLib.o)
 .text.CyIntGetPriority
                0x00000000       0x28 .\CortexM0\ARM_GCC_473\Debug\UART_Bootloader.a(CyLib.o)
 .text.CyIntGetState
                0x00000000       0x18 .\CortexM0\ARM_GCC_473\Debug\UART_Bootloader.a(CyLib.o)
 .text.CyIntSetPending
                0x00000000       0x14 .\CortexM0\ARM_GCC_473\Debug\UART_Bootloader.a(CyLib.o)
 .text.CyIntClearPending
                0x00000000       0x14 .\CortexM0\ARM_GCC_473\Debug\UART_Bootloader.a(CyLib.o)
 .text.CySysWdtWriteMatch
                0x00000000       0x40 .\CortexM0\ARM_GCC_473\Debug\UART_Bootloader.a(CyLib.o)
 .text.CySysClkWriteImoFreq
                0x00000000      0x13c .\CortexM0\ARM_GCC_473\Debug\UART_Bootloader.a(CyLib.o)
 .text.CyDelayFreq
                0x00000000       0x48 .\CortexM0\ARM_GCC_473\Debug\UART_Bootloader.a(CyLib.o)
 .rodata        0x00000000       0x2e .\CortexM0\ARM_GCC_473\Debug\UART_Bootloader.a(CyLib.o)
 .text          0x00000000        0x0 .\CortexM0\ARM_GCC_473\Debug\UART_Bootloader.a(UART_SPI_UART_INT.o)
 .data          0x00000000        0x0 .\CortexM0\ARM_GCC_473\Debug\UART_Bootloader.a(UART_SPI_UART_INT.o)
 .bss           0x00000000        0x0 .\CortexM0\ARM_GCC_473\Debug\UART_Bootloader.a(UART_SPI_UART_INT.o)
 .data          0x00000000        0x0 c:/program files/cypress/psoc creator/3.0/psoc creator/import/gnu_cs/arm/4.7.3/bin/../lib/gcc/arm-none-eabi/4.7.3/armv6-m\libgcc.a(_thumb1_case_sqi.o)
 .bss           0x00000000        0x0 c:/program files/cypress/psoc creator/3.0/psoc creator/import/gnu_cs/arm/4.7.3/bin/../lib/gcc/arm-none-eabi/4.7.3/armv6-m\libgcc.a(_thumb1_case_sqi.o)
 .data          0x00000000        0x0 c:/program files/cypress/psoc creator/3.0/psoc creator/import/gnu_cs/arm/4.7.3/bin/../lib/gcc/arm-none-eabi/4.7.3/armv6-m\libgcc.a(_thumb1_case_uqi.o)
 .bss           0x00000000        0x0 c:/program files/cypress/psoc creator/3.0/psoc creator/import/gnu_cs/arm/4.7.3/bin/../lib/gcc/arm-none-eabi/4.7.3/armv6-m\libgcc.a(_thumb1_case_uqi.o)
 .text          0x00000000       0x9c c:/program files/cypress/psoc creator/3.0/psoc creator/import/gnu_cs/arm/4.7.3/bin/../lib/gcc/arm-none-eabi/4.7.3/armv6-m\libgcc.a(_udivsi3.o)
 .data          0x00000000        0x0 c:/program files/cypress/psoc creator/3.0/psoc creator/import/gnu_cs/arm/4.7.3/bin/../lib/gcc/arm-none-eabi/4.7.3/armv6-m\libgcc.a(_udivsi3.o)
 .bss           0x00000000        0x0 c:/program files/cypress/psoc creator/3.0/psoc creator/import/gnu_cs/arm/4.7.3/bin/../lib/gcc/arm-none-eabi/4.7.3/armv6-m\libgcc.a(_udivsi3.o)
 .text          0x00000000        0x4 c:/program files/cypress/psoc creator/3.0/psoc creator/import/gnu_cs/arm/4.7.3/bin/../lib/gcc/arm-none-eabi/4.7.3/armv6-m\libgcc.a(_dvmd_tls.o)
 .data          0x00000000        0x0 c:/program files/cypress/psoc creator/3.0/psoc creator/import/gnu_cs/arm/4.7.3/bin/../lib/gcc/arm-none-eabi/4.7.3/armv6-m\libgcc.a(_dvmd_tls.o)
 .bss           0x00000000        0x0 c:/program files/cypress/psoc creator/3.0/psoc creator/import/gnu_cs/arm/4.7.3/bin/../lib/gcc/arm-none-eabi/4.7.3/armv6-m\libgcc.a(_dvmd_tls.o)
 .text          0x00000000        0x0 c:/program files/cypress/psoc creator/3.0/psoc creator/import/gnu_cs/arm/4.7.3/bin/../lib/gcc/arm-none-eabi/4.7.3/../../../../arm-none-eabi/lib/armv6-m\libc_s.a(lib_a-__atexit2.o)
 .data          0x00000000        0x0 c:/program files/cypress/psoc creator/3.0/psoc creator/import/gnu_cs/arm/4.7.3/bin/../lib/gcc/arm-none-eabi/4.7.3/../../../../arm-none-eabi/lib/armv6-m\libc_s.a(lib_a-__atexit2.o)
 .bss           0x00000000        0x0 c:/program files/cypress/psoc creator/3.0/psoc creator/import/gnu_cs/arm/4.7.3/bin/../lib/gcc/arm-none-eabi/4.7.3/../../../../arm-none-eabi/lib/armv6-m\libc_s.a(lib_a-__atexit2.o)
 .text.__register_exitproc
                0x00000000       0x18 c:/program files/cypress/psoc creator/3.0/psoc creator/import/gnu_cs/arm/4.7.3/bin/../lib/gcc/arm-none-eabi/4.7.3/../../../../arm-none-eabi/lib/armv6-m\libc_s.a(lib_a-__atexit2.o)
 .text          0x00000000        0x0 c:/program files/cypress/psoc creator/3.0/psoc creator/import/gnu_cs/arm/4.7.3/bin/../lib/gcc/arm-none-eabi/4.7.3/../../../../arm-none-eabi/lib/armv6-m\libc_s.a(lib_a-exit.o)
 .data          0x00000000        0x0 c:/program files/cypress/psoc creator/3.0/psoc creator/import/gnu_cs/arm/4.7.3/bin/../lib/gcc/arm-none-eabi/4.7.3/../../../../arm-none-eabi/lib/armv6-m\libc_s.a(lib_a-exit.o)
 .bss           0x00000000        0x0 c:/program files/cypress/psoc creator/3.0/psoc creator/import/gnu_cs/arm/4.7.3/bin/../lib/gcc/arm-none-eabi/4.7.3/../../../../arm-none-eabi/lib/armv6-m\libc_s.a(lib_a-exit.o)
 .text.exit     0x00000000       0x30 c:/program files/cypress/psoc creator/3.0/psoc creator/import/gnu_cs/arm/4.7.3/bin/../lib/gcc/arm-none-eabi/4.7.3/../../../../arm-none-eabi/lib/armv6-m\libc_s.a(lib_a-exit.o)
 .text          0x00000000        0x0 c:/program files/cypress/psoc creator/3.0/psoc creator/import/gnu_cs/arm/4.7.3/bin/../lib/gcc/arm-none-eabi/4.7.3/../../../../arm-none-eabi/lib/armv6-m\libc_s.a(lib_a-fini.o)
 .data          0x00000000        0x0 c:/program files/cypress/psoc creator/3.0/psoc creator/import/gnu_cs/arm/4.7.3/bin/../lib/gcc/arm-none-eabi/4.7.3/../../../../arm-none-eabi/lib/armv6-m\libc_s.a(lib_a-fini.o)
 .bss           0x00000000        0x0 c:/program files/cypress/psoc creator/3.0/psoc creator/import/gnu_cs/arm/4.7.3/bin/../lib/gcc/arm-none-eabi/4.7.3/../../../../arm-none-eabi/lib/armv6-m\libc_s.a(lib_a-fini.o)
 .text.__libc_fini_array
                0x00000000       0x2c c:/program files/cypress/psoc creator/3.0/psoc creator/import/gnu_cs/arm/4.7.3/bin/../lib/gcc/arm-none-eabi/4.7.3/../../../../arm-none-eabi/lib/armv6-m\libc_s.a(lib_a-fini.o)
 .text          0x00000000        0x0 c:/program files/cypress/psoc creator/3.0/psoc creator/import/gnu_cs/arm/4.7.3/bin/../lib/gcc/arm-none-eabi/4.7.3/../../../../arm-none-eabi/lib/armv6-m\libc_s.a(lib_a-impure.o)
 .data          0x00000000        0x0 c:/program files/cypress/psoc creator/3.0/psoc creator/import/gnu_cs/arm/4.7.3/bin/../lib/gcc/arm-none-eabi/4.7.3/../../../../arm-none-eabi/lib/armv6-m\libc_s.a(lib_a-impure.o)
 .bss           0x00000000        0x0 c:/program files/cypress/psoc creator/3.0/psoc creator/import/gnu_cs/arm/4.7.3/bin/../lib/gcc/arm-none-eabi/4.7.3/../../../../arm-none-eabi/lib/armv6-m\libc_s.a(lib_a-impure.o)
 .data.impure_data
                0x00000000       0x64 c:/program files/cypress/psoc creator/3.0/psoc creator/import/gnu_cs/arm/4.7.3/bin/../lib/gcc/arm-none-eabi/4.7.3/../../../../arm-none-eabi/lib/armv6-m\libc_s.a(lib_a-impure.o)
 .data._impure_ptr
                0x00000000        0x4 c:/program files/cypress/psoc creator/3.0/psoc creator/import/gnu_cs/arm/4.7.3/bin/../lib/gcc/arm-none-eabi/4.7.3/../../../../arm-none-eabi/lib/armv6-m\libc_s.a(lib_a-impure.o)
 .rodata.str1.1
                0x00000000        0x2 c:/program files/cypress/psoc creator/3.0/psoc creator/import/gnu_cs/arm/4.7.3/bin/../lib/gcc/arm-none-eabi/4.7.3/../../../../arm-none-eabi/lib/armv6-m\libc_s.a(lib_a-impure.o)
 .rodata._global_impure_ptr
                0x00000000        0x4 c:/program files/cypress/psoc creator/3.0/psoc creator/import/gnu_cs/arm/4.7.3/bin/../lib/gcc/arm-none-eabi/4.7.3/../../../../arm-none-eabi/lib/armv6-m\libc_s.a(lib_a-impure.o)
 .text          0x00000000        0x0 c:/program files/cypress/psoc creator/3.0/psoc creator/import/gnu_cs/arm/4.7.3/bin/../lib/gcc/arm-none-eabi/4.7.3/../../../../arm-none-eabi/lib/armv6-m\libc_s.a(lib_a-init.o)
 .data          0x00000000        0x0 c:/program files/cypress/psoc creator/3.0/psoc creator/import/gnu_cs/arm/4.7.3/bin/../lib/gcc/arm-none-eabi/4.7.3/../../../../arm-none-eabi/lib/armv6-m\libc_s.a(lib_a-init.o)
 .bss           0x00000000        0x0 c:/program files/cypress/psoc creator/3.0/psoc creator/import/gnu_cs/arm/4.7.3/bin/../lib/gcc/arm-none-eabi/4.7.3/../../../../arm-none-eabi/lib/armv6-m\libc_s.a(lib_a-init.o)
 .text          0x00000000        0x0 c:/program files/cypress/psoc creator/3.0/psoc creator/import/gnu_cs/arm/4.7.3/bin/../lib/gcc/arm-none-eabi/4.7.3/../../../../arm-none-eabi/lib/armv6-m\libc_s.a(lib_a-memcpy.o)
 .data          0x00000000        0x0 c:/program files/cypress/psoc creator/3.0/psoc creator/import/gnu_cs/arm/4.7.3/bin/../lib/gcc/arm-none-eabi/4.7.3/../../../../arm-none-eabi/lib/armv6-m\libc_s.a(lib_a-memcpy.o)
 .bss           0x00000000        0x0 c:/program files/cypress/psoc creator/3.0/psoc creator/import/gnu_cs/arm/4.7.3/bin/../lib/gcc/arm-none-eabi/4.7.3/../../../../arm-none-eabi/lib/armv6-m\libc_s.a(lib_a-memcpy.o)
 .text          0x00000000        0x0 c:/program files/cypress/psoc creator/3.0/psoc creator/import/gnu_cs/arm/4.7.3/bin/../lib/gcc/arm-none-eabi/4.7.3/../../../../arm-none-eabi/lib/armv6-m\libc_s.a(lib_a-memset.o)
 .data          0x00000000        0x0 c:/program files/cypress/psoc creator/3.0/psoc creator/import/gnu_cs/arm/4.7.3/bin/../lib/gcc/arm-none-eabi/4.7.3/../../../../arm-none-eabi/lib/armv6-m\libc_s.a(lib_a-memset.o)
 .bss           0x00000000        0x0 c:/program files/cypress/psoc creator/3.0/psoc creator/import/gnu_cs/arm/4.7.3/bin/../lib/gcc/arm-none-eabi/4.7.3/../../../../arm-none-eabi/lib/armv6-m\libc_s.a(lib_a-memset.o)
 .text          0x00000000        0x0 c:/program files/cypress/psoc creator/3.0/psoc creator/import/gnu_cs/arm/4.7.3/bin/../lib/gcc/arm-none-eabi/4.7.3/armv6-m/crtend.o
 .data          0x00000000        0x0 c:/program files/cypress/psoc creator/3.0/psoc creator/import/gnu_cs/arm/4.7.3/bin/../lib/gcc/arm-none-eabi/4.7.3/armv6-m/crtend.o
 .bss           0x00000000        0x0 c:/program files/cypress/psoc creator/3.0/psoc creator/import/gnu_cs/arm/4.7.3/bin/../lib/gcc/arm-none-eabi/4.7.3/armv6-m/crtend.o
 .text          0x00000000        0x0 c:/program files/cypress/psoc creator/3.0/psoc creator/import/gnu_cs/arm/4.7.3/bin/../lib/gcc/arm-none-eabi/4.7.3/armv6-m/crtn.o
 .data          0x00000000        0x0 c:/program files/cypress/psoc creator/3.0/psoc creator/import/gnu_cs/arm/4.7.3/bin/../lib/gcc/arm-none-eabi/4.7.3/armv6-m/crtn.o
 .bss           0x00000000        0x0 c:/program files/cypress/psoc creator/3.0/psoc creator/import/gnu_cs/arm/4.7.3/bin/../lib/gcc/arm-none-eabi/4.7.3/armv6-m/crtn.o

Memory Configuration

Name             Origin             Length             Attributes
rom              0x00000000         0x00008000         xr
ram              0x20000000         0x00001000         xrw
*default*        0x00000000         0xffffffff

Linker script and memory map

LOAD c:/program files/cypress/psoc creator/3.0/psoc creator/import/gnu_cs/arm/4.7.3/bin/../lib/gcc/arm-none-eabi/4.7.3/armv6-m/crti.o
LOAD c:/program files/cypress/psoc creator/3.0/psoc creator/import/gnu_cs/arm/4.7.3/bin/../lib/gcc/arm-none-eabi/4.7.3/armv6-m/crtbegin.o
LOAD c:/program files/cypress/psoc creator/3.0/psoc creator/import/gnu_cs/arm/4.7.3/bin/../lib/gcc/arm-none-eabi/4.7.3/../../../../arm-none-eabi/lib/armv6-m/crt0.o
START GROUP
LOAD .\CortexM0\ARM_GCC_473\Debug\main.o
LOAD .\CortexM0\ARM_GCC_473\Debug\UART_Btldr.o
LOAD .\CortexM0\ARM_GCC_473\Debug\cymetadata.o
LOAD .\CortexM0\ARM_GCC_473\Debug\Cm0Start.o
LOAD .\CortexM0\ARM_GCC_473\Debug\UART_Bootloader.a
LOAD C:\Program Files\Cypress\PSoC Creator\3.0\PSoC Creator\psoc\content\cycomponentlibrary\CyComponentLibrary.cylib\CortexM0\ARM_GCC_473\Debug\CyComponentLibrary.a
END GROUP
START GROUP
LOAD c:/program files/cypress/psoc creator/3.0/psoc creator/import/gnu_cs/arm/4.7.3/bin/../lib/gcc/arm-none-eabi/4.7.3/armv6-m\libgcc.a
LOAD c:/program files/cypress/psoc creator/3.0/psoc creator/import/gnu_cs/arm/4.7.3/bin/../lib/gcc/arm-none-eabi/4.7.3/../../../../arm-none-eabi/lib/armv6-m\libc_s.a
END GROUP
LOAD c:/program files/cypress/psoc creator/3.0/psoc creator/import/gnu_cs/arm/4.7.3/bin/../lib/gcc/arm-none-eabi/4.7.3/armv6-m/crtend.o
LOAD c:/program files/cypress/psoc creator/3.0/psoc creator/import/gnu_cs/arm/4.7.3/bin/../lib/gcc/arm-none-eabi/4.7.3/armv6-m/crtn.o
START GROUP
LOAD c:/program files/cypress/psoc creator/3.0/psoc creator/import/gnu_cs/arm/4.7.3/bin/../lib/gcc/arm-none-eabi/4.7.3/armv6-m\libgcc.a
LOAD c:/program files/cypress/psoc creator/3.0/psoc creator/import/gnu_cs/arm/4.7.3/bin/../lib/gcc/arm-none-eabi/4.7.3/../../../../arm-none-eabi/lib/armv6-m\libc.a
LOAD c:/program files/cypress/psoc creator/3.0/psoc creator/import/gnu_cs/arm/4.7.3/bin/../lib/gcc/arm-none-eabi/4.7.3/../../../../arm-none-eabi/lib/armv6-m\libnosys.a
END GROUP
                0x00000000                CY_APPL_ORIGIN = 0x0
                0x00000080                CY_FLASH_ROW_SIZE = 0x80
                0x00000001                CY_APPL_NUM = 0x1
                0x00000040                CY_METADATA_SIZE = 0x40
                0x20000118                PROVIDE (__cy_heap_start, _end)
                0x00000001                PROVIDE (__cy_region_num, ((__cy_regions_end - __cy_regions) / 0x10))
                0x20001000                PROVIDE (__cy_stack, (ORIGIN (ram) + 0x1000))
                0x20000c00                PROVIDE (__cy_heap_end, (__cy_stack - 0x400))

.cybootloader   0x00000000        0x0
 *(.cybootloader)
                0x00000000                appl1_start = CY_APPL_ORIGIN?CY_APPL_ORIGIN:ALIGN (CY_FLASH_ROW_SIZE)
                0x00003f80                appl2_start = (appl1_start + ALIGN ((((0x8000 - appl1_start) - (0x2 * CY_FLASH_ROW_SIZE)) / 0x2), CY_FLASH_ROW_SIZE))
                0x00000000                appl_start = (CY_APPL_NUM == 0x1)?appl1_start:appl2_start

.text           0x00000000      0xc4c
 CREATE_OBJECT_SYMBOLS
                0x00000000                PROVIDE (__cy_interrupt_vector, RomVectors)
 *(.romvectors)
 .romvectors    0x00000000       0x10 .\CortexM0\ARM_GCC_473\Debug\Cm0Start.o
                0x00000000                RomVectors
                0x00000001                ASSERT ((. != __cy_interrupt_vector), No interrupt vector)
                0x00000001                ASSERT (CY_APPL_ORIGIN?(SIZEOF (.cybootloader) <= CY_APPL_ORIGIN):0x1, Wrong image location)
                0x00000010                PROVIDE (__cy_reset, Reset)
 *(.text.Reset)
 .text.Reset    0x00000010        0xa .\CortexM0\ARM_GCC_473\Debug\Cm0Start.o
                0x00000010                Reset
                0x00000001                ASSERT ((. != __cy_reset), No reset code)
 *(.psocinit)
 *fill*         0x0000001a        0x2 00
 .psocinit      0x0000001c      0x130 .\CortexM0\ARM_GCC_473\Debug\UART_Bootloader.a(cyfitter_cfg.o)
                0x0000001c                cyfitter_cfg
                0x0000014c                . = MAX (., 0x100)
 *(.text .text.* .gnu.linkonce.t.*)
 .text          0x0000014c       0x60 c:/program files/cypress/psoc creator/3.0/psoc creator/import/gnu_cs/arm/4.7.3/bin/../lib/gcc/arm-none-eabi/4.7.3/armv6-m/crtbegin.o
 .text.startup.main
                0x000001ac        0x8 .\CortexM0\ARM_GCC_473\Debug\main.o
                0x000001ac                main
 .text.CyBtldrCommStart
                0x000001b4       0x10 .\CortexM0\ARM_GCC_473\Debug\UART_Btldr.o
                0x000001b4                CyBtldrCommStart
 .text.CyBtldrCommWrite
                0x000001c4       0x1c .\CortexM0\ARM_GCC_473\Debug\UART_Btldr.o
                0x000001c4                CyBtldrCommWrite
 .text.CyBtldrCommRead
                0x000001e0       0xc0 .\CortexM0\ARM_GCC_473\Debug\UART_Btldr.o
                0x000001e0                CyBtldrCommRead
 .text.IntDefaultHandler
                0x000002a0        0x4 .\CortexM0\ARM_GCC_473\Debug\Cm0Start.o
                0x000002a0                IntDefaultHandler
 .text.Start_c  0x000002a4       0x48 .\CortexM0\ARM_GCC_473\Debug\Cm0Start.o
                0x000002a4                Start_c
 .text.startup.initialize_psoc
                0x000002ec       0x54 .\CortexM0\ARM_GCC_473\Debug\Cm0Start.o
                0x000002ec                initialize_psoc
 .text.Bootloader_LaunchBootloadable
                0x00000340        0x2 .\CortexM0\ARM_GCC_473\Debug\UART_Bootloader.a(Bootloader.o)
 *fill*         0x00000342        0x2 00
 .text.Bootloader_GetMetadata.constprop.1
                0x00000344       0x90 .\CortexM0\ARM_GCC_473\Debug\UART_Bootloader.a(Bootloader.o)
 .text.Bootloader_ValidateBootloadable.constprop.0
                0x000003d4       0x58 .\CortexM0\ARM_GCC_473\Debug\UART_Bootloader.a(Bootloader.o)
 .text.Bootloader_HostLink
                0x0000042c      0x2e0 .\CortexM0\ARM_GCC_473\Debug\UART_Bootloader.a(Bootloader.o)
 .text.Bootloader_Start
                0x0000070c       0x60 .\CortexM0\ARM_GCC_473\Debug\UART_Bootloader.a(Bootloader.o)
                0x0000070c                Bootloader_Start
 .text.CyBtldr_CheckLaunch
                0x0000076c       0x38 .\CortexM0\ARM_GCC_473\Debug\UART_Bootloader.a(Bootloader.o)
                0x0000076c                CyBtldr_CheckLaunch
 .text.UART_Enable
                0x000007a4       0x1c .\CortexM0\ARM_GCC_473\Debug\UART_Bootloader.a(UART.o)
                0x000007a4                UART_Enable
 .text.UART_Start
                0x000007c0       0x1c .\CortexM0\ARM_GCC_473\Debug\UART_Bootloader.a(UART.o)
                0x000007c0                UART_Start
 .text.UART_SpiUartReadRxData
                0x000007dc        0xc .\CortexM0\ARM_GCC_473\Debug\UART_Bootloader.a(UART_SPI_UART.o)
                0x000007dc                UART_SpiUartReadRxData
 .text.UART_SpiUartGetRxBufferSize
                0x000007e8       0x10 .\CortexM0\ARM_GCC_473\Debug\UART_Bootloader.a(UART_SPI_UART.o)
                0x000007e8                UART_SpiUartGetRxBufferSize
 .text.UART_SpiUartClearRxBuffer
                0x000007f8       0x20 .\CortexM0\ARM_GCC_473\Debug\UART_Bootloader.a(UART_SPI_UART.o)
                0x000007f8                UART_SpiUartClearRxBuffer
 .text.UART_SpiUartWriteTxData
                0x00000818       0x1c .\CortexM0\ARM_GCC_473\Debug\UART_Bootloader.a(UART_SPI_UART.o)
                0x00000818                UART_SpiUartWriteTxData
 .text.UART_SpiUartPutArray
                0x00000834       0x16 .\CortexM0\ARM_GCC_473\Debug\UART_Bootloader.a(UART_SPI_UART.o)
                0x00000834                UART_SpiUartPutArray
 *fill*         0x0000084a        0x2 00
 .text.UART_SpiUartClearTxBuffer
                0x0000084c       0x20 .\CortexM0\ARM_GCC_473\Debug\UART_Bootloader.a(UART_SPI_UART.o)
                0x0000084c                UART_SpiUartClearTxBuffer
 .text.UART_UartInit
                0x0000086c       0xa8 .\CortexM0\ARM_GCC_473\Debug\UART_Bootloader.a(UART_UART.o)
                0x0000086c                UART_UartInit
 *fill*         0x00000914        0x4 00
 .text          0x00000918       0x20 .\CortexM0\ARM_GCC_473\Debug\UART_Bootloader.a(CyBootAsmGnu.o)
                0x00000918                CyDelayCycles
                0x0000092a                CyEnterCriticalSection
                0x00000932                CyExitCriticalSection
 .text.CySysFlashHandleLoadResult
                0x00000938       0x2c .\CortexM0\ARM_GCC_473\Debug\UART_Bootloader.a(CyFlash.o)
 .text.CySysFlashWriteRow
                0x00000964      0x158 .\CortexM0\ARM_GCC_473\Debug\UART_Bootloader.a(CyFlash.o)
                0x00000964                CySysFlashWriteRow
 .text.CyIntSetVector
                0x00000abc       0x18 .\CortexM0\ARM_GCC_473\Debug\UART_Bootloader.a(CyLib.o)
                0x00000abc                CyIntSetVector
 .text.CyIntSetPriority
                0x00000ad4       0x40 .\CortexM0\ARM_GCC_473\Debug\UART_Bootloader.a(CyLib.o)
                0x00000ad4                CyIntSetPriority
 .text.CyIntEnable
                0x00000b14       0x14 .\CortexM0\ARM_GCC_473\Debug\UART_Bootloader.a(CyLib.o)
                0x00000b14                CyIntEnable
 .text.CyIntDisable
                0x00000b28       0x14 .\CortexM0\ARM_GCC_473\Debug\UART_Bootloader.a(CyLib.o)
                0x00000b28                CyIntDisable
 .text.CyHalt   0x00000b3c        0x4 .\CortexM0\ARM_GCC_473\Debug\UART_Bootloader.a(CyLib.o)
                0x00000b3c                CyHalt
 .text.CySoftwareReset
                0x00000b40       0x18 .\CortexM0\ARM_GCC_473\Debug\UART_Bootloader.a(CyLib.o)
                0x00000b40                CySoftwareReset
 .text.CyDelay  0x00000b58       0x2c .\CortexM0\ARM_GCC_473\Debug\UART_Bootloader.a(CyLib.o)
                0x00000b58                CyDelay
 .text.CyDelayUs
                0x00000b84       0x14 .\CortexM0\ARM_GCC_473\Debug\UART_Bootloader.a(CyLib.o)
                0x00000b84                CyDelayUs
 .text.UART_SPI_UART_ISR
                0x00000b98       0x14 .\CortexM0\ARM_GCC_473\Debug\UART_Bootloader.a(UART_SPI_UART_INT.o)
                0x00000b98                UART_SPI_UART_ISR
 .text          0x00000bac       0x14 c:/program files/cypress/psoc creator/3.0/psoc creator/import/gnu_cs/arm/4.7.3/bin/../lib/gcc/arm-none-eabi/4.7.3/armv6-m\libgcc.a(_thumb1_case_sqi.o)
                0x00000bac                __gnu_thumb1_case_sqi
 .text          0x00000bc0       0x14 c:/program files/cypress/psoc creator/3.0/psoc creator/import/gnu_cs/arm/4.7.3/bin/../lib/gcc/arm-none-eabi/4.7.3/armv6-m\libgcc.a(_thumb1_case_uqi.o)
                0x00000bc0                __gnu_thumb1_case_uqi
 .text.__libc_init_array
                0x00000bd4       0x4c c:/program files/cypress/psoc creator/3.0/psoc creator/import/gnu_cs/arm/4.7.3/bin/../lib/gcc/arm-none-eabi/4.7.3/../../../../arm-none-eabi/lib/armv6-m\libc_s.a(lib_a-init.o)
                0x00000bd4                __libc_init_array
 .text.memcpy   0x00000c20       0x12 c:/program files/cypress/psoc creator/3.0/psoc creator/import/gnu_cs/arm/4.7.3/bin/../lib/gcc/arm-none-eabi/4.7.3/../../../../arm-none-eabi/lib/armv6-m\libc_s.a(lib_a-memcpy.o)
                0x00000c20                memcpy
 .text.memset   0x00000c32       0x12 c:/program files/cypress/psoc creator/3.0/psoc creator/import/gnu_cs/arm/4.7.3/bin/../lib/gcc/arm-none-eabi/4.7.3/../../../../arm-none-eabi/lib/armv6-m\libc_s.a(lib_a-memset.o)
                0x00000c32                memset
 *(.plt)
 *(.gnu.warning)
 *(.glue_7t)
 .glue_7t       0x00000000        0x0 linker stubs
 *(.glue_7)
 .glue_7        0x00000000        0x0 linker stubs
 *(.vfp11_veneer)
 .vfp11_veneer  0x00000000        0x0 linker stubs
 *(.bootloader)
 .bootloader    0x00000c44        0x8 .\CortexM0\ARM_GCC_473\Debug\UART_Bootloader.a(Bootloader.o)
                0x00000c44                Bootloader_SizeBytes
                0x00000c48                Bootloader_Checksum
 *(.ARM.extab* .gnu.linkonce.armextab.*)
 *(.gcc_except_table)

.v4_bx          0x00000c4c        0x0
 .v4_bx         0x00000000        0x0 linker stubs

.iplt           0x00000c4c        0x0
 .iplt          0x00000000        0x0 c:/program files/cypress/psoc creator/3.0/psoc creator/import/gnu_cs/arm/4.7.3/bin/../lib/gcc/arm-none-eabi/4.7.3/armv6-m/crtbegin.o

.eh_frame_hdr
 *(.eh_frame_hdr)

.eh_frame       0x00000c4c        0x4
 *(.eh_frame)
 .eh_frame      0x00000c4c        0x0 c:/program files/cypress/psoc creator/3.0/psoc creator/import/gnu_cs/arm/4.7.3/bin/../lib/gcc/arm-none-eabi/4.7.3/armv6-m/crtbegin.o
 .eh_frame      0x00000c4c        0x4 c:/program files/cypress/psoc creator/3.0/psoc creator/import/gnu_cs/arm/4.7.3/bin/../lib/gcc/arm-none-eabi/4.7.3/armv6-m/crtend.o
                0x00000c50                PROVIDE (__exidx_start, .)

.ARM.exidx
 *(.ARM.exidx* .gnu.linkonce.armexidx.*)
                0x00000c50                __exidx_end = .

.rodata         0x00000c50       0x40
 *(.rodata .rodata.* .gnu.linkonce.r.*)
 .rodata        0x00000c50        0x8 .\CortexM0\ARM_GCC_473\Debug\UART_Bootloader.a(Bootloader.o)
                0x00000c58                . = ALIGN (0x4)
 *(.init)
 .init          0x00000c58        0x4 c:/program files/cypress/psoc creator/3.0/psoc creator/import/gnu_cs/arm/4.7.3/bin/../lib/gcc/arm-none-eabi/4.7.3/armv6-m/crti.o
                0x00000c58                _init
 .init          0x00000c5c        0x8 c:/program files/cypress/psoc creator/3.0/psoc creator/import/gnu_cs/arm/4.7.3/bin/../lib/gcc/arm-none-eabi/4.7.3/armv6-m/crtn.o
                0x00000c64                . = ALIGN (0x4)
                0x00000c64                __preinit_array_start = .
 *(.preinit_array)
                0x00000c64                __preinit_array_end = .
                0x00000c64                . = ALIGN (0x4)
                0x00000c64                __init_array_start = .
 *(SORT(.init_array.*))
 *(.init_array)
 .init_array    0x00000c64        0x4 c:/program files/cypress/psoc creator/3.0/psoc creator/import/gnu_cs/arm/4.7.3/bin/../lib/gcc/arm-none-eabi/4.7.3/armv6-m/crtbegin.o
 .init_array    0x00000c68        0x4 .\CortexM0\ARM_GCC_473\Debug\Cm0Start.o
                0x00000c6c                __init_array_end = .
                0x00000c6c                . = ALIGN (0x4)
 *(.fini)
 .fini          0x00000c6c        0x4 c:/program files/cypress/psoc creator/3.0/psoc creator/import/gnu_cs/arm/4.7.3/bin/../lib/gcc/arm-none-eabi/4.7.3/armv6-m/crti.o
                0x00000c6c                _fini
 .fini          0x00000c70        0x8 c:/program files/cypress/psoc creator/3.0/psoc creator/import/gnu_cs/arm/4.7.3/bin/../lib/gcc/arm-none-eabi/4.7.3/armv6-m/crtn.o
                0x00000c78                . = ALIGN (0x4)
                0x00000c78                __fini_array_start = .
 *(.fini_array)
 .fini_array    0x00000c78        0x4 c:/program files/cypress/psoc creator/3.0/psoc creator/import/gnu_cs/arm/4.7.3/bin/../lib/gcc/arm-none-eabi/4.7.3/armv6-m/crtbegin.o
 *(SORT(.fini_array.*))
                0x00000c7c                __fini_array_end = .
                0x00000c7c                . = ALIGN (0x4)
 *crtbegin.o(.ctors)
 *(EXCLUDE_FILE(*crtend.o) .ctors)
 *(SORT(.ctors.*))
 *crtend.o(.ctors)
                0x00000c7c                . = ALIGN (0x4)
 *crtbegin.o(.dtors)
 *(EXCLUDE_FILE(*crtend.o) .dtors)
 *(SORT(.dtors.*))
 *crtend.o(.dtors)
                0x00000c7c                . = ALIGN (0x4)
                0x00000c7c                __cy_regions = .
                0x00000c7c        0x4 LONG 0xc90 __cy_region_init_ram
                0x00000c80        0x4 LONG 0x200000d0 __cy_region_start_data
                0x00000c84        0x4 LONG 0x20 __cy_region_init_size_ram
                0x00000c88        0x4 LONG 0x28 __cy_region_zero_size_ram
                0x00000c8c                __cy_regions_end = .
                0x00000c90                . = ALIGN (0x8)
 *fill*         0x00000c8c        0x4 00
                0x00000c90                _etext = .

.ramvectors     0x20000000       0xc0
                0x20000000                __cy_region_start_ram = .
 *(.ramvectors)
 .ramvectors    0x20000000       0xc0 .\CortexM0\ARM_GCC_473\Debug\Cm0Start.o
                0x20000000                CyRamVectors

.btldr_run      0x200000c0        0x4
 *(.bootloaderruntype)
 .bootloaderruntype
                0x200000c0        0x4 .\CortexM0\ARM_GCC_473\Debug\Cm0Start.o
                0x200000c0                cyBtldrRunType

.noinit         0x200000c8        0x4
 *(.noinit)
 .noinit        0x200000c8        0x4 .\CortexM0\ARM_GCC_473\Debug\Cm0Start.o

.data           0x200000d0       0x20 load address 0x00000c90
                0x200000d0                __cy_region_start_data = .
 *(.jcr)
 .jcr           0x200000d0        0x0 c:/program files/cypress/psoc creator/3.0/psoc creator/import/gnu_cs/arm/4.7.3/bin/../lib/gcc/arm-none-eabi/4.7.3/armv6-m/crtbegin.o
 .jcr           0x200000d0        0x4 c:/program files/cypress/psoc creator/3.0/psoc creator/import/gnu_cs/arm/4.7.3/bin/../lib/gcc/arm-none-eabi/4.7.3/armv6-m/crtend.o
 *(.got.plt)
 *(.got)
 *(.shdata)
 *(.data .data.* .gnu.linkonce.d.*)
 .data          0x200000d4        0x8 .\CortexM0\ARM_GCC_473\Debug\UART_Bootloader.a(Bootloader.o)
                0x200000d4                Bootloader_SizeBytesAccess
                0x200000d8                Bootloader_ChecksumAccess
 .data          0x200000dc       0x10 .\CortexM0\ARM_GCC_473\Debug\UART_Bootloader.a(CyLib.o)
                0x200000dc                cydelay32kMs
                0x200000e0                cydelayFreqKhz
                0x200000e4                cydelayFreqMhz
                0x200000e8                cydelayFreqHz
                0x200000f0                . = ALIGN (0x8)
 *fill*         0x200000ec        0x4 00
 *(.ram)
                0x200000f0                _edata = .

.igot.plt       0x200000f0        0x0 load address 0x00000cb0
 .igot.plt      0x00000000        0x0 c:/program files/cypress/psoc creator/3.0/psoc creator/import/gnu_cs/arm/4.7.3/bin/../lib/gcc/arm-none-eabi/4.7.3/armv6-m/crtbegin.o

.bss            0x200000f0       0x28 load address 0x00000cb0
                0x200000f0                PROVIDE (__bss_start__, .)
 *(.shbss)
 *(.bss .bss.* .gnu.linkonce.b.*)
 .bss           0x200000f0       0x1c c:/program files/cypress/psoc creator/3.0/psoc creator/import/gnu_cs/arm/4.7.3/bin/../lib/gcc/arm-none-eabi/4.7.3/armv6-m/crtbegin.o
 .bss           0x2000010c        0x2 .\CortexM0\ARM_GCC_473\Debug\UART_Btldr.o
                0x2000010c                receivedDataCount
 *fill*         0x2000010e        0x2 00
 .bss           0x20000110        0x8 .\CortexM0\ARM_GCC_473\Debug\UART_Bootloader.a(UART.o)
                0x20000110                UART_initVar
                0x20000114                UART_customIntrHandler
 *(COMMON)
                0x20000118                . = ALIGN (0x8)
 *(.ram.b)
                0x20000118                _end = .
                0x20000118                __end = .
                0x20000118                PROVIDE (end, .)
                0x20000118                PROVIDE (__bss_end__, .)
                0x00000c90                __cy_region_init_ram = LOADADDR (.data)
                0x00000020                __cy_region_init_size_ram = (_edata - ADDR (.data))
                0x00000028                __cy_region_zero_size_ram = (_end - _edata)

.heap           0x20000118      0x100 load address 0x00000cb0
                0x20000118                . = _end
                0x20000218                . = (. + 0x100)
 *fill*         0x20000118      0x100 00
                0x20000218                __cy_heap_limit = .

.stack          0x20000c00      0x400
                0x20000c00                __cy_stack_limit = .
                0x20001000                . = (. + 0x400)
 *fill*         0x20000c00      0x400 00
                0x00000001                ASSERT ((__cy_stack_limit >= __cy_heap_limit), region RAM overflowed with stack)

.cyloadermeta   0x00007fc0       0x40
 *(.cyloadermeta)
 .cyloadermeta  0x00007fc0       0x40 .\CortexM0\ARM_GCC_473\Debug\cymetadata.o
                0x00007fc0                cy_meta_loader

.cyloadablemeta
 *(.cyloadablemeta)

.cyflashprotect
                0x90400000       0x20
 *(.cyflashprotect)
 .cyflashprotect
                0x90400000       0x20 .\CortexM0\ARM_GCC_473\Debug\cymetadata.o
                0x90400000                cy_meta_flashprotect

.cymeta         0x90500000        0xc
 *(.cymeta)
 .cymeta        0x90500000        0xc .\CortexM0\ARM_GCC_473\Debug\cymetadata.o
                0x90500000                cy_metadata

.cychipprotect  0x90600000        0x1
 *(.cychipprotect)
 .cychipprotect
                0x90600000        0x1 .\CortexM0\ARM_GCC_473\Debug\cymetadata.o
                0x90600000                cy_meta_chipprotect

.rel.dyn        0x00000cb0        0x0 load address 0x90600004
 .rel.iplt      0x00000000        0x0 c:/program files/cypress/psoc creator/3.0/psoc creator/import/gnu_cs/arm/4.7.3/bin/../lib/gcc/arm-none-eabi/4.7.3/armv6-m/crtbegin.o

.stab
 *(.stab)

.stabstr
 *(.stabstr)

.debug
 *(.debug)

.line
 *(.line)

.debug_srcinfo
 *(.debug_srcinfo)

.debug_sfnames
 *(.debug_sfnames)

.debug_aranges  0x00000000      0x428
 *(.debug_aranges)
 .debug_aranges
                0x00000000       0x20 .\CortexM0\ARM_GCC_473\Debug\main.o
 .debug_aranges
                0x00000020       0x40 .\CortexM0\ARM_GCC_473\Debug\UART_Btldr.o
 .debug_aranges
                0x00000060       0x18 .\CortexM0\ARM_GCC_473\Debug\cymetadata.o
 .debug_aranges
                0x00000078       0x40 .\CortexM0\ARM_GCC_473\Debug\Cm0Start.o
 .debug_aranges
                0x000000b8       0x20 .\CortexM0\ARM_GCC_473\Debug\UART_Bootloader.a(cyfitter_cfg.o)
 .debug_aranges
                0x000000d8       0x50 .\CortexM0\ARM_GCC_473\Debug\UART_Bootloader.a(Bootloader.o)
 .debug_aranges
                0x00000128       0x40 .\CortexM0\ARM_GCC_473\Debug\UART_Bootloader.a(UART.o)
 .debug_aranges
                0x00000168       0x60 .\CortexM0\ARM_GCC_473\Debug\UART_Bootloader.a(UART_SPI_UART.o)
 .debug_aranges
                0x000001c8       0x50 .\CortexM0\ARM_GCC_473\Debug\UART_Bootloader.a(UART_UART.o)
 .debug_aranges
                0x00000218       0x20 .\CortexM0\ARM_GCC_473\Debug\UART_Bootloader.a(CyBootAsmGnu.o)
 .debug_aranges
                0x00000238       0x30 .\CortexM0\ARM_GCC_473\Debug\UART_Bootloader.a(CyFlash.o)
 .debug_aranges
                0x00000268      0x1a0 .\CortexM0\ARM_GCC_473\Debug\UART_Bootloader.a(CyLib.o)
 .debug_aranges
                0x00000408       0x20 .\CortexM0\ARM_GCC_473\Debug\UART_Bootloader.a(UART_SPI_UART_INT.o)

.debug_pubnames
 *(.debug_pubnames)

.debug_info     0x00000000     0x34dc
 *(.debug_info .gnu.linkonce.wi.*)
 .debug_info    0x00000000       0xb9 .\CortexM0\ARM_GCC_473\Debug\main.o
 .debug_info    0x000000b9      0x37d .\CortexM0\ARM_GCC_473\Debug\UART_Btldr.o
 .debug_info    0x00000436      0x127 .\CortexM0\ARM_GCC_473\Debug\cymetadata.o
 .debug_info    0x0000055d      0x333 .\CortexM0\ARM_GCC_473\Debug\Cm0Start.o
 .debug_info    0x00000890      0x3b7 .\CortexM0\ARM_GCC_473\Debug\UART_Bootloader.a(cyfitter_cfg.o)
 .debug_info    0x00000c47      0xa55 .\CortexM0\ARM_GCC_473\Debug\UART_Bootloader.a(Bootloader.o)
 .debug_info    0x0000169c      0x249 .\CortexM0\ARM_GCC_473\Debug\UART_Bootloader.a(UART.o)
 .debug_info    0x000018e5      0x242 .\CortexM0\ARM_GCC_473\Debug\UART_Bootloader.a(UART_SPI_UART.o)
 .debug_info    0x00001b27      0x381 .\CortexM0\ARM_GCC_473\Debug\UART_Bootloader.a(UART_UART.o)
 .debug_info    0x00001ea8       0x96 .\CortexM0\ARM_GCC_473\Debug\UART_Bootloader.a(CyBootAsmGnu.o)
 .debug_info    0x00001f3e      0x5f3 .\CortexM0\ARM_GCC_473\Debug\UART_Bootloader.a(CyFlash.o)
 .debug_info    0x00002531      0xee8 .\CortexM0\ARM_GCC_473\Debug\UART_Bootloader.a(CyLib.o)
 .debug_info    0x00003419       0xc3 .\CortexM0\ARM_GCC_473\Debug\UART_Bootloader.a(UART_SPI_UART_INT.o)

.debug_abbrev   0x00000000     0x13a8
 *(.debug_abbrev)
 .debug_abbrev  0x00000000       0x60 .\CortexM0\ARM_GCC_473\Debug\main.o
 .debug_abbrev  0x00000060      0x155 .\CortexM0\ARM_GCC_473\Debug\UART_Btldr.o
 .debug_abbrev  0x000001b5       0x5d .\CortexM0\ARM_GCC_473\Debug\cymetadata.o
 .debug_abbrev  0x00000212      0x1b7 .\CortexM0\ARM_GCC_473\Debug\Cm0Start.o
 .debug_abbrev  0x000003c9      0x23d .\CortexM0\ARM_GCC_473\Debug\UART_Bootloader.a(cyfitter_cfg.o)
 .debug_abbrev  0x00000606      0x2ee .\CortexM0\ARM_GCC_473\Debug\UART_Bootloader.a(Bootloader.o)
 .debug_abbrev  0x000008f4      0x16e .\CortexM0\ARM_GCC_473\Debug\UART_Bootloader.a(UART.o)
 .debug_abbrev  0x00000a62      0x16b .\CortexM0\ARM_GCC_473\Debug\UART_Bootloader.a(UART_SPI_UART.o)
 .debug_abbrev  0x00000bcd      0x1ac .\CortexM0\ARM_GCC_473\Debug\UART_Bootloader.a(UART_UART.o)
 .debug_abbrev  0x00000d79       0x14 .\CortexM0\ARM_GCC_473\Debug\UART_Bootloader.a(CyBootAsmGnu.o)
 .debug_abbrev  0x00000d8d      0x292 .\CortexM0\ARM_GCC_473\Debug\UART_Bootloader.a(CyFlash.o)
 .debug_abbrev  0x0000101f      0x317 .\CortexM0\ARM_GCC_473\Debug\UART_Bootloader.a(CyLib.o)
 .debug_abbrev  0x00001336       0x72 .\CortexM0\ARM_GCC_473\Debug\UART_Bootloader.a(UART_SPI_UART_INT.o)

.debug_line     0x00000000     0x1349
 *(.debug_line)
 .debug_line    0x00000000       0x62 .\CortexM0\ARM_GCC_473\Debug\main.o
 .debug_line    0x00000062      0x134 .\CortexM0\ARM_GCC_473\Debug\UART_Btldr.o
 .debug_line    0x00000196       0x53 .\CortexM0\ARM_GCC_473\Debug\cymetadata.o
 .debug_line    0x000001e9      0x188 .\CortexM0\ARM_GCC_473\Debug\Cm0Start.o
 .debug_line    0x00000371      0x15b .\CortexM0\ARM_GCC_473\Debug\UART_Bootloader.a(cyfitter_cfg.o)
 .debug_line    0x000004cc      0x33b .\CortexM0\ARM_GCC_473\Debug\UART_Bootloader.a(Bootloader.o)
 .debug_line    0x00000807       0xe7 .\CortexM0\ARM_GCC_473\Debug\UART_Bootloader.a(UART.o)
 .debug_line    0x000008ee      0x127 .\CortexM0\ARM_GCC_473\Debug\UART_Bootloader.a(UART_SPI_UART.o)
 .debug_line    0x00000a15      0x15a .\CortexM0\ARM_GCC_473\Debug\UART_Bootloader.a(UART_UART.o)
 .debug_line    0x00000b6f       0x68 .\CortexM0\ARM_GCC_473\Debug\UART_Bootloader.a(CyBootAsmGnu.o)
 .debug_line    0x00000bd7      0x172 .\CortexM0\ARM_GCC_473\Debug\UART_Bootloader.a(CyFlash.o)
 .debug_line    0x00000d49      0x581 .\CortexM0\ARM_GCC_473\Debug\UART_Bootloader.a(CyLib.o)
 .debug_line    0x000012ca       0x7f .\CortexM0\ARM_GCC_473\Debug\UART_Bootloader.a(UART_SPI_UART_INT.o)

.debug_frame    0x00000000      0xaa0
 *(.debug_frame)
 .debug_frame   0x00000000       0x2c .\CortexM0\ARM_GCC_473\Debug\main.o
 .debug_frame   0x0000002c       0xac .\CortexM0\ARM_GCC_473\Debug\UART_Btldr.o
 .debug_frame   0x000000d8       0x98 .\CortexM0\ARM_GCC_473\Debug\Cm0Start.o
 .debug_frame   0x00000170       0x2c .\CortexM0\ARM_GCC_473\Debug\UART_Bootloader.a(cyfitter_cfg.o)
 .debug_frame   0x0000019c       0xe4 .\CortexM0\ARM_GCC_473\Debug\UART_Bootloader.a(Bootloader.o)
 .debug_frame   0x00000280       0x90 .\CortexM0\ARM_GCC_473\Debug\UART_Bootloader.a(UART.o)
 .debug_frame   0x00000310       0xb8 .\CortexM0\ARM_GCC_473\Debug\UART_Bootloader.a(UART_SPI_UART.o)
 .debug_frame   0x000003c8       0xbc .\CortexM0\ARM_GCC_473\Debug\UART_Bootloader.a(UART_UART.o)
 .debug_frame   0x00000484       0x70 .\CortexM0\ARM_GCC_473\Debug\UART_Bootloader.a(CyFlash.o)
 .debug_frame   0x000004f4      0x468 .\CortexM0\ARM_GCC_473\Debug\UART_Bootloader.a(CyLib.o)
 .debug_frame   0x0000095c       0x2c .\CortexM0\ARM_GCC_473\Debug\UART_Bootloader.a(UART_SPI_UART_INT.o)
 .debug_frame   0x00000988       0x20 c:/program files/cypress/psoc creator/3.0/psoc creator/import/gnu_cs/arm/4.7.3/bin/../lib/gcc/arm-none-eabi/4.7.3/armv6-m\libgcc.a(_udivsi3.o)
 .debug_frame   0x000009a8       0x28 c:/program files/cypress/psoc creator/3.0/psoc creator/import/gnu_cs/arm/4.7.3/bin/../lib/gcc/arm-none-eabi/4.7.3/../../../../arm-none-eabi/lib/armv6-m\libc_s.a(lib_a-__atexit2.o)
 .debug_frame   0x000009d0       0x28 c:/program files/cypress/psoc creator/3.0/psoc creator/import/gnu_cs/arm/4.7.3/bin/../lib/gcc/arm-none-eabi/4.7.3/../../../../arm-none-eabi/lib/armv6-m\libc_s.a(lib_a-exit.o)
 .debug_frame   0x000009f8       0x2c c:/program files/cypress/psoc creator/3.0/psoc creator/import/gnu_cs/arm/4.7.3/bin/../lib/gcc/arm-none-eabi/4.7.3/../../../../arm-none-eabi/lib/armv6-m\libc_s.a(lib_a-fini.o)
 .debug_frame   0x00000a24       0x2c c:/program files/cypress/psoc creator/3.0/psoc creator/import/gnu_cs/arm/4.7.3/bin/../lib/gcc/arm-none-eabi/4.7.3/../../../../arm-none-eabi/lib/armv6-m\libc_s.a(lib_a-init.o)
 .debug_frame   0x00000a50       0x28 c:/program files/cypress/psoc creator/3.0/psoc creator/import/gnu_cs/arm/4.7.3/bin/../lib/gcc/arm-none-eabi/4.7.3/../../../../arm-none-eabi/lib/armv6-m\libc_s.a(lib_a-memcpy.o)
 .debug_frame   0x00000a78       0x28 c:/program files/cypress/psoc creator/3.0/psoc creator/import/gnu_cs/arm/4.7.3/bin/../lib/gcc/arm-none-eabi/4.7.3/../../../../arm-none-eabi/lib/armv6-m\libc_s.a(lib_a-memset.o)

.debug_str      0x00000000     0x1178
 *(.debug_str)
 .debug_str     0x00000000      0x114 .\CortexM0\ARM_GCC_473\Debug\main.o
                                0x14d (size before relaxing)
 .debug_str     0x00000114      0x16c .\CortexM0\ARM_GCC_473\Debug\UART_Btldr.o
                                0x2ac (size before relaxing)
 .debug_str     0x00000280       0x6a .\CortexM0\ARM_GCC_473\Debug\cymetadata.o
                                0x19e (size before relaxing)
 .debug_str     0x000002ea      0x14b .\CortexM0\ARM_GCC_473\Debug\Cm0Start.o
                                0x29f (size before relaxing)
 .debug_str     0x00000435      0x12b .\CortexM0\ARM_GCC_473\Debug\UART_Bootloader.a(cyfitter_cfg.o)
                                0x29a (size before relaxing)
 .debug_str     0x00000560      0x330 .\CortexM0\ARM_GCC_473\Debug\UART_Bootloader.a(Bootloader.o)
                                0x507 (size before relaxing)
 .debug_str     0x00000890       0xdb .\CortexM0\ARM_GCC_473\Debug\UART_Bootloader.a(UART.o)
                                0x23e (size before relaxing)
 .debug_str     0x0000096b       0xbb .\CortexM0\ARM_GCC_473\Debug\UART_Bootloader.a(UART_SPI_UART.o)
                                0x283 (size before relaxing)
 .debug_str     0x00000a26       0xf1 .\CortexM0\ARM_GCC_473\Debug\UART_Bootloader.a(UART_UART.o)
                                0x2e5 (size before relaxing)
 .debug_str     0x00000b17      0x1b3 .\CortexM0\ARM_GCC_473\Debug\UART_Bootloader.a(CyFlash.o)
                                0x34e (size before relaxing)
 .debug_str     0x00000cca      0x46f .\CortexM0\ARM_GCC_473\Debug\UART_Bootloader.a(CyLib.o)
                                0x6a6 (size before relaxing)
 .debug_str     0x00001139       0x3f .\CortexM0\ARM_GCC_473\Debug\UART_Bootloader.a(UART_SPI_UART_INT.o)
                                0x191 (size before relaxing)

.debug_loc      0x00000000     0x28da
 *(.debug_loc)
 .debug_loc     0x00000000       0x20 .\CortexM0\ARM_GCC_473\Debug\main.o
 .debug_loc     0x00000020      0x2bd .\CortexM0\ARM_GCC_473\Debug\UART_Btldr.o
 .debug_loc     0x000002dd      0x142 .\CortexM0\ARM_GCC_473\Debug\Cm0Start.o
 .debug_loc     0x0000041f       0x87 .\CortexM0\ARM_GCC_473\Debug\UART_Bootloader.a(cyfitter_cfg.o)
 .debug_loc     0x000004a6      0xdff .\CortexM0\ARM_GCC_473\Debug\UART_Bootloader.a(Bootloader.o)
 .debug_loc     0x000012a5       0x80 .\CortexM0\ARM_GCC_473\Debug\UART_Bootloader.a(UART.o)
 .debug_loc     0x00001325       0xf9 .\CortexM0\ARM_GCC_473\Debug\UART_Bootloader.a(UART_SPI_UART.o)
 .debug_loc     0x0000141e      0x1d2 .\CortexM0\ARM_GCC_473\Debug\UART_Bootloader.a(UART_UART.o)
 .debug_loc     0x000015f0      0x4b3 .\CortexM0\ARM_GCC_473\Debug\UART_Bootloader.a(CyFlash.o)
 .debug_loc     0x00001aa3      0xe17 .\CortexM0\ARM_GCC_473\Debug\UART_Bootloader.a(CyLib.o)
 .debug_loc     0x000028ba       0x20 .\CortexM0\ARM_GCC_473\Debug\UART_Bootloader.a(UART_SPI_UART_INT.o)

.debug_macinfo
 *(.debug_macinfo)

.debug_ranges   0x00000000      0x578
 *(.debug_ranges)
 .debug_ranges  0x00000000       0x10 .\CortexM0\ARM_GCC_473\Debug\main.o
 .debug_ranges  0x00000010       0x30 .\CortexM0\ARM_GCC_473\Debug\UART_Btldr.o
 .debug_ranges  0x00000040       0x30 .\CortexM0\ARM_GCC_473\Debug\Cm0Start.o
 .debug_ranges  0x00000070       0xa8 .\CortexM0\ARM_GCC_473\Debug\UART_Bootloader.a(cyfitter_cfg.o)
 .debug_ranges  0x00000118       0xe0 .\CortexM0\ARM_GCC_473\Debug\UART_Bootloader.a(Bootloader.o)
 .debug_ranges  0x000001f8       0x30 .\CortexM0\ARM_GCC_473\Debug\UART_Bootloader.a(UART.o)
 .debug_ranges  0x00000228       0x50 .\CortexM0\ARM_GCC_473\Debug\UART_Bootloader.a(UART_SPI_UART.o)
 .debug_ranges  0x00000278       0x40 .\CortexM0\ARM_GCC_473\Debug\UART_Bootloader.a(UART_UART.o)
 .debug_ranges  0x000002b8       0xb8 .\CortexM0\ARM_GCC_473\Debug\UART_Bootloader.a(CyFlash.o)
 .debug_ranges  0x00000370      0x1f8 .\CortexM0\ARM_GCC_473\Debug\UART_Bootloader.a(CyLib.o)
 .debug_ranges  0x00000568       0x10 .\CortexM0\ARM_GCC_473\Debug\UART_Bootloader.a(UART_SPI_UART_INT.o)

.comment        0x00000000       0x70
 .comment       0x00000000       0x70 .\CortexM0\ARM_GCC_473\Debug\main.o
                                 0x71 (size before relaxing)
 .comment       0x00000000       0x71 .\CortexM0\ARM_GCC_473\Debug\UART_Btldr.o
 .comment       0x00000000       0x71 .\CortexM0\ARM_GCC_473\Debug\cymetadata.o
 .comment       0x00000000       0x71 .\CortexM0\ARM_GCC_473\Debug\Cm0Start.o
 .comment       0x00000000       0x71 .\CortexM0\ARM_GCC_473\Debug\UART_Bootloader.a(cyfitter_cfg.o)
 .comment       0x00000000       0x71 .\CortexM0\ARM_GCC_473\Debug\UART_Bootloader.a(Bootloader.o)
 .comment       0x00000000       0x71 .\CortexM0\ARM_GCC_473\Debug\UART_Bootloader.a(UART.o)
 .comment       0x00000000       0x71 .\CortexM0\ARM_GCC_473\Debug\UART_Bootloader.a(UART_SPI_UART.o)
 .comment       0x00000000       0x71 .\CortexM0\ARM_GCC_473\Debug\UART_Bootloader.a(UART_UART.o)
 .comment       0x00000000       0x71 .\CortexM0\ARM_GCC_473\Debug\UART_Bootloader.a(CyFlash.o)
 .comment       0x00000000       0x71 .\CortexM0\ARM_GCC_473\Debug\UART_Bootloader.a(CyLib.o)
 .comment       0x00000000       0x71 .\CortexM0\ARM_GCC_473\Debug\UART_Bootloader.a(UART_SPI_UART_INT.o)

.debug_weaknames
 *(.debug_weaknames)

.debug_funcnames
 *(.debug_funcnames)

.debug_typenames
 *(.debug_typenames)

.debug_varnames
 *(.debug_varnames)

.note.gnu.arm.ident
 *(.note.gnu.arm.ident)

.ARM.attributes
                0x00000000       0x28
 *(.ARM.attributes)
 .ARM.attributes
                0x00000000       0x1e c:/program files/cypress/psoc creator/3.0/psoc creator/import/gnu_cs/arm/4.7.3/bin/../lib/gcc/arm-none-eabi/4.7.3/armv6-m/crti.o
 .ARM.attributes
                0x0000001e       0x2c c:/program files/cypress/psoc creator/3.0/psoc creator/import/gnu_cs/arm/4.7.3/bin/../lib/gcc/arm-none-eabi/4.7.3/armv6-m/crtbegin.o
 .ARM.attributes
                0x0000004a       0x1c c:/program files/cypress/psoc creator/3.0/psoc creator/import/gnu_cs/arm/4.7.3/bin/../lib/gcc/arm-none-eabi/4.7.3/../../../../arm-none-eabi/lib/armv6-m/crt0.o
 .ARM.attributes
                0x00000066       0x31 .\CortexM0\ARM_GCC_473\Debug\main.o
 .ARM.attributes
                0x00000097       0x31 .\CortexM0\ARM_GCC_473\Debug\UART_Btldr.o
 .ARM.attributes
                0x000000c8       0x31 .\CortexM0\ARM_GCC_473\Debug\cymetadata.o
 .ARM.attributes
                0x000000f9       0x31 .\CortexM0\ARM_GCC_473\Debug\Cm0Start.o
 .ARM.attributes
                0x0000012a       0x31 .\CortexM0\ARM_GCC_473\Debug\UART_Bootloader.a(cyfitter_cfg.o)
 .ARM.attributes
                0x0000015b       0x31 .\CortexM0\ARM_GCC_473\Debug\UART_Bootloader.a(Bootloader.o)
 .ARM.attributes
                0x0000018c       0x31 .\CortexM0\ARM_GCC_473\Debug\UART_Bootloader.a(UART.o)
 .ARM.attributes
                0x000001bd       0x31 .\CortexM0\ARM_GCC_473\Debug\UART_Bootloader.a(UART_SPI_UART.o)
 .ARM.attributes
                0x000001ee       0x31 .\CortexM0\ARM_GCC_473\Debug\UART_Bootloader.a(UART_UART.o)
 .ARM.attributes
                0x0000021f       0x21 .\CortexM0\ARM_GCC_473\Debug\UART_Bootloader.a(CyBootAsmGnu.o)
 .ARM.attributes
                0x00000240       0x31 .\CortexM0\ARM_GCC_473\Debug\UART_Bootloader.a(CyFlash.o)
 .ARM.attributes
                0x00000271       0x31 .\CortexM0\ARM_GCC_473\Debug\UART_Bootloader.a(CyLib.o)
 .ARM.attributes
                0x000002a2       0x31 .\CortexM0\ARM_GCC_473\Debug\UART_Bootloader.a(UART_SPI_UART_INT.o)
 .ARM.attributes
                0x000002d3       0x1e c:/program files/cypress/psoc creator/3.0/psoc creator/import/gnu_cs/arm/4.7.3/bin/../lib/gcc/arm-none-eabi/4.7.3/armv6-m\libgcc.a(_thumb1_case_sqi.o)
 .ARM.attributes
                0x000002f1       0x1e c:/program files/cypress/psoc creator/3.0/psoc creator/import/gnu_cs/arm/4.7.3/bin/../lib/gcc/arm-none-eabi/4.7.3/armv6-m\libgcc.a(_thumb1_case_uqi.o)
 .ARM.attributes
                0x0000030f       0x1e c:/program files/cypress/psoc creator/3.0/psoc creator/import/gnu_cs/arm/4.7.3/bin/../lib/gcc/arm-none-eabi/4.7.3/armv6-m\libgcc.a(_udivsi3.o)
 .ARM.attributes
                0x0000032d       0x1e c:/program files/cypress/psoc creator/3.0/psoc creator/import/gnu_cs/arm/4.7.3/bin/../lib/gcc/arm-none-eabi/4.7.3/armv6-m\libgcc.a(_dvmd_tls.o)
 .ARM.attributes
                0x0000034b       0x2c c:/program files/cypress/psoc creator/3.0/psoc creator/import/gnu_cs/arm/4.7.3/bin/../lib/gcc/arm-none-eabi/4.7.3/../../../../arm-none-eabi/lib/armv6-m\libc_s.a(lib_a-__atexit2.o)
 .ARM.attributes
                0x00000377       0x2c c:/program files/cypress/psoc creator/3.0/psoc creator/import/gnu_cs/arm/4.7.3/bin/../lib/gcc/arm-none-eabi/4.7.3/../../../../arm-none-eabi/lib/armv6-m\libc_s.a(lib_a-exit.o)
 .ARM.attributes
                0x000003a3       0x2c c:/program files/cypress/psoc creator/3.0/psoc creator/import/gnu_cs/arm/4.7.3/bin/../lib/gcc/arm-none-eabi/4.7.3/../../../../arm-none-eabi/lib/armv6-m\libc_s.a(lib_a-fini.o)
 .ARM.attributes
                0x000003cf       0x2c c:/program files/cypress/psoc creator/3.0/psoc creator/import/gnu_cs/arm/4.7.3/bin/../lib/gcc/arm-none-eabi/4.7.3/../../../../arm-none-eabi/lib/armv6-m\libc_s.a(lib_a-impure.o)
 .ARM.attributes
                0x000003fb       0x2c c:/program files/cypress/psoc creator/3.0/psoc creator/import/gnu_cs/arm/4.7.3/bin/../lib/gcc/arm-none-eabi/4.7.3/../../../../arm-none-eabi/lib/armv6-m\libc_s.a(lib_a-init.o)
 .ARM.attributes
                0x00000427       0x2c c:/program files/cypress/psoc creator/3.0/psoc creator/import/gnu_cs/arm/4.7.3/bin/../lib/gcc/arm-none-eabi/4.7.3/../../../../arm-none-eabi/lib/armv6-m\libc_s.a(lib_a-memcpy.o)
 .ARM.attributes
                0x00000453       0x2c c:/program files/cypress/psoc creator/3.0/psoc creator/import/gnu_cs/arm/4.7.3/bin/../lib/gcc/arm-none-eabi/4.7.3/../../../../arm-none-eabi/lib/armv6-m\libc_s.a(lib_a-memset.o)
 .ARM.attributes
                0x0000047f       0x2c c:/program files/cypress/psoc creator/3.0/psoc creator/import/gnu_cs/arm/4.7.3/bin/../lib/gcc/arm-none-eabi/4.7.3/armv6-m/crtend.o
 .ARM.attributes
                0x000004ab       0x1e c:/program files/cypress/psoc creator/3.0/psoc creator/import/gnu_cs/arm/4.7.3/bin/../lib/gcc/arm-none-eabi/4.7.3/armv6-m/crtn.o

/DISCARD/
 *(.note.GNU-stack)
OUTPUT(.\CortexM0\ARM_GCC_473\Debug\UART_Bootloader.elf elf32-littlearm)
