ARM GAS  C:\Users\ZHANGM~1\AppData\Local\Temp\cc4TYOuS.s 			page 1


   1              		.cpu cortex-m0
   2              		.fpu softvfp
   3              		.eabi_attribute 20, 1
   4              		.eabi_attribute 21, 1
   5              		.eabi_attribute 23, 3
   6              		.eabi_attribute 24, 1
   7              		.eabi_attribute 25, 1
   8              		.eabi_attribute 26, 1
   9              		.eabi_attribute 30, 4
  10              		.eabi_attribute 34, 0
  11              		.eabi_attribute 18, 4
  12              		.code	16
  13              		.file	"CC_ISR.c"
  14              		.text
  15              	.Ltext0:
  16              		.cfi_sections	.debug_frame
  17              		.section	.text.CC_ISR_Interrupt,"ax",%progbits
  18              		.align	1
  19              		.global	CC_ISR_Interrupt
  20              		.code	16
  21              		.thumb_func
  22              		.type	CC_ISR_Interrupt, %function
  23              	CC_ISR_Interrupt:
  24              	.LFB3:
  25              		.file 1 ".\\Generated_Source\\PSoC4\\CC_ISR.c"
   1:.\Generated_Source\PSoC4/CC_ISR.c **** /*******************************************************************************
   2:.\Generated_Source\PSoC4/CC_ISR.c **** * File Name: CC_ISR.c  
   3:.\Generated_Source\PSoC4/CC_ISR.c **** * Version 1.70
   4:.\Generated_Source\PSoC4/CC_ISR.c **** *
   5:.\Generated_Source\PSoC4/CC_ISR.c **** *  Description:
   6:.\Generated_Source\PSoC4/CC_ISR.c **** *   API for controlling the state of an interrupt.
   7:.\Generated_Source\PSoC4/CC_ISR.c **** *
   8:.\Generated_Source\PSoC4/CC_ISR.c **** *
   9:.\Generated_Source\PSoC4/CC_ISR.c **** *  Note:
  10:.\Generated_Source\PSoC4/CC_ISR.c **** *
  11:.\Generated_Source\PSoC4/CC_ISR.c **** ********************************************************************************
  12:.\Generated_Source\PSoC4/CC_ISR.c **** * Copyright 2008-2012, Cypress Semiconductor Corporation.  All rights reserved.
  13:.\Generated_Source\PSoC4/CC_ISR.c **** * You may use this file only in accordance with the license, terms, conditions, 
  14:.\Generated_Source\PSoC4/CC_ISR.c **** * disclaimers, and limitations in the end user license agreement accompanying 
  15:.\Generated_Source\PSoC4/CC_ISR.c **** * the software package with which this file was provided.
  16:.\Generated_Source\PSoC4/CC_ISR.c **** *******************************************************************************/
  17:.\Generated_Source\PSoC4/CC_ISR.c **** 
  18:.\Generated_Source\PSoC4/CC_ISR.c **** 
  19:.\Generated_Source\PSoC4/CC_ISR.c **** #include <cydevice_trm.h>
  20:.\Generated_Source\PSoC4/CC_ISR.c **** #include <CyLib.h>
  21:.\Generated_Source\PSoC4/CC_ISR.c **** #include <CC_ISR.h>
  22:.\Generated_Source\PSoC4/CC_ISR.c **** 
  23:.\Generated_Source\PSoC4/CC_ISR.c **** #if !defined(CC_ISR__REMOVED) /* Check for removal by optimization */
  24:.\Generated_Source\PSoC4/CC_ISR.c **** 
  25:.\Generated_Source\PSoC4/CC_ISR.c **** /*******************************************************************************
  26:.\Generated_Source\PSoC4/CC_ISR.c **** *  Place your includes, defines and code here 
  27:.\Generated_Source\PSoC4/CC_ISR.c **** ********************************************************************************/
  28:.\Generated_Source\PSoC4/CC_ISR.c **** /* `#START CC_ISR_intc` */
  29:.\Generated_Source\PSoC4/CC_ISR.c **** 
  30:.\Generated_Source\PSoC4/CC_ISR.c **** /* `#END` */
  31:.\Generated_Source\PSoC4/CC_ISR.c **** 
  32:.\Generated_Source\PSoC4/CC_ISR.c **** extern cyisraddress CyRamVectors[CYINT_IRQ_BASE + CY_NUM_INTERRUPTS];
ARM GAS  C:\Users\ZHANGM~1\AppData\Local\Temp\cc4TYOuS.s 			page 2


  33:.\Generated_Source\PSoC4/CC_ISR.c **** 
  34:.\Generated_Source\PSoC4/CC_ISR.c **** /* Declared in startup, used to set unused interrupts to. */
  35:.\Generated_Source\PSoC4/CC_ISR.c **** CY_ISR_PROTO(IntDefaultHandler);
  36:.\Generated_Source\PSoC4/CC_ISR.c **** 
  37:.\Generated_Source\PSoC4/CC_ISR.c **** 
  38:.\Generated_Source\PSoC4/CC_ISR.c **** /*******************************************************************************
  39:.\Generated_Source\PSoC4/CC_ISR.c **** * Function Name: CC_ISR_Start
  40:.\Generated_Source\PSoC4/CC_ISR.c **** ********************************************************************************
  41:.\Generated_Source\PSoC4/CC_ISR.c **** *
  42:.\Generated_Source\PSoC4/CC_ISR.c **** * Summary:
  43:.\Generated_Source\PSoC4/CC_ISR.c **** *  Set up the interrupt and enable it.
  44:.\Generated_Source\PSoC4/CC_ISR.c **** *
  45:.\Generated_Source\PSoC4/CC_ISR.c **** * Parameters:  
  46:.\Generated_Source\PSoC4/CC_ISR.c **** *   None
  47:.\Generated_Source\PSoC4/CC_ISR.c **** *
  48:.\Generated_Source\PSoC4/CC_ISR.c **** * Return:
  49:.\Generated_Source\PSoC4/CC_ISR.c **** *   None
  50:.\Generated_Source\PSoC4/CC_ISR.c **** *
  51:.\Generated_Source\PSoC4/CC_ISR.c **** *******************************************************************************/
  52:.\Generated_Source\PSoC4/CC_ISR.c **** void CC_ISR_Start(void)
  53:.\Generated_Source\PSoC4/CC_ISR.c **** {
  54:.\Generated_Source\PSoC4/CC_ISR.c ****     /* For all we know the interrupt is active. */
  55:.\Generated_Source\PSoC4/CC_ISR.c ****     CC_ISR_Disable();
  56:.\Generated_Source\PSoC4/CC_ISR.c **** 
  57:.\Generated_Source\PSoC4/CC_ISR.c ****     /* Set the ISR to point to the CC_ISR Interrupt. */
  58:.\Generated_Source\PSoC4/CC_ISR.c ****     CC_ISR_SetVector(&CC_ISR_Interrupt);
  59:.\Generated_Source\PSoC4/CC_ISR.c **** 
  60:.\Generated_Source\PSoC4/CC_ISR.c ****     /* Set the priority. */
  61:.\Generated_Source\PSoC4/CC_ISR.c ****     CC_ISR_SetPriority((uint8)CC_ISR_INTC_PRIOR_NUMBER);
  62:.\Generated_Source\PSoC4/CC_ISR.c **** 
  63:.\Generated_Source\PSoC4/CC_ISR.c ****     /* Enable it. */
  64:.\Generated_Source\PSoC4/CC_ISR.c ****     CC_ISR_Enable();
  65:.\Generated_Source\PSoC4/CC_ISR.c **** }
  66:.\Generated_Source\PSoC4/CC_ISR.c **** 
  67:.\Generated_Source\PSoC4/CC_ISR.c **** 
  68:.\Generated_Source\PSoC4/CC_ISR.c **** /*******************************************************************************
  69:.\Generated_Source\PSoC4/CC_ISR.c **** * Function Name: CC_ISR_StartEx
  70:.\Generated_Source\PSoC4/CC_ISR.c **** ********************************************************************************
  71:.\Generated_Source\PSoC4/CC_ISR.c **** *
  72:.\Generated_Source\PSoC4/CC_ISR.c **** * Summary:
  73:.\Generated_Source\PSoC4/CC_ISR.c **** *  Set up the interrupt and enable it.
  74:.\Generated_Source\PSoC4/CC_ISR.c **** *
  75:.\Generated_Source\PSoC4/CC_ISR.c **** * Parameters:  
  76:.\Generated_Source\PSoC4/CC_ISR.c **** *   address: Address of the ISR to set in the interrupt vector table.
  77:.\Generated_Source\PSoC4/CC_ISR.c **** *
  78:.\Generated_Source\PSoC4/CC_ISR.c **** * Return:
  79:.\Generated_Source\PSoC4/CC_ISR.c **** *   None
  80:.\Generated_Source\PSoC4/CC_ISR.c **** *
  81:.\Generated_Source\PSoC4/CC_ISR.c **** *******************************************************************************/
  82:.\Generated_Source\PSoC4/CC_ISR.c **** void CC_ISR_StartEx(cyisraddress address)
  83:.\Generated_Source\PSoC4/CC_ISR.c **** {
  84:.\Generated_Source\PSoC4/CC_ISR.c ****     /* For all we know the interrupt is active. */
  85:.\Generated_Source\PSoC4/CC_ISR.c ****     CC_ISR_Disable();
  86:.\Generated_Source\PSoC4/CC_ISR.c **** 
  87:.\Generated_Source\PSoC4/CC_ISR.c ****     /* Set the ISR to point to the CC_ISR Interrupt. */
  88:.\Generated_Source\PSoC4/CC_ISR.c ****     CC_ISR_SetVector(address);
  89:.\Generated_Source\PSoC4/CC_ISR.c **** 
ARM GAS  C:\Users\ZHANGM~1\AppData\Local\Temp\cc4TYOuS.s 			page 3


  90:.\Generated_Source\PSoC4/CC_ISR.c ****     /* Set the priority. */
  91:.\Generated_Source\PSoC4/CC_ISR.c ****     CC_ISR_SetPriority((uint8)CC_ISR_INTC_PRIOR_NUMBER);
  92:.\Generated_Source\PSoC4/CC_ISR.c **** 
  93:.\Generated_Source\PSoC4/CC_ISR.c ****     /* Enable it. */
  94:.\Generated_Source\PSoC4/CC_ISR.c ****     CC_ISR_Enable();
  95:.\Generated_Source\PSoC4/CC_ISR.c **** }
  96:.\Generated_Source\PSoC4/CC_ISR.c **** 
  97:.\Generated_Source\PSoC4/CC_ISR.c **** 
  98:.\Generated_Source\PSoC4/CC_ISR.c **** /*******************************************************************************
  99:.\Generated_Source\PSoC4/CC_ISR.c **** * Function Name: CC_ISR_Stop
 100:.\Generated_Source\PSoC4/CC_ISR.c **** ********************************************************************************
 101:.\Generated_Source\PSoC4/CC_ISR.c **** *
 102:.\Generated_Source\PSoC4/CC_ISR.c **** * Summary:
 103:.\Generated_Source\PSoC4/CC_ISR.c **** *   Disables and removes the interrupt.
 104:.\Generated_Source\PSoC4/CC_ISR.c **** *
 105:.\Generated_Source\PSoC4/CC_ISR.c **** * Parameters:  
 106:.\Generated_Source\PSoC4/CC_ISR.c **** *
 107:.\Generated_Source\PSoC4/CC_ISR.c **** * Return:
 108:.\Generated_Source\PSoC4/CC_ISR.c **** *   None
 109:.\Generated_Source\PSoC4/CC_ISR.c **** *
 110:.\Generated_Source\PSoC4/CC_ISR.c **** *******************************************************************************/
 111:.\Generated_Source\PSoC4/CC_ISR.c **** void CC_ISR_Stop(void)
 112:.\Generated_Source\PSoC4/CC_ISR.c **** {
 113:.\Generated_Source\PSoC4/CC_ISR.c ****     /* Disable this interrupt. */
 114:.\Generated_Source\PSoC4/CC_ISR.c ****     CC_ISR_Disable();
 115:.\Generated_Source\PSoC4/CC_ISR.c **** 
 116:.\Generated_Source\PSoC4/CC_ISR.c ****     /* Set the ISR to point to the passive one. */
 117:.\Generated_Source\PSoC4/CC_ISR.c ****     CC_ISR_SetVector(&IntDefaultHandler);
 118:.\Generated_Source\PSoC4/CC_ISR.c **** }
 119:.\Generated_Source\PSoC4/CC_ISR.c **** 
 120:.\Generated_Source\PSoC4/CC_ISR.c **** 
 121:.\Generated_Source\PSoC4/CC_ISR.c **** /*******************************************************************************
 122:.\Generated_Source\PSoC4/CC_ISR.c **** * Function Name: CC_ISR_Interrupt
 123:.\Generated_Source\PSoC4/CC_ISR.c **** ********************************************************************************
 124:.\Generated_Source\PSoC4/CC_ISR.c **** *
 125:.\Generated_Source\PSoC4/CC_ISR.c **** * Summary:
 126:.\Generated_Source\PSoC4/CC_ISR.c **** *   The default Interrupt Service Routine for CC_ISR.
 127:.\Generated_Source\PSoC4/CC_ISR.c **** *
 128:.\Generated_Source\PSoC4/CC_ISR.c **** *   Add custom code between the coments to keep the next version of this file
 129:.\Generated_Source\PSoC4/CC_ISR.c **** *   from over writting your code.
 130:.\Generated_Source\PSoC4/CC_ISR.c **** *
 131:.\Generated_Source\PSoC4/CC_ISR.c **** * Parameters:  
 132:.\Generated_Source\PSoC4/CC_ISR.c **** *   None
 133:.\Generated_Source\PSoC4/CC_ISR.c **** *
 134:.\Generated_Source\PSoC4/CC_ISR.c **** * Return:
 135:.\Generated_Source\PSoC4/CC_ISR.c **** *   None
 136:.\Generated_Source\PSoC4/CC_ISR.c **** *
 137:.\Generated_Source\PSoC4/CC_ISR.c **** *******************************************************************************/
 138:.\Generated_Source\PSoC4/CC_ISR.c **** CY_ISR(CC_ISR_Interrupt)
 139:.\Generated_Source\PSoC4/CC_ISR.c **** {
  26              		.loc 1 139 0
  27              		.cfi_startproc
 140:.\Generated_Source\PSoC4/CC_ISR.c ****     /*  Place your Interrupt code here. */
 141:.\Generated_Source\PSoC4/CC_ISR.c ****     /* `#START CC_ISR_Interrupt` */
 142:.\Generated_Source\PSoC4/CC_ISR.c **** 
 143:.\Generated_Source\PSoC4/CC_ISR.c ****     /* `#END` */
 144:.\Generated_Source\PSoC4/CC_ISR.c **** }
ARM GAS  C:\Users\ZHANGM~1\AppData\Local\Temp\cc4TYOuS.s 			page 4


  28              		.loc 1 144 0
  29              		@ sp needed for prologue
  30 0000 7047     		bx	lr
  31              		.cfi_endproc
  32              	.LFE3:
  33              		.size	CC_ISR_Interrupt, .-CC_ISR_Interrupt
  34              		.section	.text.CC_ISR_Stop,"ax",%progbits
  35              		.align	1
  36              		.global	CC_ISR_Stop
  37              		.code	16
  38              		.thumb_func
  39              		.type	CC_ISR_Stop, %function
  40              	CC_ISR_Stop:
  41              	.LFB2:
 112:.\Generated_Source\PSoC4/CC_ISR.c **** {
  42              		.loc 1 112 0
  43              		.cfi_startproc
  44              	.LBB18:
  45              	.LBB19:
 145:.\Generated_Source\PSoC4/CC_ISR.c **** 
 146:.\Generated_Source\PSoC4/CC_ISR.c **** 
 147:.\Generated_Source\PSoC4/CC_ISR.c **** /*******************************************************************************
 148:.\Generated_Source\PSoC4/CC_ISR.c **** * Function Name: CC_ISR_SetVector
 149:.\Generated_Source\PSoC4/CC_ISR.c **** ********************************************************************************
 150:.\Generated_Source\PSoC4/CC_ISR.c **** *
 151:.\Generated_Source\PSoC4/CC_ISR.c **** * Summary:
 152:.\Generated_Source\PSoC4/CC_ISR.c **** *   Change the ISR vector for the Interrupt. Note calling CC_ISR_Start
 153:.\Generated_Source\PSoC4/CC_ISR.c **** *   will override any effect this method would have had. To set the vector 
 154:.\Generated_Source\PSoC4/CC_ISR.c **** *   before the component has been started use CC_ISR_StartEx instead.
 155:.\Generated_Source\PSoC4/CC_ISR.c **** *
 156:.\Generated_Source\PSoC4/CC_ISR.c **** * Parameters:
 157:.\Generated_Source\PSoC4/CC_ISR.c **** *   address: Address of the ISR to set in the interrupt vector table.
 158:.\Generated_Source\PSoC4/CC_ISR.c **** *
 159:.\Generated_Source\PSoC4/CC_ISR.c **** * Return:
 160:.\Generated_Source\PSoC4/CC_ISR.c **** *   None
 161:.\Generated_Source\PSoC4/CC_ISR.c **** *
 162:.\Generated_Source\PSoC4/CC_ISR.c **** *******************************************************************************/
 163:.\Generated_Source\PSoC4/CC_ISR.c **** void CC_ISR_SetVector(cyisraddress address)
 164:.\Generated_Source\PSoC4/CC_ISR.c **** {
 165:.\Generated_Source\PSoC4/CC_ISR.c ****     CyRamVectors[CYINT_IRQ_BASE + CC_ISR__INTC_NUMBER] = address;
 166:.\Generated_Source\PSoC4/CC_ISR.c **** }
 167:.\Generated_Source\PSoC4/CC_ISR.c **** 
 168:.\Generated_Source\PSoC4/CC_ISR.c **** 
 169:.\Generated_Source\PSoC4/CC_ISR.c **** /*******************************************************************************
 170:.\Generated_Source\PSoC4/CC_ISR.c **** * Function Name: CC_ISR_GetVector
 171:.\Generated_Source\PSoC4/CC_ISR.c **** ********************************************************************************
 172:.\Generated_Source\PSoC4/CC_ISR.c **** *
 173:.\Generated_Source\PSoC4/CC_ISR.c **** * Summary:
 174:.\Generated_Source\PSoC4/CC_ISR.c **** *   Gets the "address" of the current ISR vector for the Interrupt.
 175:.\Generated_Source\PSoC4/CC_ISR.c **** *
 176:.\Generated_Source\PSoC4/CC_ISR.c **** * Parameters:
 177:.\Generated_Source\PSoC4/CC_ISR.c **** *   None
 178:.\Generated_Source\PSoC4/CC_ISR.c **** *
 179:.\Generated_Source\PSoC4/CC_ISR.c **** * Return:
 180:.\Generated_Source\PSoC4/CC_ISR.c **** *   Address of the ISR in the interrupt vector table.
 181:.\Generated_Source\PSoC4/CC_ISR.c **** *
 182:.\Generated_Source\PSoC4/CC_ISR.c **** *******************************************************************************/
ARM GAS  C:\Users\ZHANGM~1\AppData\Local\Temp\cc4TYOuS.s 			page 5


 183:.\Generated_Source\PSoC4/CC_ISR.c **** cyisraddress CC_ISR_GetVector(void)
 184:.\Generated_Source\PSoC4/CC_ISR.c **** {
 185:.\Generated_Source\PSoC4/CC_ISR.c ****     return CyRamVectors[CYINT_IRQ_BASE + CC_ISR__INTC_NUMBER];
 186:.\Generated_Source\PSoC4/CC_ISR.c **** }
 187:.\Generated_Source\PSoC4/CC_ISR.c **** 
 188:.\Generated_Source\PSoC4/CC_ISR.c **** 
 189:.\Generated_Source\PSoC4/CC_ISR.c **** /*******************************************************************************
 190:.\Generated_Source\PSoC4/CC_ISR.c **** * Function Name: CC_ISR_SetPriority
 191:.\Generated_Source\PSoC4/CC_ISR.c **** ********************************************************************************
 192:.\Generated_Source\PSoC4/CC_ISR.c **** *
 193:.\Generated_Source\PSoC4/CC_ISR.c **** * Summary:
 194:.\Generated_Source\PSoC4/CC_ISR.c **** *   Sets the Priority of the Interrupt. Note calling CC_ISR_Start
 195:.\Generated_Source\PSoC4/CC_ISR.c **** *   or CC_ISR_StartEx will override any effect this method would 
 196:.\Generated_Source\PSoC4/CC_ISR.c **** *   have had. This method should only be called after CC_ISR_Start or 
 197:.\Generated_Source\PSoC4/CC_ISR.c **** *   CC_ISR_StartEx has been called. To set the initial
 198:.\Generated_Source\PSoC4/CC_ISR.c **** *   priority for the component use the cydwr file in the tool.
 199:.\Generated_Source\PSoC4/CC_ISR.c **** *
 200:.\Generated_Source\PSoC4/CC_ISR.c **** * Parameters:
 201:.\Generated_Source\PSoC4/CC_ISR.c **** *   priority: Priority of the interrupt. 0 - 3, 0 being the highest.
 202:.\Generated_Source\PSoC4/CC_ISR.c **** *
 203:.\Generated_Source\PSoC4/CC_ISR.c **** * Return:
 204:.\Generated_Source\PSoC4/CC_ISR.c **** *   None
 205:.\Generated_Source\PSoC4/CC_ISR.c **** *
 206:.\Generated_Source\PSoC4/CC_ISR.c **** *******************************************************************************/
 207:.\Generated_Source\PSoC4/CC_ISR.c **** void CC_ISR_SetPriority(uint8 priority)
 208:.\Generated_Source\PSoC4/CC_ISR.c **** {
 209:.\Generated_Source\PSoC4/CC_ISR.c **** 	uint8 interruptState;
 210:.\Generated_Source\PSoC4/CC_ISR.c ****     uint32 priorityOffset = ((CC_ISR__INTC_NUMBER % 4u) * 8u) + 6u;
 211:.\Generated_Source\PSoC4/CC_ISR.c ****     
 212:.\Generated_Source\PSoC4/CC_ISR.c **** 	interruptState = CyEnterCriticalSection();
 213:.\Generated_Source\PSoC4/CC_ISR.c ****     *CC_ISR_INTC_PRIOR = (*CC_ISR_INTC_PRIOR & (uint32)(~CC_ISR__INTC_PRIOR_MASK)) |
 214:.\Generated_Source\PSoC4/CC_ISR.c ****                                     ((uint32)priority << priorityOffset);
 215:.\Generated_Source\PSoC4/CC_ISR.c **** 	CyExitCriticalSection(interruptState);
 216:.\Generated_Source\PSoC4/CC_ISR.c **** }
 217:.\Generated_Source\PSoC4/CC_ISR.c **** 
 218:.\Generated_Source\PSoC4/CC_ISR.c **** 
 219:.\Generated_Source\PSoC4/CC_ISR.c **** /*******************************************************************************
 220:.\Generated_Source\PSoC4/CC_ISR.c **** * Function Name: CC_ISR_GetPriority
 221:.\Generated_Source\PSoC4/CC_ISR.c **** ********************************************************************************
 222:.\Generated_Source\PSoC4/CC_ISR.c **** *
 223:.\Generated_Source\PSoC4/CC_ISR.c **** * Summary:
 224:.\Generated_Source\PSoC4/CC_ISR.c **** *   Gets the Priority of the Interrupt.
 225:.\Generated_Source\PSoC4/CC_ISR.c **** *
 226:.\Generated_Source\PSoC4/CC_ISR.c **** * Parameters:
 227:.\Generated_Source\PSoC4/CC_ISR.c **** *   None
 228:.\Generated_Source\PSoC4/CC_ISR.c **** *
 229:.\Generated_Source\PSoC4/CC_ISR.c **** * Return:
 230:.\Generated_Source\PSoC4/CC_ISR.c **** *   Priority of the interrupt. 0 - 3, 0 being the highest.
 231:.\Generated_Source\PSoC4/CC_ISR.c **** *
 232:.\Generated_Source\PSoC4/CC_ISR.c **** *******************************************************************************/
 233:.\Generated_Source\PSoC4/CC_ISR.c **** uint8 CC_ISR_GetPriority(void)
 234:.\Generated_Source\PSoC4/CC_ISR.c **** {
 235:.\Generated_Source\PSoC4/CC_ISR.c ****     uint32 priority;
 236:.\Generated_Source\PSoC4/CC_ISR.c **** 	uint32 priorityOffset = ((CC_ISR__INTC_NUMBER % 4u) * 8u) + 6u;
 237:.\Generated_Source\PSoC4/CC_ISR.c **** 
 238:.\Generated_Source\PSoC4/CC_ISR.c ****     priority = (*CC_ISR_INTC_PRIOR & CC_ISR__INTC_PRIOR_MASK) >> priorityOffset;
 239:.\Generated_Source\PSoC4/CC_ISR.c **** 
ARM GAS  C:\Users\ZHANGM~1\AppData\Local\Temp\cc4TYOuS.s 			page 6


 240:.\Generated_Source\PSoC4/CC_ISR.c ****     return (uint8)priority;
 241:.\Generated_Source\PSoC4/CC_ISR.c **** }
 242:.\Generated_Source\PSoC4/CC_ISR.c **** 
 243:.\Generated_Source\PSoC4/CC_ISR.c **** 
 244:.\Generated_Source\PSoC4/CC_ISR.c **** /*******************************************************************************
 245:.\Generated_Source\PSoC4/CC_ISR.c **** * Function Name: CC_ISR_Enable
 246:.\Generated_Source\PSoC4/CC_ISR.c **** ********************************************************************************
 247:.\Generated_Source\PSoC4/CC_ISR.c **** *
 248:.\Generated_Source\PSoC4/CC_ISR.c **** * Summary:
 249:.\Generated_Source\PSoC4/CC_ISR.c **** *   Enables the interrupt.
 250:.\Generated_Source\PSoC4/CC_ISR.c **** *
 251:.\Generated_Source\PSoC4/CC_ISR.c **** * Parameters:
 252:.\Generated_Source\PSoC4/CC_ISR.c **** *   None
 253:.\Generated_Source\PSoC4/CC_ISR.c **** *
 254:.\Generated_Source\PSoC4/CC_ISR.c **** * Return:
 255:.\Generated_Source\PSoC4/CC_ISR.c **** *   None
 256:.\Generated_Source\PSoC4/CC_ISR.c **** *
 257:.\Generated_Source\PSoC4/CC_ISR.c **** *******************************************************************************/
 258:.\Generated_Source\PSoC4/CC_ISR.c **** void CC_ISR_Enable(void)
 259:.\Generated_Source\PSoC4/CC_ISR.c **** {
 260:.\Generated_Source\PSoC4/CC_ISR.c ****     /* Enable the general interrupt. */
 261:.\Generated_Source\PSoC4/CC_ISR.c ****     *CC_ISR_INTC_SET_EN = CC_ISR__INTC_MASK;
 262:.\Generated_Source\PSoC4/CC_ISR.c **** }
 263:.\Generated_Source\PSoC4/CC_ISR.c **** 
 264:.\Generated_Source\PSoC4/CC_ISR.c **** 
 265:.\Generated_Source\PSoC4/CC_ISR.c **** /*******************************************************************************
 266:.\Generated_Source\PSoC4/CC_ISR.c **** * Function Name: CC_ISR_GetState
 267:.\Generated_Source\PSoC4/CC_ISR.c **** ********************************************************************************
 268:.\Generated_Source\PSoC4/CC_ISR.c **** *
 269:.\Generated_Source\PSoC4/CC_ISR.c **** * Summary:
 270:.\Generated_Source\PSoC4/CC_ISR.c **** *   Gets the state (enabled, disabled) of the Interrupt.
 271:.\Generated_Source\PSoC4/CC_ISR.c **** *
 272:.\Generated_Source\PSoC4/CC_ISR.c **** * Parameters:
 273:.\Generated_Source\PSoC4/CC_ISR.c **** *   None
 274:.\Generated_Source\PSoC4/CC_ISR.c **** *
 275:.\Generated_Source\PSoC4/CC_ISR.c **** * Return:
 276:.\Generated_Source\PSoC4/CC_ISR.c **** *   1 if enabled, 0 if disabled.
 277:.\Generated_Source\PSoC4/CC_ISR.c **** *
 278:.\Generated_Source\PSoC4/CC_ISR.c **** *******************************************************************************/
 279:.\Generated_Source\PSoC4/CC_ISR.c **** uint8 CC_ISR_GetState(void)
 280:.\Generated_Source\PSoC4/CC_ISR.c **** {
 281:.\Generated_Source\PSoC4/CC_ISR.c ****     /* Get the state of the general interrupt. */
 282:.\Generated_Source\PSoC4/CC_ISR.c ****     return ((*CC_ISR_INTC_SET_EN & (uint32)CC_ISR__INTC_MASK) != 0u) ? 1u:0u;
 283:.\Generated_Source\PSoC4/CC_ISR.c **** }
 284:.\Generated_Source\PSoC4/CC_ISR.c **** 
 285:.\Generated_Source\PSoC4/CC_ISR.c **** 
 286:.\Generated_Source\PSoC4/CC_ISR.c **** /*******************************************************************************
 287:.\Generated_Source\PSoC4/CC_ISR.c **** * Function Name: CC_ISR_Disable
 288:.\Generated_Source\PSoC4/CC_ISR.c **** ********************************************************************************
 289:.\Generated_Source\PSoC4/CC_ISR.c **** *
 290:.\Generated_Source\PSoC4/CC_ISR.c **** * Summary:
 291:.\Generated_Source\PSoC4/CC_ISR.c **** *   Disables the Interrupt.
 292:.\Generated_Source\PSoC4/CC_ISR.c **** *
 293:.\Generated_Source\PSoC4/CC_ISR.c **** * Parameters:
 294:.\Generated_Source\PSoC4/CC_ISR.c **** *   None
 295:.\Generated_Source\PSoC4/CC_ISR.c **** *
 296:.\Generated_Source\PSoC4/CC_ISR.c **** * Return:
ARM GAS  C:\Users\ZHANGM~1\AppData\Local\Temp\cc4TYOuS.s 			page 7


 297:.\Generated_Source\PSoC4/CC_ISR.c **** *   None
 298:.\Generated_Source\PSoC4/CC_ISR.c **** *
 299:.\Generated_Source\PSoC4/CC_ISR.c **** *******************************************************************************/
 300:.\Generated_Source\PSoC4/CC_ISR.c **** void CC_ISR_Disable(void)
 301:.\Generated_Source\PSoC4/CC_ISR.c **** {
 302:.\Generated_Source\PSoC4/CC_ISR.c ****     /* Disable the general interrupt. */
 303:.\Generated_Source\PSoC4/CC_ISR.c ****     *CC_ISR_INTC_CLR_EN = CC_ISR__INTC_MASK;
  46              		.loc 1 303 0
  47 0000 8022     		mov	r2, #128
  48 0002 5002     		lsl	r0, r2, #9
  49              	.LBE19:
  50              	.LBE18:
  51              	.LBB22:
  52              	.LBB23:
 165:.\Generated_Source\PSoC4/CC_ISR.c ****     CyRamVectors[CYINT_IRQ_BASE + CC_ISR__INTC_NUMBER] = address;
  53              		.loc 1 165 0
  54 0004 034A     		ldr	r2, .L3
  55              	.LBE23:
  56              	.LBE22:
  57              	.LBB26:
  58              	.LBB20:
  59              		.loc 1 303 0
  60 0006 044B     		ldr	r3, .L3+4
  61              	.LBE20:
  62              	.LBE26:
  63              	.LBB27:
  64              	.LBB24:
 165:.\Generated_Source\PSoC4/CC_ISR.c ****     CyRamVectors[CYINT_IRQ_BASE + CC_ISR__INTC_NUMBER] = address;
  65              		.loc 1 165 0
  66 0008 0449     		ldr	r1, .L3+8
  67 000a 0432     		add	r2, r2, #4
  68              	.LBE24:
  69              	.LBE27:
  70              	.LBB28:
  71              	.LBB21:
  72              		.loc 1 303 0
  73 000c 1860     		str	r0, [r3]
  74              	.LVL0:
  75              	.LBE21:
  76              	.LBE28:
 118:.\Generated_Source\PSoC4/CC_ISR.c **** }
  77              		.loc 1 118 0
  78              		@ sp needed for prologue
  79              	.LBB29:
  80              	.LBB25:
 165:.\Generated_Source\PSoC4/CC_ISR.c ****     CyRamVectors[CYINT_IRQ_BASE + CC_ISR__INTC_NUMBER] = address;
  81              		.loc 1 165 0
  82 000e D167     		str	r1, [r2, #124]
  83              	.LBE25:
  84              	.LBE29:
 118:.\Generated_Source\PSoC4/CC_ISR.c **** }
  85              		.loc 1 118 0
  86 0010 7047     		bx	lr
  87              	.L4:
  88 0012 C046     		.align	2
  89              	.L3:
  90 0014 00000000 		.word	CyRamVectors
ARM GAS  C:\Users\ZHANGM~1\AppData\Local\Temp\cc4TYOuS.s 			page 8


  91 0018 80E100E0 		.word	-536813184
  92 001c 00000000 		.word	IntDefaultHandler
  93              		.cfi_endproc
  94              	.LFE2:
  95              		.size	CC_ISR_Stop, .-CC_ISR_Stop
  96              		.section	.text.CC_ISR_SetVector,"ax",%progbits
  97              		.align	1
  98              		.global	CC_ISR_SetVector
  99              		.code	16
 100              		.thumb_func
 101              		.type	CC_ISR_SetVector, %function
 102              	CC_ISR_SetVector:
 103              	.LFB4:
 164:.\Generated_Source\PSoC4/CC_ISR.c **** {
 104              		.loc 1 164 0
 105              		.cfi_startproc
 106              	.LVL1:
 165:.\Generated_Source\PSoC4/CC_ISR.c ****     CyRamVectors[CYINT_IRQ_BASE + CC_ISR__INTC_NUMBER] = address;
 107              		.loc 1 165 0
 108 0000 014B     		ldr	r3, .L6
 166:.\Generated_Source\PSoC4/CC_ISR.c **** }
 109              		.loc 1 166 0
 110              		@ sp needed for prologue
 165:.\Generated_Source\PSoC4/CC_ISR.c ****     CyRamVectors[CYINT_IRQ_BASE + CC_ISR__INTC_NUMBER] = address;
 111              		.loc 1 165 0
 112 0002 0433     		add	r3, r3, #4
 113 0004 D867     		str	r0, [r3, #124]
 166:.\Generated_Source\PSoC4/CC_ISR.c **** }
 114              		.loc 1 166 0
 115 0006 7047     		bx	lr
 116              	.L7:
 117              		.align	2
 118              	.L6:
 119 0008 00000000 		.word	CyRamVectors
 120              		.cfi_endproc
 121              	.LFE4:
 122              		.size	CC_ISR_SetVector, .-CC_ISR_SetVector
 123              		.section	.text.CC_ISR_GetVector,"ax",%progbits
 124              		.align	1
 125              		.global	CC_ISR_GetVector
 126              		.code	16
 127              		.thumb_func
 128              		.type	CC_ISR_GetVector, %function
 129              	CC_ISR_GetVector:
 130              	.LFB5:
 184:.\Generated_Source\PSoC4/CC_ISR.c **** {
 131              		.loc 1 184 0
 132              		.cfi_startproc
 185:.\Generated_Source\PSoC4/CC_ISR.c ****     return CyRamVectors[CYINT_IRQ_BASE + CC_ISR__INTC_NUMBER];
 133              		.loc 1 185 0
 134 0000 014B     		ldr	r3, .L9
 186:.\Generated_Source\PSoC4/CC_ISR.c **** }
 135              		.loc 1 186 0
 136              		@ sp needed for prologue
 185:.\Generated_Source\PSoC4/CC_ISR.c ****     return CyRamVectors[CYINT_IRQ_BASE + CC_ISR__INTC_NUMBER];
 137              		.loc 1 185 0
 138 0002 0433     		add	r3, r3, #4
ARM GAS  C:\Users\ZHANGM~1\AppData\Local\Temp\cc4TYOuS.s 			page 9


 139 0004 D86F     		ldr	r0, [r3, #124]
 186:.\Generated_Source\PSoC4/CC_ISR.c **** }
 140              		.loc 1 186 0
 141 0006 7047     		bx	lr
 142              	.L10:
 143              		.align	2
 144              	.L9:
 145 0008 00000000 		.word	CyRamVectors
 146              		.cfi_endproc
 147              	.LFE5:
 148              		.size	CC_ISR_GetVector, .-CC_ISR_GetVector
 149              		.section	.text.CC_ISR_SetPriority,"ax",%progbits
 150              		.align	1
 151              		.global	CC_ISR_SetPriority
 152              		.code	16
 153              		.thumb_func
 154              		.type	CC_ISR_SetPriority, %function
 155              	CC_ISR_SetPriority:
 156              	.LFB6:
 208:.\Generated_Source\PSoC4/CC_ISR.c **** {
 157              		.loc 1 208 0
 158              		.cfi_startproc
 159              	.LVL2:
 160 0000 10B5     		push	{r4, lr}
 161              	.LCFI0:
 162              		.cfi_def_cfa_offset 8
 163              		.cfi_offset 4, -8
 164              		.cfi_offset 14, -4
 208:.\Generated_Source\PSoC4/CC_ISR.c **** {
 165              		.loc 1 208 0
 166 0002 041C     		mov	r4, r0
 212:.\Generated_Source\PSoC4/CC_ISR.c **** 	interruptState = CyEnterCriticalSection();
 167              		.loc 1 212 0
 168 0004 FFF7FEFF 		bl	CyEnterCriticalSection
 169              	.LVL3:
 213:.\Generated_Source\PSoC4/CC_ISR.c ****     *CC_ISR_INTC_PRIOR = (*CC_ISR_INTC_PRIOR & (uint32)(~CC_ISR__INTC_PRIOR_MASK)) |
 170              		.loc 1 213 0
 171 0008 044B     		ldr	r3, .L12
 214:.\Generated_Source\PSoC4/CC_ISR.c ****                                     ((uint32)priority << priorityOffset);
 172              		.loc 1 214 0
 173 000a A201     		lsl	r2, r4, #6
 213:.\Generated_Source\PSoC4/CC_ISR.c ****     *CC_ISR_INTC_PRIOR = (*CC_ISR_INTC_PRIOR & (uint32)(~CC_ISR__INTC_PRIOR_MASK)) |
 174              		.loc 1 213 0
 175 000c 1968     		ldr	r1, [r3]
 176 000e C024     		mov	r4, #192
 177 0010 A143     		bic	r1, r4
 178 0012 1143     		orr	r1, r2
 179 0014 1960     		str	r1, [r3]
 215:.\Generated_Source\PSoC4/CC_ISR.c **** 	CyExitCriticalSection(interruptState);
 180              		.loc 1 215 0
 181 0016 FFF7FEFF 		bl	CyExitCriticalSection
 182              	.LVL4:
 216:.\Generated_Source\PSoC4/CC_ISR.c **** }
 183              		.loc 1 216 0
 184              		@ sp needed for prologue
 185 001a 10BD     		pop	{r4, pc}
 186              	.L13:
ARM GAS  C:\Users\ZHANGM~1\AppData\Local\Temp\cc4TYOuS.s 			page 10


 187              		.align	2
 188              	.L12:
 189 001c 10E400E0 		.word	-536812528
 190              		.cfi_endproc
 191              	.LFE6:
 192              		.size	CC_ISR_SetPriority, .-CC_ISR_SetPriority
 193              		.section	.text.CC_ISR_StartEx,"ax",%progbits
 194              		.align	1
 195              		.global	CC_ISR_StartEx
 196              		.code	16
 197              		.thumb_func
 198              		.type	CC_ISR_StartEx, %function
 199              	CC_ISR_StartEx:
 200              	.LFB1:
  83:.\Generated_Source\PSoC4/CC_ISR.c **** {
 201              		.loc 1 83 0
 202              		.cfi_startproc
 203              	.LVL5:
 204              	.LBB30:
 205              	.LBB31:
 165:.\Generated_Source\PSoC4/CC_ISR.c ****     CyRamVectors[CYINT_IRQ_BASE + CC_ISR__INTC_NUMBER] = address;
 206              		.loc 1 165 0
 207 0000 0649     		ldr	r1, .L15
 208              	.LBE31:
 209              	.LBE30:
  83:.\Generated_Source\PSoC4/CC_ISR.c **** {
 210              		.loc 1 83 0
 211 0002 10B5     		push	{r4, lr}
 212              	.LCFI1:
 213              		.cfi_def_cfa_offset 8
 214              		.cfi_offset 4, -8
 215              		.cfi_offset 14, -4
 216              	.LBB34:
 217              	.LBB35:
 218              		.loc 1 303 0
 219 0004 064B     		ldr	r3, .L15+4
 220 0006 8024     		mov	r4, #128
 221 0008 6402     		lsl	r4, r4, #9
 222              	.LBE35:
 223              	.LBE34:
 224              	.LBB37:
 225              	.LBB32:
 165:.\Generated_Source\PSoC4/CC_ISR.c ****     CyRamVectors[CYINT_IRQ_BASE + CC_ISR__INTC_NUMBER] = address;
 226              		.loc 1 165 0
 227 000a 0431     		add	r1, r1, #4
 228              	.LBE32:
 229              	.LBE37:
 230              	.LBB38:
 231              	.LBB36:
 232              		.loc 1 303 0
 233 000c 1C60     		str	r4, [r3]
 234              	.LVL6:
 235              	.LBE36:
 236              	.LBE38:
 237              	.LBB39:
 238              	.LBB33:
 165:.\Generated_Source\PSoC4/CC_ISR.c ****     CyRamVectors[CYINT_IRQ_BASE + CC_ISR__INTC_NUMBER] = address;
ARM GAS  C:\Users\ZHANGM~1\AppData\Local\Temp\cc4TYOuS.s 			page 11


 239              		.loc 1 165 0
 240 000e C867     		str	r0, [r1, #124]
 241              	.LBE33:
 242              	.LBE39:
  91:.\Generated_Source\PSoC4/CC_ISR.c ****     CC_ISR_SetPriority((uint8)CC_ISR_INTC_PRIOR_NUMBER);
 243              		.loc 1 91 0
 244 0010 0320     		mov	r0, #3
 245              	.LVL7:
 246 0012 FFF7FEFF 		bl	CC_ISR_SetPriority
 247              	.LVL8:
 248              	.LBB40:
 249              	.LBB41:
 261:.\Generated_Source\PSoC4/CC_ISR.c ****     *CC_ISR_INTC_SET_EN = CC_ISR__INTC_MASK;
 250              		.loc 1 261 0
 251 0016 0348     		ldr	r0, .L15+8
 252              	.LBE41:
 253              	.LBE40:
  95:.\Generated_Source\PSoC4/CC_ISR.c **** }
 254              		.loc 1 95 0
 255              		@ sp needed for prologue
 256              	.LBB43:
 257              	.LBB42:
 261:.\Generated_Source\PSoC4/CC_ISR.c ****     *CC_ISR_INTC_SET_EN = CC_ISR__INTC_MASK;
 258              		.loc 1 261 0
 259 0018 0460     		str	r4, [r0]
 260              	.LBE42:
 261              	.LBE43:
  95:.\Generated_Source\PSoC4/CC_ISR.c **** }
 262              		.loc 1 95 0
 263 001a 10BD     		pop	{r4, pc}
 264              	.L16:
 265              		.align	2
 266              	.L15:
 267 001c 00000000 		.word	CyRamVectors
 268 0020 80E100E0 		.word	-536813184
 269 0024 00E100E0 		.word	-536813312
 270              		.cfi_endproc
 271              	.LFE1:
 272              		.size	CC_ISR_StartEx, .-CC_ISR_StartEx
 273              		.section	.text.CC_ISR_Start,"ax",%progbits
 274              		.align	1
 275              		.global	CC_ISR_Start
 276              		.code	16
 277              		.thumb_func
 278              		.type	CC_ISR_Start, %function
 279              	CC_ISR_Start:
 280              	.LFB0:
  53:.\Generated_Source\PSoC4/CC_ISR.c **** {
 281              		.loc 1 53 0
 282              		.cfi_startproc
 283              	.LBB44:
 284              	.LBB45:
 165:.\Generated_Source\PSoC4/CC_ISR.c ****     CyRamVectors[CYINT_IRQ_BASE + CC_ISR__INTC_NUMBER] = address;
 285              		.loc 1 165 0
 286 0000 0748     		ldr	r0, .L18
 287              	.LBE45:
 288              	.LBE44:
ARM GAS  C:\Users\ZHANGM~1\AppData\Local\Temp\cc4TYOuS.s 			page 12


  53:.\Generated_Source\PSoC4/CC_ISR.c **** {
 289              		.loc 1 53 0
 290 0002 10B5     		push	{r4, lr}
 291              	.LCFI2:
 292              		.cfi_def_cfa_offset 8
 293              		.cfi_offset 4, -8
 294              		.cfi_offset 14, -4
 295              	.LBB49:
 296              	.LBB50:
 297              		.loc 1 303 0
 298 0004 074B     		ldr	r3, .L18+4
 299              	.LBE50:
 300              	.LBE49:
 301              	.LBB53:
 302              	.LBB46:
 165:.\Generated_Source\PSoC4/CC_ISR.c ****     CyRamVectors[CYINT_IRQ_BASE + CC_ISR__INTC_NUMBER] = address;
 303              		.loc 1 165 0
 304 0006 084A     		ldr	r2, .L18+8
 305              	.LBE46:
 306              	.LBE53:
 307              	.LBB54:
 308              	.LBB51:
 309              		.loc 1 303 0
 310 0008 8024     		mov	r4, #128
 311 000a 6402     		lsl	r4, r4, #9
 312              	.LBE51:
 313              	.LBE54:
 314              	.LBB55:
 315              	.LBB47:
 165:.\Generated_Source\PSoC4/CC_ISR.c ****     CyRamVectors[CYINT_IRQ_BASE + CC_ISR__INTC_NUMBER] = address;
 316              		.loc 1 165 0
 317 000c 0430     		add	r0, r0, #4
 318              	.LBE47:
 319              	.LBE55:
 320              	.LBB56:
 321              	.LBB52:
 322              		.loc 1 303 0
 323 000e 1C60     		str	r4, [r3]
 324              	.LVL9:
 325              	.LBE52:
 326              	.LBE56:
 327              	.LBB57:
 328              	.LBB48:
 165:.\Generated_Source\PSoC4/CC_ISR.c ****     CyRamVectors[CYINT_IRQ_BASE + CC_ISR__INTC_NUMBER] = address;
 329              		.loc 1 165 0
 330 0010 C267     		str	r2, [r0, #124]
 331              	.LBE48:
 332              	.LBE57:
  61:.\Generated_Source\PSoC4/CC_ISR.c ****     CC_ISR_SetPriority((uint8)CC_ISR_INTC_PRIOR_NUMBER);
 333              		.loc 1 61 0
 334 0012 0320     		mov	r0, #3
 335 0014 FFF7FEFF 		bl	CC_ISR_SetPriority
 336              	.LVL10:
 337              	.LBB58:
 338              	.LBB59:
 261:.\Generated_Source\PSoC4/CC_ISR.c ****     *CC_ISR_INTC_SET_EN = CC_ISR__INTC_MASK;
 339              		.loc 1 261 0
ARM GAS  C:\Users\ZHANGM~1\AppData\Local\Temp\cc4TYOuS.s 			page 13


 340 0018 0449     		ldr	r1, .L18+12
 341              	.LBE59:
 342              	.LBE58:
  65:.\Generated_Source\PSoC4/CC_ISR.c **** }
 343              		.loc 1 65 0
 344              		@ sp needed for prologue
 345              	.LBB61:
 346              	.LBB60:
 261:.\Generated_Source\PSoC4/CC_ISR.c ****     *CC_ISR_INTC_SET_EN = CC_ISR__INTC_MASK;
 347              		.loc 1 261 0
 348 001a 0C60     		str	r4, [r1]
 349              	.LBE60:
 350              	.LBE61:
  65:.\Generated_Source\PSoC4/CC_ISR.c **** }
 351              		.loc 1 65 0
 352 001c 10BD     		pop	{r4, pc}
 353              	.L19:
 354 001e C046     		.align	2
 355              	.L18:
 356 0020 00000000 		.word	CyRamVectors
 357 0024 80E100E0 		.word	-536813184
 358 0028 00000000 		.word	CC_ISR_Interrupt
 359 002c 00E100E0 		.word	-536813312
 360              		.cfi_endproc
 361              	.LFE0:
 362              		.size	CC_ISR_Start, .-CC_ISR_Start
 363              		.section	.text.CC_ISR_GetPriority,"ax",%progbits
 364              		.align	1
 365              		.global	CC_ISR_GetPriority
 366              		.code	16
 367              		.thumb_func
 368              		.type	CC_ISR_GetPriority, %function
 369              	CC_ISR_GetPriority:
 370              	.LFB7:
 234:.\Generated_Source\PSoC4/CC_ISR.c **** {
 371              		.loc 1 234 0
 372              		.cfi_startproc
 373              	.LVL11:
 238:.\Generated_Source\PSoC4/CC_ISR.c ****     priority = (*CC_ISR_INTC_PRIOR & CC_ISR__INTC_PRIOR_MASK) >> priorityOffset;
 374              		.loc 1 238 0
 375 0000 024B     		ldr	r3, .L21
 241:.\Generated_Source\PSoC4/CC_ISR.c **** }
 376              		.loc 1 241 0
 377              		@ sp needed for prologue
 238:.\Generated_Source\PSoC4/CC_ISR.c ****     priority = (*CC_ISR_INTC_PRIOR & CC_ISR__INTC_PRIOR_MASK) >> priorityOffset;
 378              		.loc 1 238 0
 379 0002 1868     		ldr	r0, [r3]
 380              	.LVL12:
 381 0004 0106     		lsl	r1, r0, #24
 240:.\Generated_Source\PSoC4/CC_ISR.c ****     return (uint8)priority;
 382              		.loc 1 240 0
 383 0006 880F     		lsr	r0, r1, #30
 384              	.LVL13:
 241:.\Generated_Source\PSoC4/CC_ISR.c **** }
 385              		.loc 1 241 0
 386 0008 7047     		bx	lr
 387              	.L22:
ARM GAS  C:\Users\ZHANGM~1\AppData\Local\Temp\cc4TYOuS.s 			page 14


 388 000a C046     		.align	2
 389              	.L21:
 390 000c 10E400E0 		.word	-536812528
 391              		.cfi_endproc
 392              	.LFE7:
 393              		.size	CC_ISR_GetPriority, .-CC_ISR_GetPriority
 394              		.section	.text.CC_ISR_Enable,"ax",%progbits
 395              		.align	1
 396              		.global	CC_ISR_Enable
 397              		.code	16
 398              		.thumb_func
 399              		.type	CC_ISR_Enable, %function
 400              	CC_ISR_Enable:
 401              	.LFB8:
 259:.\Generated_Source\PSoC4/CC_ISR.c **** {
 402              		.loc 1 259 0
 403              		.cfi_startproc
 261:.\Generated_Source\PSoC4/CC_ISR.c ****     *CC_ISR_INTC_SET_EN = CC_ISR__INTC_MASK;
 404              		.loc 1 261 0
 405 0000 8022     		mov	r2, #128
 406 0002 024B     		ldr	r3, .L24
 407 0004 5002     		lsl	r0, r2, #9
 408 0006 1860     		str	r0, [r3]
 262:.\Generated_Source\PSoC4/CC_ISR.c **** }
 409              		.loc 1 262 0
 410              		@ sp needed for prologue
 411 0008 7047     		bx	lr
 412              	.L25:
 413 000a C046     		.align	2
 414              	.L24:
 415 000c 00E100E0 		.word	-536813312
 416              		.cfi_endproc
 417              	.LFE8:
 418              		.size	CC_ISR_Enable, .-CC_ISR_Enable
 419              		.section	.text.CC_ISR_GetState,"ax",%progbits
 420              		.align	1
 421              		.global	CC_ISR_GetState
 422              		.code	16
 423              		.thumb_func
 424              		.type	CC_ISR_GetState, %function
 425              	CC_ISR_GetState:
 426              	.LFB9:
 280:.\Generated_Source\PSoC4/CC_ISR.c **** {
 427              		.loc 1 280 0
 428              		.cfi_startproc
 282:.\Generated_Source\PSoC4/CC_ISR.c ****     return ((*CC_ISR_INTC_SET_EN & (uint32)CC_ISR__INTC_MASK) != 0u) ? 1u:0u;
 429              		.loc 1 282 0
 430 0000 024B     		ldr	r3, .L27
 283:.\Generated_Source\PSoC4/CC_ISR.c **** }
 431              		.loc 1 283 0
 432              		@ sp needed for prologue
 282:.\Generated_Source\PSoC4/CC_ISR.c ****     return ((*CC_ISR_INTC_SET_EN & (uint32)CC_ISR__INTC_MASK) != 0u) ? 1u:0u;
 433              		.loc 1 282 0
 434 0002 1868     		ldr	r0, [r3]
 435 0004 C103     		lsl	r1, r0, #15
 436 0006 C80F     		lsr	r0, r1, #31
 283:.\Generated_Source\PSoC4/CC_ISR.c **** }
ARM GAS  C:\Users\ZHANGM~1\AppData\Local\Temp\cc4TYOuS.s 			page 15


 437              		.loc 1 283 0
 438 0008 7047     		bx	lr
 439              	.L28:
 440 000a C046     		.align	2
 441              	.L27:
 442 000c 00E100E0 		.word	-536813312
 443              		.cfi_endproc
 444              	.LFE9:
 445              		.size	CC_ISR_GetState, .-CC_ISR_GetState
 446              		.section	.text.CC_ISR_Disable,"ax",%progbits
 447              		.align	1
 448              		.global	CC_ISR_Disable
 449              		.code	16
 450              		.thumb_func
 451              		.type	CC_ISR_Disable, %function
 452              	CC_ISR_Disable:
 453              	.LFB10:
 301:.\Generated_Source\PSoC4/CC_ISR.c **** {
 454              		.loc 1 301 0
 455              		.cfi_startproc
 456              		.loc 1 303 0
 457 0000 8022     		mov	r2, #128
 458 0002 024B     		ldr	r3, .L30
 459 0004 5002     		lsl	r0, r2, #9
 460 0006 1860     		str	r0, [r3]
 304:.\Generated_Source\PSoC4/CC_ISR.c **** }
 461              		.loc 1 304 0
 462              		@ sp needed for prologue
 463 0008 7047     		bx	lr
 464              	.L31:
 465 000a C046     		.align	2
 466              	.L30:
 467 000c 80E100E0 		.word	-536813184
 468              		.cfi_endproc
 469              	.LFE10:
 470              		.size	CC_ISR_Disable, .-CC_ISR_Disable
 471              		.section	.text.CC_ISR_SetPending,"ax",%progbits
 472              		.align	1
 473              		.global	CC_ISR_SetPending
 474              		.code	16
 475              		.thumb_func
 476              		.type	CC_ISR_SetPending, %function
 477              	CC_ISR_SetPending:
 478              	.LFB11:
 305:.\Generated_Source\PSoC4/CC_ISR.c **** 
 306:.\Generated_Source\PSoC4/CC_ISR.c **** 
 307:.\Generated_Source\PSoC4/CC_ISR.c **** /*******************************************************************************
 308:.\Generated_Source\PSoC4/CC_ISR.c **** * Function Name: CC_ISR_SetPending
 309:.\Generated_Source\PSoC4/CC_ISR.c **** ********************************************************************************
 310:.\Generated_Source\PSoC4/CC_ISR.c **** *
 311:.\Generated_Source\PSoC4/CC_ISR.c **** * Summary:
 312:.\Generated_Source\PSoC4/CC_ISR.c **** *   Causes the Interrupt to enter the pending state, a software method of
 313:.\Generated_Source\PSoC4/CC_ISR.c **** *   generating the interrupt.
 314:.\Generated_Source\PSoC4/CC_ISR.c **** *
 315:.\Generated_Source\PSoC4/CC_ISR.c **** * Parameters:
 316:.\Generated_Source\PSoC4/CC_ISR.c **** *   None
 317:.\Generated_Source\PSoC4/CC_ISR.c **** *
ARM GAS  C:\Users\ZHANGM~1\AppData\Local\Temp\cc4TYOuS.s 			page 16


 318:.\Generated_Source\PSoC4/CC_ISR.c **** * Return:
 319:.\Generated_Source\PSoC4/CC_ISR.c **** *   None
 320:.\Generated_Source\PSoC4/CC_ISR.c **** *
 321:.\Generated_Source\PSoC4/CC_ISR.c **** *******************************************************************************/
 322:.\Generated_Source\PSoC4/CC_ISR.c **** void CC_ISR_SetPending(void)
 323:.\Generated_Source\PSoC4/CC_ISR.c **** {
 479              		.loc 1 323 0
 480              		.cfi_startproc
 324:.\Generated_Source\PSoC4/CC_ISR.c ****     *CC_ISR_INTC_SET_PD = CC_ISR__INTC_MASK;
 481              		.loc 1 324 0
 482 0000 8022     		mov	r2, #128
 483 0002 024B     		ldr	r3, .L33
 484 0004 5002     		lsl	r0, r2, #9
 485 0006 1860     		str	r0, [r3]
 325:.\Generated_Source\PSoC4/CC_ISR.c **** }
 486              		.loc 1 325 0
 487              		@ sp needed for prologue
 488 0008 7047     		bx	lr
 489              	.L34:
 490 000a C046     		.align	2
 491              	.L33:
 492 000c 00E200E0 		.word	-536813056
 493              		.cfi_endproc
 494              	.LFE11:
 495              		.size	CC_ISR_SetPending, .-CC_ISR_SetPending
 496              		.section	.text.CC_ISR_ClearPending,"ax",%progbits
 497              		.align	1
 498              		.global	CC_ISR_ClearPending
 499              		.code	16
 500              		.thumb_func
 501              		.type	CC_ISR_ClearPending, %function
 502              	CC_ISR_ClearPending:
 503              	.LFB12:
 326:.\Generated_Source\PSoC4/CC_ISR.c **** 
 327:.\Generated_Source\PSoC4/CC_ISR.c **** 
 328:.\Generated_Source\PSoC4/CC_ISR.c **** /*******************************************************************************
 329:.\Generated_Source\PSoC4/CC_ISR.c **** * Function Name: CC_ISR_ClearPending
 330:.\Generated_Source\PSoC4/CC_ISR.c **** ********************************************************************************
 331:.\Generated_Source\PSoC4/CC_ISR.c **** *
 332:.\Generated_Source\PSoC4/CC_ISR.c **** * Summary:
 333:.\Generated_Source\PSoC4/CC_ISR.c **** *   Clears a pending interrupt.
 334:.\Generated_Source\PSoC4/CC_ISR.c **** *
 335:.\Generated_Source\PSoC4/CC_ISR.c **** * Parameters:
 336:.\Generated_Source\PSoC4/CC_ISR.c **** *   None
 337:.\Generated_Source\PSoC4/CC_ISR.c **** *
 338:.\Generated_Source\PSoC4/CC_ISR.c **** * Return:
 339:.\Generated_Source\PSoC4/CC_ISR.c **** *   None
 340:.\Generated_Source\PSoC4/CC_ISR.c **** *
 341:.\Generated_Source\PSoC4/CC_ISR.c **** *******************************************************************************/
 342:.\Generated_Source\PSoC4/CC_ISR.c **** void CC_ISR_ClearPending(void)
 343:.\Generated_Source\PSoC4/CC_ISR.c **** {
 504              		.loc 1 343 0
 505              		.cfi_startproc
 344:.\Generated_Source\PSoC4/CC_ISR.c ****     *CC_ISR_INTC_CLR_PD = CC_ISR__INTC_MASK;
 506              		.loc 1 344 0
 507 0000 8022     		mov	r2, #128
 508 0002 024B     		ldr	r3, .L36
ARM GAS  C:\Users\ZHANGM~1\AppData\Local\Temp\cc4TYOuS.s 			page 17


 509 0004 5002     		lsl	r0, r2, #9
 510 0006 1860     		str	r0, [r3]
 345:.\Generated_Source\PSoC4/CC_ISR.c **** }
 511              		.loc 1 345 0
 512              		@ sp needed for prologue
 513 0008 7047     		bx	lr
 514              	.L37:
 515 000a C046     		.align	2
 516              	.L36:
 517 000c 80E200E0 		.word	-536812928
 518              		.cfi_endproc
 519              	.LFE12:
 520              		.size	CC_ISR_ClearPending, .-CC_ISR_ClearPending
 521              		.text
 522              	.Letext0:
 523              		.file 2 "./Generated_Source/PSoC4/cytypes.h"
 524              		.file 3 "./Generated_Source/PSoC4/CyLib.h"
 525              		.section	.debug_info,"",%progbits
 526              	.Ldebug_info0:
 527 0000 8A030000 		.4byte	0x38a
 528 0004 0200     		.2byte	0x2
 529 0006 00000000 		.4byte	.Ldebug_abbrev0
 530 000a 04       		.byte	0x4
 531 000b 01       		.uleb128 0x1
 532 000c B6010000 		.4byte	.LASF32
 533 0010 01       		.byte	0x1
 534 0011 8A010000 		.4byte	.LASF33
 535 0015 67020000 		.4byte	.LASF34
 536 0019 F0000000 		.4byte	.Ldebug_ranges0+0xf0
 537 001d 00000000 		.4byte	0
 538 0021 00000000 		.4byte	0
 539 0025 00000000 		.4byte	.Ldebug_line0
 540 0029 02       		.uleb128 0x2
 541 002a 01       		.byte	0x1
 542 002b 06       		.byte	0x6
 543 002c 2D020000 		.4byte	.LASF0
 544 0030 02       		.uleb128 0x2
 545 0031 01       		.byte	0x1
 546 0032 08       		.byte	0x8
 547 0033 84000000 		.4byte	.LASF1
 548 0037 02       		.uleb128 0x2
 549 0038 02       		.byte	0x2
 550 0039 05       		.byte	0x5
 551 003a AC010000 		.4byte	.LASF2
 552 003e 02       		.uleb128 0x2
 553 003f 02       		.byte	0x2
 554 0040 07       		.byte	0x7
 555 0041 46000000 		.4byte	.LASF3
 556 0045 02       		.uleb128 0x2
 557 0046 04       		.byte	0x4
 558 0047 05       		.byte	0x5
 559 0048 0E020000 		.4byte	.LASF4
 560 004c 02       		.uleb128 0x2
 561 004d 04       		.byte	0x4
 562 004e 07       		.byte	0x7
 563 004f A1000000 		.4byte	.LASF5
 564 0053 02       		.uleb128 0x2
ARM GAS  C:\Users\ZHANGM~1\AppData\Local\Temp\cc4TYOuS.s 			page 18


 565 0054 08       		.byte	0x8
 566 0055 05       		.byte	0x5
 567 0056 77010000 		.4byte	.LASF6
 568 005a 02       		.uleb128 0x2
 569 005b 08       		.byte	0x8
 570 005c 07       		.byte	0x7
 571 005d 6D000000 		.4byte	.LASF7
 572 0061 03       		.uleb128 0x3
 573 0062 04       		.byte	0x4
 574 0063 05       		.byte	0x5
 575 0064 696E7400 		.ascii	"int\000"
 576 0068 02       		.uleb128 0x2
 577 0069 04       		.byte	0x4
 578 006a 07       		.byte	0x7
 579 006b 14010000 		.4byte	.LASF8
 580 006f 04       		.uleb128 0x4
 581 0070 B3000000 		.4byte	.LASF9
 582 0074 02       		.byte	0x2
 583 0075 5B       		.byte	0x5b
 584 0076 30000000 		.4byte	0x30
 585 007a 04       		.uleb128 0x4
 586 007b F6000000 		.4byte	.LASF10
 587 007f 02       		.byte	0x2
 588 0080 5D       		.byte	0x5d
 589 0081 4C000000 		.4byte	0x4c
 590 0085 02       		.uleb128 0x2
 591 0086 04       		.byte	0x4
 592 0087 04       		.byte	0x4
 593 0088 67000000 		.4byte	.LASF11
 594 008c 02       		.uleb128 0x2
 595 008d 08       		.byte	0x8
 596 008e 04       		.byte	0x4
 597 008f C2000000 		.4byte	.LASF12
 598 0093 02       		.uleb128 0x2
 599 0094 01       		.byte	0x1
 600 0095 08       		.byte	0x8
 601 0096 85010000 		.4byte	.LASF13
 602 009a 04       		.uleb128 0x4
 603 009b 17020000 		.4byte	.LASF14
 604 009f 02       		.byte	0x2
 605 00a0 F2       		.byte	0xf2
 606 00a1 A5000000 		.4byte	0xa5
 607 00a5 05       		.uleb128 0x5
 608 00a6 7A000000 		.4byte	0x7a
 609 00aa 06       		.uleb128 0x6
 610 00ab 52010000 		.4byte	.LASF15
 611 00af 02       		.byte	0x2
 612 00b0 0201     		.2byte	0x102
 613 00b2 B6000000 		.4byte	0xb6
 614 00b6 07       		.uleb128 0x7
 615 00b7 04       		.byte	0x4
 616 00b8 BC000000 		.4byte	0xbc
 617 00bc 08       		.uleb128 0x8
 618 00bd 01       		.byte	0x1
 619 00be 02       		.uleb128 0x2
 620 00bf 04       		.byte	0x4
 621 00c0 07       		.byte	0x7
ARM GAS  C:\Users\ZHANGM~1\AppData\Local\Temp\cc4TYOuS.s 			page 19


 622 00c1 6E010000 		.4byte	.LASF16
 623 00c5 09       		.uleb128 0x9
 624 00c6 01       		.byte	0x1
 625 00c7 5F010000 		.4byte	.LASF17
 626 00cb 01       		.byte	0x1
 627 00cc 2C01     		.2byte	0x12c
 628 00ce 01       		.byte	0x1
 629 00cf 01       		.byte	0x1
 630 00d0 0A       		.uleb128 0xa
 631 00d1 01       		.byte	0x1
 632 00d2 D6000000 		.4byte	.LASF35
 633 00d6 01       		.byte	0x1
 634 00d7 A3       		.byte	0xa3
 635 00d8 01       		.byte	0x1
 636 00d9 01       		.byte	0x1
 637 00da EA000000 		.4byte	0xea
 638 00de 0B       		.uleb128 0xb
 639 00df 21010000 		.4byte	.LASF25
 640 00e3 01       		.byte	0x1
 641 00e4 A3       		.byte	0xa3
 642 00e5 AA000000 		.4byte	0xaa
 643 00e9 00       		.byte	0
 644 00ea 09       		.uleb128 0x9
 645 00eb 01       		.byte	0x1
 646 00ec 59000000 		.4byte	.LASF18
 647 00f0 01       		.byte	0x1
 648 00f1 0201     		.2byte	0x102
 649 00f3 01       		.byte	0x1
 650 00f4 01       		.byte	0x1
 651 00f5 0C       		.uleb128 0xc
 652 00f6 01       		.byte	0x1
 653 00f7 56020000 		.4byte	.LASF29
 654 00fb 01       		.byte	0x1
 655 00fc 8A       		.byte	0x8a
 656 00fd 01       		.byte	0x1
 657 00fe 00000000 		.4byte	.LFB3
 658 0102 02000000 		.4byte	.LFE3
 659 0106 02       		.byte	0x2
 660 0107 7D       		.byte	0x7d
 661 0108 00       		.sleb128 0
 662 0109 01       		.byte	0x1
 663 010a 0D       		.uleb128 0xd
 664 010b 01       		.byte	0x1
 665 010c 4A020000 		.4byte	.LASF19
 666 0110 01       		.byte	0x1
 667 0111 6F       		.byte	0x6f
 668 0112 01       		.byte	0x1
 669 0113 00000000 		.4byte	.LFB2
 670 0117 20000000 		.4byte	.LFE2
 671 011b 02       		.byte	0x2
 672 011c 7D       		.byte	0x7d
 673 011d 00       		.sleb128 0
 674 011e 01       		.byte	0x1
 675 011f 48010000 		.4byte	0x148
 676 0123 0E       		.uleb128 0xe
 677 0124 C5000000 		.4byte	0xc5
 678 0128 00000000 		.4byte	.LBB18
ARM GAS  C:\Users\ZHANGM~1\AppData\Local\Temp\cc4TYOuS.s 			page 20


 679 012c 00000000 		.4byte	.Ldebug_ranges0+0
 680 0130 01       		.byte	0x1
 681 0131 72       		.byte	0x72
 682 0132 0F       		.uleb128 0xf
 683 0133 D0000000 		.4byte	0xd0
 684 0137 04000000 		.4byte	.LBB22
 685 013b 20000000 		.4byte	.Ldebug_ranges0+0x20
 686 013f 01       		.byte	0x1
 687 0140 75       		.byte	0x75
 688 0141 10       		.uleb128 0x10
 689 0142 DE000000 		.4byte	0xde
 690 0146 00       		.byte	0
 691 0147 00       		.byte	0
 692 0148 11       		.uleb128 0x11
 693 0149 D0000000 		.4byte	0xd0
 694 014d 00000000 		.4byte	.LFB4
 695 0151 0C000000 		.4byte	.LFE4
 696 0155 02       		.byte	0x2
 697 0156 7D       		.byte	0x7d
 698 0157 00       		.sleb128 0
 699 0158 01       		.byte	0x1
 700 0159 65010000 		.4byte	0x165
 701 015d 12       		.uleb128 0x12
 702 015e DE000000 		.4byte	0xde
 703 0162 01       		.byte	0x1
 704 0163 50       		.byte	0x50
 705 0164 00       		.byte	0
 706 0165 13       		.uleb128 0x13
 707 0166 01       		.byte	0x1
 708 0167 39020000 		.4byte	.LASF27
 709 016b 01       		.byte	0x1
 710 016c B7       		.byte	0xb7
 711 016d 01       		.byte	0x1
 712 016e AA000000 		.4byte	0xaa
 713 0172 00000000 		.4byte	.LFB5
 714 0176 0C000000 		.4byte	.LFE5
 715 017a 02       		.byte	0x2
 716 017b 7D       		.byte	0x7d
 717 017c 00       		.sleb128 0
 718 017d 01       		.byte	0x1
 719 017e 14       		.uleb128 0x14
 720 017f 01       		.byte	0x1
 721 0180 00000000 		.4byte	.LASF20
 722 0184 01       		.byte	0x1
 723 0185 CF       		.byte	0xcf
 724 0186 01       		.byte	0x1
 725 0187 00000000 		.4byte	.LFB6
 726 018b 20000000 		.4byte	.LFE6
 727 018f 00000000 		.4byte	.LLST0
 728 0193 01       		.byte	0x1
 729 0194 D5010000 		.4byte	0x1d5
 730 0198 15       		.uleb128 0x15
 731 0199 B9000000 		.4byte	.LASF24
 732 019d 01       		.byte	0x1
 733 019e CF       		.byte	0xcf
 734 019f 6F000000 		.4byte	0x6f
 735 01a3 20000000 		.4byte	.LLST1
ARM GAS  C:\Users\ZHANGM~1\AppData\Local\Temp\cc4TYOuS.s 			page 21


 736 01a7 16       		.uleb128 0x16
 737 01a8 92000000 		.4byte	.LASF21
 738 01ac 01       		.byte	0x1
 739 01ad D1       		.byte	0xd1
 740 01ae 6F000000 		.4byte	0x6f
 741 01b2 41000000 		.4byte	.LLST2
 742 01b6 17       		.uleb128 0x17
 743 01b7 FF010000 		.4byte	.LASF22
 744 01bb 01       		.byte	0x1
 745 01bc D2       		.byte	0xd2
 746 01bd 7A000000 		.4byte	0x7a
 747 01c1 06       		.byte	0x6
 748 01c2 18       		.uleb128 0x18
 749 01c3 08000000 		.4byte	.LVL3
 750 01c7 6F030000 		.4byte	0x36f
 751 01cb 18       		.uleb128 0x18
 752 01cc 1A000000 		.4byte	.LVL4
 753 01d0 7D030000 		.4byte	0x37d
 754 01d4 00       		.byte	0
 755 01d5 14       		.uleb128 0x14
 756 01d6 01       		.byte	0x1
 757 01d7 E7000000 		.4byte	.LASF23
 758 01db 01       		.byte	0x1
 759 01dc 52       		.byte	0x52
 760 01dd 01       		.byte	0x1
 761 01de 00000000 		.4byte	.LFB1
 762 01e2 28000000 		.4byte	.LFE1
 763 01e6 54000000 		.4byte	.LLST3
 764 01ea 01       		.byte	0x1
 765 01eb 49020000 		.4byte	0x249
 766 01ef 15       		.uleb128 0x15
 767 01f0 21010000 		.4byte	.LASF25
 768 01f4 01       		.byte	0x1
 769 01f5 52       		.byte	0x52
 770 01f6 AA000000 		.4byte	0xaa
 771 01fa 74000000 		.4byte	.LLST4
 772 01fe 19       		.uleb128 0x19
 773 01ff D0000000 		.4byte	0xd0
 774 0203 00000000 		.4byte	.LBB30
 775 0207 40000000 		.4byte	.Ldebug_ranges0+0x40
 776 020b 01       		.byte	0x1
 777 020c 58       		.byte	0x58
 778 020d 1B020000 		.4byte	0x21b
 779 0211 1A       		.uleb128 0x1a
 780 0212 DE000000 		.4byte	0xde
 781 0216 A2000000 		.4byte	.LLST5
 782 021a 00       		.byte	0
 783 021b 0E       		.uleb128 0xe
 784 021c C5000000 		.4byte	0xc5
 785 0220 04000000 		.4byte	.LBB34
 786 0224 60000000 		.4byte	.Ldebug_ranges0+0x60
 787 0228 01       		.byte	0x1
 788 0229 55       		.byte	0x55
 789 022a 0E       		.uleb128 0xe
 790 022b EA000000 		.4byte	0xea
 791 022f 16000000 		.4byte	.LBB40
 792 0233 78000000 		.4byte	.Ldebug_ranges0+0x78
ARM GAS  C:\Users\ZHANGM~1\AppData\Local\Temp\cc4TYOuS.s 			page 22


 793 0237 01       		.byte	0x1
 794 0238 5E       		.byte	0x5e
 795 0239 1B       		.uleb128 0x1b
 796 023a 16000000 		.4byte	.LVL8
 797 023e 7E010000 		.4byte	0x17e
 798 0242 1C       		.uleb128 0x1c
 799 0243 01       		.byte	0x1
 800 0244 50       		.byte	0x50
 801 0245 01       		.byte	0x1
 802 0246 33       		.byte	0x33
 803 0247 00       		.byte	0
 804 0248 00       		.byte	0
 805 0249 14       		.uleb128 0x14
 806 024a 01       		.byte	0x1
 807 024b C9000000 		.4byte	.LASF26
 808 024f 01       		.byte	0x1
 809 0250 34       		.byte	0x34
 810 0251 01       		.byte	0x1
 811 0252 00000000 		.4byte	.LFB0
 812 0256 30000000 		.4byte	.LFE0
 813 025a D0000000 		.4byte	.LLST6
 814 025e 01       		.byte	0x1
 815 025f B1020000 		.4byte	0x2b1
 816 0263 19       		.uleb128 0x19
 817 0264 D0000000 		.4byte	0xd0
 818 0268 00000000 		.4byte	.LBB44
 819 026c 90000000 		.4byte	.Ldebug_ranges0+0x90
 820 0270 01       		.byte	0x1
 821 0271 3A       		.byte	0x3a
 822 0272 83020000 		.4byte	0x283
 823 0276 12       		.uleb128 0x12
 824 0277 DE000000 		.4byte	0xde
 825 027b 06       		.byte	0x6
 826 027c 03       		.byte	0x3
 827 027d 00000000 		.4byte	CC_ISR_Interrupt
 828 0281 9F       		.byte	0x9f
 829 0282 00       		.byte	0
 830 0283 0E       		.uleb128 0xe
 831 0284 C5000000 		.4byte	0xc5
 832 0288 04000000 		.4byte	.LBB49
 833 028c B8000000 		.4byte	.Ldebug_ranges0+0xb8
 834 0290 01       		.byte	0x1
 835 0291 37       		.byte	0x37
 836 0292 0E       		.uleb128 0xe
 837 0293 EA000000 		.4byte	0xea
 838 0297 18000000 		.4byte	.LBB58
 839 029b D8000000 		.4byte	.Ldebug_ranges0+0xd8
 840 029f 01       		.byte	0x1
 841 02a0 40       		.byte	0x40
 842 02a1 1B       		.uleb128 0x1b
 843 02a2 18000000 		.4byte	.LVL10
 844 02a6 7E010000 		.4byte	0x17e
 845 02aa 1C       		.uleb128 0x1c
 846 02ab 01       		.byte	0x1
 847 02ac 50       		.byte	0x50
 848 02ad 01       		.byte	0x1
 849 02ae 33       		.byte	0x33
ARM GAS  C:\Users\ZHANGM~1\AppData\Local\Temp\cc4TYOuS.s 			page 23


 850 02af 00       		.byte	0
 851 02b0 00       		.byte	0
 852 02b1 1D       		.uleb128 0x1d
 853 02b2 01       		.byte	0x1
 854 02b3 3F010000 		.4byte	.LASF36
 855 02b7 01       		.byte	0x1
 856 02b8 E9       		.byte	0xe9
 857 02b9 01       		.byte	0x1
 858 02ba 6F000000 		.4byte	0x6f
 859 02be 00000000 		.4byte	.LFB7
 860 02c2 10000000 		.4byte	.LFE7
 861 02c6 02       		.byte	0x2
 862 02c7 7D       		.byte	0x7d
 863 02c8 00       		.sleb128 0
 864 02c9 01       		.byte	0x1
 865 02ca EA020000 		.4byte	0x2ea
 866 02ce 16       		.uleb128 0x16
 867 02cf B9000000 		.4byte	.LASF24
 868 02d3 01       		.byte	0x1
 869 02d4 EB       		.byte	0xeb
 870 02d5 7A000000 		.4byte	0x7a
 871 02d9 F0000000 		.4byte	.LLST7
 872 02dd 17       		.uleb128 0x17
 873 02de FF010000 		.4byte	.LASF22
 874 02e2 01       		.byte	0x1
 875 02e3 EC       		.byte	0xec
 876 02e4 7A000000 		.4byte	0x7a
 877 02e8 06       		.byte	0x6
 878 02e9 00       		.byte	0
 879 02ea 1E       		.uleb128 0x1e
 880 02eb EA000000 		.4byte	0xea
 881 02ef 00000000 		.4byte	.LFB8
 882 02f3 10000000 		.4byte	.LFE8
 883 02f7 02       		.byte	0x2
 884 02f8 7D       		.byte	0x7d
 885 02f9 00       		.sleb128 0
 886 02fa 01       		.byte	0x1
 887 02fb 1F       		.uleb128 0x1f
 888 02fc 01       		.byte	0x1
 889 02fd 1D020000 		.4byte	.LASF28
 890 0301 01       		.byte	0x1
 891 0302 1701     		.2byte	0x117
 892 0304 01       		.byte	0x1
 893 0305 6F000000 		.4byte	0x6f
 894 0309 00000000 		.4byte	.LFB9
 895 030d 10000000 		.4byte	.LFE9
 896 0311 02       		.byte	0x2
 897 0312 7D       		.byte	0x7d
 898 0313 00       		.sleb128 0
 899 0314 01       		.byte	0x1
 900 0315 1E       		.uleb128 0x1e
 901 0316 C5000000 		.4byte	0xc5
 902 031a 00000000 		.4byte	.LFB10
 903 031e 10000000 		.4byte	.LFE10
 904 0322 02       		.byte	0x2
 905 0323 7D       		.byte	0x7d
 906 0324 00       		.sleb128 0
ARM GAS  C:\Users\ZHANGM~1\AppData\Local\Temp\cc4TYOuS.s 			page 24


 907 0325 01       		.byte	0x1
 908 0326 20       		.uleb128 0x20
 909 0327 01       		.byte	0x1
 910 0328 20000000 		.4byte	.LASF30
 911 032c 01       		.byte	0x1
 912 032d 4201     		.2byte	0x142
 913 032f 01       		.byte	0x1
 914 0330 00000000 		.4byte	.LFB11
 915 0334 10000000 		.4byte	.LFE11
 916 0338 02       		.byte	0x2
 917 0339 7D       		.byte	0x7d
 918 033a 00       		.sleb128 0
 919 033b 01       		.byte	0x1
 920 033c 20       		.uleb128 0x20
 921 033d 01       		.byte	0x1
 922 033e 32000000 		.4byte	.LASF31
 923 0342 01       		.byte	0x1
 924 0343 5601     		.2byte	0x156
 925 0345 01       		.byte	0x1
 926 0346 00000000 		.4byte	.LFB12
 927 034a 10000000 		.4byte	.LFE12
 928 034e 02       		.byte	0x2
 929 034f 7D       		.byte	0x7d
 930 0350 00       		.sleb128 0
 931 0351 01       		.byte	0x1
 932 0352 21       		.uleb128 0x21
 933 0353 AA000000 		.4byte	0xaa
 934 0357 62030000 		.4byte	0x362
 935 035b 22       		.uleb128 0x22
 936 035c BE000000 		.4byte	0xbe
 937 0360 2F       		.byte	0x2f
 938 0361 00       		.byte	0
 939 0362 23       		.uleb128 0x23
 940 0363 13000000 		.4byte	.LASF37
 941 0367 01       		.byte	0x1
 942 0368 20       		.byte	0x20
 943 0369 52030000 		.4byte	0x352
 944 036d 01       		.byte	0x1
 945 036e 01       		.byte	0x1
 946 036f 24       		.uleb128 0x24
 947 0370 01       		.byte	0x1
 948 0371 FD000000 		.4byte	.LASF38
 949 0375 03       		.byte	0x3
 950 0376 73       		.byte	0x73
 951 0377 01       		.byte	0x1
 952 0378 6F000000 		.4byte	0x6f
 953 037c 01       		.byte	0x1
 954 037d 25       		.uleb128 0x25
 955 037e 01       		.byte	0x1
 956 037f 29010000 		.4byte	.LASF39
 957 0383 03       		.byte	0x3
 958 0384 74       		.byte	0x74
 959 0385 01       		.byte	0x1
 960 0386 01       		.byte	0x1
 961 0387 26       		.uleb128 0x26
 962 0388 6F000000 		.4byte	0x6f
 963 038c 00       		.byte	0
ARM GAS  C:\Users\ZHANGM~1\AppData\Local\Temp\cc4TYOuS.s 			page 25


 964 038d 00       		.byte	0
 965              		.section	.debug_abbrev,"",%progbits
 966              	.Ldebug_abbrev0:
 967 0000 01       		.uleb128 0x1
 968 0001 11       		.uleb128 0x11
 969 0002 01       		.byte	0x1
 970 0003 25       		.uleb128 0x25
 971 0004 0E       		.uleb128 0xe
 972 0005 13       		.uleb128 0x13
 973 0006 0B       		.uleb128 0xb
 974 0007 03       		.uleb128 0x3
 975 0008 0E       		.uleb128 0xe
 976 0009 1B       		.uleb128 0x1b
 977 000a 0E       		.uleb128 0xe
 978 000b 55       		.uleb128 0x55
 979 000c 06       		.uleb128 0x6
 980 000d 11       		.uleb128 0x11
 981 000e 01       		.uleb128 0x1
 982 000f 52       		.uleb128 0x52
 983 0010 01       		.uleb128 0x1
 984 0011 10       		.uleb128 0x10
 985 0012 06       		.uleb128 0x6
 986 0013 00       		.byte	0
 987 0014 00       		.byte	0
 988 0015 02       		.uleb128 0x2
 989 0016 24       		.uleb128 0x24
 990 0017 00       		.byte	0
 991 0018 0B       		.uleb128 0xb
 992 0019 0B       		.uleb128 0xb
 993 001a 3E       		.uleb128 0x3e
 994 001b 0B       		.uleb128 0xb
 995 001c 03       		.uleb128 0x3
 996 001d 0E       		.uleb128 0xe
 997 001e 00       		.byte	0
 998 001f 00       		.byte	0
 999 0020 03       		.uleb128 0x3
 1000 0021 24       		.uleb128 0x24
 1001 0022 00       		.byte	0
 1002 0023 0B       		.uleb128 0xb
 1003 0024 0B       		.uleb128 0xb
 1004 0025 3E       		.uleb128 0x3e
 1005 0026 0B       		.uleb128 0xb
 1006 0027 03       		.uleb128 0x3
 1007 0028 08       		.uleb128 0x8
 1008 0029 00       		.byte	0
 1009 002a 00       		.byte	0
 1010 002b 04       		.uleb128 0x4
 1011 002c 16       		.uleb128 0x16
 1012 002d 00       		.byte	0
 1013 002e 03       		.uleb128 0x3
 1014 002f 0E       		.uleb128 0xe
 1015 0030 3A       		.uleb128 0x3a
 1016 0031 0B       		.uleb128 0xb
 1017 0032 3B       		.uleb128 0x3b
 1018 0033 0B       		.uleb128 0xb
 1019 0034 49       		.uleb128 0x49
 1020 0035 13       		.uleb128 0x13
ARM GAS  C:\Users\ZHANGM~1\AppData\Local\Temp\cc4TYOuS.s 			page 26


 1021 0036 00       		.byte	0
 1022 0037 00       		.byte	0
 1023 0038 05       		.uleb128 0x5
 1024 0039 35       		.uleb128 0x35
 1025 003a 00       		.byte	0
 1026 003b 49       		.uleb128 0x49
 1027 003c 13       		.uleb128 0x13
 1028 003d 00       		.byte	0
 1029 003e 00       		.byte	0
 1030 003f 06       		.uleb128 0x6
 1031 0040 16       		.uleb128 0x16
 1032 0041 00       		.byte	0
 1033 0042 03       		.uleb128 0x3
 1034 0043 0E       		.uleb128 0xe
 1035 0044 3A       		.uleb128 0x3a
 1036 0045 0B       		.uleb128 0xb
 1037 0046 3B       		.uleb128 0x3b
 1038 0047 05       		.uleb128 0x5
 1039 0048 49       		.uleb128 0x49
 1040 0049 13       		.uleb128 0x13
 1041 004a 00       		.byte	0
 1042 004b 00       		.byte	0
 1043 004c 07       		.uleb128 0x7
 1044 004d 0F       		.uleb128 0xf
 1045 004e 00       		.byte	0
 1046 004f 0B       		.uleb128 0xb
 1047 0050 0B       		.uleb128 0xb
 1048 0051 49       		.uleb128 0x49
 1049 0052 13       		.uleb128 0x13
 1050 0053 00       		.byte	0
 1051 0054 00       		.byte	0
 1052 0055 08       		.uleb128 0x8
 1053 0056 15       		.uleb128 0x15
 1054 0057 00       		.byte	0
 1055 0058 27       		.uleb128 0x27
 1056 0059 0C       		.uleb128 0xc
 1057 005a 00       		.byte	0
 1058 005b 00       		.byte	0
 1059 005c 09       		.uleb128 0x9
 1060 005d 2E       		.uleb128 0x2e
 1061 005e 00       		.byte	0
 1062 005f 3F       		.uleb128 0x3f
 1063 0060 0C       		.uleb128 0xc
 1064 0061 03       		.uleb128 0x3
 1065 0062 0E       		.uleb128 0xe
 1066 0063 3A       		.uleb128 0x3a
 1067 0064 0B       		.uleb128 0xb
 1068 0065 3B       		.uleb128 0x3b
 1069 0066 05       		.uleb128 0x5
 1070 0067 27       		.uleb128 0x27
 1071 0068 0C       		.uleb128 0xc
 1072 0069 20       		.uleb128 0x20
 1073 006a 0B       		.uleb128 0xb
 1074 006b 00       		.byte	0
 1075 006c 00       		.byte	0
 1076 006d 0A       		.uleb128 0xa
 1077 006e 2E       		.uleb128 0x2e
ARM GAS  C:\Users\ZHANGM~1\AppData\Local\Temp\cc4TYOuS.s 			page 27


 1078 006f 01       		.byte	0x1
 1079 0070 3F       		.uleb128 0x3f
 1080 0071 0C       		.uleb128 0xc
 1081 0072 03       		.uleb128 0x3
 1082 0073 0E       		.uleb128 0xe
 1083 0074 3A       		.uleb128 0x3a
 1084 0075 0B       		.uleb128 0xb
 1085 0076 3B       		.uleb128 0x3b
 1086 0077 0B       		.uleb128 0xb
 1087 0078 27       		.uleb128 0x27
 1088 0079 0C       		.uleb128 0xc
 1089 007a 20       		.uleb128 0x20
 1090 007b 0B       		.uleb128 0xb
 1091 007c 01       		.uleb128 0x1
 1092 007d 13       		.uleb128 0x13
 1093 007e 00       		.byte	0
 1094 007f 00       		.byte	0
 1095 0080 0B       		.uleb128 0xb
 1096 0081 05       		.uleb128 0x5
 1097 0082 00       		.byte	0
 1098 0083 03       		.uleb128 0x3
 1099 0084 0E       		.uleb128 0xe
 1100 0085 3A       		.uleb128 0x3a
 1101 0086 0B       		.uleb128 0xb
 1102 0087 3B       		.uleb128 0x3b
 1103 0088 0B       		.uleb128 0xb
 1104 0089 49       		.uleb128 0x49
 1105 008a 13       		.uleb128 0x13
 1106 008b 00       		.byte	0
 1107 008c 00       		.byte	0
 1108 008d 0C       		.uleb128 0xc
 1109 008e 2E       		.uleb128 0x2e
 1110 008f 00       		.byte	0
 1111 0090 3F       		.uleb128 0x3f
 1112 0091 0C       		.uleb128 0xc
 1113 0092 03       		.uleb128 0x3
 1114 0093 0E       		.uleb128 0xe
 1115 0094 3A       		.uleb128 0x3a
 1116 0095 0B       		.uleb128 0xb
 1117 0096 3B       		.uleb128 0x3b
 1118 0097 0B       		.uleb128 0xb
 1119 0098 27       		.uleb128 0x27
 1120 0099 0C       		.uleb128 0xc
 1121 009a 11       		.uleb128 0x11
 1122 009b 01       		.uleb128 0x1
 1123 009c 12       		.uleb128 0x12
 1124 009d 01       		.uleb128 0x1
 1125 009e 40       		.uleb128 0x40
 1126 009f 0A       		.uleb128 0xa
 1127 00a0 9742     		.uleb128 0x2117
 1128 00a2 0C       		.uleb128 0xc
 1129 00a3 00       		.byte	0
 1130 00a4 00       		.byte	0
 1131 00a5 0D       		.uleb128 0xd
 1132 00a6 2E       		.uleb128 0x2e
 1133 00a7 01       		.byte	0x1
 1134 00a8 3F       		.uleb128 0x3f
ARM GAS  C:\Users\ZHANGM~1\AppData\Local\Temp\cc4TYOuS.s 			page 28


 1135 00a9 0C       		.uleb128 0xc
 1136 00aa 03       		.uleb128 0x3
 1137 00ab 0E       		.uleb128 0xe
 1138 00ac 3A       		.uleb128 0x3a
 1139 00ad 0B       		.uleb128 0xb
 1140 00ae 3B       		.uleb128 0x3b
 1141 00af 0B       		.uleb128 0xb
 1142 00b0 27       		.uleb128 0x27
 1143 00b1 0C       		.uleb128 0xc
 1144 00b2 11       		.uleb128 0x11
 1145 00b3 01       		.uleb128 0x1
 1146 00b4 12       		.uleb128 0x12
 1147 00b5 01       		.uleb128 0x1
 1148 00b6 40       		.uleb128 0x40
 1149 00b7 0A       		.uleb128 0xa
 1150 00b8 9742     		.uleb128 0x2117
 1151 00ba 0C       		.uleb128 0xc
 1152 00bb 01       		.uleb128 0x1
 1153 00bc 13       		.uleb128 0x13
 1154 00bd 00       		.byte	0
 1155 00be 00       		.byte	0
 1156 00bf 0E       		.uleb128 0xe
 1157 00c0 1D       		.uleb128 0x1d
 1158 00c1 00       		.byte	0
 1159 00c2 31       		.uleb128 0x31
 1160 00c3 13       		.uleb128 0x13
 1161 00c4 52       		.uleb128 0x52
 1162 00c5 01       		.uleb128 0x1
 1163 00c6 55       		.uleb128 0x55
 1164 00c7 06       		.uleb128 0x6
 1165 00c8 58       		.uleb128 0x58
 1166 00c9 0B       		.uleb128 0xb
 1167 00ca 59       		.uleb128 0x59
 1168 00cb 0B       		.uleb128 0xb
 1169 00cc 00       		.byte	0
 1170 00cd 00       		.byte	0
 1171 00ce 0F       		.uleb128 0xf
 1172 00cf 1D       		.uleb128 0x1d
 1173 00d0 01       		.byte	0x1
 1174 00d1 31       		.uleb128 0x31
 1175 00d2 13       		.uleb128 0x13
 1176 00d3 52       		.uleb128 0x52
 1177 00d4 01       		.uleb128 0x1
 1178 00d5 55       		.uleb128 0x55
 1179 00d6 06       		.uleb128 0x6
 1180 00d7 58       		.uleb128 0x58
 1181 00d8 0B       		.uleb128 0xb
 1182 00d9 59       		.uleb128 0x59
 1183 00da 0B       		.uleb128 0xb
 1184 00db 00       		.byte	0
 1185 00dc 00       		.byte	0
 1186 00dd 10       		.uleb128 0x10
 1187 00de 05       		.uleb128 0x5
 1188 00df 00       		.byte	0
 1189 00e0 31       		.uleb128 0x31
 1190 00e1 13       		.uleb128 0x13
 1191 00e2 00       		.byte	0
ARM GAS  C:\Users\ZHANGM~1\AppData\Local\Temp\cc4TYOuS.s 			page 29


 1192 00e3 00       		.byte	0
 1193 00e4 11       		.uleb128 0x11
 1194 00e5 2E       		.uleb128 0x2e
 1195 00e6 01       		.byte	0x1
 1196 00e7 31       		.uleb128 0x31
 1197 00e8 13       		.uleb128 0x13
 1198 00e9 11       		.uleb128 0x11
 1199 00ea 01       		.uleb128 0x1
 1200 00eb 12       		.uleb128 0x12
 1201 00ec 01       		.uleb128 0x1
 1202 00ed 40       		.uleb128 0x40
 1203 00ee 0A       		.uleb128 0xa
 1204 00ef 9742     		.uleb128 0x2117
 1205 00f1 0C       		.uleb128 0xc
 1206 00f2 01       		.uleb128 0x1
 1207 00f3 13       		.uleb128 0x13
 1208 00f4 00       		.byte	0
 1209 00f5 00       		.byte	0
 1210 00f6 12       		.uleb128 0x12
 1211 00f7 05       		.uleb128 0x5
 1212 00f8 00       		.byte	0
 1213 00f9 31       		.uleb128 0x31
 1214 00fa 13       		.uleb128 0x13
 1215 00fb 02       		.uleb128 0x2
 1216 00fc 0A       		.uleb128 0xa
 1217 00fd 00       		.byte	0
 1218 00fe 00       		.byte	0
 1219 00ff 13       		.uleb128 0x13
 1220 0100 2E       		.uleb128 0x2e
 1221 0101 00       		.byte	0
 1222 0102 3F       		.uleb128 0x3f
 1223 0103 0C       		.uleb128 0xc
 1224 0104 03       		.uleb128 0x3
 1225 0105 0E       		.uleb128 0xe
 1226 0106 3A       		.uleb128 0x3a
 1227 0107 0B       		.uleb128 0xb
 1228 0108 3B       		.uleb128 0x3b
 1229 0109 0B       		.uleb128 0xb
 1230 010a 27       		.uleb128 0x27
 1231 010b 0C       		.uleb128 0xc
 1232 010c 49       		.uleb128 0x49
 1233 010d 13       		.uleb128 0x13
 1234 010e 11       		.uleb128 0x11
 1235 010f 01       		.uleb128 0x1
 1236 0110 12       		.uleb128 0x12
 1237 0111 01       		.uleb128 0x1
 1238 0112 40       		.uleb128 0x40
 1239 0113 0A       		.uleb128 0xa
 1240 0114 9742     		.uleb128 0x2117
 1241 0116 0C       		.uleb128 0xc
 1242 0117 00       		.byte	0
 1243 0118 00       		.byte	0
 1244 0119 14       		.uleb128 0x14
 1245 011a 2E       		.uleb128 0x2e
 1246 011b 01       		.byte	0x1
 1247 011c 3F       		.uleb128 0x3f
 1248 011d 0C       		.uleb128 0xc
ARM GAS  C:\Users\ZHANGM~1\AppData\Local\Temp\cc4TYOuS.s 			page 30


 1249 011e 03       		.uleb128 0x3
 1250 011f 0E       		.uleb128 0xe
 1251 0120 3A       		.uleb128 0x3a
 1252 0121 0B       		.uleb128 0xb
 1253 0122 3B       		.uleb128 0x3b
 1254 0123 0B       		.uleb128 0xb
 1255 0124 27       		.uleb128 0x27
 1256 0125 0C       		.uleb128 0xc
 1257 0126 11       		.uleb128 0x11
 1258 0127 01       		.uleb128 0x1
 1259 0128 12       		.uleb128 0x12
 1260 0129 01       		.uleb128 0x1
 1261 012a 40       		.uleb128 0x40
 1262 012b 06       		.uleb128 0x6
 1263 012c 9742     		.uleb128 0x2117
 1264 012e 0C       		.uleb128 0xc
 1265 012f 01       		.uleb128 0x1
 1266 0130 13       		.uleb128 0x13
 1267 0131 00       		.byte	0
 1268 0132 00       		.byte	0
 1269 0133 15       		.uleb128 0x15
 1270 0134 05       		.uleb128 0x5
 1271 0135 00       		.byte	0
 1272 0136 03       		.uleb128 0x3
 1273 0137 0E       		.uleb128 0xe
 1274 0138 3A       		.uleb128 0x3a
 1275 0139 0B       		.uleb128 0xb
 1276 013a 3B       		.uleb128 0x3b
 1277 013b 0B       		.uleb128 0xb
 1278 013c 49       		.uleb128 0x49
 1279 013d 13       		.uleb128 0x13
 1280 013e 02       		.uleb128 0x2
 1281 013f 06       		.uleb128 0x6
 1282 0140 00       		.byte	0
 1283 0141 00       		.byte	0
 1284 0142 16       		.uleb128 0x16
 1285 0143 34       		.uleb128 0x34
 1286 0144 00       		.byte	0
 1287 0145 03       		.uleb128 0x3
 1288 0146 0E       		.uleb128 0xe
 1289 0147 3A       		.uleb128 0x3a
 1290 0148 0B       		.uleb128 0xb
 1291 0149 3B       		.uleb128 0x3b
 1292 014a 0B       		.uleb128 0xb
 1293 014b 49       		.uleb128 0x49
 1294 014c 13       		.uleb128 0x13
 1295 014d 02       		.uleb128 0x2
 1296 014e 06       		.uleb128 0x6
 1297 014f 00       		.byte	0
 1298 0150 00       		.byte	0
 1299 0151 17       		.uleb128 0x17
 1300 0152 34       		.uleb128 0x34
 1301 0153 00       		.byte	0
 1302 0154 03       		.uleb128 0x3
 1303 0155 0E       		.uleb128 0xe
 1304 0156 3A       		.uleb128 0x3a
 1305 0157 0B       		.uleb128 0xb
ARM GAS  C:\Users\ZHANGM~1\AppData\Local\Temp\cc4TYOuS.s 			page 31


 1306 0158 3B       		.uleb128 0x3b
 1307 0159 0B       		.uleb128 0xb
 1308 015a 49       		.uleb128 0x49
 1309 015b 13       		.uleb128 0x13
 1310 015c 1C       		.uleb128 0x1c
 1311 015d 0B       		.uleb128 0xb
 1312 015e 00       		.byte	0
 1313 015f 00       		.byte	0
 1314 0160 18       		.uleb128 0x18
 1315 0161 898201   		.uleb128 0x4109
 1316 0164 00       		.byte	0
 1317 0165 11       		.uleb128 0x11
 1318 0166 01       		.uleb128 0x1
 1319 0167 31       		.uleb128 0x31
 1320 0168 13       		.uleb128 0x13
 1321 0169 00       		.byte	0
 1322 016a 00       		.byte	0
 1323 016b 19       		.uleb128 0x19
 1324 016c 1D       		.uleb128 0x1d
 1325 016d 01       		.byte	0x1
 1326 016e 31       		.uleb128 0x31
 1327 016f 13       		.uleb128 0x13
 1328 0170 52       		.uleb128 0x52
 1329 0171 01       		.uleb128 0x1
 1330 0172 55       		.uleb128 0x55
 1331 0173 06       		.uleb128 0x6
 1332 0174 58       		.uleb128 0x58
 1333 0175 0B       		.uleb128 0xb
 1334 0176 59       		.uleb128 0x59
 1335 0177 0B       		.uleb128 0xb
 1336 0178 01       		.uleb128 0x1
 1337 0179 13       		.uleb128 0x13
 1338 017a 00       		.byte	0
 1339 017b 00       		.byte	0
 1340 017c 1A       		.uleb128 0x1a
 1341 017d 05       		.uleb128 0x5
 1342 017e 00       		.byte	0
 1343 017f 31       		.uleb128 0x31
 1344 0180 13       		.uleb128 0x13
 1345 0181 02       		.uleb128 0x2
 1346 0182 06       		.uleb128 0x6
 1347 0183 00       		.byte	0
 1348 0184 00       		.byte	0
 1349 0185 1B       		.uleb128 0x1b
 1350 0186 898201   		.uleb128 0x4109
 1351 0189 01       		.byte	0x1
 1352 018a 11       		.uleb128 0x11
 1353 018b 01       		.uleb128 0x1
 1354 018c 31       		.uleb128 0x31
 1355 018d 13       		.uleb128 0x13
 1356 018e 00       		.byte	0
 1357 018f 00       		.byte	0
 1358 0190 1C       		.uleb128 0x1c
 1359 0191 8A8201   		.uleb128 0x410a
 1360 0194 00       		.byte	0
 1361 0195 02       		.uleb128 0x2
 1362 0196 0A       		.uleb128 0xa
ARM GAS  C:\Users\ZHANGM~1\AppData\Local\Temp\cc4TYOuS.s 			page 32


 1363 0197 9142     		.uleb128 0x2111
 1364 0199 0A       		.uleb128 0xa
 1365 019a 00       		.byte	0
 1366 019b 00       		.byte	0
 1367 019c 1D       		.uleb128 0x1d
 1368 019d 2E       		.uleb128 0x2e
 1369 019e 01       		.byte	0x1
 1370 019f 3F       		.uleb128 0x3f
 1371 01a0 0C       		.uleb128 0xc
 1372 01a1 03       		.uleb128 0x3
 1373 01a2 0E       		.uleb128 0xe
 1374 01a3 3A       		.uleb128 0x3a
 1375 01a4 0B       		.uleb128 0xb
 1376 01a5 3B       		.uleb128 0x3b
 1377 01a6 0B       		.uleb128 0xb
 1378 01a7 27       		.uleb128 0x27
 1379 01a8 0C       		.uleb128 0xc
 1380 01a9 49       		.uleb128 0x49
 1381 01aa 13       		.uleb128 0x13
 1382 01ab 11       		.uleb128 0x11
 1383 01ac 01       		.uleb128 0x1
 1384 01ad 12       		.uleb128 0x12
 1385 01ae 01       		.uleb128 0x1
 1386 01af 40       		.uleb128 0x40
 1387 01b0 0A       		.uleb128 0xa
 1388 01b1 9742     		.uleb128 0x2117
 1389 01b3 0C       		.uleb128 0xc
 1390 01b4 01       		.uleb128 0x1
 1391 01b5 13       		.uleb128 0x13
 1392 01b6 00       		.byte	0
 1393 01b7 00       		.byte	0
 1394 01b8 1E       		.uleb128 0x1e
 1395 01b9 2E       		.uleb128 0x2e
 1396 01ba 00       		.byte	0
 1397 01bb 31       		.uleb128 0x31
 1398 01bc 13       		.uleb128 0x13
 1399 01bd 11       		.uleb128 0x11
 1400 01be 01       		.uleb128 0x1
 1401 01bf 12       		.uleb128 0x12
 1402 01c0 01       		.uleb128 0x1
 1403 01c1 40       		.uleb128 0x40
 1404 01c2 0A       		.uleb128 0xa
 1405 01c3 9742     		.uleb128 0x2117
 1406 01c5 0C       		.uleb128 0xc
 1407 01c6 00       		.byte	0
 1408 01c7 00       		.byte	0
 1409 01c8 1F       		.uleb128 0x1f
 1410 01c9 2E       		.uleb128 0x2e
 1411 01ca 00       		.byte	0
 1412 01cb 3F       		.uleb128 0x3f
 1413 01cc 0C       		.uleb128 0xc
 1414 01cd 03       		.uleb128 0x3
 1415 01ce 0E       		.uleb128 0xe
 1416 01cf 3A       		.uleb128 0x3a
 1417 01d0 0B       		.uleb128 0xb
 1418 01d1 3B       		.uleb128 0x3b
 1419 01d2 05       		.uleb128 0x5
ARM GAS  C:\Users\ZHANGM~1\AppData\Local\Temp\cc4TYOuS.s 			page 33


 1420 01d3 27       		.uleb128 0x27
 1421 01d4 0C       		.uleb128 0xc
 1422 01d5 49       		.uleb128 0x49
 1423 01d6 13       		.uleb128 0x13
 1424 01d7 11       		.uleb128 0x11
 1425 01d8 01       		.uleb128 0x1
 1426 01d9 12       		.uleb128 0x12
 1427 01da 01       		.uleb128 0x1
 1428 01db 40       		.uleb128 0x40
 1429 01dc 0A       		.uleb128 0xa
 1430 01dd 9742     		.uleb128 0x2117
 1431 01df 0C       		.uleb128 0xc
 1432 01e0 00       		.byte	0
 1433 01e1 00       		.byte	0
 1434 01e2 20       		.uleb128 0x20
 1435 01e3 2E       		.uleb128 0x2e
 1436 01e4 00       		.byte	0
 1437 01e5 3F       		.uleb128 0x3f
 1438 01e6 0C       		.uleb128 0xc
 1439 01e7 03       		.uleb128 0x3
 1440 01e8 0E       		.uleb128 0xe
 1441 01e9 3A       		.uleb128 0x3a
 1442 01ea 0B       		.uleb128 0xb
 1443 01eb 3B       		.uleb128 0x3b
 1444 01ec 05       		.uleb128 0x5
 1445 01ed 27       		.uleb128 0x27
 1446 01ee 0C       		.uleb128 0xc
 1447 01ef 11       		.uleb128 0x11
 1448 01f0 01       		.uleb128 0x1
 1449 01f1 12       		.uleb128 0x12
 1450 01f2 01       		.uleb128 0x1
 1451 01f3 40       		.uleb128 0x40
 1452 01f4 0A       		.uleb128 0xa
 1453 01f5 9742     		.uleb128 0x2117
 1454 01f7 0C       		.uleb128 0xc
 1455 01f8 00       		.byte	0
 1456 01f9 00       		.byte	0
 1457 01fa 21       		.uleb128 0x21
 1458 01fb 01       		.uleb128 0x1
 1459 01fc 01       		.byte	0x1
 1460 01fd 49       		.uleb128 0x49
 1461 01fe 13       		.uleb128 0x13
 1462 01ff 01       		.uleb128 0x1
 1463 0200 13       		.uleb128 0x13
 1464 0201 00       		.byte	0
 1465 0202 00       		.byte	0
 1466 0203 22       		.uleb128 0x22
 1467 0204 21       		.uleb128 0x21
 1468 0205 00       		.byte	0
 1469 0206 49       		.uleb128 0x49
 1470 0207 13       		.uleb128 0x13
 1471 0208 2F       		.uleb128 0x2f
 1472 0209 0B       		.uleb128 0xb
 1473 020a 00       		.byte	0
 1474 020b 00       		.byte	0
 1475 020c 23       		.uleb128 0x23
 1476 020d 34       		.uleb128 0x34
ARM GAS  C:\Users\ZHANGM~1\AppData\Local\Temp\cc4TYOuS.s 			page 34


 1477 020e 00       		.byte	0
 1478 020f 03       		.uleb128 0x3
 1479 0210 0E       		.uleb128 0xe
 1480 0211 3A       		.uleb128 0x3a
 1481 0212 0B       		.uleb128 0xb
 1482 0213 3B       		.uleb128 0x3b
 1483 0214 0B       		.uleb128 0xb
 1484 0215 49       		.uleb128 0x49
 1485 0216 13       		.uleb128 0x13
 1486 0217 3F       		.uleb128 0x3f
 1487 0218 0C       		.uleb128 0xc
 1488 0219 3C       		.uleb128 0x3c
 1489 021a 0C       		.uleb128 0xc
 1490 021b 00       		.byte	0
 1491 021c 00       		.byte	0
 1492 021d 24       		.uleb128 0x24
 1493 021e 2E       		.uleb128 0x2e
 1494 021f 00       		.byte	0
 1495 0220 3F       		.uleb128 0x3f
 1496 0221 0C       		.uleb128 0xc
 1497 0222 03       		.uleb128 0x3
 1498 0223 0E       		.uleb128 0xe
 1499 0224 3A       		.uleb128 0x3a
 1500 0225 0B       		.uleb128 0xb
 1501 0226 3B       		.uleb128 0x3b
 1502 0227 0B       		.uleb128 0xb
 1503 0228 27       		.uleb128 0x27
 1504 0229 0C       		.uleb128 0xc
 1505 022a 49       		.uleb128 0x49
 1506 022b 13       		.uleb128 0x13
 1507 022c 3C       		.uleb128 0x3c
 1508 022d 0C       		.uleb128 0xc
 1509 022e 00       		.byte	0
 1510 022f 00       		.byte	0
 1511 0230 25       		.uleb128 0x25
 1512 0231 2E       		.uleb128 0x2e
 1513 0232 01       		.byte	0x1
 1514 0233 3F       		.uleb128 0x3f
 1515 0234 0C       		.uleb128 0xc
 1516 0235 03       		.uleb128 0x3
 1517 0236 0E       		.uleb128 0xe
 1518 0237 3A       		.uleb128 0x3a
 1519 0238 0B       		.uleb128 0xb
 1520 0239 3B       		.uleb128 0x3b
 1521 023a 0B       		.uleb128 0xb
 1522 023b 27       		.uleb128 0x27
 1523 023c 0C       		.uleb128 0xc
 1524 023d 3C       		.uleb128 0x3c
 1525 023e 0C       		.uleb128 0xc
 1526 023f 00       		.byte	0
 1527 0240 00       		.byte	0
 1528 0241 26       		.uleb128 0x26
 1529 0242 05       		.uleb128 0x5
 1530 0243 00       		.byte	0
 1531 0244 49       		.uleb128 0x49
 1532 0245 13       		.uleb128 0x13
 1533 0246 00       		.byte	0
ARM GAS  C:\Users\ZHANGM~1\AppData\Local\Temp\cc4TYOuS.s 			page 35


 1534 0247 00       		.byte	0
 1535 0248 00       		.byte	0
 1536              		.section	.debug_loc,"",%progbits
 1537              	.Ldebug_loc0:
 1538              	.LLST0:
 1539 0000 00000000 		.4byte	.LFB6
 1540 0004 02000000 		.4byte	.LCFI0
 1541 0008 0200     		.2byte	0x2
 1542 000a 7D       		.byte	0x7d
 1543 000b 00       		.sleb128 0
 1544 000c 02000000 		.4byte	.LCFI0
 1545 0010 20000000 		.4byte	.LFE6
 1546 0014 0200     		.2byte	0x2
 1547 0016 7D       		.byte	0x7d
 1548 0017 08       		.sleb128 8
 1549 0018 00000000 		.4byte	0
 1550 001c 00000000 		.4byte	0
 1551              	.LLST1:
 1552 0020 00000000 		.4byte	.LVL2
 1553 0024 07000000 		.4byte	.LVL3-1
 1554 0028 0100     		.2byte	0x1
 1555 002a 50       		.byte	0x50
 1556 002b 07000000 		.4byte	.LVL3-1
 1557 002f 20000000 		.4byte	.LFE6
 1558 0033 0400     		.2byte	0x4
 1559 0035 F3       		.byte	0xf3
 1560 0036 01       		.uleb128 0x1
 1561 0037 50       		.byte	0x50
 1562 0038 9F       		.byte	0x9f
 1563 0039 00000000 		.4byte	0
 1564 003d 00000000 		.4byte	0
 1565              	.LLST2:
 1566 0041 08000000 		.4byte	.LVL3
 1567 0045 19000000 		.4byte	.LVL4-1
 1568 0049 0100     		.2byte	0x1
 1569 004b 50       		.byte	0x50
 1570 004c 00000000 		.4byte	0
 1571 0050 00000000 		.4byte	0
 1572              	.LLST3:
 1573 0054 00000000 		.4byte	.LFB1
 1574 0058 04000000 		.4byte	.LCFI1
 1575 005c 0200     		.2byte	0x2
 1576 005e 7D       		.byte	0x7d
 1577 005f 00       		.sleb128 0
 1578 0060 04000000 		.4byte	.LCFI1
 1579 0064 28000000 		.4byte	.LFE1
 1580 0068 0200     		.2byte	0x2
 1581 006a 7D       		.byte	0x7d
 1582 006b 08       		.sleb128 8
 1583 006c 00000000 		.4byte	0
 1584 0070 00000000 		.4byte	0
 1585              	.LLST4:
 1586 0074 00000000 		.4byte	.LVL5
 1587 0078 12000000 		.4byte	.LVL7
 1588 007c 0100     		.2byte	0x1
 1589 007e 50       		.byte	0x50
 1590 007f 12000000 		.4byte	.LVL7
ARM GAS  C:\Users\ZHANGM~1\AppData\Local\Temp\cc4TYOuS.s 			page 36


 1591 0083 15000000 		.4byte	.LVL8-1
 1592 0087 0300     		.2byte	0x3
 1593 0089 71       		.byte	0x71
 1594 008a FC00     		.sleb128 124
 1595 008c 15000000 		.4byte	.LVL8-1
 1596 0090 28000000 		.4byte	.LFE1
 1597 0094 0400     		.2byte	0x4
 1598 0096 F3       		.byte	0xf3
 1599 0097 01       		.uleb128 0x1
 1600 0098 50       		.byte	0x50
 1601 0099 9F       		.byte	0x9f
 1602 009a 00000000 		.4byte	0
 1603 009e 00000000 		.4byte	0
 1604              	.LLST5:
 1605 00a2 0E000000 		.4byte	.LVL6
 1606 00a6 12000000 		.4byte	.LVL7
 1607 00aa 0100     		.2byte	0x1
 1608 00ac 50       		.byte	0x50
 1609 00ad 12000000 		.4byte	.LVL7
 1610 00b1 15000000 		.4byte	.LVL8-1
 1611 00b5 0300     		.2byte	0x3
 1612 00b7 71       		.byte	0x71
 1613 00b8 FC00     		.sleb128 124
 1614 00ba 15000000 		.4byte	.LVL8-1
 1615 00be 28000000 		.4byte	.LFE1
 1616 00c2 0400     		.2byte	0x4
 1617 00c4 F3       		.byte	0xf3
 1618 00c5 01       		.uleb128 0x1
 1619 00c6 50       		.byte	0x50
 1620 00c7 9F       		.byte	0x9f
 1621 00c8 00000000 		.4byte	0
 1622 00cc 00000000 		.4byte	0
 1623              	.LLST6:
 1624 00d0 00000000 		.4byte	.LFB0
 1625 00d4 04000000 		.4byte	.LCFI2
 1626 00d8 0200     		.2byte	0x2
 1627 00da 7D       		.byte	0x7d
 1628 00db 00       		.sleb128 0
 1629 00dc 04000000 		.4byte	.LCFI2
 1630 00e0 30000000 		.4byte	.LFE0
 1631 00e4 0200     		.2byte	0x2
 1632 00e6 7D       		.byte	0x7d
 1633 00e7 08       		.sleb128 8
 1634 00e8 00000000 		.4byte	0
 1635 00ec 00000000 		.4byte	0
 1636              	.LLST7:
 1637 00f0 04000000 		.4byte	.LVL12
 1638 00f4 08000000 		.4byte	.LVL13
 1639 00f8 0800     		.2byte	0x8
 1640 00fa 70       		.byte	0x70
 1641 00fb 00       		.sleb128 0
 1642 00fc 08       		.byte	0x8
 1643 00fd C0       		.byte	0xc0
 1644 00fe 1A       		.byte	0x1a
 1645 00ff 36       		.byte	0x36
 1646 0100 25       		.byte	0x25
 1647 0101 9F       		.byte	0x9f
ARM GAS  C:\Users\ZHANGM~1\AppData\Local\Temp\cc4TYOuS.s 			page 37


 1648 0102 00000000 		.4byte	0
 1649 0106 00000000 		.4byte	0
 1650              		.section	.debug_aranges,"",%progbits
 1651 0000 7C000000 		.4byte	0x7c
 1652 0004 0200     		.2byte	0x2
 1653 0006 00000000 		.4byte	.Ldebug_info0
 1654 000a 04       		.byte	0x4
 1655 000b 00       		.byte	0
 1656 000c 0000     		.2byte	0
 1657 000e 0000     		.2byte	0
 1658 0010 00000000 		.4byte	.LFB3
 1659 0014 02000000 		.4byte	.LFE3-.LFB3
 1660 0018 00000000 		.4byte	.LFB2
 1661 001c 20000000 		.4byte	.LFE2-.LFB2
 1662 0020 00000000 		.4byte	.LFB4
 1663 0024 0C000000 		.4byte	.LFE4-.LFB4
 1664 0028 00000000 		.4byte	.LFB5
 1665 002c 0C000000 		.4byte	.LFE5-.LFB5
 1666 0030 00000000 		.4byte	.LFB6
 1667 0034 20000000 		.4byte	.LFE6-.LFB6
 1668 0038 00000000 		.4byte	.LFB1
 1669 003c 28000000 		.4byte	.LFE1-.LFB1
 1670 0040 00000000 		.4byte	.LFB0
 1671 0044 30000000 		.4byte	.LFE0-.LFB0
 1672 0048 00000000 		.4byte	.LFB7
 1673 004c 10000000 		.4byte	.LFE7-.LFB7
 1674 0050 00000000 		.4byte	.LFB8
 1675 0054 10000000 		.4byte	.LFE8-.LFB8
 1676 0058 00000000 		.4byte	.LFB9
 1677 005c 10000000 		.4byte	.LFE9-.LFB9
 1678 0060 00000000 		.4byte	.LFB10
 1679 0064 10000000 		.4byte	.LFE10-.LFB10
 1680 0068 00000000 		.4byte	.LFB11
 1681 006c 10000000 		.4byte	.LFE11-.LFB11
 1682 0070 00000000 		.4byte	.LFB12
 1683 0074 10000000 		.4byte	.LFE12-.LFB12
 1684 0078 00000000 		.4byte	0
 1685 007c 00000000 		.4byte	0
 1686              		.section	.debug_ranges,"",%progbits
 1687              	.Ldebug_ranges0:
 1688 0000 00000000 		.4byte	.LBB18
 1689 0004 04000000 		.4byte	.LBE18
 1690 0008 06000000 		.4byte	.LBB26
 1691 000c 08000000 		.4byte	.LBE26
 1692 0010 0C000000 		.4byte	.LBB28
 1693 0014 0E000000 		.4byte	.LBE28
 1694 0018 00000000 		.4byte	0
 1695 001c 00000000 		.4byte	0
 1696 0020 04000000 		.4byte	.LBB22
 1697 0024 06000000 		.4byte	.LBE22
 1698 0028 08000000 		.4byte	.LBB27
 1699 002c 0C000000 		.4byte	.LBE27
 1700 0030 0E000000 		.4byte	.LBB29
 1701 0034 10000000 		.4byte	.LBE29
 1702 0038 00000000 		.4byte	0
 1703 003c 00000000 		.4byte	0
 1704 0040 00000000 		.4byte	.LBB30
ARM GAS  C:\Users\ZHANGM~1\AppData\Local\Temp\cc4TYOuS.s 			page 38


 1705 0044 02000000 		.4byte	.LBE30
 1706 0048 0A000000 		.4byte	.LBB37
 1707 004c 0C000000 		.4byte	.LBE37
 1708 0050 0E000000 		.4byte	.LBB39
 1709 0054 10000000 		.4byte	.LBE39
 1710 0058 00000000 		.4byte	0
 1711 005c 00000000 		.4byte	0
 1712 0060 04000000 		.4byte	.LBB34
 1713 0064 0A000000 		.4byte	.LBE34
 1714 0068 0C000000 		.4byte	.LBB38
 1715 006c 0E000000 		.4byte	.LBE38
 1716 0070 00000000 		.4byte	0
 1717 0074 00000000 		.4byte	0
 1718 0078 16000000 		.4byte	.LBB40
 1719 007c 18000000 		.4byte	.LBE40
 1720 0080 18000000 		.4byte	.LBB43
 1721 0084 1A000000 		.4byte	.LBE43
 1722 0088 00000000 		.4byte	0
 1723 008c 00000000 		.4byte	0
 1724 0090 00000000 		.4byte	.LBB44
 1725 0094 02000000 		.4byte	.LBE44
 1726 0098 06000000 		.4byte	.LBB53
 1727 009c 08000000 		.4byte	.LBE53
 1728 00a0 0C000000 		.4byte	.LBB55
 1729 00a4 0E000000 		.4byte	.LBE55
 1730 00a8 10000000 		.4byte	.LBB57
 1731 00ac 12000000 		.4byte	.LBE57
 1732 00b0 00000000 		.4byte	0
 1733 00b4 00000000 		.4byte	0
 1734 00b8 04000000 		.4byte	.LBB49
 1735 00bc 06000000 		.4byte	.LBE49
 1736 00c0 08000000 		.4byte	.LBB54
 1737 00c4 0C000000 		.4byte	.LBE54
 1738 00c8 0E000000 		.4byte	.LBB56
 1739 00cc 10000000 		.4byte	.LBE56
 1740 00d0 00000000 		.4byte	0
 1741 00d4 00000000 		.4byte	0
 1742 00d8 18000000 		.4byte	.LBB58
 1743 00dc 1A000000 		.4byte	.LBE58
 1744 00e0 1A000000 		.4byte	.LBB61
 1745 00e4 1C000000 		.4byte	.LBE61
 1746 00e8 00000000 		.4byte	0
 1747 00ec 00000000 		.4byte	0
 1748 00f0 00000000 		.4byte	.LFB3
 1749 00f4 02000000 		.4byte	.LFE3
 1750 00f8 00000000 		.4byte	.LFB2
 1751 00fc 20000000 		.4byte	.LFE2
 1752 0100 00000000 		.4byte	.LFB4
 1753 0104 0C000000 		.4byte	.LFE4
 1754 0108 00000000 		.4byte	.LFB5
 1755 010c 0C000000 		.4byte	.LFE5
 1756 0110 00000000 		.4byte	.LFB6
 1757 0114 20000000 		.4byte	.LFE6
 1758 0118 00000000 		.4byte	.LFB1
 1759 011c 28000000 		.4byte	.LFE1
 1760 0120 00000000 		.4byte	.LFB0
 1761 0124 30000000 		.4byte	.LFE0
ARM GAS  C:\Users\ZHANGM~1\AppData\Local\Temp\cc4TYOuS.s 			page 39


 1762 0128 00000000 		.4byte	.LFB7
 1763 012c 10000000 		.4byte	.LFE7
 1764 0130 00000000 		.4byte	.LFB8
 1765 0134 10000000 		.4byte	.LFE8
 1766 0138 00000000 		.4byte	.LFB9
 1767 013c 10000000 		.4byte	.LFE9
 1768 0140 00000000 		.4byte	.LFB10
 1769 0144 10000000 		.4byte	.LFE10
 1770 0148 00000000 		.4byte	.LFB11
 1771 014c 10000000 		.4byte	.LFE11
 1772 0150 00000000 		.4byte	.LFB12
 1773 0154 10000000 		.4byte	.LFE12
 1774 0158 00000000 		.4byte	0
 1775 015c 00000000 		.4byte	0
 1776              		.section	.debug_line,"",%progbits
 1777              	.Ldebug_line0:
 1778 0000 C4010000 		.section	.debug_str,"MS",%progbits,1
 1778      02005000 
 1778      00000201 
 1778      FB0E0D00 
 1778      01010101 
 1779              	.LASF20:
 1780 0000 43435F49 		.ascii	"CC_ISR_SetPriority\000"
 1780      53525F53 
 1780      65745072 
 1780      696F7269 
 1780      747900
 1781              	.LASF37:
 1782 0013 43795261 		.ascii	"CyRamVectors\000"
 1782      6D566563 
 1782      746F7273 
 1782      00
 1783              	.LASF30:
 1784 0020 43435F49 		.ascii	"CC_ISR_SetPending\000"
 1784      53525F53 
 1784      65745065 
 1784      6E64696E 
 1784      6700
 1785              	.LASF31:
 1786 0032 43435F49 		.ascii	"CC_ISR_ClearPending\000"
 1786      53525F43 
 1786      6C656172 
 1786      50656E64 
 1786      696E6700 
 1787              	.LASF3:
 1788 0046 73686F72 		.ascii	"short unsigned int\000"
 1788      7420756E 
 1788      7369676E 
 1788      65642069 
 1788      6E7400
 1789              	.LASF18:
 1790 0059 43435F49 		.ascii	"CC_ISR_Enable\000"
 1790      53525F45 
 1790      6E61626C 
 1790      6500
 1791              	.LASF11:
 1792 0067 666C6F61 		.ascii	"float\000"
ARM GAS  C:\Users\ZHANGM~1\AppData\Local\Temp\cc4TYOuS.s 			page 40


 1792      7400
 1793              	.LASF7:
 1794 006d 6C6F6E67 		.ascii	"long long unsigned int\000"
 1794      206C6F6E 
 1794      6720756E 
 1794      7369676E 
 1794      65642069 
 1795              	.LASF1:
 1796 0084 756E7369 		.ascii	"unsigned char\000"
 1796      676E6564 
 1796      20636861 
 1796      7200
 1797              	.LASF21:
 1798 0092 696E7465 		.ascii	"interruptState\000"
 1798      72727570 
 1798      74537461 
 1798      746500
 1799              	.LASF5:
 1800 00a1 6C6F6E67 		.ascii	"long unsigned int\000"
 1800      20756E73 
 1800      69676E65 
 1800      6420696E 
 1800      7400
 1801              	.LASF9:
 1802 00b3 75696E74 		.ascii	"uint8\000"
 1802      3800
 1803              	.LASF24:
 1804 00b9 7072696F 		.ascii	"priority\000"
 1804      72697479 
 1804      00
 1805              	.LASF12:
 1806 00c2 646F7562 		.ascii	"double\000"
 1806      6C6500
 1807              	.LASF26:
 1808 00c9 43435F49 		.ascii	"CC_ISR_Start\000"
 1808      53525F53 
 1808      74617274 
 1808      00
 1809              	.LASF35:
 1810 00d6 43435F49 		.ascii	"CC_ISR_SetVector\000"
 1810      53525F53 
 1810      65745665 
 1810      63746F72 
 1810      00
 1811              	.LASF23:
 1812 00e7 43435F49 		.ascii	"CC_ISR_StartEx\000"
 1812      53525F53 
 1812      74617274 
 1812      457800
 1813              	.LASF10:
 1814 00f6 75696E74 		.ascii	"uint32\000"
 1814      333200
 1815              	.LASF38:
 1816 00fd 4379456E 		.ascii	"CyEnterCriticalSection\000"
 1816      74657243 
 1816      72697469 
 1816      63616C53 
ARM GAS  C:\Users\ZHANGM~1\AppData\Local\Temp\cc4TYOuS.s 			page 41


 1816      65637469 
 1817              	.LASF8:
 1818 0114 756E7369 		.ascii	"unsigned int\000"
 1818      676E6564 
 1818      20696E74 
 1818      00
 1819              	.LASF25:
 1820 0121 61646472 		.ascii	"address\000"
 1820      65737300 
 1821              	.LASF39:
 1822 0129 43794578 		.ascii	"CyExitCriticalSection\000"
 1822      69744372 
 1822      69746963 
 1822      616C5365 
 1822      6374696F 
 1823              	.LASF36:
 1824 013f 43435F49 		.ascii	"CC_ISR_GetPriority\000"
 1824      53525F47 
 1824      65745072 
 1824      696F7269 
 1824      747900
 1825              	.LASF15:
 1826 0152 63796973 		.ascii	"cyisraddress\000"
 1826      72616464 
 1826      72657373 
 1826      00
 1827              	.LASF17:
 1828 015f 43435F49 		.ascii	"CC_ISR_Disable\000"
 1828      53525F44 
 1828      69736162 
 1828      6C6500
 1829              	.LASF16:
 1830 016e 73697A65 		.ascii	"sizetype\000"
 1830      74797065 
 1830      00
 1831              	.LASF6:
 1832 0177 6C6F6E67 		.ascii	"long long int\000"
 1832      206C6F6E 
 1832      6720696E 
 1832      7400
 1833              	.LASF13:
 1834 0185 63686172 		.ascii	"char\000"
 1834      00
 1835              	.LASF33:
 1836 018a 2E5C4765 		.ascii	".\\Generated_Source\\PSoC4\\CC_ISR.c\000"
 1836      6E657261 
 1836      7465645F 
 1836      536F7572 
 1836      63655C50 
 1837              	.LASF2:
 1838 01ac 73686F72 		.ascii	"short int\000"
 1838      7420696E 
 1838      7400
 1839              	.LASF32:
 1840 01b6 474E5520 		.ascii	"GNU C 4.7.3 20130312 (release) [ARM/embedded-4_7-br"
 1840      4320342E 
 1840      372E3320 
ARM GAS  C:\Users\ZHANGM~1\AppData\Local\Temp\cc4TYOuS.s 			page 42


 1840      32303133 
 1840      30333132 
 1841 01e9 616E6368 		.ascii	"anch revision 196615]\000"
 1841      20726576 
 1841      6973696F 
 1841      6E203139 
 1841      36363135 
 1842              	.LASF22:
 1843 01ff 7072696F 		.ascii	"priorityOffset\000"
 1843      72697479 
 1843      4F666673 
 1843      657400
 1844              	.LASF4:
 1845 020e 6C6F6E67 		.ascii	"long int\000"
 1845      20696E74 
 1845      00
 1846              	.LASF14:
 1847 0217 72656733 		.ascii	"reg32\000"
 1847      3200
 1848              	.LASF28:
 1849 021d 43435F49 		.ascii	"CC_ISR_GetState\000"
 1849      53525F47 
 1849      65745374 
 1849      61746500 
 1850              	.LASF0:
 1851 022d 7369676E 		.ascii	"signed char\000"
 1851      65642063 
 1851      68617200 
 1852              	.LASF27:
 1853 0239 43435F49 		.ascii	"CC_ISR_GetVector\000"
 1853      53525F47 
 1853      65745665 
 1853      63746F72 
 1853      00
 1854              	.LASF19:
 1855 024a 43435F49 		.ascii	"CC_ISR_Stop\000"
 1855      53525F53 
 1855      746F7000 
 1856              	.LASF29:
 1857 0256 43435F49 		.ascii	"CC_ISR_Interrupt\000"
 1857      53525F49 
 1857      6E746572 
 1857      72757074 
 1857      00
 1858              	.LASF34:
 1859 0267 453A5C63 		.ascii	"E:\\code\\wifi\\1.6\\UartBootloader\\UART_Bootloade"
 1859      6F64655C 
 1859      77696669 
 1859      5C312E36 
 1859      5C556172 
 1860 0295 725C5541 		.ascii	"r\\UART_Bootloadable.cydsn\000"
 1860      52545F42 
 1860      6F6F746C 
 1860      6F616461 
 1860      626C652E 
 1861              		.ident	"GCC: (GNU Tools for ARM Embedded Processors) 4.7.3 20130312 (release) [ARM/embedded-4_7-br
