ARM GAS  C:\Users\kevin\AppData\Local\Temp\ccOpwhbe.s 			page 1


   1              		.cpu cortex-m0
   2              		.fpu softvfp
   3              		.eabi_attribute 20, 1
   4              		.eabi_attribute 21, 1
   5              		.eabi_attribute 23, 3
   6              		.eabi_attribute 24, 1
   7              		.eabi_attribute 25, 1
   8              		.eabi_attribute 26, 1
   9              		.eabi_attribute 30, 4
  10              		.eabi_attribute 34, 0
  11              		.eabi_attribute 18, 4
  12              		.code	16
  13              		.file	"CC_ISR.c"
  14              		.text
  15              	.Ltext0:
  16              		.cfi_sections	.debug_frame
  17              		.section	.text.CC_ISR_Interrupt,"ax",%progbits
  18              		.align	1
  19              		.global	CC_ISR_Interrupt
  20              		.code	16
  21              		.thumb_func
  22              		.type	CC_ISR_Interrupt, %function
  23              	CC_ISR_Interrupt:
  24              	.LFB3:
  25              		.file 1 ".\\Generated_Source\\PSoC4\\CC_ISR.c"
   1:.\Generated_Source\PSoC4/CC_ISR.c **** /*******************************************************************************
   2:.\Generated_Source\PSoC4/CC_ISR.c **** * File Name: CC_ISR.c  
   3:.\Generated_Source\PSoC4/CC_ISR.c **** * Version 1.70
   4:.\Generated_Source\PSoC4/CC_ISR.c **** *
   5:.\Generated_Source\PSoC4/CC_ISR.c **** *  Description:
   6:.\Generated_Source\PSoC4/CC_ISR.c **** *   API for controlling the state of an interrupt.
   7:.\Generated_Source\PSoC4/CC_ISR.c **** *
   8:.\Generated_Source\PSoC4/CC_ISR.c **** *
   9:.\Generated_Source\PSoC4/CC_ISR.c **** *  Note:
  10:.\Generated_Source\PSoC4/CC_ISR.c **** *
  11:.\Generated_Source\PSoC4/CC_ISR.c **** ********************************************************************************
  12:.\Generated_Source\PSoC4/CC_ISR.c **** * Copyright 2008-2012, Cypress Semiconductor Corporation.  All rights reserved.
  13:.\Generated_Source\PSoC4/CC_ISR.c **** * You may use this file only in accordance with the license, terms, conditions, 
  14:.\Generated_Source\PSoC4/CC_ISR.c **** * disclaimers, and limitations in the end user license agreement accompanying 
  15:.\Generated_Source\PSoC4/CC_ISR.c **** * the software package with which this file was provided.
  16:.\Generated_Source\PSoC4/CC_ISR.c **** *******************************************************************************/
  17:.\Generated_Source\PSoC4/CC_ISR.c **** 
  18:.\Generated_Source\PSoC4/CC_ISR.c **** 
  19:.\Generated_Source\PSoC4/CC_ISR.c **** #include <cydevice_trm.h>
  20:.\Generated_Source\PSoC4/CC_ISR.c **** #include <CyLib.h>
  21:.\Generated_Source\PSoC4/CC_ISR.c **** #include <CC_ISR.h>
  22:.\Generated_Source\PSoC4/CC_ISR.c **** 
  23:.\Generated_Source\PSoC4/CC_ISR.c **** #if !defined(CC_ISR__REMOVED) /* Check for removal by optimization */
  24:.\Generated_Source\PSoC4/CC_ISR.c **** 
  25:.\Generated_Source\PSoC4/CC_ISR.c **** /*******************************************************************************
  26:.\Generated_Source\PSoC4/CC_ISR.c **** *  Place your includes, defines and code here 
  27:.\Generated_Source\PSoC4/CC_ISR.c **** ********************************************************************************/
  28:.\Generated_Source\PSoC4/CC_ISR.c **** /* `#START CC_ISR_intc` */
  29:.\Generated_Source\PSoC4/CC_ISR.c **** 
  30:.\Generated_Source\PSoC4/CC_ISR.c **** /* `#END` */
  31:.\Generated_Source\PSoC4/CC_ISR.c **** 
  32:.\Generated_Source\PSoC4/CC_ISR.c **** extern cyisraddress CyRamVectors[CYINT_IRQ_BASE + CY_NUM_INTERRUPTS];
ARM GAS  C:\Users\kevin\AppData\Local\Temp\ccOpwhbe.s 			page 2


  33:.\Generated_Source\PSoC4/CC_ISR.c **** 
  34:.\Generated_Source\PSoC4/CC_ISR.c **** /* Declared in startup, used to set unused interrupts to. */
  35:.\Generated_Source\PSoC4/CC_ISR.c **** CY_ISR_PROTO(IntDefaultHandler);
  36:.\Generated_Source\PSoC4/CC_ISR.c **** 
  37:.\Generated_Source\PSoC4/CC_ISR.c **** 
  38:.\Generated_Source\PSoC4/CC_ISR.c **** /*******************************************************************************
  39:.\Generated_Source\PSoC4/CC_ISR.c **** * Function Name: CC_ISR_Start
  40:.\Generated_Source\PSoC4/CC_ISR.c **** ********************************************************************************
  41:.\Generated_Source\PSoC4/CC_ISR.c **** *
  42:.\Generated_Source\PSoC4/CC_ISR.c **** * Summary:
  43:.\Generated_Source\PSoC4/CC_ISR.c **** *  Set up the interrupt and enable it.
  44:.\Generated_Source\PSoC4/CC_ISR.c **** *
  45:.\Generated_Source\PSoC4/CC_ISR.c **** * Parameters:  
  46:.\Generated_Source\PSoC4/CC_ISR.c **** *   None
  47:.\Generated_Source\PSoC4/CC_ISR.c **** *
  48:.\Generated_Source\PSoC4/CC_ISR.c **** * Return:
  49:.\Generated_Source\PSoC4/CC_ISR.c **** *   None
  50:.\Generated_Source\PSoC4/CC_ISR.c **** *
  51:.\Generated_Source\PSoC4/CC_ISR.c **** *******************************************************************************/
  52:.\Generated_Source\PSoC4/CC_ISR.c **** void CC_ISR_Start(void)
  53:.\Generated_Source\PSoC4/CC_ISR.c **** {
  54:.\Generated_Source\PSoC4/CC_ISR.c ****     /* For all we know the interrupt is active. */
  55:.\Generated_Source\PSoC4/CC_ISR.c ****     CC_ISR_Disable();
  56:.\Generated_Source\PSoC4/CC_ISR.c **** 
  57:.\Generated_Source\PSoC4/CC_ISR.c ****     /* Set the ISR to point to the CC_ISR Interrupt. */
  58:.\Generated_Source\PSoC4/CC_ISR.c ****     CC_ISR_SetVector(&CC_ISR_Interrupt);
  59:.\Generated_Source\PSoC4/CC_ISR.c **** 
  60:.\Generated_Source\PSoC4/CC_ISR.c ****     /* Set the priority. */
  61:.\Generated_Source\PSoC4/CC_ISR.c ****     CC_ISR_SetPriority((uint8)CC_ISR_INTC_PRIOR_NUMBER);
  62:.\Generated_Source\PSoC4/CC_ISR.c **** 
  63:.\Generated_Source\PSoC4/CC_ISR.c ****     /* Enable it. */
  64:.\Generated_Source\PSoC4/CC_ISR.c ****     CC_ISR_Enable();
  65:.\Generated_Source\PSoC4/CC_ISR.c **** }
  66:.\Generated_Source\PSoC4/CC_ISR.c **** 
  67:.\Generated_Source\PSoC4/CC_ISR.c **** 
  68:.\Generated_Source\PSoC4/CC_ISR.c **** /*******************************************************************************
  69:.\Generated_Source\PSoC4/CC_ISR.c **** * Function Name: CC_ISR_StartEx
  70:.\Generated_Source\PSoC4/CC_ISR.c **** ********************************************************************************
  71:.\Generated_Source\PSoC4/CC_ISR.c **** *
  72:.\Generated_Source\PSoC4/CC_ISR.c **** * Summary:
  73:.\Generated_Source\PSoC4/CC_ISR.c **** *  Set up the interrupt and enable it.
  74:.\Generated_Source\PSoC4/CC_ISR.c **** *
  75:.\Generated_Source\PSoC4/CC_ISR.c **** * Parameters:  
  76:.\Generated_Source\PSoC4/CC_ISR.c **** *   address: Address of the ISR to set in the interrupt vector table.
  77:.\Generated_Source\PSoC4/CC_ISR.c **** *
  78:.\Generated_Source\PSoC4/CC_ISR.c **** * Return:
  79:.\Generated_Source\PSoC4/CC_ISR.c **** *   None
  80:.\Generated_Source\PSoC4/CC_ISR.c **** *
  81:.\Generated_Source\PSoC4/CC_ISR.c **** *******************************************************************************/
  82:.\Generated_Source\PSoC4/CC_ISR.c **** void CC_ISR_StartEx(cyisraddress address)
  83:.\Generated_Source\PSoC4/CC_ISR.c **** {
  84:.\Generated_Source\PSoC4/CC_ISR.c ****     /* For all we know the interrupt is active. */
  85:.\Generated_Source\PSoC4/CC_ISR.c ****     CC_ISR_Disable();
  86:.\Generated_Source\PSoC4/CC_ISR.c **** 
  87:.\Generated_Source\PSoC4/CC_ISR.c ****     /* Set the ISR to point to the CC_ISR Interrupt. */
  88:.\Generated_Source\PSoC4/CC_ISR.c ****     CC_ISR_SetVector(address);
  89:.\Generated_Source\PSoC4/CC_ISR.c **** 
ARM GAS  C:\Users\kevin\AppData\Local\Temp\ccOpwhbe.s 			page 3


  90:.\Generated_Source\PSoC4/CC_ISR.c ****     /* Set the priority. */
  91:.\Generated_Source\PSoC4/CC_ISR.c ****     CC_ISR_SetPriority((uint8)CC_ISR_INTC_PRIOR_NUMBER);
  92:.\Generated_Source\PSoC4/CC_ISR.c **** 
  93:.\Generated_Source\PSoC4/CC_ISR.c ****     /* Enable it. */
  94:.\Generated_Source\PSoC4/CC_ISR.c ****     CC_ISR_Enable();
  95:.\Generated_Source\PSoC4/CC_ISR.c **** }
  96:.\Generated_Source\PSoC4/CC_ISR.c **** 
  97:.\Generated_Source\PSoC4/CC_ISR.c **** 
  98:.\Generated_Source\PSoC4/CC_ISR.c **** /*******************************************************************************
  99:.\Generated_Source\PSoC4/CC_ISR.c **** * Function Name: CC_ISR_Stop
 100:.\Generated_Source\PSoC4/CC_ISR.c **** ********************************************************************************
 101:.\Generated_Source\PSoC4/CC_ISR.c **** *
 102:.\Generated_Source\PSoC4/CC_ISR.c **** * Summary:
 103:.\Generated_Source\PSoC4/CC_ISR.c **** *   Disables and removes the interrupt.
 104:.\Generated_Source\PSoC4/CC_ISR.c **** *
 105:.\Generated_Source\PSoC4/CC_ISR.c **** * Parameters:  
 106:.\Generated_Source\PSoC4/CC_ISR.c **** *
 107:.\Generated_Source\PSoC4/CC_ISR.c **** * Return:
 108:.\Generated_Source\PSoC4/CC_ISR.c **** *   None
 109:.\Generated_Source\PSoC4/CC_ISR.c **** *
 110:.\Generated_Source\PSoC4/CC_ISR.c **** *******************************************************************************/
 111:.\Generated_Source\PSoC4/CC_ISR.c **** void CC_ISR_Stop(void)
 112:.\Generated_Source\PSoC4/CC_ISR.c **** {
 113:.\Generated_Source\PSoC4/CC_ISR.c ****     /* Disable this interrupt. */
 114:.\Generated_Source\PSoC4/CC_ISR.c ****     CC_ISR_Disable();
 115:.\Generated_Source\PSoC4/CC_ISR.c **** 
 116:.\Generated_Source\PSoC4/CC_ISR.c ****     /* Set the ISR to point to the passive one. */
 117:.\Generated_Source\PSoC4/CC_ISR.c ****     CC_ISR_SetVector(&IntDefaultHandler);
 118:.\Generated_Source\PSoC4/CC_ISR.c **** }
 119:.\Generated_Source\PSoC4/CC_ISR.c **** 
 120:.\Generated_Source\PSoC4/CC_ISR.c **** 
 121:.\Generated_Source\PSoC4/CC_ISR.c **** /*******************************************************************************
 122:.\Generated_Source\PSoC4/CC_ISR.c **** * Function Name: CC_ISR_Interrupt
 123:.\Generated_Source\PSoC4/CC_ISR.c **** ********************************************************************************
 124:.\Generated_Source\PSoC4/CC_ISR.c **** *
 125:.\Generated_Source\PSoC4/CC_ISR.c **** * Summary:
 126:.\Generated_Source\PSoC4/CC_ISR.c **** *   The default Interrupt Service Routine for CC_ISR.
 127:.\Generated_Source\PSoC4/CC_ISR.c **** *
 128:.\Generated_Source\PSoC4/CC_ISR.c **** *   Add custom code between the coments to keep the next version of this file
 129:.\Generated_Source\PSoC4/CC_ISR.c **** *   from over writting your code.
 130:.\Generated_Source\PSoC4/CC_ISR.c **** *
 131:.\Generated_Source\PSoC4/CC_ISR.c **** * Parameters:  
 132:.\Generated_Source\PSoC4/CC_ISR.c **** *   None
 133:.\Generated_Source\PSoC4/CC_ISR.c **** *
 134:.\Generated_Source\PSoC4/CC_ISR.c **** * Return:
 135:.\Generated_Source\PSoC4/CC_ISR.c **** *   None
 136:.\Generated_Source\PSoC4/CC_ISR.c **** *
 137:.\Generated_Source\PSoC4/CC_ISR.c **** *******************************************************************************/
 138:.\Generated_Source\PSoC4/CC_ISR.c **** CY_ISR(CC_ISR_Interrupt)
 139:.\Generated_Source\PSoC4/CC_ISR.c **** {
  26              		.loc 1 139 0
  27              		.cfi_startproc
 140:.\Generated_Source\PSoC4/CC_ISR.c ****     /*  Place your Interrupt code here. */
 141:.\Generated_Source\PSoC4/CC_ISR.c ****     /* `#START CC_ISR_Interrupt` */
 142:.\Generated_Source\PSoC4/CC_ISR.c **** 
 143:.\Generated_Source\PSoC4/CC_ISR.c ****     /* `#END` */
 144:.\Generated_Source\PSoC4/CC_ISR.c **** }
ARM GAS  C:\Users\kevin\AppData\Local\Temp\ccOpwhbe.s 			page 4


  28              		.loc 1 144 0
  29              		@ sp needed
  30 0000 7047     		bx	lr
  31              		.cfi_endproc
  32              	.LFE3:
  33              		.size	CC_ISR_Interrupt, .-CC_ISR_Interrupt
  34              		.section	.text.CC_ISR_Stop,"ax",%progbits
  35              		.align	1
  36              		.global	CC_ISR_Stop
  37              		.code	16
  38              		.thumb_func
  39              		.type	CC_ISR_Stop, %function
  40              	CC_ISR_Stop:
  41              	.LFB2:
 112:.\Generated_Source\PSoC4/CC_ISR.c **** {
  42              		.loc 1 112 0
  43              		.cfi_startproc
  44              	.LBB18:
  45              	.LBB19:
 145:.\Generated_Source\PSoC4/CC_ISR.c **** 
 146:.\Generated_Source\PSoC4/CC_ISR.c **** 
 147:.\Generated_Source\PSoC4/CC_ISR.c **** /*******************************************************************************
 148:.\Generated_Source\PSoC4/CC_ISR.c **** * Function Name: CC_ISR_SetVector
 149:.\Generated_Source\PSoC4/CC_ISR.c **** ********************************************************************************
 150:.\Generated_Source\PSoC4/CC_ISR.c **** *
 151:.\Generated_Source\PSoC4/CC_ISR.c **** * Summary:
 152:.\Generated_Source\PSoC4/CC_ISR.c **** *   Change the ISR vector for the Interrupt. Note calling CC_ISR_Start
 153:.\Generated_Source\PSoC4/CC_ISR.c **** *   will override any effect this method would have had. To set the vector 
 154:.\Generated_Source\PSoC4/CC_ISR.c **** *   before the component has been started use CC_ISR_StartEx instead.
 155:.\Generated_Source\PSoC4/CC_ISR.c **** *
 156:.\Generated_Source\PSoC4/CC_ISR.c **** * Parameters:
 157:.\Generated_Source\PSoC4/CC_ISR.c **** *   address: Address of the ISR to set in the interrupt vector table.
 158:.\Generated_Source\PSoC4/CC_ISR.c **** *
 159:.\Generated_Source\PSoC4/CC_ISR.c **** * Return:
 160:.\Generated_Source\PSoC4/CC_ISR.c **** *   None
 161:.\Generated_Source\PSoC4/CC_ISR.c **** *
 162:.\Generated_Source\PSoC4/CC_ISR.c **** *******************************************************************************/
 163:.\Generated_Source\PSoC4/CC_ISR.c **** void CC_ISR_SetVector(cyisraddress address)
 164:.\Generated_Source\PSoC4/CC_ISR.c **** {
 165:.\Generated_Source\PSoC4/CC_ISR.c ****     CyRamVectors[CYINT_IRQ_BASE + CC_ISR__INTC_NUMBER] = address;
 166:.\Generated_Source\PSoC4/CC_ISR.c **** }
 167:.\Generated_Source\PSoC4/CC_ISR.c **** 
 168:.\Generated_Source\PSoC4/CC_ISR.c **** 
 169:.\Generated_Source\PSoC4/CC_ISR.c **** /*******************************************************************************
 170:.\Generated_Source\PSoC4/CC_ISR.c **** * Function Name: CC_ISR_GetVector
 171:.\Generated_Source\PSoC4/CC_ISR.c **** ********************************************************************************
 172:.\Generated_Source\PSoC4/CC_ISR.c **** *
 173:.\Generated_Source\PSoC4/CC_ISR.c **** * Summary:
 174:.\Generated_Source\PSoC4/CC_ISR.c **** *   Gets the "address" of the current ISR vector for the Interrupt.
 175:.\Generated_Source\PSoC4/CC_ISR.c **** *
 176:.\Generated_Source\PSoC4/CC_ISR.c **** * Parameters:
 177:.\Generated_Source\PSoC4/CC_ISR.c **** *   None
 178:.\Generated_Source\PSoC4/CC_ISR.c **** *
 179:.\Generated_Source\PSoC4/CC_ISR.c **** * Return:
 180:.\Generated_Source\PSoC4/CC_ISR.c **** *   Address of the ISR in the interrupt vector table.
 181:.\Generated_Source\PSoC4/CC_ISR.c **** *
 182:.\Generated_Source\PSoC4/CC_ISR.c **** *******************************************************************************/
ARM GAS  C:\Users\kevin\AppData\Local\Temp\ccOpwhbe.s 			page 5


 183:.\Generated_Source\PSoC4/CC_ISR.c **** cyisraddress CC_ISR_GetVector(void)
 184:.\Generated_Source\PSoC4/CC_ISR.c **** {
 185:.\Generated_Source\PSoC4/CC_ISR.c ****     return CyRamVectors[CYINT_IRQ_BASE + CC_ISR__INTC_NUMBER];
 186:.\Generated_Source\PSoC4/CC_ISR.c **** }
 187:.\Generated_Source\PSoC4/CC_ISR.c **** 
 188:.\Generated_Source\PSoC4/CC_ISR.c **** 
 189:.\Generated_Source\PSoC4/CC_ISR.c **** /*******************************************************************************
 190:.\Generated_Source\PSoC4/CC_ISR.c **** * Function Name: CC_ISR_SetPriority
 191:.\Generated_Source\PSoC4/CC_ISR.c **** ********************************************************************************
 192:.\Generated_Source\PSoC4/CC_ISR.c **** *
 193:.\Generated_Source\PSoC4/CC_ISR.c **** * Summary:
 194:.\Generated_Source\PSoC4/CC_ISR.c **** *   Sets the Priority of the Interrupt. Note calling CC_ISR_Start
 195:.\Generated_Source\PSoC4/CC_ISR.c **** *   or CC_ISR_StartEx will override any effect this method would 
 196:.\Generated_Source\PSoC4/CC_ISR.c **** *   have had. This method should only be called after CC_ISR_Start or 
 197:.\Generated_Source\PSoC4/CC_ISR.c **** *   CC_ISR_StartEx has been called. To set the initial
 198:.\Generated_Source\PSoC4/CC_ISR.c **** *   priority for the component use the cydwr file in the tool.
 199:.\Generated_Source\PSoC4/CC_ISR.c **** *
 200:.\Generated_Source\PSoC4/CC_ISR.c **** * Parameters:
 201:.\Generated_Source\PSoC4/CC_ISR.c **** *   priority: Priority of the interrupt. 0 - 3, 0 being the highest.
 202:.\Generated_Source\PSoC4/CC_ISR.c **** *
 203:.\Generated_Source\PSoC4/CC_ISR.c **** * Return:
 204:.\Generated_Source\PSoC4/CC_ISR.c **** *   None
 205:.\Generated_Source\PSoC4/CC_ISR.c **** *
 206:.\Generated_Source\PSoC4/CC_ISR.c **** *******************************************************************************/
 207:.\Generated_Source\PSoC4/CC_ISR.c **** void CC_ISR_SetPriority(uint8 priority)
 208:.\Generated_Source\PSoC4/CC_ISR.c **** {
 209:.\Generated_Source\PSoC4/CC_ISR.c **** 	uint8 interruptState;
 210:.\Generated_Source\PSoC4/CC_ISR.c ****     uint32 priorityOffset = ((CC_ISR__INTC_NUMBER % 4u) * 8u) + 6u;
 211:.\Generated_Source\PSoC4/CC_ISR.c ****     
 212:.\Generated_Source\PSoC4/CC_ISR.c **** 	interruptState = CyEnterCriticalSection();
 213:.\Generated_Source\PSoC4/CC_ISR.c ****     *CC_ISR_INTC_PRIOR = (*CC_ISR_INTC_PRIOR & (uint32)(~CC_ISR__INTC_PRIOR_MASK)) |
 214:.\Generated_Source\PSoC4/CC_ISR.c ****                                     ((uint32)priority << priorityOffset);
 215:.\Generated_Source\PSoC4/CC_ISR.c **** 	CyExitCriticalSection(interruptState);
 216:.\Generated_Source\PSoC4/CC_ISR.c **** }
 217:.\Generated_Source\PSoC4/CC_ISR.c **** 
 218:.\Generated_Source\PSoC4/CC_ISR.c **** 
 219:.\Generated_Source\PSoC4/CC_ISR.c **** /*******************************************************************************
 220:.\Generated_Source\PSoC4/CC_ISR.c **** * Function Name: CC_ISR_GetPriority
 221:.\Generated_Source\PSoC4/CC_ISR.c **** ********************************************************************************
 222:.\Generated_Source\PSoC4/CC_ISR.c **** *
 223:.\Generated_Source\PSoC4/CC_ISR.c **** * Summary:
 224:.\Generated_Source\PSoC4/CC_ISR.c **** *   Gets the Priority of the Interrupt.
 225:.\Generated_Source\PSoC4/CC_ISR.c **** *
 226:.\Generated_Source\PSoC4/CC_ISR.c **** * Parameters:
 227:.\Generated_Source\PSoC4/CC_ISR.c **** *   None
 228:.\Generated_Source\PSoC4/CC_ISR.c **** *
 229:.\Generated_Source\PSoC4/CC_ISR.c **** * Return:
 230:.\Generated_Source\PSoC4/CC_ISR.c **** *   Priority of the interrupt. 0 - 3, 0 being the highest.
 231:.\Generated_Source\PSoC4/CC_ISR.c **** *
 232:.\Generated_Source\PSoC4/CC_ISR.c **** *******************************************************************************/
 233:.\Generated_Source\PSoC4/CC_ISR.c **** uint8 CC_ISR_GetPriority(void)
 234:.\Generated_Source\PSoC4/CC_ISR.c **** {
 235:.\Generated_Source\PSoC4/CC_ISR.c ****     uint32 priority;
 236:.\Generated_Source\PSoC4/CC_ISR.c **** 	uint32 priorityOffset = ((CC_ISR__INTC_NUMBER % 4u) * 8u) + 6u;
 237:.\Generated_Source\PSoC4/CC_ISR.c **** 
 238:.\Generated_Source\PSoC4/CC_ISR.c ****     priority = (*CC_ISR_INTC_PRIOR & CC_ISR__INTC_PRIOR_MASK) >> priorityOffset;
 239:.\Generated_Source\PSoC4/CC_ISR.c **** 
ARM GAS  C:\Users\kevin\AppData\Local\Temp\ccOpwhbe.s 			page 6


 240:.\Generated_Source\PSoC4/CC_ISR.c ****     return (uint8)priority;
 241:.\Generated_Source\PSoC4/CC_ISR.c **** }
 242:.\Generated_Source\PSoC4/CC_ISR.c **** 
 243:.\Generated_Source\PSoC4/CC_ISR.c **** 
 244:.\Generated_Source\PSoC4/CC_ISR.c **** /*******************************************************************************
 245:.\Generated_Source\PSoC4/CC_ISR.c **** * Function Name: CC_ISR_Enable
 246:.\Generated_Source\PSoC4/CC_ISR.c **** ********************************************************************************
 247:.\Generated_Source\PSoC4/CC_ISR.c **** *
 248:.\Generated_Source\PSoC4/CC_ISR.c **** * Summary:
 249:.\Generated_Source\PSoC4/CC_ISR.c **** *   Enables the interrupt.
 250:.\Generated_Source\PSoC4/CC_ISR.c **** *
 251:.\Generated_Source\PSoC4/CC_ISR.c **** * Parameters:
 252:.\Generated_Source\PSoC4/CC_ISR.c **** *   None
 253:.\Generated_Source\PSoC4/CC_ISR.c **** *
 254:.\Generated_Source\PSoC4/CC_ISR.c **** * Return:
 255:.\Generated_Source\PSoC4/CC_ISR.c **** *   None
 256:.\Generated_Source\PSoC4/CC_ISR.c **** *
 257:.\Generated_Source\PSoC4/CC_ISR.c **** *******************************************************************************/
 258:.\Generated_Source\PSoC4/CC_ISR.c **** void CC_ISR_Enable(void)
 259:.\Generated_Source\PSoC4/CC_ISR.c **** {
 260:.\Generated_Source\PSoC4/CC_ISR.c ****     /* Enable the general interrupt. */
 261:.\Generated_Source\PSoC4/CC_ISR.c ****     *CC_ISR_INTC_SET_EN = CC_ISR__INTC_MASK;
 262:.\Generated_Source\PSoC4/CC_ISR.c **** }
 263:.\Generated_Source\PSoC4/CC_ISR.c **** 
 264:.\Generated_Source\PSoC4/CC_ISR.c **** 
 265:.\Generated_Source\PSoC4/CC_ISR.c **** /*******************************************************************************
 266:.\Generated_Source\PSoC4/CC_ISR.c **** * Function Name: CC_ISR_GetState
 267:.\Generated_Source\PSoC4/CC_ISR.c **** ********************************************************************************
 268:.\Generated_Source\PSoC4/CC_ISR.c **** *
 269:.\Generated_Source\PSoC4/CC_ISR.c **** * Summary:
 270:.\Generated_Source\PSoC4/CC_ISR.c **** *   Gets the state (enabled, disabled) of the Interrupt.
 271:.\Generated_Source\PSoC4/CC_ISR.c **** *
 272:.\Generated_Source\PSoC4/CC_ISR.c **** * Parameters:
 273:.\Generated_Source\PSoC4/CC_ISR.c **** *   None
 274:.\Generated_Source\PSoC4/CC_ISR.c **** *
 275:.\Generated_Source\PSoC4/CC_ISR.c **** * Return:
 276:.\Generated_Source\PSoC4/CC_ISR.c **** *   1 if enabled, 0 if disabled.
 277:.\Generated_Source\PSoC4/CC_ISR.c **** *
 278:.\Generated_Source\PSoC4/CC_ISR.c **** *******************************************************************************/
 279:.\Generated_Source\PSoC4/CC_ISR.c **** uint8 CC_ISR_GetState(void)
 280:.\Generated_Source\PSoC4/CC_ISR.c **** {
 281:.\Generated_Source\PSoC4/CC_ISR.c ****     /* Get the state of the general interrupt. */
 282:.\Generated_Source\PSoC4/CC_ISR.c ****     return ((*CC_ISR_INTC_SET_EN & (uint32)CC_ISR__INTC_MASK) != 0u) ? 1u:0u;
 283:.\Generated_Source\PSoC4/CC_ISR.c **** }
 284:.\Generated_Source\PSoC4/CC_ISR.c **** 
 285:.\Generated_Source\PSoC4/CC_ISR.c **** 
 286:.\Generated_Source\PSoC4/CC_ISR.c **** /*******************************************************************************
 287:.\Generated_Source\PSoC4/CC_ISR.c **** * Function Name: CC_ISR_Disable
 288:.\Generated_Source\PSoC4/CC_ISR.c **** ********************************************************************************
 289:.\Generated_Source\PSoC4/CC_ISR.c **** *
 290:.\Generated_Source\PSoC4/CC_ISR.c **** * Summary:
 291:.\Generated_Source\PSoC4/CC_ISR.c **** *   Disables the Interrupt.
 292:.\Generated_Source\PSoC4/CC_ISR.c **** *
 293:.\Generated_Source\PSoC4/CC_ISR.c **** * Parameters:
 294:.\Generated_Source\PSoC4/CC_ISR.c **** *   None
 295:.\Generated_Source\PSoC4/CC_ISR.c **** *
 296:.\Generated_Source\PSoC4/CC_ISR.c **** * Return:
ARM GAS  C:\Users\kevin\AppData\Local\Temp\ccOpwhbe.s 			page 7


 297:.\Generated_Source\PSoC4/CC_ISR.c **** *   None
 298:.\Generated_Source\PSoC4/CC_ISR.c **** *
 299:.\Generated_Source\PSoC4/CC_ISR.c **** *******************************************************************************/
 300:.\Generated_Source\PSoC4/CC_ISR.c **** void CC_ISR_Disable(void)
 301:.\Generated_Source\PSoC4/CC_ISR.c **** {
 302:.\Generated_Source\PSoC4/CC_ISR.c ****     /* Disable the general interrupt. */
 303:.\Generated_Source\PSoC4/CC_ISR.c ****     *CC_ISR_INTC_CLR_EN = CC_ISR__INTC_MASK;
  46              		.loc 1 303 0
  47 0000 044B     		ldr	r3, .L3
  48 0002 8022     		mov	r2, #128
  49 0004 5202     		lsl	r2, r2, #9
  50 0006 1A60     		str	r2, [r3]
  51              	.LVL0:
  52              	.LBE19:
  53              	.LBE18:
  54              	.LBB20:
  55              	.LBB21:
 165:.\Generated_Source\PSoC4/CC_ISR.c ****     CyRamVectors[CYINT_IRQ_BASE + CC_ISR__INTC_NUMBER] = address;
  56              		.loc 1 165 0
  57 0008 034B     		ldr	r3, .L3+4
  58 000a 044A     		ldr	r2, .L3+8
  59 000c 0433     		add	r3, r3, #4
  60 000e DA67     		str	r2, [r3, #124]
  61              	.LBE21:
  62              	.LBE20:
 118:.\Generated_Source\PSoC4/CC_ISR.c **** }
  63              		.loc 1 118 0
  64              		@ sp needed
  65 0010 7047     		bx	lr
  66              	.L4:
  67 0012 C046     		.align	2
  68              	.L3:
  69 0014 80E100E0 		.word	-536813184
  70 0018 00000000 		.word	CyRamVectors
  71 001c 00000000 		.word	IntDefaultHandler
  72              		.cfi_endproc
  73              	.LFE2:
  74              		.size	CC_ISR_Stop, .-CC_ISR_Stop
  75              		.section	.text.CC_ISR_SetVector,"ax",%progbits
  76              		.align	1
  77              		.global	CC_ISR_SetVector
  78              		.code	16
  79              		.thumb_func
  80              		.type	CC_ISR_SetVector, %function
  81              	CC_ISR_SetVector:
  82              	.LFB4:
 164:.\Generated_Source\PSoC4/CC_ISR.c **** {
  83              		.loc 1 164 0
  84              		.cfi_startproc
  85              	.LVL1:
 165:.\Generated_Source\PSoC4/CC_ISR.c ****     CyRamVectors[CYINT_IRQ_BASE + CC_ISR__INTC_NUMBER] = address;
  86              		.loc 1 165 0
  87 0000 014B     		ldr	r3, .L6
 166:.\Generated_Source\PSoC4/CC_ISR.c **** }
  88              		.loc 1 166 0
  89              		@ sp needed
 165:.\Generated_Source\PSoC4/CC_ISR.c ****     CyRamVectors[CYINT_IRQ_BASE + CC_ISR__INTC_NUMBER] = address;
ARM GAS  C:\Users\kevin\AppData\Local\Temp\ccOpwhbe.s 			page 8


  90              		.loc 1 165 0
  91 0002 0433     		add	r3, r3, #4
  92 0004 D867     		str	r0, [r3, #124]
 166:.\Generated_Source\PSoC4/CC_ISR.c **** }
  93              		.loc 1 166 0
  94 0006 7047     		bx	lr
  95              	.L7:
  96              		.align	2
  97              	.L6:
  98 0008 00000000 		.word	CyRamVectors
  99              		.cfi_endproc
 100              	.LFE4:
 101              		.size	CC_ISR_SetVector, .-CC_ISR_SetVector
 102              		.section	.text.CC_ISR_GetVector,"ax",%progbits
 103              		.align	1
 104              		.global	CC_ISR_GetVector
 105              		.code	16
 106              		.thumb_func
 107              		.type	CC_ISR_GetVector, %function
 108              	CC_ISR_GetVector:
 109              	.LFB5:
 184:.\Generated_Source\PSoC4/CC_ISR.c **** {
 110              		.loc 1 184 0
 111              		.cfi_startproc
 185:.\Generated_Source\PSoC4/CC_ISR.c ****     return CyRamVectors[CYINT_IRQ_BASE + CC_ISR__INTC_NUMBER];
 112              		.loc 1 185 0
 113 0000 014B     		ldr	r3, .L9
 186:.\Generated_Source\PSoC4/CC_ISR.c **** }
 114              		.loc 1 186 0
 115              		@ sp needed
 185:.\Generated_Source\PSoC4/CC_ISR.c ****     return CyRamVectors[CYINT_IRQ_BASE + CC_ISR__INTC_NUMBER];
 116              		.loc 1 185 0
 117 0002 0433     		add	r3, r3, #4
 118 0004 D86F     		ldr	r0, [r3, #124]
 186:.\Generated_Source\PSoC4/CC_ISR.c **** }
 119              		.loc 1 186 0
 120 0006 7047     		bx	lr
 121              	.L10:
 122              		.align	2
 123              	.L9:
 124 0008 00000000 		.word	CyRamVectors
 125              		.cfi_endproc
 126              	.LFE5:
 127              		.size	CC_ISR_GetVector, .-CC_ISR_GetVector
 128              		.section	.text.CC_ISR_SetPriority,"ax",%progbits
 129              		.align	1
 130              		.global	CC_ISR_SetPriority
 131              		.code	16
 132              		.thumb_func
 133              		.type	CC_ISR_SetPriority, %function
 134              	CC_ISR_SetPriority:
 135              	.LFB6:
 208:.\Generated_Source\PSoC4/CC_ISR.c **** {
 136              		.loc 1 208 0
 137              		.cfi_startproc
 138              	.LVL2:
 139 0000 10B5     		push	{r4, lr}
ARM GAS  C:\Users\kevin\AppData\Local\Temp\ccOpwhbe.s 			page 9


 140              		.cfi_def_cfa_offset 8
 141              		.cfi_offset 4, -8
 142              		.cfi_offset 14, -4
 208:.\Generated_Source\PSoC4/CC_ISR.c **** {
 143              		.loc 1 208 0
 144 0002 041C     		mov	r4, r0
 212:.\Generated_Source\PSoC4/CC_ISR.c **** 	interruptState = CyEnterCriticalSection();
 145              		.loc 1 212 0
 146 0004 FFF7FEFF 		bl	CyEnterCriticalSection
 147              	.LVL3:
 213:.\Generated_Source\PSoC4/CC_ISR.c ****     *CC_ISR_INTC_PRIOR = (*CC_ISR_INTC_PRIOR & (uint32)(~CC_ISR__INTC_PRIOR_MASK)) |
 148              		.loc 1 213 0
 149 0008 054B     		ldr	r3, .L12
 214:.\Generated_Source\PSoC4/CC_ISR.c ****                                     ((uint32)priority << priorityOffset);
 150              		.loc 1 214 0
 151 000a A201     		lsl	r2, r4, #6
 213:.\Generated_Source\PSoC4/CC_ISR.c ****     *CC_ISR_INTC_PRIOR = (*CC_ISR_INTC_PRIOR & (uint32)(~CC_ISR__INTC_PRIOR_MASK)) |
 152              		.loc 1 213 0
 153 000c 1968     		ldr	r1, [r3]
 154 000e C024     		mov	r4, #192
 155 0010 A143     		bic	r1, r4
 156 0012 0C1C     		mov	r4, r1
 157 0014 1443     		orr	r4, r2
 158 0016 1C60     		str	r4, [r3]
 215:.\Generated_Source\PSoC4/CC_ISR.c **** 	CyExitCriticalSection(interruptState);
 159              		.loc 1 215 0
 160 0018 FFF7FEFF 		bl	CyExitCriticalSection
 161              	.LVL4:
 216:.\Generated_Source\PSoC4/CC_ISR.c **** }
 162              		.loc 1 216 0
 163              		@ sp needed
 164 001c 10BD     		pop	{r4, pc}
 165              	.L13:
 166 001e C046     		.align	2
 167              	.L12:
 168 0020 10E400E0 		.word	-536812528
 169              		.cfi_endproc
 170              	.LFE6:
 171              		.size	CC_ISR_SetPriority, .-CC_ISR_SetPriority
 172              		.section	.text.CC_ISR_Start,"ax",%progbits
 173              		.align	1
 174              		.global	CC_ISR_Start
 175              		.code	16
 176              		.thumb_func
 177              		.type	CC_ISR_Start, %function
 178              	CC_ISR_Start:
 179              	.LFB0:
  53:.\Generated_Source\PSoC4/CC_ISR.c **** {
 180              		.loc 1 53 0
 181              		.cfi_startproc
 182 0000 10B5     		push	{r4, lr}
 183              		.cfi_def_cfa_offset 8
 184              		.cfi_offset 4, -8
 185              		.cfi_offset 14, -4
 186              	.LBB22:
 187              	.LBB23:
 188              		.loc 1 303 0
ARM GAS  C:\Users\kevin\AppData\Local\Temp\ccOpwhbe.s 			page 10


 189 0002 074B     		ldr	r3, .L15
 190 0004 8024     		mov	r4, #128
 191 0006 6402     		lsl	r4, r4, #9
 192 0008 1C60     		str	r4, [r3]
 193              	.LVL5:
 194              	.LBE23:
 195              	.LBE22:
 196              	.LBB24:
 197              	.LBB25:
 165:.\Generated_Source\PSoC4/CC_ISR.c ****     CyRamVectors[CYINT_IRQ_BASE + CC_ISR__INTC_NUMBER] = address;
 198              		.loc 1 165 0
 199 000a 064B     		ldr	r3, .L15+4
 200 000c 064A     		ldr	r2, .L15+8
 201 000e 0433     		add	r3, r3, #4
 202              	.LBE25:
 203              	.LBE24:
  61:.\Generated_Source\PSoC4/CC_ISR.c ****     CC_ISR_SetPriority((uint8)CC_ISR_INTC_PRIOR_NUMBER);
 204              		.loc 1 61 0
 205 0010 0320     		mov	r0, #3
 206              	.LBB27:
 207              	.LBB26:
 165:.\Generated_Source\PSoC4/CC_ISR.c ****     CyRamVectors[CYINT_IRQ_BASE + CC_ISR__INTC_NUMBER] = address;
 208              		.loc 1 165 0
 209 0012 DA67     		str	r2, [r3, #124]
 210              	.LBE26:
 211              	.LBE27:
  61:.\Generated_Source\PSoC4/CC_ISR.c ****     CC_ISR_SetPriority((uint8)CC_ISR_INTC_PRIOR_NUMBER);
 212              		.loc 1 61 0
 213 0014 FFF7FEFF 		bl	CC_ISR_SetPriority
 214              	.LVL6:
 215              	.LBB28:
 216              	.LBB29:
 261:.\Generated_Source\PSoC4/CC_ISR.c ****     *CC_ISR_INTC_SET_EN = CC_ISR__INTC_MASK;
 217              		.loc 1 261 0
 218 0018 044B     		ldr	r3, .L15+12
 219              	.LBE29:
 220              	.LBE28:
  65:.\Generated_Source\PSoC4/CC_ISR.c **** }
 221              		.loc 1 65 0
 222              		@ sp needed
 223              	.LBB31:
 224              	.LBB30:
 261:.\Generated_Source\PSoC4/CC_ISR.c ****     *CC_ISR_INTC_SET_EN = CC_ISR__INTC_MASK;
 225              		.loc 1 261 0
 226 001a 1C60     		str	r4, [r3]
 227              	.LBE30:
 228              	.LBE31:
  65:.\Generated_Source\PSoC4/CC_ISR.c **** }
 229              		.loc 1 65 0
 230 001c 10BD     		pop	{r4, pc}
 231              	.L16:
 232 001e C046     		.align	2
 233              	.L15:
 234 0020 80E100E0 		.word	-536813184
 235 0024 00000000 		.word	CyRamVectors
 236 0028 00000000 		.word	CC_ISR_Interrupt
 237 002c 00E100E0 		.word	-536813312
ARM GAS  C:\Users\kevin\AppData\Local\Temp\ccOpwhbe.s 			page 11


 238              		.cfi_endproc
 239              	.LFE0:
 240              		.size	CC_ISR_Start, .-CC_ISR_Start
 241              		.section	.text.CC_ISR_StartEx,"ax",%progbits
 242              		.align	1
 243              		.global	CC_ISR_StartEx
 244              		.code	16
 245              		.thumb_func
 246              		.type	CC_ISR_StartEx, %function
 247              	CC_ISR_StartEx:
 248              	.LFB1:
  83:.\Generated_Source\PSoC4/CC_ISR.c **** {
 249              		.loc 1 83 0
 250              		.cfi_startproc
 251              	.LVL7:
 252 0000 10B5     		push	{r4, lr}
 253              		.cfi_def_cfa_offset 8
 254              		.cfi_offset 4, -8
 255              		.cfi_offset 14, -4
 256              	.LBB32:
 257              	.LBB33:
 258              		.loc 1 303 0
 259 0002 064B     		ldr	r3, .L18
 260 0004 8024     		mov	r4, #128
 261 0006 6402     		lsl	r4, r4, #9
 262 0008 1C60     		str	r4, [r3]
 263              	.LVL8:
 264              	.LBE33:
 265              	.LBE32:
 266              	.LBB34:
 267              	.LBB35:
 165:.\Generated_Source\PSoC4/CC_ISR.c ****     CyRamVectors[CYINT_IRQ_BASE + CC_ISR__INTC_NUMBER] = address;
 268              		.loc 1 165 0
 269 000a 054B     		ldr	r3, .L18+4
 270              	.LBE35:
 271              	.LBE34:
  95:.\Generated_Source\PSoC4/CC_ISR.c **** }
 272              		.loc 1 95 0
 273              		@ sp needed
 274              	.LBB37:
 275              	.LBB36:
 165:.\Generated_Source\PSoC4/CC_ISR.c ****     CyRamVectors[CYINT_IRQ_BASE + CC_ISR__INTC_NUMBER] = address;
 276              		.loc 1 165 0
 277 000c 0433     		add	r3, r3, #4
 278 000e D867     		str	r0, [r3, #124]
 279              	.LBE36:
 280              	.LBE37:
  91:.\Generated_Source\PSoC4/CC_ISR.c ****     CC_ISR_SetPriority((uint8)CC_ISR_INTC_PRIOR_NUMBER);
 281              		.loc 1 91 0
 282 0010 0320     		mov	r0, #3
 283              	.LVL9:
 284 0012 FFF7FEFF 		bl	CC_ISR_SetPriority
 285              	.LVL10:
 286              	.LBB38:
 287              	.LBB39:
 261:.\Generated_Source\PSoC4/CC_ISR.c ****     *CC_ISR_INTC_SET_EN = CC_ISR__INTC_MASK;
 288              		.loc 1 261 0
ARM GAS  C:\Users\kevin\AppData\Local\Temp\ccOpwhbe.s 			page 12


 289 0016 034B     		ldr	r3, .L18+8
 290 0018 1C60     		str	r4, [r3]
 291              	.LBE39:
 292              	.LBE38:
  95:.\Generated_Source\PSoC4/CC_ISR.c **** }
 293              		.loc 1 95 0
 294 001a 10BD     		pop	{r4, pc}
 295              	.L19:
 296              		.align	2
 297              	.L18:
 298 001c 80E100E0 		.word	-536813184
 299 0020 00000000 		.word	CyRamVectors
 300 0024 00E100E0 		.word	-536813312
 301              		.cfi_endproc
 302              	.LFE1:
 303              		.size	CC_ISR_StartEx, .-CC_ISR_StartEx
 304              		.section	.text.CC_ISR_GetPriority,"ax",%progbits
 305              		.align	1
 306              		.global	CC_ISR_GetPriority
 307              		.code	16
 308              		.thumb_func
 309              		.type	CC_ISR_GetPriority, %function
 310              	CC_ISR_GetPriority:
 311              	.LFB7:
 234:.\Generated_Source\PSoC4/CC_ISR.c **** {
 312              		.loc 1 234 0
 313              		.cfi_startproc
 314              	.LVL11:
 238:.\Generated_Source\PSoC4/CC_ISR.c ****     priority = (*CC_ISR_INTC_PRIOR & CC_ISR__INTC_PRIOR_MASK) >> priorityOffset;
 315              		.loc 1 238 0
 316 0000 024B     		ldr	r3, .L21
 241:.\Generated_Source\PSoC4/CC_ISR.c **** }
 317              		.loc 1 241 0
 318              		@ sp needed
 238:.\Generated_Source\PSoC4/CC_ISR.c ****     priority = (*CC_ISR_INTC_PRIOR & CC_ISR__INTC_PRIOR_MASK) >> priorityOffset;
 319              		.loc 1 238 0
 320 0002 1868     		ldr	r0, [r3]
 321              	.LVL12:
 322 0004 0006     		lsl	r0, r0, #24
 323              	.LVL13:
 240:.\Generated_Source\PSoC4/CC_ISR.c ****     return (uint8)priority;
 324              		.loc 1 240 0
 325 0006 800F     		lsr	r0, r0, #30
 241:.\Generated_Source\PSoC4/CC_ISR.c **** }
 326              		.loc 1 241 0
 327 0008 7047     		bx	lr
 328              	.L22:
 329 000a C046     		.align	2
 330              	.L21:
 331 000c 10E400E0 		.word	-536812528
 332              		.cfi_endproc
 333              	.LFE7:
 334              		.size	CC_ISR_GetPriority, .-CC_ISR_GetPriority
 335              		.section	.text.CC_ISR_Enable,"ax",%progbits
 336              		.align	1
 337              		.global	CC_ISR_Enable
 338              		.code	16
ARM GAS  C:\Users\kevin\AppData\Local\Temp\ccOpwhbe.s 			page 13


 339              		.thumb_func
 340              		.type	CC_ISR_Enable, %function
 341              	CC_ISR_Enable:
 342              	.LFB8:
 259:.\Generated_Source\PSoC4/CC_ISR.c **** {
 343              		.loc 1 259 0
 344              		.cfi_startproc
 261:.\Generated_Source\PSoC4/CC_ISR.c ****     *CC_ISR_INTC_SET_EN = CC_ISR__INTC_MASK;
 345              		.loc 1 261 0
 346 0000 024B     		ldr	r3, .L24
 347 0002 8022     		mov	r2, #128
 348 0004 5202     		lsl	r2, r2, #9
 349 0006 1A60     		str	r2, [r3]
 262:.\Generated_Source\PSoC4/CC_ISR.c **** }
 350              		.loc 1 262 0
 351              		@ sp needed
 352 0008 7047     		bx	lr
 353              	.L25:
 354 000a C046     		.align	2
 355              	.L24:
 356 000c 00E100E0 		.word	-536813312
 357              		.cfi_endproc
 358              	.LFE8:
 359              		.size	CC_ISR_Enable, .-CC_ISR_Enable
 360              		.section	.text.CC_ISR_GetState,"ax",%progbits
 361              		.align	1
 362              		.global	CC_ISR_GetState
 363              		.code	16
 364              		.thumb_func
 365              		.type	CC_ISR_GetState, %function
 366              	CC_ISR_GetState:
 367              	.LFB9:
 280:.\Generated_Source\PSoC4/CC_ISR.c **** {
 368              		.loc 1 280 0
 369              		.cfi_startproc
 282:.\Generated_Source\PSoC4/CC_ISR.c ****     return ((*CC_ISR_INTC_SET_EN & (uint32)CC_ISR__INTC_MASK) != 0u) ? 1u:0u;
 370              		.loc 1 282 0
 371 0000 024B     		ldr	r3, .L27
 283:.\Generated_Source\PSoC4/CC_ISR.c **** }
 372              		.loc 1 283 0
 373              		@ sp needed
 282:.\Generated_Source\PSoC4/CC_ISR.c ****     return ((*CC_ISR_INTC_SET_EN & (uint32)CC_ISR__INTC_MASK) != 0u) ? 1u:0u;
 374              		.loc 1 282 0
 375 0002 1868     		ldr	r0, [r3]
 376 0004 C003     		lsl	r0, r0, #15
 377 0006 C00F     		lsr	r0, r0, #31
 283:.\Generated_Source\PSoC4/CC_ISR.c **** }
 378              		.loc 1 283 0
 379 0008 7047     		bx	lr
 380              	.L28:
 381 000a C046     		.align	2
 382              	.L27:
 383 000c 00E100E0 		.word	-536813312
 384              		.cfi_endproc
 385              	.LFE9:
 386              		.size	CC_ISR_GetState, .-CC_ISR_GetState
 387              		.section	.text.CC_ISR_Disable,"ax",%progbits
ARM GAS  C:\Users\kevin\AppData\Local\Temp\ccOpwhbe.s 			page 14


 388              		.align	1
 389              		.global	CC_ISR_Disable
 390              		.code	16
 391              		.thumb_func
 392              		.type	CC_ISR_Disable, %function
 393              	CC_ISR_Disable:
 394              	.LFB10:
 301:.\Generated_Source\PSoC4/CC_ISR.c **** {
 395              		.loc 1 301 0
 396              		.cfi_startproc
 397              		.loc 1 303 0
 398 0000 024B     		ldr	r3, .L30
 399 0002 8022     		mov	r2, #128
 400 0004 5202     		lsl	r2, r2, #9
 401 0006 1A60     		str	r2, [r3]
 304:.\Generated_Source\PSoC4/CC_ISR.c **** }
 402              		.loc 1 304 0
 403              		@ sp needed
 404 0008 7047     		bx	lr
 405              	.L31:
 406 000a C046     		.align	2
 407              	.L30:
 408 000c 80E100E0 		.word	-536813184
 409              		.cfi_endproc
 410              	.LFE10:
 411              		.size	CC_ISR_Disable, .-CC_ISR_Disable
 412              		.section	.text.CC_ISR_SetPending,"ax",%progbits
 413              		.align	1
 414              		.global	CC_ISR_SetPending
 415              		.code	16
 416              		.thumb_func
 417              		.type	CC_ISR_SetPending, %function
 418              	CC_ISR_SetPending:
 419              	.LFB11:
 305:.\Generated_Source\PSoC4/CC_ISR.c **** 
 306:.\Generated_Source\PSoC4/CC_ISR.c **** 
 307:.\Generated_Source\PSoC4/CC_ISR.c **** /*******************************************************************************
 308:.\Generated_Source\PSoC4/CC_ISR.c **** * Function Name: CC_ISR_SetPending
 309:.\Generated_Source\PSoC4/CC_ISR.c **** ********************************************************************************
 310:.\Generated_Source\PSoC4/CC_ISR.c **** *
 311:.\Generated_Source\PSoC4/CC_ISR.c **** * Summary:
 312:.\Generated_Source\PSoC4/CC_ISR.c **** *   Causes the Interrupt to enter the pending state, a software method of
 313:.\Generated_Source\PSoC4/CC_ISR.c **** *   generating the interrupt.
 314:.\Generated_Source\PSoC4/CC_ISR.c **** *
 315:.\Generated_Source\PSoC4/CC_ISR.c **** * Parameters:
 316:.\Generated_Source\PSoC4/CC_ISR.c **** *   None
 317:.\Generated_Source\PSoC4/CC_ISR.c **** *
 318:.\Generated_Source\PSoC4/CC_ISR.c **** * Return:
 319:.\Generated_Source\PSoC4/CC_ISR.c **** *   None
 320:.\Generated_Source\PSoC4/CC_ISR.c **** *
 321:.\Generated_Source\PSoC4/CC_ISR.c **** *******************************************************************************/
 322:.\Generated_Source\PSoC4/CC_ISR.c **** void CC_ISR_SetPending(void)
 323:.\Generated_Source\PSoC4/CC_ISR.c **** {
 420              		.loc 1 323 0
 421              		.cfi_startproc
 324:.\Generated_Source\PSoC4/CC_ISR.c ****     *CC_ISR_INTC_SET_PD = CC_ISR__INTC_MASK;
 422              		.loc 1 324 0
ARM GAS  C:\Users\kevin\AppData\Local\Temp\ccOpwhbe.s 			page 15


 423 0000 024B     		ldr	r3, .L33
 424 0002 8022     		mov	r2, #128
 425 0004 5202     		lsl	r2, r2, #9
 426 0006 1A60     		str	r2, [r3]
 325:.\Generated_Source\PSoC4/CC_ISR.c **** }
 427              		.loc 1 325 0
 428              		@ sp needed
 429 0008 7047     		bx	lr
 430              	.L34:
 431 000a C046     		.align	2
 432              	.L33:
 433 000c 00E200E0 		.word	-536813056
 434              		.cfi_endproc
 435              	.LFE11:
 436              		.size	CC_ISR_SetPending, .-CC_ISR_SetPending
 437              		.section	.text.CC_ISR_ClearPending,"ax",%progbits
 438              		.align	1
 439              		.global	CC_ISR_ClearPending
 440              		.code	16
 441              		.thumb_func
 442              		.type	CC_ISR_ClearPending, %function
 443              	CC_ISR_ClearPending:
 444              	.LFB12:
 326:.\Generated_Source\PSoC4/CC_ISR.c **** 
 327:.\Generated_Source\PSoC4/CC_ISR.c **** 
 328:.\Generated_Source\PSoC4/CC_ISR.c **** /*******************************************************************************
 329:.\Generated_Source\PSoC4/CC_ISR.c **** * Function Name: CC_ISR_ClearPending
 330:.\Generated_Source\PSoC4/CC_ISR.c **** ********************************************************************************
 331:.\Generated_Source\PSoC4/CC_ISR.c **** *
 332:.\Generated_Source\PSoC4/CC_ISR.c **** * Summary:
 333:.\Generated_Source\PSoC4/CC_ISR.c **** *   Clears a pending interrupt.
 334:.\Generated_Source\PSoC4/CC_ISR.c **** *
 335:.\Generated_Source\PSoC4/CC_ISR.c **** * Parameters:
 336:.\Generated_Source\PSoC4/CC_ISR.c **** *   None
 337:.\Generated_Source\PSoC4/CC_ISR.c **** *
 338:.\Generated_Source\PSoC4/CC_ISR.c **** * Return:
 339:.\Generated_Source\PSoC4/CC_ISR.c **** *   None
 340:.\Generated_Source\PSoC4/CC_ISR.c **** *
 341:.\Generated_Source\PSoC4/CC_ISR.c **** *******************************************************************************/
 342:.\Generated_Source\PSoC4/CC_ISR.c **** void CC_ISR_ClearPending(void)
 343:.\Generated_Source\PSoC4/CC_ISR.c **** {
 445              		.loc 1 343 0
 446              		.cfi_startproc
 344:.\Generated_Source\PSoC4/CC_ISR.c ****     *CC_ISR_INTC_CLR_PD = CC_ISR__INTC_MASK;
 447              		.loc 1 344 0
 448 0000 024B     		ldr	r3, .L36
 449 0002 8022     		mov	r2, #128
 450 0004 5202     		lsl	r2, r2, #9
 451 0006 1A60     		str	r2, [r3]
 345:.\Generated_Source\PSoC4/CC_ISR.c **** }
 452              		.loc 1 345 0
 453              		@ sp needed
 454 0008 7047     		bx	lr
 455              	.L37:
 456 000a C046     		.align	2
 457              	.L36:
 458 000c 80E200E0 		.word	-536812928
ARM GAS  C:\Users\kevin\AppData\Local\Temp\ccOpwhbe.s 			page 16


 459              		.cfi_endproc
 460              	.LFE12:
 461              		.size	CC_ISR_ClearPending, .-CC_ISR_ClearPending
 462              		.text
 463              	.Letext0:
 464              		.file 2 ".\\Generated_Source\\PSoC4/cytypes.h"
 465              		.file 3 ".\\Generated_Source\\PSoC4/CyLib.h"
 466              		.section	.debug_info,"",%progbits
 467              	.Ldebug_info0:
 468 0000 47030000 		.4byte	0x347
 469 0004 0400     		.2byte	0x4
 470 0006 00000000 		.4byte	.Ldebug_abbrev0
 471 000a 04       		.byte	0x4
 472 000b 01       		.uleb128 0x1
 473 000c 00000000 		.4byte	.LASF32
 474 0010 01       		.byte	0x1
 475 0011 48020000 		.4byte	.LASF33
 476 0015 CE010000 		.4byte	.LASF34
 477 0019 48000000 		.4byte	.Ldebug_ranges0+0x48
 478 001d 00000000 		.4byte	0
 479 0021 00000000 		.4byte	.Ldebug_line0
 480 0025 02       		.uleb128 0x2
 481 0026 01       		.byte	0x1
 482 0027 06       		.byte	0x6
 483 0028 A2020000 		.4byte	.LASF0
 484 002c 02       		.uleb128 0x2
 485 002d 01       		.byte	0x1
 486 002e 08       		.byte	0x8
 487 002f 00010000 		.4byte	.LASF1
 488 0033 02       		.uleb128 0x2
 489 0034 02       		.byte	0x2
 490 0035 05       		.byte	0x5
 491 0036 6A020000 		.4byte	.LASF2
 492 003a 02       		.uleb128 0x2
 493 003b 02       		.byte	0x2
 494 003c 07       		.byte	0x7
 495 003d C2000000 		.4byte	.LASF3
 496 0041 02       		.uleb128 0x2
 497 0042 04       		.byte	0x4
 498 0043 05       		.byte	0x5
 499 0044 83020000 		.4byte	.LASF4
 500 0048 02       		.uleb128 0x2
 501 0049 04       		.byte	0x4
 502 004a 07       		.byte	0x7
 503 004b 1D010000 		.4byte	.LASF5
 504 004f 02       		.uleb128 0x2
 505 0050 08       		.byte	0x8
 506 0051 05       		.byte	0x5
 507 0052 35020000 		.4byte	.LASF6
 508 0056 02       		.uleb128 0x2
 509 0057 08       		.byte	0x8
 510 0058 07       		.byte	0x7
 511 0059 E9000000 		.4byte	.LASF7
 512 005d 03       		.uleb128 0x3
 513 005e 04       		.byte	0x4
 514 005f 05       		.byte	0x5
 515 0060 696E7400 		.ascii	"int\000"
ARM GAS  C:\Users\kevin\AppData\Local\Temp\ccOpwhbe.s 			page 17


 516 0064 02       		.uleb128 0x2
 517 0065 04       		.byte	0x4
 518 0066 07       		.byte	0x7
 519 0067 90010000 		.4byte	.LASF8
 520 006b 04       		.uleb128 0x4
 521 006c 2F010000 		.4byte	.LASF9
 522 0070 02       		.byte	0x2
 523 0071 A1       		.byte	0xa1
 524 0072 2C000000 		.4byte	0x2c
 525 0076 04       		.uleb128 0x4
 526 0077 72010000 		.4byte	.LASF10
 527 007b 02       		.byte	0x2
 528 007c A3       		.byte	0xa3
 529 007d 48000000 		.4byte	0x48
 530 0081 02       		.uleb128 0x2
 531 0082 04       		.byte	0x4
 532 0083 04       		.byte	0x4
 533 0084 E3000000 		.4byte	.LASF11
 534 0088 02       		.uleb128 0x2
 535 0089 08       		.byte	0x8
 536 008a 04       		.byte	0x4
 537 008b 3E010000 		.4byte	.LASF12
 538 008f 02       		.uleb128 0x2
 539 0090 01       		.byte	0x1
 540 0091 08       		.byte	0x8
 541 0092 43020000 		.4byte	.LASF13
 542 0096 05       		.uleb128 0x5
 543 0097 8C020000 		.4byte	.LASF14
 544 009b 02       		.byte	0x2
 545 009c 4D01     		.2byte	0x14d
 546 009e A2000000 		.4byte	0xa2
 547 00a2 06       		.uleb128 0x6
 548 00a3 76000000 		.4byte	0x76
 549 00a7 05       		.uleb128 0x5
 550 00a8 10020000 		.4byte	.LASF15
 551 00ac 02       		.byte	0x2
 552 00ad 5D01     		.2byte	0x15d
 553 00af B3000000 		.4byte	0xb3
 554 00b3 07       		.uleb128 0x7
 555 00b4 04       		.byte	0x4
 556 00b5 B9000000 		.4byte	0xb9
 557 00b9 08       		.uleb128 0x8
 558 00ba 02       		.uleb128 0x2
 559 00bb 04       		.byte	0x4
 560 00bc 07       		.byte	0x7
 561 00bd 2C020000 		.4byte	.LASF16
 562 00c1 09       		.uleb128 0x9
 563 00c2 1D020000 		.4byte	.LASF17
 564 00c6 01       		.byte	0x1
 565 00c7 2C01     		.2byte	0x12c
 566 00c9 01       		.byte	0x1
 567 00ca 0A       		.uleb128 0xa
 568 00cb 52010000 		.4byte	.LASF35
 569 00cf 01       		.byte	0x1
 570 00d0 A3       		.byte	0xa3
 571 00d1 01       		.byte	0x1
 572 00d2 E2000000 		.4byte	0xe2
ARM GAS  C:\Users\kevin\AppData\Local\Temp\ccOpwhbe.s 			page 18


 573 00d6 0B       		.uleb128 0xb
 574 00d7 9D010000 		.4byte	.LASF26
 575 00db 01       		.byte	0x1
 576 00dc A3       		.byte	0xa3
 577 00dd A7000000 		.4byte	0xa7
 578 00e1 00       		.byte	0
 579 00e2 09       		.uleb128 0x9
 580 00e3 D5000000 		.4byte	.LASF18
 581 00e7 01       		.byte	0x1
 582 00e8 0201     		.2byte	0x102
 583 00ea 01       		.byte	0x1
 584 00eb 0C       		.uleb128 0xc
 585 00ec CB020000 		.4byte	.LASF29
 586 00f0 01       		.byte	0x1
 587 00f1 8A       		.byte	0x8a
 588 00f2 00000000 		.4byte	.LFB3
 589 00f6 02000000 		.4byte	.LFE3-.LFB3
 590 00fa 01       		.uleb128 0x1
 591 00fb 9C       		.byte	0x9c
 592 00fc 0D       		.uleb128 0xd
 593 00fd BF020000 		.4byte	.LASF19
 594 0101 01       		.byte	0x1
 595 0102 6F       		.byte	0x6f
 596 0103 00000000 		.4byte	.LFB2
 597 0107 20000000 		.4byte	.LFE2-.LFB2
 598 010b 01       		.uleb128 0x1
 599 010c 9C       		.byte	0x9c
 600 010d 36010000 		.4byte	0x136
 601 0111 0E       		.uleb128 0xe
 602 0112 C1000000 		.4byte	0xc1
 603 0116 00000000 		.4byte	.LBB18
 604 011a 08000000 		.4byte	.LBE18-.LBB18
 605 011e 01       		.byte	0x1
 606 011f 72       		.byte	0x72
 607 0120 0F       		.uleb128 0xf
 608 0121 CA000000 		.4byte	0xca
 609 0125 08000000 		.4byte	.LBB20
 610 0129 08000000 		.4byte	.LBE20-.LBB20
 611 012d 01       		.byte	0x1
 612 012e 75       		.byte	0x75
 613 012f 10       		.uleb128 0x10
 614 0130 D6000000 		.4byte	0xd6
 615 0134 00       		.byte	0
 616 0135 00       		.byte	0
 617 0136 11       		.uleb128 0x11
 618 0137 CA000000 		.4byte	0xca
 619 013b 00000000 		.4byte	.LFB4
 620 013f 0C000000 		.4byte	.LFE4-.LFB4
 621 0143 01       		.uleb128 0x1
 622 0144 9C       		.byte	0x9c
 623 0145 51010000 		.4byte	0x151
 624 0149 12       		.uleb128 0x12
 625 014a D6000000 		.4byte	0xd6
 626 014e 01       		.uleb128 0x1
 627 014f 50       		.byte	0x50
 628 0150 00       		.byte	0
 629 0151 13       		.uleb128 0x13
ARM GAS  C:\Users\kevin\AppData\Local\Temp\ccOpwhbe.s 			page 19


 630 0152 AE020000 		.4byte	.LASF27
 631 0156 01       		.byte	0x1
 632 0157 B7       		.byte	0xb7
 633 0158 A7000000 		.4byte	0xa7
 634 015c 00000000 		.4byte	.LFB5
 635 0160 0C000000 		.4byte	.LFE5-.LFB5
 636 0164 01       		.uleb128 0x1
 637 0165 9C       		.byte	0x9c
 638 0166 0D       		.uleb128 0xd
 639 0167 7C000000 		.4byte	.LASF20
 640 016b 01       		.byte	0x1
 641 016c CF       		.byte	0xcf
 642 016d 00000000 		.4byte	.LFB6
 643 0171 24000000 		.4byte	.LFE6-.LFB6
 644 0175 01       		.uleb128 0x1
 645 0176 9C       		.byte	0x9c
 646 0177 B8010000 		.4byte	0x1b8
 647 017b 14       		.uleb128 0x14
 648 017c 35010000 		.4byte	.LASF25
 649 0180 01       		.byte	0x1
 650 0181 CF       		.byte	0xcf
 651 0182 6B000000 		.4byte	0x6b
 652 0186 00000000 		.4byte	.LLST0
 653 018a 15       		.uleb128 0x15
 654 018b 0E010000 		.4byte	.LASF21
 655 018f 01       		.byte	0x1
 656 0190 D1       		.byte	0xd1
 657 0191 6B000000 		.4byte	0x6b
 658 0195 21000000 		.4byte	.LLST1
 659 0199 16       		.uleb128 0x16
 660 019a 74020000 		.4byte	.LASF22
 661 019e 01       		.byte	0x1
 662 019f D2       		.byte	0xd2
 663 01a0 76000000 		.4byte	0x76
 664 01a4 06       		.byte	0x6
 665 01a5 17       		.uleb128 0x17
 666 01a6 08000000 		.4byte	.LVL3
 667 01aa 32030000 		.4byte	0x332
 668 01ae 17       		.uleb128 0x17
 669 01af 1C000000 		.4byte	.LVL4
 670 01b3 3D030000 		.4byte	0x33d
 671 01b7 00       		.byte	0
 672 01b8 0D       		.uleb128 0xd
 673 01b9 45010000 		.4byte	.LASF23
 674 01bd 01       		.byte	0x1
 675 01be 34       		.byte	0x34
 676 01bf 00000000 		.4byte	.LFB0
 677 01c3 30000000 		.4byte	.LFE0-.LFB0
 678 01c7 01       		.uleb128 0x1
 679 01c8 9C       		.byte	0x9c
 680 01c9 1B020000 		.4byte	0x21b
 681 01cd 0E       		.uleb128 0xe
 682 01ce C1000000 		.4byte	0xc1
 683 01d2 02000000 		.4byte	.LBB22
 684 01d6 08000000 		.4byte	.LBE22-.LBB22
 685 01da 01       		.byte	0x1
 686 01db 37       		.byte	0x37
ARM GAS  C:\Users\kevin\AppData\Local\Temp\ccOpwhbe.s 			page 20


 687 01dc 18       		.uleb128 0x18
 688 01dd CA000000 		.4byte	0xca
 689 01e1 0A000000 		.4byte	.LBB24
 690 01e5 00000000 		.4byte	.Ldebug_ranges0+0
 691 01e9 01       		.byte	0x1
 692 01ea 3A       		.byte	0x3a
 693 01eb FC010000 		.4byte	0x1fc
 694 01ef 12       		.uleb128 0x12
 695 01f0 D6000000 		.4byte	0xd6
 696 01f4 06       		.uleb128 0x6
 697 01f5 03       		.byte	0x3
 698 01f6 00000000 		.4byte	CC_ISR_Interrupt
 699 01fa 9F       		.byte	0x9f
 700 01fb 00       		.byte	0
 701 01fc 19       		.uleb128 0x19
 702 01fd E2000000 		.4byte	0xe2
 703 0201 18000000 		.4byte	.LBB28
 704 0205 18000000 		.4byte	.Ldebug_ranges0+0x18
 705 0209 01       		.byte	0x1
 706 020a 40       		.byte	0x40
 707 020b 1A       		.uleb128 0x1a
 708 020c 18000000 		.4byte	.LVL6
 709 0210 66010000 		.4byte	0x166
 710 0214 1B       		.uleb128 0x1b
 711 0215 01       		.uleb128 0x1
 712 0216 50       		.byte	0x50
 713 0217 01       		.uleb128 0x1
 714 0218 33       		.byte	0x33
 715 0219 00       		.byte	0
 716 021a 00       		.byte	0
 717 021b 0D       		.uleb128 0xd
 718 021c 63010000 		.4byte	.LASF24
 719 0220 01       		.byte	0x1
 720 0221 52       		.byte	0x52
 721 0222 00000000 		.4byte	.LFB1
 722 0226 28000000 		.4byte	.LFE1-.LFB1
 723 022a 01       		.uleb128 0x1
 724 022b 9C       		.byte	0x9c
 725 022c 8A020000 		.4byte	0x28a
 726 0230 14       		.uleb128 0x14
 727 0231 9D010000 		.4byte	.LASF26
 728 0235 01       		.byte	0x1
 729 0236 52       		.byte	0x52
 730 0237 A7000000 		.4byte	0xa7
 731 023b 34000000 		.4byte	.LLST2
 732 023f 0E       		.uleb128 0xe
 733 0240 C1000000 		.4byte	0xc1
 734 0244 02000000 		.4byte	.LBB32
 735 0248 08000000 		.4byte	.LBE32-.LBB32
 736 024c 01       		.byte	0x1
 737 024d 55       		.byte	0x55
 738 024e 18       		.uleb128 0x18
 739 024f CA000000 		.4byte	0xca
 740 0253 0A000000 		.4byte	.LBB34
 741 0257 30000000 		.4byte	.Ldebug_ranges0+0x30
 742 025b 01       		.byte	0x1
 743 025c 58       		.byte	0x58
ARM GAS  C:\Users\kevin\AppData\Local\Temp\ccOpwhbe.s 			page 21


 744 025d 6B020000 		.4byte	0x26b
 745 0261 1C       		.uleb128 0x1c
 746 0262 D6000000 		.4byte	0xd6
 747 0266 62000000 		.4byte	.LLST3
 748 026a 00       		.byte	0
 749 026b 0E       		.uleb128 0xe
 750 026c E2000000 		.4byte	0xe2
 751 0270 16000000 		.4byte	.LBB38
 752 0274 04000000 		.4byte	.LBE38-.LBB38
 753 0278 01       		.byte	0x1
 754 0279 5E       		.byte	0x5e
 755 027a 1A       		.uleb128 0x1a
 756 027b 16000000 		.4byte	.LVL10
 757 027f 66010000 		.4byte	0x166
 758 0283 1B       		.uleb128 0x1b
 759 0284 01       		.uleb128 0x1
 760 0285 50       		.byte	0x50
 761 0286 01       		.uleb128 0x1
 762 0287 33       		.byte	0x33
 763 0288 00       		.byte	0
 764 0289 00       		.byte	0
 765 028a 1D       		.uleb128 0x1d
 766 028b BB010000 		.4byte	.LASF36
 767 028f 01       		.byte	0x1
 768 0290 E9       		.byte	0xe9
 769 0291 6B000000 		.4byte	0x6b
 770 0295 00000000 		.4byte	.LFB7
 771 0299 10000000 		.4byte	.LFE7-.LFB7
 772 029d 01       		.uleb128 0x1
 773 029e 9C       		.byte	0x9c
 774 029f BF020000 		.4byte	0x2bf
 775 02a3 15       		.uleb128 0x15
 776 02a4 35010000 		.4byte	.LASF25
 777 02a8 01       		.byte	0x1
 778 02a9 EB       		.byte	0xeb
 779 02aa 76000000 		.4byte	0x76
 780 02ae 90000000 		.4byte	.LLST4
 781 02b2 16       		.uleb128 0x16
 782 02b3 74020000 		.4byte	.LASF22
 783 02b7 01       		.byte	0x1
 784 02b8 EC       		.byte	0xec
 785 02b9 76000000 		.4byte	0x76
 786 02bd 06       		.byte	0x6
 787 02be 00       		.byte	0
 788 02bf 1E       		.uleb128 0x1e
 789 02c0 E2000000 		.4byte	0xe2
 790 02c4 00000000 		.4byte	.LFB8
 791 02c8 10000000 		.4byte	.LFE8-.LFB8
 792 02cc 01       		.uleb128 0x1
 793 02cd 9C       		.byte	0x9c
 794 02ce 1F       		.uleb128 0x1f
 795 02cf 92020000 		.4byte	.LASF28
 796 02d3 01       		.byte	0x1
 797 02d4 1701     		.2byte	0x117
 798 02d6 6B000000 		.4byte	0x6b
 799 02da 00000000 		.4byte	.LFB9
 800 02de 10000000 		.4byte	.LFE9-.LFB9
ARM GAS  C:\Users\kevin\AppData\Local\Temp\ccOpwhbe.s 			page 22


 801 02e2 01       		.uleb128 0x1
 802 02e3 9C       		.byte	0x9c
 803 02e4 1E       		.uleb128 0x1e
 804 02e5 C1000000 		.4byte	0xc1
 805 02e9 00000000 		.4byte	.LFB10
 806 02ed 10000000 		.4byte	.LFE10-.LFB10
 807 02f1 01       		.uleb128 0x1
 808 02f2 9C       		.byte	0x9c
 809 02f3 20       		.uleb128 0x20
 810 02f4 9C000000 		.4byte	.LASF30
 811 02f8 01       		.byte	0x1
 812 02f9 4201     		.2byte	0x142
 813 02fb 00000000 		.4byte	.LFB11
 814 02ff 10000000 		.4byte	.LFE11-.LFB11
 815 0303 01       		.uleb128 0x1
 816 0304 9C       		.byte	0x9c
 817 0305 20       		.uleb128 0x20
 818 0306 AE000000 		.4byte	.LASF31
 819 030a 01       		.byte	0x1
 820 030b 5601     		.2byte	0x156
 821 030d 00000000 		.4byte	.LFB12
 822 0311 10000000 		.4byte	.LFE12-.LFB12
 823 0315 01       		.uleb128 0x1
 824 0316 9C       		.byte	0x9c
 825 0317 21       		.uleb128 0x21
 826 0318 A7000000 		.4byte	0xa7
 827 031c 27030000 		.4byte	0x327
 828 0320 22       		.uleb128 0x22
 829 0321 BA000000 		.4byte	0xba
 830 0325 2F       		.byte	0x2f
 831 0326 00       		.byte	0
 832 0327 23       		.uleb128 0x23
 833 0328 8F000000 		.4byte	.LASF37
 834 032c 01       		.byte	0x1
 835 032d 20       		.byte	0x20
 836 032e 17030000 		.4byte	0x317
 837 0332 24       		.uleb128 0x24
 838 0333 79010000 		.4byte	.LASF38
 839 0337 03       		.byte	0x3
 840 0338 82       		.byte	0x82
 841 0339 6B000000 		.4byte	0x6b
 842 033d 25       		.uleb128 0x25
 843 033e A5010000 		.4byte	.LASF39
 844 0342 03       		.byte	0x3
 845 0343 83       		.byte	0x83
 846 0344 26       		.uleb128 0x26
 847 0345 6B000000 		.4byte	0x6b
 848 0349 00       		.byte	0
 849 034a 00       		.byte	0
 850              		.section	.debug_abbrev,"",%progbits
 851              	.Ldebug_abbrev0:
 852 0000 01       		.uleb128 0x1
 853 0001 11       		.uleb128 0x11
 854 0002 01       		.byte	0x1
 855 0003 25       		.uleb128 0x25
 856 0004 0E       		.uleb128 0xe
 857 0005 13       		.uleb128 0x13
ARM GAS  C:\Users\kevin\AppData\Local\Temp\ccOpwhbe.s 			page 23


 858 0006 0B       		.uleb128 0xb
 859 0007 03       		.uleb128 0x3
 860 0008 0E       		.uleb128 0xe
 861 0009 1B       		.uleb128 0x1b
 862 000a 0E       		.uleb128 0xe
 863 000b 55       		.uleb128 0x55
 864 000c 17       		.uleb128 0x17
 865 000d 11       		.uleb128 0x11
 866 000e 01       		.uleb128 0x1
 867 000f 10       		.uleb128 0x10
 868 0010 17       		.uleb128 0x17
 869 0011 00       		.byte	0
 870 0012 00       		.byte	0
 871 0013 02       		.uleb128 0x2
 872 0014 24       		.uleb128 0x24
 873 0015 00       		.byte	0
 874 0016 0B       		.uleb128 0xb
 875 0017 0B       		.uleb128 0xb
 876 0018 3E       		.uleb128 0x3e
 877 0019 0B       		.uleb128 0xb
 878 001a 03       		.uleb128 0x3
 879 001b 0E       		.uleb128 0xe
 880 001c 00       		.byte	0
 881 001d 00       		.byte	0
 882 001e 03       		.uleb128 0x3
 883 001f 24       		.uleb128 0x24
 884 0020 00       		.byte	0
 885 0021 0B       		.uleb128 0xb
 886 0022 0B       		.uleb128 0xb
 887 0023 3E       		.uleb128 0x3e
 888 0024 0B       		.uleb128 0xb
 889 0025 03       		.uleb128 0x3
 890 0026 08       		.uleb128 0x8
 891 0027 00       		.byte	0
 892 0028 00       		.byte	0
 893 0029 04       		.uleb128 0x4
 894 002a 16       		.uleb128 0x16
 895 002b 00       		.byte	0
 896 002c 03       		.uleb128 0x3
 897 002d 0E       		.uleb128 0xe
 898 002e 3A       		.uleb128 0x3a
 899 002f 0B       		.uleb128 0xb
 900 0030 3B       		.uleb128 0x3b
 901 0031 0B       		.uleb128 0xb
 902 0032 49       		.uleb128 0x49
 903 0033 13       		.uleb128 0x13
 904 0034 00       		.byte	0
 905 0035 00       		.byte	0
 906 0036 05       		.uleb128 0x5
 907 0037 16       		.uleb128 0x16
 908 0038 00       		.byte	0
 909 0039 03       		.uleb128 0x3
 910 003a 0E       		.uleb128 0xe
 911 003b 3A       		.uleb128 0x3a
 912 003c 0B       		.uleb128 0xb
 913 003d 3B       		.uleb128 0x3b
 914 003e 05       		.uleb128 0x5
ARM GAS  C:\Users\kevin\AppData\Local\Temp\ccOpwhbe.s 			page 24


 915 003f 49       		.uleb128 0x49
 916 0040 13       		.uleb128 0x13
 917 0041 00       		.byte	0
 918 0042 00       		.byte	0
 919 0043 06       		.uleb128 0x6
 920 0044 35       		.uleb128 0x35
 921 0045 00       		.byte	0
 922 0046 49       		.uleb128 0x49
 923 0047 13       		.uleb128 0x13
 924 0048 00       		.byte	0
 925 0049 00       		.byte	0
 926 004a 07       		.uleb128 0x7
 927 004b 0F       		.uleb128 0xf
 928 004c 00       		.byte	0
 929 004d 0B       		.uleb128 0xb
 930 004e 0B       		.uleb128 0xb
 931 004f 49       		.uleb128 0x49
 932 0050 13       		.uleb128 0x13
 933 0051 00       		.byte	0
 934 0052 00       		.byte	0
 935 0053 08       		.uleb128 0x8
 936 0054 15       		.uleb128 0x15
 937 0055 00       		.byte	0
 938 0056 27       		.uleb128 0x27
 939 0057 19       		.uleb128 0x19
 940 0058 00       		.byte	0
 941 0059 00       		.byte	0
 942 005a 09       		.uleb128 0x9
 943 005b 2E       		.uleb128 0x2e
 944 005c 00       		.byte	0
 945 005d 3F       		.uleb128 0x3f
 946 005e 19       		.uleb128 0x19
 947 005f 03       		.uleb128 0x3
 948 0060 0E       		.uleb128 0xe
 949 0061 3A       		.uleb128 0x3a
 950 0062 0B       		.uleb128 0xb
 951 0063 3B       		.uleb128 0x3b
 952 0064 05       		.uleb128 0x5
 953 0065 27       		.uleb128 0x27
 954 0066 19       		.uleb128 0x19
 955 0067 20       		.uleb128 0x20
 956 0068 0B       		.uleb128 0xb
 957 0069 00       		.byte	0
 958 006a 00       		.byte	0
 959 006b 0A       		.uleb128 0xa
 960 006c 2E       		.uleb128 0x2e
 961 006d 01       		.byte	0x1
 962 006e 3F       		.uleb128 0x3f
 963 006f 19       		.uleb128 0x19
 964 0070 03       		.uleb128 0x3
 965 0071 0E       		.uleb128 0xe
 966 0072 3A       		.uleb128 0x3a
 967 0073 0B       		.uleb128 0xb
 968 0074 3B       		.uleb128 0x3b
 969 0075 0B       		.uleb128 0xb
 970 0076 27       		.uleb128 0x27
 971 0077 19       		.uleb128 0x19
ARM GAS  C:\Users\kevin\AppData\Local\Temp\ccOpwhbe.s 			page 25


 972 0078 20       		.uleb128 0x20
 973 0079 0B       		.uleb128 0xb
 974 007a 01       		.uleb128 0x1
 975 007b 13       		.uleb128 0x13
 976 007c 00       		.byte	0
 977 007d 00       		.byte	0
 978 007e 0B       		.uleb128 0xb
 979 007f 05       		.uleb128 0x5
 980 0080 00       		.byte	0
 981 0081 03       		.uleb128 0x3
 982 0082 0E       		.uleb128 0xe
 983 0083 3A       		.uleb128 0x3a
 984 0084 0B       		.uleb128 0xb
 985 0085 3B       		.uleb128 0x3b
 986 0086 0B       		.uleb128 0xb
 987 0087 49       		.uleb128 0x49
 988 0088 13       		.uleb128 0x13
 989 0089 00       		.byte	0
 990 008a 00       		.byte	0
 991 008b 0C       		.uleb128 0xc
 992 008c 2E       		.uleb128 0x2e
 993 008d 00       		.byte	0
 994 008e 3F       		.uleb128 0x3f
 995 008f 19       		.uleb128 0x19
 996 0090 03       		.uleb128 0x3
 997 0091 0E       		.uleb128 0xe
 998 0092 3A       		.uleb128 0x3a
 999 0093 0B       		.uleb128 0xb
 1000 0094 3B       		.uleb128 0x3b
 1001 0095 0B       		.uleb128 0xb
 1002 0096 27       		.uleb128 0x27
 1003 0097 19       		.uleb128 0x19
 1004 0098 11       		.uleb128 0x11
 1005 0099 01       		.uleb128 0x1
 1006 009a 12       		.uleb128 0x12
 1007 009b 06       		.uleb128 0x6
 1008 009c 40       		.uleb128 0x40
 1009 009d 18       		.uleb128 0x18
 1010 009e 9742     		.uleb128 0x2117
 1011 00a0 19       		.uleb128 0x19
 1012 00a1 00       		.byte	0
 1013 00a2 00       		.byte	0
 1014 00a3 0D       		.uleb128 0xd
 1015 00a4 2E       		.uleb128 0x2e
 1016 00a5 01       		.byte	0x1
 1017 00a6 3F       		.uleb128 0x3f
 1018 00a7 19       		.uleb128 0x19
 1019 00a8 03       		.uleb128 0x3
 1020 00a9 0E       		.uleb128 0xe
 1021 00aa 3A       		.uleb128 0x3a
 1022 00ab 0B       		.uleb128 0xb
 1023 00ac 3B       		.uleb128 0x3b
 1024 00ad 0B       		.uleb128 0xb
 1025 00ae 27       		.uleb128 0x27
 1026 00af 19       		.uleb128 0x19
 1027 00b0 11       		.uleb128 0x11
 1028 00b1 01       		.uleb128 0x1
ARM GAS  C:\Users\kevin\AppData\Local\Temp\ccOpwhbe.s 			page 26


 1029 00b2 12       		.uleb128 0x12
 1030 00b3 06       		.uleb128 0x6
 1031 00b4 40       		.uleb128 0x40
 1032 00b5 18       		.uleb128 0x18
 1033 00b6 9742     		.uleb128 0x2117
 1034 00b8 19       		.uleb128 0x19
 1035 00b9 01       		.uleb128 0x1
 1036 00ba 13       		.uleb128 0x13
 1037 00bb 00       		.byte	0
 1038 00bc 00       		.byte	0
 1039 00bd 0E       		.uleb128 0xe
 1040 00be 1D       		.uleb128 0x1d
 1041 00bf 00       		.byte	0
 1042 00c0 31       		.uleb128 0x31
 1043 00c1 13       		.uleb128 0x13
 1044 00c2 11       		.uleb128 0x11
 1045 00c3 01       		.uleb128 0x1
 1046 00c4 12       		.uleb128 0x12
 1047 00c5 06       		.uleb128 0x6
 1048 00c6 58       		.uleb128 0x58
 1049 00c7 0B       		.uleb128 0xb
 1050 00c8 59       		.uleb128 0x59
 1051 00c9 0B       		.uleb128 0xb
 1052 00ca 00       		.byte	0
 1053 00cb 00       		.byte	0
 1054 00cc 0F       		.uleb128 0xf
 1055 00cd 1D       		.uleb128 0x1d
 1056 00ce 01       		.byte	0x1
 1057 00cf 31       		.uleb128 0x31
 1058 00d0 13       		.uleb128 0x13
 1059 00d1 11       		.uleb128 0x11
 1060 00d2 01       		.uleb128 0x1
 1061 00d3 12       		.uleb128 0x12
 1062 00d4 06       		.uleb128 0x6
 1063 00d5 58       		.uleb128 0x58
 1064 00d6 0B       		.uleb128 0xb
 1065 00d7 59       		.uleb128 0x59
 1066 00d8 0B       		.uleb128 0xb
 1067 00d9 00       		.byte	0
 1068 00da 00       		.byte	0
 1069 00db 10       		.uleb128 0x10
 1070 00dc 05       		.uleb128 0x5
 1071 00dd 00       		.byte	0
 1072 00de 31       		.uleb128 0x31
 1073 00df 13       		.uleb128 0x13
 1074 00e0 00       		.byte	0
 1075 00e1 00       		.byte	0
 1076 00e2 11       		.uleb128 0x11
 1077 00e3 2E       		.uleb128 0x2e
 1078 00e4 01       		.byte	0x1
 1079 00e5 31       		.uleb128 0x31
 1080 00e6 13       		.uleb128 0x13
 1081 00e7 11       		.uleb128 0x11
 1082 00e8 01       		.uleb128 0x1
 1083 00e9 12       		.uleb128 0x12
 1084 00ea 06       		.uleb128 0x6
 1085 00eb 40       		.uleb128 0x40
ARM GAS  C:\Users\kevin\AppData\Local\Temp\ccOpwhbe.s 			page 27


 1086 00ec 18       		.uleb128 0x18
 1087 00ed 9742     		.uleb128 0x2117
 1088 00ef 19       		.uleb128 0x19
 1089 00f0 01       		.uleb128 0x1
 1090 00f1 13       		.uleb128 0x13
 1091 00f2 00       		.byte	0
 1092 00f3 00       		.byte	0
 1093 00f4 12       		.uleb128 0x12
 1094 00f5 05       		.uleb128 0x5
 1095 00f6 00       		.byte	0
 1096 00f7 31       		.uleb128 0x31
 1097 00f8 13       		.uleb128 0x13
 1098 00f9 02       		.uleb128 0x2
 1099 00fa 18       		.uleb128 0x18
 1100 00fb 00       		.byte	0
 1101 00fc 00       		.byte	0
 1102 00fd 13       		.uleb128 0x13
 1103 00fe 2E       		.uleb128 0x2e
 1104 00ff 00       		.byte	0
 1105 0100 3F       		.uleb128 0x3f
 1106 0101 19       		.uleb128 0x19
 1107 0102 03       		.uleb128 0x3
 1108 0103 0E       		.uleb128 0xe
 1109 0104 3A       		.uleb128 0x3a
 1110 0105 0B       		.uleb128 0xb
 1111 0106 3B       		.uleb128 0x3b
 1112 0107 0B       		.uleb128 0xb
 1113 0108 27       		.uleb128 0x27
 1114 0109 19       		.uleb128 0x19
 1115 010a 49       		.uleb128 0x49
 1116 010b 13       		.uleb128 0x13
 1117 010c 11       		.uleb128 0x11
 1118 010d 01       		.uleb128 0x1
 1119 010e 12       		.uleb128 0x12
 1120 010f 06       		.uleb128 0x6
 1121 0110 40       		.uleb128 0x40
 1122 0111 18       		.uleb128 0x18
 1123 0112 9742     		.uleb128 0x2117
 1124 0114 19       		.uleb128 0x19
 1125 0115 00       		.byte	0
 1126 0116 00       		.byte	0
 1127 0117 14       		.uleb128 0x14
 1128 0118 05       		.uleb128 0x5
 1129 0119 00       		.byte	0
 1130 011a 03       		.uleb128 0x3
 1131 011b 0E       		.uleb128 0xe
 1132 011c 3A       		.uleb128 0x3a
 1133 011d 0B       		.uleb128 0xb
 1134 011e 3B       		.uleb128 0x3b
 1135 011f 0B       		.uleb128 0xb
 1136 0120 49       		.uleb128 0x49
 1137 0121 13       		.uleb128 0x13
 1138 0122 02       		.uleb128 0x2
 1139 0123 17       		.uleb128 0x17
 1140 0124 00       		.byte	0
 1141 0125 00       		.byte	0
 1142 0126 15       		.uleb128 0x15
ARM GAS  C:\Users\kevin\AppData\Local\Temp\ccOpwhbe.s 			page 28


 1143 0127 34       		.uleb128 0x34
 1144 0128 00       		.byte	0
 1145 0129 03       		.uleb128 0x3
 1146 012a 0E       		.uleb128 0xe
 1147 012b 3A       		.uleb128 0x3a
 1148 012c 0B       		.uleb128 0xb
 1149 012d 3B       		.uleb128 0x3b
 1150 012e 0B       		.uleb128 0xb
 1151 012f 49       		.uleb128 0x49
 1152 0130 13       		.uleb128 0x13
 1153 0131 02       		.uleb128 0x2
 1154 0132 17       		.uleb128 0x17
 1155 0133 00       		.byte	0
 1156 0134 00       		.byte	0
 1157 0135 16       		.uleb128 0x16
 1158 0136 34       		.uleb128 0x34
 1159 0137 00       		.byte	0
 1160 0138 03       		.uleb128 0x3
 1161 0139 0E       		.uleb128 0xe
 1162 013a 3A       		.uleb128 0x3a
 1163 013b 0B       		.uleb128 0xb
 1164 013c 3B       		.uleb128 0x3b
 1165 013d 0B       		.uleb128 0xb
 1166 013e 49       		.uleb128 0x49
 1167 013f 13       		.uleb128 0x13
 1168 0140 1C       		.uleb128 0x1c
 1169 0141 0B       		.uleb128 0xb
 1170 0142 00       		.byte	0
 1171 0143 00       		.byte	0
 1172 0144 17       		.uleb128 0x17
 1173 0145 898201   		.uleb128 0x4109
 1174 0148 00       		.byte	0
 1175 0149 11       		.uleb128 0x11
 1176 014a 01       		.uleb128 0x1
 1177 014b 31       		.uleb128 0x31
 1178 014c 13       		.uleb128 0x13
 1179 014d 00       		.byte	0
 1180 014e 00       		.byte	0
 1181 014f 18       		.uleb128 0x18
 1182 0150 1D       		.uleb128 0x1d
 1183 0151 01       		.byte	0x1
 1184 0152 31       		.uleb128 0x31
 1185 0153 13       		.uleb128 0x13
 1186 0154 52       		.uleb128 0x52
 1187 0155 01       		.uleb128 0x1
 1188 0156 55       		.uleb128 0x55
 1189 0157 17       		.uleb128 0x17
 1190 0158 58       		.uleb128 0x58
 1191 0159 0B       		.uleb128 0xb
 1192 015a 59       		.uleb128 0x59
 1193 015b 0B       		.uleb128 0xb
 1194 015c 01       		.uleb128 0x1
 1195 015d 13       		.uleb128 0x13
 1196 015e 00       		.byte	0
 1197 015f 00       		.byte	0
 1198 0160 19       		.uleb128 0x19
 1199 0161 1D       		.uleb128 0x1d
ARM GAS  C:\Users\kevin\AppData\Local\Temp\ccOpwhbe.s 			page 29


 1200 0162 00       		.byte	0
 1201 0163 31       		.uleb128 0x31
 1202 0164 13       		.uleb128 0x13
 1203 0165 52       		.uleb128 0x52
 1204 0166 01       		.uleb128 0x1
 1205 0167 55       		.uleb128 0x55
 1206 0168 17       		.uleb128 0x17
 1207 0169 58       		.uleb128 0x58
 1208 016a 0B       		.uleb128 0xb
 1209 016b 59       		.uleb128 0x59
 1210 016c 0B       		.uleb128 0xb
 1211 016d 00       		.byte	0
 1212 016e 00       		.byte	0
 1213 016f 1A       		.uleb128 0x1a
 1214 0170 898201   		.uleb128 0x4109
 1215 0173 01       		.byte	0x1
 1216 0174 11       		.uleb128 0x11
 1217 0175 01       		.uleb128 0x1
 1218 0176 31       		.uleb128 0x31
 1219 0177 13       		.uleb128 0x13
 1220 0178 00       		.byte	0
 1221 0179 00       		.byte	0
 1222 017a 1B       		.uleb128 0x1b
 1223 017b 8A8201   		.uleb128 0x410a
 1224 017e 00       		.byte	0
 1225 017f 02       		.uleb128 0x2
 1226 0180 18       		.uleb128 0x18
 1227 0181 9142     		.uleb128 0x2111
 1228 0183 18       		.uleb128 0x18
 1229 0184 00       		.byte	0
 1230 0185 00       		.byte	0
 1231 0186 1C       		.uleb128 0x1c
 1232 0187 05       		.uleb128 0x5
 1233 0188 00       		.byte	0
 1234 0189 31       		.uleb128 0x31
 1235 018a 13       		.uleb128 0x13
 1236 018b 02       		.uleb128 0x2
 1237 018c 17       		.uleb128 0x17
 1238 018d 00       		.byte	0
 1239 018e 00       		.byte	0
 1240 018f 1D       		.uleb128 0x1d
 1241 0190 2E       		.uleb128 0x2e
 1242 0191 01       		.byte	0x1
 1243 0192 3F       		.uleb128 0x3f
 1244 0193 19       		.uleb128 0x19
 1245 0194 03       		.uleb128 0x3
 1246 0195 0E       		.uleb128 0xe
 1247 0196 3A       		.uleb128 0x3a
 1248 0197 0B       		.uleb128 0xb
 1249 0198 3B       		.uleb128 0x3b
 1250 0199 0B       		.uleb128 0xb
 1251 019a 27       		.uleb128 0x27
 1252 019b 19       		.uleb128 0x19
 1253 019c 49       		.uleb128 0x49
 1254 019d 13       		.uleb128 0x13
 1255 019e 11       		.uleb128 0x11
 1256 019f 01       		.uleb128 0x1
ARM GAS  C:\Users\kevin\AppData\Local\Temp\ccOpwhbe.s 			page 30


 1257 01a0 12       		.uleb128 0x12
 1258 01a1 06       		.uleb128 0x6
 1259 01a2 40       		.uleb128 0x40
 1260 01a3 18       		.uleb128 0x18
 1261 01a4 9742     		.uleb128 0x2117
 1262 01a6 19       		.uleb128 0x19
 1263 01a7 01       		.uleb128 0x1
 1264 01a8 13       		.uleb128 0x13
 1265 01a9 00       		.byte	0
 1266 01aa 00       		.byte	0
 1267 01ab 1E       		.uleb128 0x1e
 1268 01ac 2E       		.uleb128 0x2e
 1269 01ad 00       		.byte	0
 1270 01ae 31       		.uleb128 0x31
 1271 01af 13       		.uleb128 0x13
 1272 01b0 11       		.uleb128 0x11
 1273 01b1 01       		.uleb128 0x1
 1274 01b2 12       		.uleb128 0x12
 1275 01b3 06       		.uleb128 0x6
 1276 01b4 40       		.uleb128 0x40
 1277 01b5 18       		.uleb128 0x18
 1278 01b6 9742     		.uleb128 0x2117
 1279 01b8 19       		.uleb128 0x19
 1280 01b9 00       		.byte	0
 1281 01ba 00       		.byte	0
 1282 01bb 1F       		.uleb128 0x1f
 1283 01bc 2E       		.uleb128 0x2e
 1284 01bd 00       		.byte	0
 1285 01be 3F       		.uleb128 0x3f
 1286 01bf 19       		.uleb128 0x19
 1287 01c0 03       		.uleb128 0x3
 1288 01c1 0E       		.uleb128 0xe
 1289 01c2 3A       		.uleb128 0x3a
 1290 01c3 0B       		.uleb128 0xb
 1291 01c4 3B       		.uleb128 0x3b
 1292 01c5 05       		.uleb128 0x5
 1293 01c6 27       		.uleb128 0x27
 1294 01c7 19       		.uleb128 0x19
 1295 01c8 49       		.uleb128 0x49
 1296 01c9 13       		.uleb128 0x13
 1297 01ca 11       		.uleb128 0x11
 1298 01cb 01       		.uleb128 0x1
 1299 01cc 12       		.uleb128 0x12
 1300 01cd 06       		.uleb128 0x6
 1301 01ce 40       		.uleb128 0x40
 1302 01cf 18       		.uleb128 0x18
 1303 01d0 9742     		.uleb128 0x2117
 1304 01d2 19       		.uleb128 0x19
 1305 01d3 00       		.byte	0
 1306 01d4 00       		.byte	0
 1307 01d5 20       		.uleb128 0x20
 1308 01d6 2E       		.uleb128 0x2e
 1309 01d7 00       		.byte	0
 1310 01d8 3F       		.uleb128 0x3f
 1311 01d9 19       		.uleb128 0x19
 1312 01da 03       		.uleb128 0x3
 1313 01db 0E       		.uleb128 0xe
ARM GAS  C:\Users\kevin\AppData\Local\Temp\ccOpwhbe.s 			page 31


 1314 01dc 3A       		.uleb128 0x3a
 1315 01dd 0B       		.uleb128 0xb
 1316 01de 3B       		.uleb128 0x3b
 1317 01df 05       		.uleb128 0x5
 1318 01e0 27       		.uleb128 0x27
 1319 01e1 19       		.uleb128 0x19
 1320 01e2 11       		.uleb128 0x11
 1321 01e3 01       		.uleb128 0x1
 1322 01e4 12       		.uleb128 0x12
 1323 01e5 06       		.uleb128 0x6
 1324 01e6 40       		.uleb128 0x40
 1325 01e7 18       		.uleb128 0x18
 1326 01e8 9742     		.uleb128 0x2117
 1327 01ea 19       		.uleb128 0x19
 1328 01eb 00       		.byte	0
 1329 01ec 00       		.byte	0
 1330 01ed 21       		.uleb128 0x21
 1331 01ee 01       		.uleb128 0x1
 1332 01ef 01       		.byte	0x1
 1333 01f0 49       		.uleb128 0x49
 1334 01f1 13       		.uleb128 0x13
 1335 01f2 01       		.uleb128 0x1
 1336 01f3 13       		.uleb128 0x13
 1337 01f4 00       		.byte	0
 1338 01f5 00       		.byte	0
 1339 01f6 22       		.uleb128 0x22
 1340 01f7 21       		.uleb128 0x21
 1341 01f8 00       		.byte	0
 1342 01f9 49       		.uleb128 0x49
 1343 01fa 13       		.uleb128 0x13
 1344 01fb 2F       		.uleb128 0x2f
 1345 01fc 0B       		.uleb128 0xb
 1346 01fd 00       		.byte	0
 1347 01fe 00       		.byte	0
 1348 01ff 23       		.uleb128 0x23
 1349 0200 34       		.uleb128 0x34
 1350 0201 00       		.byte	0
 1351 0202 03       		.uleb128 0x3
 1352 0203 0E       		.uleb128 0xe
 1353 0204 3A       		.uleb128 0x3a
 1354 0205 0B       		.uleb128 0xb
 1355 0206 3B       		.uleb128 0x3b
 1356 0207 0B       		.uleb128 0xb
 1357 0208 49       		.uleb128 0x49
 1358 0209 13       		.uleb128 0x13
 1359 020a 3F       		.uleb128 0x3f
 1360 020b 19       		.uleb128 0x19
 1361 020c 3C       		.uleb128 0x3c
 1362 020d 19       		.uleb128 0x19
 1363 020e 00       		.byte	0
 1364 020f 00       		.byte	0
 1365 0210 24       		.uleb128 0x24
 1366 0211 2E       		.uleb128 0x2e
 1367 0212 00       		.byte	0
 1368 0213 3F       		.uleb128 0x3f
 1369 0214 19       		.uleb128 0x19
 1370 0215 03       		.uleb128 0x3
ARM GAS  C:\Users\kevin\AppData\Local\Temp\ccOpwhbe.s 			page 32


 1371 0216 0E       		.uleb128 0xe
 1372 0217 3A       		.uleb128 0x3a
 1373 0218 0B       		.uleb128 0xb
 1374 0219 3B       		.uleb128 0x3b
 1375 021a 0B       		.uleb128 0xb
 1376 021b 27       		.uleb128 0x27
 1377 021c 19       		.uleb128 0x19
 1378 021d 49       		.uleb128 0x49
 1379 021e 13       		.uleb128 0x13
 1380 021f 3C       		.uleb128 0x3c
 1381 0220 19       		.uleb128 0x19
 1382 0221 00       		.byte	0
 1383 0222 00       		.byte	0
 1384 0223 25       		.uleb128 0x25
 1385 0224 2E       		.uleb128 0x2e
 1386 0225 01       		.byte	0x1
 1387 0226 3F       		.uleb128 0x3f
 1388 0227 19       		.uleb128 0x19
 1389 0228 03       		.uleb128 0x3
 1390 0229 0E       		.uleb128 0xe
 1391 022a 3A       		.uleb128 0x3a
 1392 022b 0B       		.uleb128 0xb
 1393 022c 3B       		.uleb128 0x3b
 1394 022d 0B       		.uleb128 0xb
 1395 022e 27       		.uleb128 0x27
 1396 022f 19       		.uleb128 0x19
 1397 0230 3C       		.uleb128 0x3c
 1398 0231 19       		.uleb128 0x19
 1399 0232 00       		.byte	0
 1400 0233 00       		.byte	0
 1401 0234 26       		.uleb128 0x26
 1402 0235 05       		.uleb128 0x5
 1403 0236 00       		.byte	0
 1404 0237 49       		.uleb128 0x49
 1405 0238 13       		.uleb128 0x13
 1406 0239 00       		.byte	0
 1407 023a 00       		.byte	0
 1408 023b 00       		.byte	0
 1409              		.section	.debug_loc,"",%progbits
 1410              	.Ldebug_loc0:
 1411              	.LLST0:
 1412 0000 00000000 		.4byte	.LVL2
 1413 0004 07000000 		.4byte	.LVL3-1
 1414 0008 0100     		.2byte	0x1
 1415 000a 50       		.byte	0x50
 1416 000b 07000000 		.4byte	.LVL3-1
 1417 000f 24000000 		.4byte	.LFE6
 1418 0013 0400     		.2byte	0x4
 1419 0015 F3       		.byte	0xf3
 1420 0016 01       		.uleb128 0x1
 1421 0017 50       		.byte	0x50
 1422 0018 9F       		.byte	0x9f
 1423 0019 00000000 		.4byte	0
 1424 001d 00000000 		.4byte	0
 1425              	.LLST1:
 1426 0021 08000000 		.4byte	.LVL3
 1427 0025 1B000000 		.4byte	.LVL4-1
ARM GAS  C:\Users\kevin\AppData\Local\Temp\ccOpwhbe.s 			page 33


 1428 0029 0100     		.2byte	0x1
 1429 002b 50       		.byte	0x50
 1430 002c 00000000 		.4byte	0
 1431 0030 00000000 		.4byte	0
 1432              	.LLST2:
 1433 0034 00000000 		.4byte	.LVL7
 1434 0038 12000000 		.4byte	.LVL9
 1435 003c 0100     		.2byte	0x1
 1436 003e 50       		.byte	0x50
 1437 003f 12000000 		.4byte	.LVL9
 1438 0043 15000000 		.4byte	.LVL10-1
 1439 0047 0300     		.2byte	0x3
 1440 0049 73       		.byte	0x73
 1441 004a FC00     		.sleb128 124
 1442 004c 15000000 		.4byte	.LVL10-1
 1443 0050 28000000 		.4byte	.LFE1
 1444 0054 0400     		.2byte	0x4
 1445 0056 F3       		.byte	0xf3
 1446 0057 01       		.uleb128 0x1
 1447 0058 50       		.byte	0x50
 1448 0059 9F       		.byte	0x9f
 1449 005a 00000000 		.4byte	0
 1450 005e 00000000 		.4byte	0
 1451              	.LLST3:
 1452 0062 0A000000 		.4byte	.LVL8
 1453 0066 12000000 		.4byte	.LVL9
 1454 006a 0100     		.2byte	0x1
 1455 006c 50       		.byte	0x50
 1456 006d 12000000 		.4byte	.LVL9
 1457 0071 15000000 		.4byte	.LVL10-1
 1458 0075 0300     		.2byte	0x3
 1459 0077 73       		.byte	0x73
 1460 0078 FC00     		.sleb128 124
 1461 007a 15000000 		.4byte	.LVL10-1
 1462 007e 28000000 		.4byte	.LFE1
 1463 0082 0400     		.2byte	0x4
 1464 0084 F3       		.byte	0xf3
 1465 0085 01       		.uleb128 0x1
 1466 0086 50       		.byte	0x50
 1467 0087 9F       		.byte	0x9f
 1468 0088 00000000 		.4byte	0
 1469 008c 00000000 		.4byte	0
 1470              	.LLST4:
 1471 0090 04000000 		.4byte	.LVL12
 1472 0094 06000000 		.4byte	.LVL13
 1473 0098 0800     		.2byte	0x8
 1474 009a 70       		.byte	0x70
 1475 009b 00       		.sleb128 0
 1476 009c 08       		.byte	0x8
 1477 009d C0       		.byte	0xc0
 1478 009e 1A       		.byte	0x1a
 1479 009f 36       		.byte	0x36
 1480 00a0 25       		.byte	0x25
 1481 00a1 9F       		.byte	0x9f
 1482 00a2 00000000 		.4byte	0
 1483 00a6 00000000 		.4byte	0
 1484              		.section	.debug_aranges,"",%progbits
ARM GAS  C:\Users\kevin\AppData\Local\Temp\ccOpwhbe.s 			page 34


 1485 0000 7C000000 		.4byte	0x7c
 1486 0004 0200     		.2byte	0x2
 1487 0006 00000000 		.4byte	.Ldebug_info0
 1488 000a 04       		.byte	0x4
 1489 000b 00       		.byte	0
 1490 000c 0000     		.2byte	0
 1491 000e 0000     		.2byte	0
 1492 0010 00000000 		.4byte	.LFB3
 1493 0014 02000000 		.4byte	.LFE3-.LFB3
 1494 0018 00000000 		.4byte	.LFB2
 1495 001c 20000000 		.4byte	.LFE2-.LFB2
 1496 0020 00000000 		.4byte	.LFB4
 1497 0024 0C000000 		.4byte	.LFE4-.LFB4
 1498 0028 00000000 		.4byte	.LFB5
 1499 002c 0C000000 		.4byte	.LFE5-.LFB5
 1500 0030 00000000 		.4byte	.LFB6
 1501 0034 24000000 		.4byte	.LFE6-.LFB6
 1502 0038 00000000 		.4byte	.LFB0
 1503 003c 30000000 		.4byte	.LFE0-.LFB0
 1504 0040 00000000 		.4byte	.LFB1
 1505 0044 28000000 		.4byte	.LFE1-.LFB1
 1506 0048 00000000 		.4byte	.LFB7
 1507 004c 10000000 		.4byte	.LFE7-.LFB7
 1508 0050 00000000 		.4byte	.LFB8
 1509 0054 10000000 		.4byte	.LFE8-.LFB8
 1510 0058 00000000 		.4byte	.LFB9
 1511 005c 10000000 		.4byte	.LFE9-.LFB9
 1512 0060 00000000 		.4byte	.LFB10
 1513 0064 10000000 		.4byte	.LFE10-.LFB10
 1514 0068 00000000 		.4byte	.LFB11
 1515 006c 10000000 		.4byte	.LFE11-.LFB11
 1516 0070 00000000 		.4byte	.LFB12
 1517 0074 10000000 		.4byte	.LFE12-.LFB12
 1518 0078 00000000 		.4byte	0
 1519 007c 00000000 		.4byte	0
 1520              		.section	.debug_ranges,"",%progbits
 1521              	.Ldebug_ranges0:
 1522 0000 0A000000 		.4byte	.LBB24
 1523 0004 10000000 		.4byte	.LBE24
 1524 0008 12000000 		.4byte	.LBB27
 1525 000c 14000000 		.4byte	.LBE27
 1526 0010 00000000 		.4byte	0
 1527 0014 00000000 		.4byte	0
 1528 0018 18000000 		.4byte	.LBB28
 1529 001c 1A000000 		.4byte	.LBE28
 1530 0020 1A000000 		.4byte	.LBB31
 1531 0024 1C000000 		.4byte	.LBE31
 1532 0028 00000000 		.4byte	0
 1533 002c 00000000 		.4byte	0
 1534 0030 0A000000 		.4byte	.LBB34
 1535 0034 0C000000 		.4byte	.LBE34
 1536 0038 0C000000 		.4byte	.LBB37
 1537 003c 10000000 		.4byte	.LBE37
 1538 0040 00000000 		.4byte	0
 1539 0044 00000000 		.4byte	0
 1540 0048 00000000 		.4byte	.LFB3
 1541 004c 02000000 		.4byte	.LFE3
ARM GAS  C:\Users\kevin\AppData\Local\Temp\ccOpwhbe.s 			page 35


 1542 0050 00000000 		.4byte	.LFB2
 1543 0054 20000000 		.4byte	.LFE2
 1544 0058 00000000 		.4byte	.LFB4
 1545 005c 0C000000 		.4byte	.LFE4
 1546 0060 00000000 		.4byte	.LFB5
 1547 0064 0C000000 		.4byte	.LFE5
 1548 0068 00000000 		.4byte	.LFB6
 1549 006c 24000000 		.4byte	.LFE6
 1550 0070 00000000 		.4byte	.LFB0
 1551 0074 30000000 		.4byte	.LFE0
 1552 0078 00000000 		.4byte	.LFB1
 1553 007c 28000000 		.4byte	.LFE1
 1554 0080 00000000 		.4byte	.LFB7
 1555 0084 10000000 		.4byte	.LFE7
 1556 0088 00000000 		.4byte	.LFB8
 1557 008c 10000000 		.4byte	.LFE8
 1558 0090 00000000 		.4byte	.LFB9
 1559 0094 10000000 		.4byte	.LFE9
 1560 0098 00000000 		.4byte	.LFB10
 1561 009c 10000000 		.4byte	.LFE10
 1562 00a0 00000000 		.4byte	.LFB11
 1563 00a4 10000000 		.4byte	.LFE11
 1564 00a8 00000000 		.4byte	.LFB12
 1565 00ac 10000000 		.4byte	.LFE12
 1566 00b0 00000000 		.4byte	0
 1567 00b4 00000000 		.4byte	0
 1568              		.section	.debug_line,"",%progbits
 1569              	.Ldebug_line0:
 1570 0000 91010000 		.section	.debug_str,"MS",%progbits,1
 1570      02005000 
 1570      00000201 
 1570      FB0E0D00 
 1570      01010101 
 1571              	.LASF32:
 1572 0000 474E5520 		.ascii	"GNU C 4.8.4 20140526 (release) [ARM/embedded-4_8-br"
 1572      4320342E 
 1572      382E3420 
 1572      32303134 
 1572      30353236 
 1573 0033 616E6368 		.ascii	"anch revision 211358] -mcpu=cortex-m0 -mthumb -g -O"
 1573      20726576 
 1573      6973696F 
 1573      6E203231 
 1573      31333538 
 1574 0066 73202D66 		.ascii	"s -ffunction-sections\000"
 1574      66756E63 
 1574      74696F6E 
 1574      2D736563 
 1574      74696F6E 
 1575              	.LASF20:
 1576 007c 43435F49 		.ascii	"CC_ISR_SetPriority\000"
 1576      53525F53 
 1576      65745072 
 1576      696F7269 
 1576      747900
 1577              	.LASF37:
 1578 008f 43795261 		.ascii	"CyRamVectors\000"
ARM GAS  C:\Users\kevin\AppData\Local\Temp\ccOpwhbe.s 			page 36


 1578      6D566563 
 1578      746F7273 
 1578      00
 1579              	.LASF30:
 1580 009c 43435F49 		.ascii	"CC_ISR_SetPending\000"
 1580      53525F53 
 1580      65745065 
 1580      6E64696E 
 1580      6700
 1581              	.LASF31:
 1582 00ae 43435F49 		.ascii	"CC_ISR_ClearPending\000"
 1582      53525F43 
 1582      6C656172 
 1582      50656E64 
 1582      696E6700 
 1583              	.LASF3:
 1584 00c2 73686F72 		.ascii	"short unsigned int\000"
 1584      7420756E 
 1584      7369676E 
 1584      65642069 
 1584      6E7400
 1585              	.LASF18:
 1586 00d5 43435F49 		.ascii	"CC_ISR_Enable\000"
 1586      53525F45 
 1586      6E61626C 
 1586      6500
 1587              	.LASF11:
 1588 00e3 666C6F61 		.ascii	"float\000"
 1588      7400
 1589              	.LASF7:
 1590 00e9 6C6F6E67 		.ascii	"long long unsigned int\000"
 1590      206C6F6E 
 1590      6720756E 
 1590      7369676E 
 1590      65642069 
 1591              	.LASF1:
 1592 0100 756E7369 		.ascii	"unsigned char\000"
 1592      676E6564 
 1592      20636861 
 1592      7200
 1593              	.LASF21:
 1594 010e 696E7465 		.ascii	"interruptState\000"
 1594      72727570 
 1594      74537461 
 1594      746500
 1595              	.LASF5:
 1596 011d 6C6F6E67 		.ascii	"long unsigned int\000"
 1596      20756E73 
 1596      69676E65 
 1596      6420696E 
 1596      7400
 1597              	.LASF9:
 1598 012f 75696E74 		.ascii	"uint8\000"
 1598      3800
 1599              	.LASF25:
 1600 0135 7072696F 		.ascii	"priority\000"
 1600      72697479 
ARM GAS  C:\Users\kevin\AppData\Local\Temp\ccOpwhbe.s 			page 37


 1600      00
 1601              	.LASF12:
 1602 013e 646F7562 		.ascii	"double\000"
 1602      6C6500
 1603              	.LASF23:
 1604 0145 43435F49 		.ascii	"CC_ISR_Start\000"
 1604      53525F53 
 1604      74617274 
 1604      00
 1605              	.LASF35:
 1606 0152 43435F49 		.ascii	"CC_ISR_SetVector\000"
 1606      53525F53 
 1606      65745665 
 1606      63746F72 
 1606      00
 1607              	.LASF24:
 1608 0163 43435F49 		.ascii	"CC_ISR_StartEx\000"
 1608      53525F53 
 1608      74617274 
 1608      457800
 1609              	.LASF10:
 1610 0172 75696E74 		.ascii	"uint32\000"
 1610      333200
 1611              	.LASF38:
 1612 0179 4379456E 		.ascii	"CyEnterCriticalSection\000"
 1612      74657243 
 1612      72697469 
 1612      63616C53 
 1612      65637469 
 1613              	.LASF8:
 1614 0190 756E7369 		.ascii	"unsigned int\000"
 1614      676E6564 
 1614      20696E74 
 1614      00
 1615              	.LASF26:
 1616 019d 61646472 		.ascii	"address\000"
 1616      65737300 
 1617              	.LASF39:
 1618 01a5 43794578 		.ascii	"CyExitCriticalSection\000"
 1618      69744372 
 1618      69746963 
 1618      616C5365 
 1618      6374696F 
 1619              	.LASF36:
 1620 01bb 43435F49 		.ascii	"CC_ISR_GetPriority\000"
 1620      53525F47 
 1620      65745072 
 1620      696F7269 
 1620      747900
 1621              	.LASF34:
 1622 01ce 443A5C77 		.ascii	"D:\\wifi_work\\new_board\\newboard_0521_boot\\UART_"
 1622      6966695F 
 1622      776F726B 
 1622      5C6E6577 
 1622      5F626F61 
 1623 01fd 426F6F74 		.ascii	"Bootloadable.cydsn\000"
 1623      6C6F6164 
ARM GAS  C:\Users\kevin\AppData\Local\Temp\ccOpwhbe.s 			page 38


 1623      61626C65 
 1623      2E637964 
 1623      736E00
 1624              	.LASF15:
 1625 0210 63796973 		.ascii	"cyisraddress\000"
 1625      72616464 
 1625      72657373 
 1625      00
 1626              	.LASF17:
 1627 021d 43435F49 		.ascii	"CC_ISR_Disable\000"
 1627      53525F44 
 1627      69736162 
 1627      6C6500
 1628              	.LASF16:
 1629 022c 73697A65 		.ascii	"sizetype\000"
 1629      74797065 
 1629      00
 1630              	.LASF6:
 1631 0235 6C6F6E67 		.ascii	"long long int\000"
 1631      206C6F6E 
 1631      6720696E 
 1631      7400
 1632              	.LASF13:
 1633 0243 63686172 		.ascii	"char\000"
 1633      00
 1634              	.LASF33:
 1635 0248 2E5C4765 		.ascii	".\\Generated_Source\\PSoC4\\CC_ISR.c\000"
 1635      6E657261 
 1635      7465645F 
 1635      536F7572 
 1635      63655C50 
 1636              	.LASF2:
 1637 026a 73686F72 		.ascii	"short int\000"
 1637      7420696E 
 1637      7400
 1638              	.LASF22:
 1639 0274 7072696F 		.ascii	"priorityOffset\000"
 1639      72697479 
 1639      4F666673 
 1639      657400
 1640              	.LASF4:
 1641 0283 6C6F6E67 		.ascii	"long int\000"
 1641      20696E74 
 1641      00
 1642              	.LASF14:
 1643 028c 72656733 		.ascii	"reg32\000"
 1643      3200
 1644              	.LASF28:
 1645 0292 43435F49 		.ascii	"CC_ISR_GetState\000"
 1645      53525F47 
 1645      65745374 
 1645      61746500 
 1646              	.LASF0:
 1647 02a2 7369676E 		.ascii	"signed char\000"
 1647      65642063 
 1647      68617200 
 1648              	.LASF27:
ARM GAS  C:\Users\kevin\AppData\Local\Temp\ccOpwhbe.s 			page 39


 1649 02ae 43435F49 		.ascii	"CC_ISR_GetVector\000"
 1649      53525F47 
 1649      65745665 
 1649      63746F72 
 1649      00
 1650              	.LASF19:
 1651 02bf 43435F49 		.ascii	"CC_ISR_Stop\000"
 1651      53525F53 
 1651      746F7000 
 1652              	.LASF29:
 1653 02cb 43435F49 		.ascii	"CC_ISR_Interrupt\000"
 1653      53525F49 
 1653      6E746572 
 1653      72757074 
 1653      00
 1654              		.ident	"GCC: (GNU Tools for ARM Embedded Processors) 4.8.4 20140526 (release) [ARM/embedded-4_8-br
