Archive member included because of file (symbol)

.\CortexM0\ARM_GCC_484\Debug\UART_Bootloadable.a(cyfitter_cfg.o)
                              .\CortexM0\ARM_GCC_484\Debug\Cm0Start.o (cyfitter_cfg)
.\CortexM0\ARM_GCC_484\Debug\UART_Bootloadable.a(Bootloadable.o)
                              .\CortexM0\ARM_GCC_484\Debug\main.o (Bootloadable_Load)
.\CortexM0\ARM_GCC_484\Debug\UART_Bootloadable.a(CyBootAsmGnu.o)
                              .\CortexM0\ARM_GCC_484\Debug\UART_Bootloadable.a(cyfitter_cfg.o) (CyDelayCycles)
.\CortexM0\ARM_GCC_484\Debug\UART_Bootloadable.a(CyFlash.o)
                              .\CortexM0\ARM_GCC_484\Debug\flash_wr_rd.o (CySysFlashWriteRow)
.\CortexM0\ARM_GCC_484\Debug\UART_Bootloadable.a(CyLib.o)
                              .\CortexM0\ARM_GCC_484\Debug\main.o (CySysWdtLock)
.\CortexM0\ARM_GCC_484\Debug\UART_Bootloadable.a(TestPort.o)
                              .\CortexM0\ARM_GCC_484\Debug\uart_wifi.o (TestPort_Write)
.\CortexM0\ARM_GCC_484\Debug\UART_Bootloadable.a(CC_ISR.o)
                              .\CortexM0\ARM_GCC_484\Debug\module.o (CC_ISR_StartEx)
.\CortexM0\ARM_GCC_484\Debug\UART_Bootloadable.a(CapSense.o)
                              .\CortexM0\ARM_GCC_484\Debug\module.o (CapSense_Stop)
.\CortexM0\ARM_GCC_484\Debug\UART_Bootloadable.a(CapSense_CSHL.o)
                              .\CortexM0\ARM_GCC_484\Debug\module.o (CapSense_InitializeAllBaselines)
.\CortexM0\ARM_GCC_484\Debug\UART_Bootloadable.a(CapSense_INT.o)
                              .\CortexM0\ARM_GCC_484\Debug\UART_Bootloadable.a(CapSense.o) (CapSense_ISR)
.\CortexM0\ARM_GCC_484\Debug\UART_Bootloadable.a(V24V.o)
                              .\CortexM0\ARM_GCC_484\Debug\main.o (V24V_Read)
.\CortexM0\ARM_GCC_484\Debug\UART_Bootloadable.a(GYWD.o)
                              .\CortexM0\ARM_GCC_484\Debug\fun.o (GYWD_Read)
.\CortexM0\ARM_GCC_484\Debug\UART_Bootloadable.a(DYWD.o)
                              .\CortexM0\ARM_GCC_484\Debug\fun.o (DYWD_Read)
.\CortexM0\ARM_GCC_484\Debug\UART_Bootloadable.a(K1.o)
                              .\CortexM0\ARM_GCC_484\Debug\fun.o (K1_Write)
.\CortexM0\ARM_GCC_484\Debug\UART_Bootloadable.a(K2.o)
                              .\CortexM0\ARM_GCC_484\Debug\fun.o (K2_Write)
.\CortexM0\ARM_GCC_484\Debug\UART_Bootloadable.a(PWM.o)
                              .\CortexM0\ARM_GCC_484\Debug\fun.o (PWM_Stop)
.\CortexM0\ARM_GCC_484\Debug\UART_Bootloadable.a(FMQ.o)
                              .\CortexM0\ARM_GCC_484\Debug\module.o (FMQ_Write)
.\CortexM0\ARM_GCC_484\Debug\UART_Bootloadable.a(V24_IN_ISR.o)
                              .\CortexM0\ARM_GCC_484\Debug\main.o (V24_IN_ISR_SetVector)
.\CortexM0\ARM_GCC_484\Debug\UART_Bootloadable.a(Timer.o)
                              .\CortexM0\ARM_GCC_484\Debug\module.o (Timer_Stop)
.\CortexM0\ARM_GCC_484\Debug\UART_Bootloadable.a(isr_lowpower_1.o)
                              .\CortexM0\ARM_GCC_484\Debug\main.o (isr_lowpower_1_SetVector)
.\CortexM0\ARM_GCC_484\Debug\UART_Bootloadable.a(UART_1_UART.o)
                              .\CortexM0\ARM_GCC_484\Debug\main.o (UART_1_UartInit)
.\CortexM0\ARM_GCC_484\Debug\UART_Bootloadable.a(UART_0_UART.o)
                              .\CortexM0\ARM_GCC_484\Debug\main.o (UART_0_UartInit)
.\CortexM0\ARM_GCC_484\Debug\UART_Bootloadable.a(CapSense_SampleClk.o)
                              .\CortexM0\ARM_GCC_484\Debug\UART_Bootloadable.a(CapSense.o) (CapSense_SampleClk_Start)
.\CortexM0\ARM_GCC_484\Debug\UART_Bootloadable.a(CapSense_SenseClk.o)
                              .\CortexM0\ARM_GCC_484\Debug\UART_Bootloadable.a(CapSense.o) (CapSense_SenseClk_Start)
.\CortexM0\ARM_GCC_484\Debug\UART_Bootloadable.a(LED_RO3.o)
                              .\CortexM0\ARM_GCC_484\Debug\display.o (LED_RO3_Write)
.\CortexM0\ARM_GCC_484\Debug\UART_Bootloadable.a(LED_RO2.o)
                              .\CortexM0\ARM_GCC_484\Debug\display.o (LED_RO2_Write)
.\CortexM0\ARM_GCC_484\Debug\UART_Bootloadable.a(LED_RO1.o)
                              .\CortexM0\ARM_GCC_484\Debug\display.o (LED_RO1_Write)
.\CortexM0\ARM_GCC_484\Debug\UART_Bootloadable.a(LED_FC.o)
                              .\CortexM0\ARM_GCC_484\Debug\display.o (LED_FC_Write)
.\CortexM0\ARM_GCC_484\Debug\UART_Bootloadable.a(LED_PP.o)
                              .\CortexM0\ARM_GCC_484\Debug\display.o (LED_PP_Write)
.\CortexM0\ARM_GCC_484\Debug\UART_Bootloadable.a(LED_BC.o)
                              .\CortexM0\ARM_GCC_484\Debug\display.o (LED_BC_Write)
.\CortexM0\ARM_GCC_484\Debug\UART_Bootloadable.a(LED_WIFI.o)
                              .\CortexM0\ARM_GCC_484\Debug\display.o (LED_WIFI_Write)
.\CortexM0\ARM_GCC_484\Debug\UART_Bootloadable.a(LED_KEY_WIFI.o)
                              .\CortexM0\ARM_GCC_484\Debug\display.o (LED_KEY_WIFI_Write)
.\CortexM0\ARM_GCC_484\Debug\UART_Bootloadable.a(LED_KEY_SETTING.o)
                              .\CortexM0\ARM_GCC_484\Debug\display.o (LED_KEY_SETTING_Write)
[...]
Memory Configuration

Name             Origin             Length             Attributes
rom              0x00000000         0x00008000         xr
ram              0x20000000         0x00001000         xrw
*default*        0x00000000         0xffffffff

Linker script and memory map

LOAD c:/program files (x86)/cypress/psoc creator/3.1/psoc creator/import/gnu_cs/arm/4.8.4/bin/../lib/gcc/arm-none-eabi/4.8.4/armv6-m/crti.o
LOAD c:/program files (x86)/cypress/psoc creator/3.1/psoc creator/import/gnu_cs/arm/4.8.4/bin/../lib/gcc/arm-none-eabi/4.8.4/armv6-m/crtbegin.o
LOAD c:/program files (x86)/cypress/psoc creator/3.1/psoc creator/import/gnu_cs/arm/4.8.4/bin/../lib/gcc/arm-none-eabi/4.8.4/../../../../arm-none-eabi/lib/armv6-m/crt0.o
START GROUP
LOAD .\CortexM0\ARM_GCC_484\Debug\main.o
LOAD .\CortexM0\ARM_GCC_484\Debug\display.o
LOAD .\CortexM0\ARM_GCC_484\Debug\flash_wr_rd.o
LOAD .\CortexM0\ARM_GCC_484\Debug\fun.o
LOAD .\CortexM0\ARM_GCC_484\Debug\module.o
LOAD .\CortexM0\ARM_GCC_484\Debug\uart_wifi.o
LOAD .\CortexM0\ARM_GCC_484\Debug\cybootloader.o
LOAD .\CortexM0\ARM_GCC_484\Debug\cymetadata.o
LOAD .\CortexM0\ARM_GCC_484\Debug\Cm0Start.o
LOAD .\CortexM0\ARM_GCC_484\Debug\UART_Bootloadable.a
LOAD C:\Program Files (x86)\Cypress\PSoC Creator\3.1\PSoC Creator\psoc\content\cycomponentlibrary\CyComponentLibrary.cylib\CapSense_CSD_P4_v2_10\PSoC4\Library\CapsenseP4Library_GCC.a
LOAD C:\Program Files (x86)\Cypress\PSoC Creator\3.1\PSoC Creator\psoc\content\cycomponentlibrary\CyComponentLibrary.cylib\CortexM0\ARM_GCC_484\Debug\CyComponentLibrary.a
END GROUP
START GROUP
LOAD c:/program files (x86)/cypress/psoc creator/3.1/psoc creator/import/gnu_cs/arm/4.8.4/bin/../lib/gcc/arm-none-eabi/4.8.4/armv6-m\libgcc.a
LOAD c:/program files (x86)/cypress/psoc creator/3.1/psoc creator/import/gnu_cs/arm/4.8.4/bin/../lib/gcc/arm-none-eabi/4.8.4/../../../../arm-none-eabi/lib/armv6-m\libg_s.a
LOAD c:/program files (x86)/cypress/psoc creator/3.1/psoc creator/import/gnu_cs/arm/4.8.4/bin/../lib/gcc/arm-none-eabi/4.8.4/../../../../arm-none-eabi/lib/armv6-m\libc_s.a
END GROUP
START GROUP
LOAD c:/program files (x86)/cypress/psoc creator/3.1/psoc creator/import/gnu_cs/arm/4.8.4/bin/../lib/gcc/arm-none-eabi/4.8.4/armv6-m\libgcc.a
LOAD c:/program files (x86)/cypress/psoc creator/3.1/psoc creator/import/gnu_cs/arm/4.8.4/bin/../lib/gcc/arm-none-eabi/4.8.4/../../../../arm-none-eabi/lib/armv6-m\libc_s.a
END GROUP
LOAD c:/program files (x86)/cypress/psoc creator/3.1/psoc creator/import/gnu_cs/arm/4.8.4/bin/../lib/gcc/arm-none-eabi/4.8.4/armv6-m/crtend.o
LOAD c:/program files (x86)/cypress/psoc creator/3.1/psoc creator/import/gnu_cs/arm/4.8.4/bin/../lib/gcc/arm-none-eabi/4.8.4/armv6-m/crtn.o
START GROUP
LOAD c:/program files (x86)/cypress/psoc creator/3.1/psoc creator/import/gnu_cs/arm/4.8.4/bin/../lib/gcc/arm-none-eabi/4.8.4/armv6-m\libgcc.a
LOAD c:/program files (x86)/cypress/psoc creator/3.1/psoc creator/import/gnu_cs/arm/4.8.4/bin/../lib/gcc/arm-none-eabi/4.8.4/../../../../arm-none-eabi/lib/armv6-m\libc.a
LOAD c:/program files (x86)/cypress/psoc creator/3.1/psoc creator/import/gnu_cs/arm/4.8.4/bin/../lib/gcc/arm-none-eabi/4.8.4/../../../../arm-none-eabi/lib/armv6-m\libnosys.a
END GROUP
                0x00000000                CY_APPL_ORIGIN = 0x0
                0x00000080                CY_FLASH_ROW_SIZE = 0x80
                0x00000001                CY_APPL_NUM = 0x1
                0x00000040                CY_METADATA_SIZE = 0x40
                0x20000528                PROVIDE (__cy_heap_start, _end)
                0x00000001                PROVIDE (__cy_region_num, ((__cy_regions_end - __cy_regions) / 0x10))
                0x20001000                PROVIDE (__cy_stack, (ORIGIN (ram) + 0x1000))
                0x20000c00                PROVIDE (__cy_heap_end, (__cy_stack - 0x400))

.cybootloader   0x00000000     0x1100
 *(.cybootloader)
 .cybootloader  0x00000000     0x1100 .\CortexM0\ARM_GCC_484\Debug\cybootloader.o
                0x00000000                cy_bootloader
                0x00001100                appl1_start = CY_APPL_ORIGIN?CY_APPL_ORIGIN:ALIGN (CY_FLASH_ROW_SIZE)
                0x00004800                appl2_start = (appl1_start + ALIGN ((((0x8000 - appl1_start) - (0x2 * CY_FLASH_ROW_SIZE)) / 0x2), CY_FLASH_ROW_SIZE))
                0x00001100                appl_start = (CY_APPL_NUM == 0x1)?appl1_start:appl2_start

.text           0x00001100     0x4d92
 CREATE_OBJECT_SYMBOLS
                0x00001100                PROVIDE (__cy_interrupt_vector, RomVectors)
 *(.romvectors)
 .romvectors    0x00001100       0x10 .\CortexM0\ARM_GCC_484\Debug\Cm0Start.o
                0x00001100                RomVectors
                0x00000001                ASSERT ((. != __cy_interrupt_vector), No interrupt vector)
                0x00000001                ASSERT (CY_APPL_ORIGIN?(SIZEOF (.cybootloader) <= CY_APPL_ORIGIN):0x1, Wrong image location)
                0x00001110                PROVIDE (__cy_reset, Reset)
 *(.text.Reset)
 .text.Reset    0x00001110       0x10 .\CortexM0\ARM_GCC_484\Debug\Cm0Start.o
                0x00001110                Reset
                0x00000001                ASSERT ((. != __cy_reset), No reset code)
 *(.psocinit)
 .psocinit      0x00001120      0x2cc .\CortexM0\ARM_GCC_484\Debug\UART_Bootloadable.a(cyfitter_cfg.o)
                0x00001120                cyfitter_cfg
                0x000013ec                . = MAX (., 0x100)
 *(.text .text.* .gnu.linkonce.t.*)
 .text          0x000013ec       0x60 c:/program files (x86)/cypress/psoc creator/3.1/psoc creator/import/gnu_cs/arm/4.8.4/bin/../lib/gcc/arm-none-eabi/4.8.4/armv6-m/crtbegin.o
 .text.isr_wdt  0x0000144c       0x14 .\CortexM0\ARM_GCC_484\Debug\main.o
                0x0000144c                isr_wdt
 .text.isr_lowpower_Interrupt
                0x00001460        0x8 .\CortexM0\ARM_GCC_484\Debug\main.o
                0x00001460                isr_lowpower_Interrupt
 .text.UART_ISR_0_FUN
                0x00001468       0x38 .\CortexM0\ARM_GCC_484\Debug\main.o
                0x00001468                UART_ISR_0_FUN
 .text.UART_ISR_1_FUN
                0x000014a0       0x34 .\CortexM0\ARM_GCC_484\Debug\main.o
                0x000014a0                UART_ISR_1_FUN
 .text.V24ISR   0x000014d4       0x90 .\CortexM0\ARM_GCC_484\Debug\main.o
                0x000014d4                V24ISR
 .text.UART_0_Enable
                0x00001564       0x1c .\CortexM0\ARM_GCC_484\Debug\main.o
                0x00001564                UART_0_Enable
 .text.UART_0_Start
                0x00001580       0x1c .\CortexM0\ARM_GCC_484\Debug\main.o
                0x00001580                UART_0_Start
 .text.UART_0_Stop
                0x0000159c       0x20 .\CortexM0\ARM_GCC_484\Debug\main.o
                0x0000159c                UART_0_Stop
 .text.UART_1_Enable
                0x000015bc       0x1c .\CortexM0\ARM_GCC_484\Debug\main.o
                0x000015bc                UART_1_Enable
 .text.UART_1_Start
                0x000015d8       0x1c .\CortexM0\ARM_GCC_484\Debug\main.o
                0x000015d8                UART_1_Start
 .text.UART_1_Stop
                0x000015f4       0x20 .\CortexM0\ARM_GCC_484\Debug\main.o
                0x000015f4                UART_1_Stop
 .text.Open_UART_WIFI_ISR
                0x00001614       0x20 .\CortexM0\ARM_GCC_484\Debug\main.o
                0x00001614                Open_UART_WIFI_ISR
 .text.Open_UART_TDS_ISR
                0x00001634       0x20 .\CortexM0\ARM_GCC_484\Debug\main.o
                0x00001634                Open_UART_TDS_ISR
 .text.Open_V24_IN_ISR
                0x00001654       0x1c .\CortexM0\ARM_GCC_484\Debug\main.o
                0x00001654                Open_V24_IN_ISR
 .text.Open_POWERLOW_ISR
                0x00001670       0x1c .\CortexM0\ARM_GCC_484\Debug\main.o
                0x00001670                Open_POWERLOW_ISR
 .text.Open_Watchdog
                0x0000168c       0x40 .\CortexM0\ARM_GCC_484\Debug\main.o
                0x0000168c                Open_Watchdog
 .text.startup.main
                0x000016cc      0x12c .\CortexM0\ARM_GCC_484\Debug\main.o
                0x000016cc                main
 .text.Led_Pannel_Shutdown
                0x000017f8       0x3a .\CortexM0\ARM_GCC_484\Debug\display.o
                0x000017f8                Led_Pannel_Shutdown
 .text.Led_Pannel_Test
                0x00001832       0x4a .\CortexM0\ARM_GCC_484\Debug\display.o
                0x00001832                Led_Pannel_Test
 .text.Led_Pannel_Filter_Setting
                0x0000187c       0xe4 .\CortexM0\ARM_GCC_484\Debug\display.o
                0x0000187c                Led_Pannel_Filter_Setting
 .text.Led_Pannel_Display
                0x00001960      0x178 .\CortexM0\ARM_GCC_484\Debug\display.o
                0x00001960                Led_Pannel_Display
 .text.Led_Pannel_Allon
                0x00001ad8       0x3a .\CortexM0\ARM_GCC_484\Debug\display.o
                0x00001ad8                Led_Pannel_Allon
 *fill*         0x00001b12        0x2 
 .text.Led_Pannel_Alarm
                0x00001b14       0x7c .\CortexM0\ARM_GCC_484\Debug\display.o
                0x00001b14                Led_Pannel_Alarm
 .text.Led_Pannel_Process
                0x00001b90       0x38 .\CortexM0\ARM_GCC_484\Debug\display.o
                0x00001b90                Led_Pannel_Process
 .text.Flash_Write_aRow_Data
                0x00001bc8       0x14 .\CortexM0\ARM_GCC_484\Debug\flash_wr_rd.o
                0x00001bc8                Flash_Write_aRow_Data
 .text.Flash_Write_aRow_Data_Sys
                0x00001bdc       0x14 .\CortexM0\ARM_GCC_484\Debug\flash_wr_rd.o
                0x00001bdc                Flash_Write_aRow_Data_Sys
 .text.Flash_Read_aByte
                0x00001bf0        0x8 .\CortexM0\ARM_GCC_484\Debug\flash_wr_rd.o
                0x00001bf0                Flash_Read_aByte
 .text.Flash_Read_aByte_Sys
                0x00001bf8        0x8 .\CortexM0\ARM_GCC_484\Debug\flash_wr_rd.o
                0x00001bf8                Flash_Read_aByte_Sys
 .text.Buzzer_Fun
                0x00001c00       0x88 .\CortexM0\ARM_GCC_484\Debug\fun.o
                0x00001c00                Buzzer_Fun
 .text.Timer_Isr_Fun
                0x00001c88      0x504 .\CortexM0\ARM_GCC_484\Debug\fun.o
                0x00001c88                Timer_Isr_Fun
 .text.lvxin_clean
                0x0000218c      0x108 .\CortexM0\ARM_GCC_484\Debug\fun.o
                0x0000218c                lvxin_clean
 .text.lvxin_panduan
                0x00002294      0x428 .\CortexM0\ARM_GCC_484\Debug\fun.o
                0x00002294                lvxin_panduan
 .text.lvxin_panduan_Nobeep
                0x000026bc      0x370 .\CortexM0\ARM_GCC_484\Debug\fun.o
                0x000026bc                lvxin_panduan_Nobeep
 .text.Alarm_Judge
                0x00002a2c      0x1ec .\CortexM0\ARM_GCC_484\Debug\fun.o
                0x00002a2c                Alarm_Judge
 .text.jixing   0x00002c18       0x34 .\CortexM0\ARM_GCC_484\Debug\fun.o
                0x00002c18                jixing
 .text.Sys_Sta  0x00002c4c       0x7c .\CortexM0\ARM_GCC_484\Debug\fun.o
                0x00002c4c                Sys_Sta
 .text.stand    0x00002cc8       0xd0 .\CortexM0\ARM_GCC_484\Debug\fun.o
                0x00002cc8                stand
 .text.Test     0x00002d98       0x40 .\CortexM0\ARM_GCC_484\Debug\fun.o
                0x00002d98                Test
 .text.Key_Return
                0x00002dd8       0x1c .\CortexM0\ARM_GCC_484\Debug\fun.o
                0x00002dd8                Key_Return
 .text.Key_Test
                0x00002df4       0x84 .\CortexM0\ARM_GCC_484\Debug\fun.o
                0x00002df4                Key_Test
 .text.key      0x00002e78      0x358 .\CortexM0\ARM_GCC_484\Debug\fun.o
                0x00002e78                key
 .text.Work_Fun_Init
                0x000031d0       0x20 .\CortexM0\ARM_GCC_484\Debug\fun.o
                0x000031d0                Work_Fun_Init
 .text.Sys_Init
                0x000031f0       0xec .\CortexM0\ARM_GCC_484\Debug\fun.o
                0x000031f0                Sys_Init
 .text.Wifi_Fun
                0x000032dc       0x5c .\CortexM0\ARM_GCC_484\Debug\fun.o
                0x000032dc                Wifi_Fun
 .text.Work_Fun
                0x00003338      0x3d4 .\CortexM0\ARM_GCC_484\Debug\fun.o
                0x00003338                Work_Fun
 .text.InterruptHandler
                0x0000370c       0x14 .\CortexM0\ARM_GCC_484\Debug\module.o
                0x0000370c                InterruptHandler
 .text.Caps_Initial
                0x00003720        0xc .\CortexM0\ARM_GCC_484\Debug\module.o
                0x00003720                Caps_Initial
 .text.Caps_Scan
                0x0000372c       0x68 .\CortexM0\ARM_GCC_484\Debug\module.o
                0x0000372c                Caps_Scan
 .text.Timer_Initial
                0x00003794       0x14 .\CortexM0\ARM_GCC_484\Debug\module.o
                0x00003794                Timer_Initial
 .text.Eme2prom_Initial
                0x000037a8        0x2 .\CortexM0\ARM_GCC_484\Debug\module.o
                0x000037a8                Eme2prom_Initial
 *fill*         0x000037aa        0x2 
 .text.read     0x000037ac       0x7c .\CortexM0\ARM_GCC_484\Debug\module.o
                0x000037ac                read
 .text.write    0x00003828       0x48 .\CortexM0\ARM_GCC_484\Debug\module.o
                0x00003828                write
 .text.read1    0x00003870       0xf0 .\CortexM0\ARM_GCC_484\Debug\module.o
                0x00003870                read1
 .text.write1   0x00003960       0x7c .\CortexM0\ARM_GCC_484\Debug\module.o
                0x00003960                write1
 .text.clean_ram
                0x000039dc       0x64 .\CortexM0\ARM_GCC_484\Debug\module.o
                0x000039dc                clean_ram
 .text.Stop_All_Module
                0x00003a40       0x2e .\CortexM0\ARM_GCC_484\Debug\module.o
                0x00003a40                Stop_All_Module
 *fill*         0x00003a6e        0x2 
 .text.cleareepromArray
                0x00003a70       0x54 .\CortexM0\ARM_GCC_484\Debug\module.o
                0x00003a70                cleareepromArray
 .text.clearwdt
                0x00003ac4       0x12 .\CortexM0\ARM_GCC_484\Debug\module.o
                0x00003ac4                clearwdt
 *fill*         0x00003ad6        0x2 
 .text.Tds_Scan_In
                0x00003ad8       0x6c .\CortexM0\ARM_GCC_484\Debug\uart_wifi.o
                0x00003ad8                Tds_Scan_In
 .text.Tds_Scan_Out
                0x00003b44       0x40 .\CortexM0\ARM_GCC_484\Debug\uart_wifi.o
                0x00003b44                Tds_Scan_Out
 .text.Sum_Make_Verify
                0x00003b84       0x20 .\CortexM0\ARM_GCC_484\Debug\uart_wifi.o
                0x00003b84                Sum_Make_Verify
 .text.LoadUARTData
                0x00003ba4      0x10c .\CortexM0\ARM_GCC_484\Debug\uart_wifi.o
                0x00003ba4                LoadUARTData
 .text.LoadTDSBoardData
                0x00003cb0      0x118 .\CortexM0\ARM_GCC_484\Debug\uart_wifi.o
                0x00003cb0                LoadTDSBoardData
 .text.UART_SendData
                0x00003dc8       0x30 .\CortexM0\ARM_GCC_484\Debug\uart_wifi.o
                0x00003dc8                UART_SendData
 .text.Comm_Uart_0_PrintHex8
                0x00003df8       0x1c .\CortexM0\ARM_GCC_484\Debug\uart_wifi.o
                0x00003df8                Comm_Uart_0_PrintHex8
 .text.Uart_0_Putchar
                0x00003e14       0x48 .\CortexM0\ARM_GCC_484\Debug\uart_wifi.o
                0x00003e14                Uart_0_Putchar
 .text.SendDataToWifi
                0x00003e5c       0xb8 .\CortexM0\ARM_GCC_484\Debug\uart_wifi.o
                0x00003e5c                SendDataToWifi
 .text.Mcu_Handshake_Data
                0x00003f14       0x28 .\CortexM0\ARM_GCC_484\Debug\uart_wifi.o
                0x00003f14                Mcu_Handshake_Data
 .text.App_Host_State
                0x00003f3c       0x94 .\CortexM0\ARM_GCC_484\Debug\uart_wifi.o
                0x00003f3c                App_Host_State
 .text.App_Filter_Changed_Data
                0x00003fd0       0x40 .\CortexM0\ARM_GCC_484\Debug\uart_wifi.o
                0x00003fd0                App_Filter_Changed_Data
 .text.App_Error_Data
                0x00004010       0x38 .\CortexM0\ARM_GCC_484\Debug\uart_wifi.o
                0x00004010                App_Error_Data
 .text.App_Filter_Used_Time_Data
                0x00004048       0x54 .\CortexM0\ARM_GCC_484\Debug\uart_wifi.o
                0x00004048                App_Filter_Used_Time_Data
 .text.App_Download_Nb_Sta
                0x0000409c       0x16 .\CortexM0\ARM_GCC_484\Debug\uart_wifi.o
                0x0000409c                App_Download_Nb_Sta
 *fill*         0x000040b2        0x2 
 .text.Wifi_Senddingstate_Data
                0x000040b4       0x1c .\CortexM0\ARM_GCC_484\Debug\uart_wifi.o
                0x000040b4                Wifi_Senddingstate_Data
 .text.Wifi_Firmware_Handshake_Data
                0x000040d0       0x30 .\CortexM0\ARM_GCC_484\Debug\uart_wifi.o
                0x000040d0                Wifi_Firmware_Handshake_Data
 .text.Wifi_Dect_Data
                0x00004100       0x1c .\CortexM0\ARM_GCC_484\Debug\uart_wifi.o
                0x00004100                Wifi_Dect_Data
 .text.Wifi_Firmware_Update_Data
                0x0000411c       0x1c .\CortexM0\ARM_GCC_484\Debug\uart_wifi.o
                0x0000411c                Wifi_Firmware_Update_Data
 .text.App_Search_Filter_Manage_Num
                0x00004138       0x20 .\CortexM0\ARM_GCC_484\Debug\uart_wifi.o
                0x00004138                App_Search_Filter_Manage_Num
 .text.App_Download_Filter_Manage_Num
                0x00004158       0x16 .\CortexM0\ARM_GCC_484\Debug\uart_wifi.o
                0x00004158                App_Download_Filter_Manage_Num
 .text.App_Download_Filter_Reset_Data
                0x0000416e       0x16 .\CortexM0\ARM_GCC_484\Debug\uart_wifi.o
                0x0000416e                App_Download_Filter_Reset_Data
 .text.App_Poweron
                0x00004184       0x16 .\CortexM0\ARM_GCC_484\Debug\uart_wifi.o
                0x00004184                App_Poweron
 .text.App_Poweroff
                0x0000419a       0x16 .\CortexM0\ARM_GCC_484\Debug\uart_wifi.o
                0x0000419a                App_Poweroff
 .text.Mcu_Poweronsmartlink_Data
                0x000041b0       0x14 .\CortexM0\ARM_GCC_484\Debug\uart_wifi.o
                0x000041b0                Mcu_Poweronsmartlink_Data
 .text.Clean_All_User_Bound
                0x000041c4       0x14 .\CortexM0\ARM_GCC_484\Debug\uart_wifi.o
                0x000041c4                Clean_All_User_Bound
 .text.Mcu_Firmware_Update
                0x000041d8       0x1c .\CortexM0\ARM_GCC_484\Debug\uart_wifi.o
                0x000041d8                Mcu_Firmware_Update
 .text.Host_State_Data
                0x000041f4       0x90 .\CortexM0\ARM_GCC_484\Debug\uart_wifi.o
                0x000041f4                Host_State_Data
 .text.Host_Filter_Changed_Data
                0x00004284       0x44 .\CortexM0\ARM_GCC_484\Debug\uart_wifi.o
                0x00004284                Host_Filter_Changed_Data
 .text.Host_Filter_Used_Time_Data
                0x000042c8       0x54 .\CortexM0\ARM_GCC_484\Debug\uart_wifi.o
                0x000042c8                Host_Filter_Used_Time_Data
 .text.Host_E0_Data
                0x0000431c       0x14 .\CortexM0\ARM_GCC_484\Debug\uart_wifi.o
                0x0000431c                Host_E0_Data
 .text.Host_E9_Data
                0x00004330       0x14 .\CortexM0\ARM_GCC_484\Debug\uart_wifi.o
                0x00004330                Host_E9_Data
 .text.Load_Command
                0x00004344       0x20 .\CortexM0\ARM_GCC_484\Debug\uart_wifi.o
                0x00004344                Load_Command
 .text.Load_Error
                0x00004364       0x20 .\CortexM0\ARM_GCC_484\Debug\uart_wifi.o
                0x00004364                Load_Error
 .text.Uart_Exception_Handl
                0x00004384       0x20 .\CortexM0\ARM_GCC_484\Debug\uart_wifi.o
                0x00004384                Uart_Exception_Handl
 .text.Send_To_WifiUart
                0x000043a4      0x104 .\CortexM0\ARM_GCC_484\Debug\uart_wifi.o
                0x000043a4                Send_To_WifiUart
 .text.Process_From_Wifi_Ctl_Ack_Data
                0x000044a8      0x1d0 .\CortexM0\ARM_GCC_484\Debug\uart_wifi.o
                0x000044a8                Process_From_Wifi_Ctl_Ack_Data
 .text.Process_From_Wifi_Noa_Data
                0x00004678       0x74 .\CortexM0\ARM_GCC_484\Debug\uart_wifi.o
                0x00004678                Process_From_Wifi_Noa_Data
 .text.Process_From_Wifi_Ack_Data
                0x000046ec       0xcc .\CortexM0\ARM_GCC_484\Debug\uart_wifi.o
                0x000046ec                Process_From_Wifi_Ack_Data
 .text.Process_From_Tdsboard_Data
                0x000047b8       0xf0 .\CortexM0\ARM_GCC_484\Debug\uart_wifi.o
                0x000047b8                Process_From_Tdsboard_Data
 .text.Error_Send
                0x000048a8       0x5c .\CortexM0\ARM_GCC_484\Debug\uart_wifi.o
                0x000048a8                Error_Send
 .text.Process_From_Wifi_Data
                0x00004904       0x24 .\CortexM0\ARM_GCC_484\Debug\uart_wifi.o
                0x00004904                Process_From_Wifi_Data
 .text.IntDefaultHandler
                0x00004928        0x2 .\CortexM0\ARM_GCC_484\Debug\Cm0Start.o
                0x00004928                IntDefaultHandler
 *fill*         0x0000492a        0x2 
 .text.Start_c  0x0000492c       0x4c .\CortexM0\ARM_GCC_484\Debug\Cm0Start.o
                0x0000492c                Start_c
 .text.startup.initialize_psoc
                0x00004978       0x54 .\CortexM0\ARM_GCC_484\Debug\Cm0Start.o
                0x00004978                initialize_psoc
 .text.SetAnalogRoutingPumps
                0x000049cc       0x40 .\CortexM0\ARM_GCC_484\Debug\UART_Bootloadable.a(cyfitter_cfg.o)
                0x000049cc                SetAnalogRoutingPumps
 .text.Bootloadable_Load
                0x00004a0c       0x14 .\CortexM0\ARM_GCC_484\Debug\UART_Bootloadable.a(Bootloadable.o)
                0x00004a0c                Bootloadable_Load
 .text          0x00004a20       0x28 .\CortexM0\ARM_GCC_484\Debug\UART_Bootloadable.a(CyBootAsmGnu.o)
                0x00004a20                CyDelayCycles
                0x00004a34                CyEnterCriticalSection
                0x00004a3c                CyExitCriticalSection
 .text.CySysFlashWriteRow
                0x00004a48      0x1a0 .\CortexM0\ARM_GCC_484\Debug\UART_Bootloadable.a(CyFlash.o)
                0x00004a48                CySysFlashWriteRow
 .text.CySysFlashSetWaitCycles
                0x00004be8       0x2c .\CortexM0\ARM_GCC_484\Debug\UART_Bootloadable.a(CyFlash.o)
                0x00004be8                CySysFlashSetWaitCycles
 .text.CySysClkIloStart
                0x00004c14       0x14 .\CortexM0\ARM_GCC_484\Debug\UART_Bootloadable.a(CyLib.o)
                0x00004c14                CySysClkIloStart
 .text.CySysWdtLock
                0x00004c28       0x1c .\CortexM0\ARM_GCC_484\Debug\UART_Bootloadable.a(CyLib.o)
                0x00004c28                CySysWdtLock
 .text.CySysWdtUnlock
                0x00004c44       0x30 .\CortexM0\ARM_GCC_484\Debug\UART_Bootloadable.a(CyLib.o)
                0x00004c44                CySysWdtUnlock
 .text.CySysWdtReadEnabledStatus
                0x00004c74       0x1c .\CortexM0\ARM_GCC_484\Debug\UART_Bootloadable.a(CyLib.o)
                0x00004c74                CySysWdtReadEnabledStatus
 .text.CySysWdtWriteMode
                0x00004c90       0x34 .\CortexM0\ARM_GCC_484\Debug\UART_Bootloadable.a(CyLib.o)
                0x00004c90                CySysWdtWriteMode
 .text.CySysWdtWriteClearOnMatch
                0x00004cc4       0x34 .\CortexM0\ARM_GCC_484\Debug\UART_Bootloadable.a(CyLib.o)
                0x00004cc4                CySysWdtWriteClearOnMatch
 .text.CySysWdtEnable
                0x00004cf8       0x34 .\CortexM0\ARM_GCC_484\Debug\UART_Bootloadable.a(CyLib.o)
                0x00004cf8                CySysWdtEnable
 .text.CySysWdtClearInterrupt
                0x00004d2c       0x50 .\CortexM0\ARM_GCC_484\Debug\UART_Bootloadable.a(CyLib.o)
                0x00004d2c                CySysWdtClearInterrupt
 .text.CySysWdtResetCounters
                0x00004d7c       0x18 .\CortexM0\ARM_GCC_484\Debug\UART_Bootloadable.a(CyLib.o)
                0x00004d7c                CySysWdtResetCounters
 .text.CySysLvdEnable
                0x00004d94       0x2c .\CortexM0\ARM_GCC_484\Debug\UART_Bootloadable.a(CyLib.o)
                0x00004d94                CySysLvdEnable
 .text.CyIntSetVector
                0x00004dc0       0x18 .\CortexM0\ARM_GCC_484\Debug\UART_Bootloadable.a(CyLib.o)
                0x00004dc0                CyIntSetVector
 .text.CyIntSetPriority
                0x00004dd8       0x40 .\CortexM0\ARM_GCC_484\Debug\UART_Bootloadable.a(CyLib.o)
                0x00004dd8                CyIntSetPriority
 .text.CyIntEnable
                0x00004e18       0x14 .\CortexM0\ARM_GCC_484\Debug\UART_Bootloadable.a(CyLib.o)
                0x00004e18                CyIntEnable
 .text.CyIntDisable
                0x00004e2c       0x14 .\CortexM0\ARM_GCC_484\Debug\UART_Bootloadable.a(CyLib.o)
                0x00004e2c                CyIntDisable
 .text.CyIntClearPending
                0x00004e40       0x14 .\CortexM0\ARM_GCC_484\Debug\UART_Bootloadable.a(CyLib.o)
                0x00004e40                CyIntClearPending
 .text.CySoftwareReset
                0x00004e54       0x18 .\CortexM0\ARM_GCC_484\Debug\UART_Bootloadable.a(CyLib.o)
                0x00004e54                CySoftwareReset
 .text.CyDelay  0x00004e6c       0x2c .\CortexM0\ARM_GCC_484\Debug\UART_Bootloadable.a(CyLib.o)
                0x00004e6c                CyDelay
 .text.CyDelayUs
                0x00004e98       0x14 .\CortexM0\ARM_GCC_484\Debug\UART_Bootloadable.a(CyLib.o)
                0x00004e98                CyDelayUs
 .text.CySysWdtWriteMatch
                0x00004eac       0x38 .\CortexM0\ARM_GCC_484\Debug\UART_Bootloadable.a(CyLib.o)
                0x00004eac                CySysWdtWriteMatch
 .text.TestPort_Write
                0x00004ee4       0x18 .\CortexM0\ARM_GCC_484\Debug\UART_Bootloadable.a(TestPort.o)
                0x00004ee4                TestPort_Write
 .text.CC_ISR_SetPriority
                0x00004efc       0x24 .\CortexM0\ARM_GCC_484\Debug\UART_Bootloadable.a(CC_ISR.o)
                0x00004efc                CC_ISR_SetPriority
 .text.CC_ISR_StartEx
                0x00004f20       0x28 .\CortexM0\ARM_GCC_484\Debug\UART_Bootloadable.a(CC_ISR.o)
                0x00004f20                CC_ISR_StartEx
 .text.CapSense_CsdHwBlockInit
                0x00004f48       0x78 .\CortexM0\ARM_GCC_484\Debug\UART_Bootloadable.a(CapSense.o)
                0x00004f48                CapSense_CsdHwBlockInit
 .text.CapSense_Enable
                0x00004fc0       0x3c .\CortexM0\ARM_GCC_484\Debug\UART_Bootloadable.a(CapSense.o)
                0x00004fc0                CapSense_Enable
 .text.CapSense_Stop
                0x00004ffc       0x2c .\CortexM0\ARM_GCC_484\Debug\UART_Bootloadable.a(CapSense.o)
                0x00004ffc                CapSense_Stop
 .text.CapSense_IsBusy
                0x00005028       0x10 .\CortexM0\ARM_GCC_484\Debug\UART_Bootloadable.a(CapSense.o)
                0x00005028                CapSense_IsBusy
 .text.CapSense_EnableSensor
                0x00005038       0x48 .\CortexM0\ARM_GCC_484\Debug\UART_Bootloadable.a(CapSense.o)
                0x00005038                CapSense_EnableSensor
 .text.CapSense_DisableSensor
                0x00005080       0x68 .\CortexM0\ARM_GCC_484\Debug\UART_Bootloadable.a(CapSense.o)
                0x00005080                CapSense_DisableSensor
 .text.CapSense_ClearSensors
                0x000050e8       0x16 .\CortexM0\ARM_GCC_484\Debug\UART_Bootloadable.a(CapSense.o)
                0x000050e8                CapSense_ClearSensors
 *fill*         0x000050fe        0x2 
 .text.CapSense_PreScan
                0x00005100       0xa0 .\CortexM0\ARM_GCC_484\Debug\UART_Bootloadable.a(CapSense.o)
                0x00005100                CapSense_PreScan
 .text.CapSense_ScanSensor
                0x000051a0       0x1c .\CortexM0\ARM_GCC_484\Debug\UART_Bootloadable.a(CapSense.o)
                0x000051a0                CapSense_ScanSensor
 .text.CapSense_PostScan
                0x000051bc       0x54 .\CortexM0\ARM_GCC_484\Debug\UART_Bootloadable.a(CapSense.o)
                0x000051bc                CapSense_PostScan
 .text.CapSense_SetShieldDelay
                0x00005210       0x14 .\CortexM0\ARM_GCC_484\Debug\UART_Bootloadable.a(CapSense.o)
                0x00005210                CapSense_SetShieldDelay
 .text.CapSense_Init
                0x00005224       0x20 .\CortexM0\ARM_GCC_484\Debug\UART_Bootloadable.a(CapSense.o)
                0x00005224                CapSense_Init
 .text.CapSense_GetBitValue
                0x00005244       0x14 .\CortexM0\ARM_GCC_484\Debug\UART_Bootloadable.a(CapSense.o)
                0x00005244                CapSense_GetBitValue
 .text.CapSense_FindNextSensor
                0x00005258       0x24 .\CortexM0\ARM_GCC_484\Debug\UART_Bootloadable.a(CapSense.o)
                0x00005258                CapSense_FindNextSensor
 .text.CapSense_ScanEnabledWidgets
                0x0000527c       0x34 .\CortexM0\ARM_GCC_484\Debug\UART_Bootloadable.a(CapSense.o)
                0x0000527c                CapSense_ScanEnabledWidgets
 .text.CapSense_SetBitValue
                0x000052b0       0x22 .\CortexM0\ARM_GCC_484\Debug\UART_Bootloadable.a(CapSense.o)
                0x000052b0                CapSense_SetBitValue
 *fill*         0x000052d2        0x2 
 .text.CapSense_GetSensorRaw
                0x000052d4       0x1c .\CortexM0\ARM_GCC_484\Debug\UART_Bootloadable.a(CapSense.o)
                0x000052d4                CapSense_GetSensorRaw
 .text.CapSense_CalibrateSensor
                0x000052f0       0x32 .\CortexM0\ARM_GCC_484\Debug\UART_Bootloadable.a(CapSense.o)
                0x000052f0                CapSense_CalibrateSensor
 *fill*         0x00005322        0x2 
 .text.CapSense_Start
                0x00005324       0x98 .\CortexM0\ARM_GCC_484\Debug\UART_Bootloadable.a(CapSense.o)
                0x00005324                CapSense_Start
 .text.CapSense_BaseInit
                0x000053bc       0x40 .\CortexM0\ARM_GCC_484\Debug\UART_Bootloadable.a(CapSense_CSHL.o)
                0x000053bc                CapSense_BaseInit
 .text.CapSense_InitializeSensorBaseline
                0x000053fc       0x18 .\CortexM0\ARM_GCC_484\Debug\UART_Bootloadable.a(CapSense_CSHL.o)
                0x000053fc                CapSense_InitializeSensorBaseline
 .text.CapSense_InitializeAllBaselines
                0x00005414       0x16 .\CortexM0\ARM_GCC_484\Debug\UART_Bootloadable.a(CapSense_CSHL.o)
                0x00005414                CapSense_InitializeAllBaselines
 *fill*         0x0000542a        0x2 
 .text.CapSense_UpdateBaselineNoThreshold
                0x0000542c       0xd8 .\CortexM0\ARM_GCC_484\Debug\UART_Bootloadable.a(CapSense_CSHL.o)
                0x0000542c                CapSense_UpdateBaselineNoThreshold
 .text.CapSense_UpdateEnabledBaselines
                0x00005504       0x24 .\CortexM0\ARM_GCC_484\Debug\UART_Bootloadable.a(CapSense_CSHL.o)
                0x00005504                CapSense_UpdateEnabledBaselines
 .text.CapSense_CheckIsSensorActive
                0x00005528       0x94 .\CortexM0\ARM_GCC_484\Debug\UART_Bootloadable.a(CapSense_CSHL.o)
                0x00005528                CapSense_CheckIsSensorActive
 .text.CapSense_CheckIsWidgetActive
                0x000055bc       0x2c .\CortexM0\ARM_GCC_484\Debug\UART_Bootloadable.a(CapSense_CSHL.o)
                0x000055bc                CapSense_CheckIsWidgetActive
 .text.CapSense_ISR
                0x000055e8       0x7c .\CortexM0\ARM_GCC_484\Debug\UART_Bootloadable.a(CapSense_INT.o)
                0x000055e8                CapSense_ISR
 .text.V24V_Read
                0x00005664       0x10 .\CortexM0\ARM_GCC_484\Debug\UART_Bootloadable.a(V24V.o)
                0x00005664                V24V_Read
 .text.GYWD_Read
                0x00005674       0x10 .\CortexM0\ARM_GCC_484\Debug\UART_Bootloadable.a(GYWD.o)
                0x00005674                GYWD_Read
 .text.DYWD_Read
                0x00005684       0x10 .\CortexM0\ARM_GCC_484\Debug\UART_Bootloadable.a(DYWD.o)
                0x00005684                DYWD_Read
 .text.K1_Write
                0x00005694       0x18 .\CortexM0\ARM_GCC_484\Debug\UART_Bootloadable.a(K1.o)
                0x00005694                K1_Write
 .text.K2_Write
                0x000056ac       0x18 .\CortexM0\ARM_GCC_484\Debug\UART_Bootloadable.a(K2.o)
                0x000056ac                K2_Write
 .text.PWM_Init
                0x000056c4       0x50 .\CortexM0\ARM_GCC_484\Debug\UART_Bootloadable.a(PWM.o)
                0x000056c4                PWM_Init
 .text.PWM_Stop
                0x00005714       0x1c .\CortexM0\ARM_GCC_484\Debug\UART_Bootloadable.a(PWM.o)
                0x00005714                PWM_Stop
 .text.PWM_TriggerCommand
                0x00005730       0x1c .\CortexM0\ARM_GCC_484\Debug\UART_Bootloadable.a(PWM.o)
                0x00005730                PWM_TriggerCommand
 .text.PWM_Enable
                0x0000574c       0x24 .\CortexM0\ARM_GCC_484\Debug\UART_Bootloadable.a(PWM.o)
                0x0000574c                PWM_Enable
 .text.PWM_Start
                0x00005770       0x1c .\CortexM0\ARM_GCC_484\Debug\UART_Bootloadable.a(PWM.o)
                0x00005770                PWM_Start
 .text.FMQ_Write
                0x0000578c       0x18 .\CortexM0\ARM_GCC_484\Debug\UART_Bootloadable.a(FMQ.o)
                0x0000578c                FMQ_Write
 .text.V24_IN_ISR_SetVector
                0x000057a4        0xc .\CortexM0\ARM_GCC_484\Debug\UART_Bootloadable.a(V24_IN_ISR.o)
                0x000057a4                V24_IN_ISR_SetVector
 .text.V24_IN_ISR_SetPriority
                0x000057b0       0x24 .\CortexM0\ARM_GCC_484\Debug\UART_Bootloadable.a(V24_IN_ISR.o)
                0x000057b0                V24_IN_ISR_SetPriority
 .text.V24_IN_ISR_Enable
                0x000057d4        0xc .\CortexM0\ARM_GCC_484\Debug\UART_Bootloadable.a(V24_IN_ISR.o)
                0x000057d4                V24_IN_ISR_Enable
 .text.V24_IN_ISR_Disable
                0x000057e0        0xc .\CortexM0\ARM_GCC_484\Debug\UART_Bootloadable.a(V24_IN_ISR.o)
                0x000057e0                V24_IN_ISR_Disable
 .text.Timer_Init
                0x000057ec       0x3c .\CortexM0\ARM_GCC_484\Debug\UART_Bootloadable.a(Timer.o)
                0x000057ec                Timer_Init
 .text.Timer_Stop
                0x00005828       0x1c .\CortexM0\ARM_GCC_484\Debug\UART_Bootloadable.a(Timer.o)
                0x00005828                Timer_Stop
 .text.Timer_TriggerCommand
                0x00005844       0x1c .\CortexM0\ARM_GCC_484\Debug\UART_Bootloadable.a(Timer.o)
                0x00005844                Timer_TriggerCommand
 .text.Timer_Enable
                0x00005860       0x24 .\CortexM0\ARM_GCC_484\Debug\UART_Bootloadable.a(Timer.o)
                0x00005860                Timer_Enable
 .text.Timer_Start
                0x00005884       0x1c .\CortexM0\ARM_GCC_484\Debug\UART_Bootloadable.a(Timer.o)
                0x00005884                Timer_Start
 .text.Timer_ClearInterrupt
                0x000058a0        0xc .\CortexM0\ARM_GCC_484\Debug\UART_Bootloadable.a(Timer.o)
                0x000058a0                Timer_ClearInterrupt
 .text.isr_lowpower_1_SetVector
                0x000058ac        0xc .\CortexM0\ARM_GCC_484\Debug\UART_Bootloadable.a(isr_lowpower_1.o)
                0x000058ac                isr_lowpower_1_SetVector
 .text.isr_lowpower_1_SetPriority
                0x000058b8       0x28 .\CortexM0\ARM_GCC_484\Debug\UART_Bootloadable.a(isr_lowpower_1.o)
                0x000058b8                isr_lowpower_1_SetPriority
 .text.isr_lowpower_1_Enable
                0x000058e0       0x10 .\CortexM0\ARM_GCC_484\Debug\UART_Bootloadable.a(isr_lowpower_1.o)
                0x000058e0                isr_lowpower_1_Enable
 .text.isr_lowpower_1_Disable
                0x000058f0       0x10 .\CortexM0\ARM_GCC_484\Debug\UART_Bootloadable.a(isr_lowpower_1.o)
                0x000058f0                isr_lowpower_1_Disable
 .text.UART_1_UartInit
                0x00005900       0xac .\CortexM0\ARM_GCC_484\Debug\UART_Bootloadable.a(UART_1_UART.o)
                0x00005900                UART_1_UartInit
 .text.UART_1_UartGetByte
                0x000059ac       0x40 .\CortexM0\ARM_GCC_484\Debug\UART_Bootloadable.a(UART_1_UART.o)
                0x000059ac                UART_1_UartGetByte
 .text.UART_0_UartInit
                0x000059ec       0xac .\CortexM0\ARM_GCC_484\Debug\UART_Bootloadable.a(UART_0_UART.o)
                0x000059ec                UART_0_UartInit
 .text.UART_0_UartGetByte
                0x00005a98       0x40 .\CortexM0\ARM_GCC_484\Debug\UART_Bootloadable.a(UART_0_UART.o)
                0x00005a98                UART_0_UartGetByte
 .text.CapSense_SampleClk_Start
                0x00005ad8       0x14 .\CortexM0\ARM_GCC_484\Debug\UART_Bootloadable.a(CapSense_SampleClk.o)
                0x00005ad8                CapSense_SampleClk_Start
 .text.CapSense_SampleClk_Stop
                0x00005aec       0x10 .\CortexM0\ARM_GCC_484\Debug\UART_Bootloadable.a(CapSense_SampleClk.o)
                0x00005aec                CapSense_SampleClk_Stop
 .text.CapSense_SampleClk_SetFractionalDividerRegister
                0x00005afc       0x14 .\CortexM0\ARM_GCC_484\Debug\UART_Bootloadable.a(CapSense_SampleClk.o)
                0x00005afc                CapSense_SampleClk_SetFractionalDividerRegister
 .text.CapSense_SenseClk_Start
                0x00005b10       0x14 .\CortexM0\ARM_GCC_484\Debug\UART_Bootloadable.a(CapSense_SenseClk.o)
                0x00005b10                CapSense_SenseClk_Start
 .text.CapSense_SenseClk_Stop
                0x00005b24       0x10 .\CortexM0\ARM_GCC_484\Debug\UART_Bootloadable.a(CapSense_SenseClk.o)
                0x00005b24                CapSense_SenseClk_Stop
 .text.CapSense_SenseClk_SetFractionalDividerRegister
                0x00005b34       0x14 .\CortexM0\ARM_GCC_484\Debug\UART_Bootloadable.a(CapSense_SenseClk.o)
                0x00005b34                CapSense_SenseClk_SetFractionalDividerRegister
 .text.LED_RO3_Write
                0x00005b48       0x18 .\CortexM0\ARM_GCC_484\Debug\UART_Bootloadable.a(LED_RO3.o)
                0x00005b48                LED_RO3_Write
 .text.LED_RO2_Write
                0x00005b60       0x18 .\CortexM0\ARM_GCC_484\Debug\UART_Bootloadable.a(LED_RO2.o)
                0x00005b60                LED_RO2_Write
 .text.LED_RO1_Write
                0x00005b78       0x18 .\CortexM0\ARM_GCC_484\Debug\UART_Bootloadable.a(LED_RO1.o)
                0x00005b78                LED_RO1_Write
 .text.LED_FC_Write
                0x00005b90       0x18 .\CortexM0\ARM_GCC_484\Debug\UART_Bootloadable.a(LED_FC.o)
                0x00005b90                LED_FC_Write
 .text.LED_PP_Write
                0x00005ba8       0x18 .\CortexM0\ARM_GCC_484\Debug\UART_Bootloadable.a(LED_PP.o)
                0x00005ba8                LED_PP_Write
 .text.LED_BC_Write
                0x00005bc0       0x18 .\CortexM0\ARM_GCC_484\Debug\UART_Bootloadable.a(LED_BC.o)
                0x00005bc0                LED_BC_Write
 .text.LED_WIFI_Write
                0x00005bd8       0x18 .\CortexM0\ARM_GCC_484\Debug\UART_Bootloadable.a(LED_WIFI.o)
                0x00005bd8                LED_WIFI_Write
 .text.LED_KEY_WIFI_Write
                0x00005bf0       0x18 .\CortexM0\ARM_GCC_484\Debug\UART_Bootloadable.a(LED_KEY_WIFI.o)
                0x00005bf0                LED_KEY_WIFI_Write
 .text.LED_KEY_SETTING_Write
                0x00005c08       0x18 .\CortexM0\ARM_GCC_484\Debug\UART_Bootloadable.a(LED_KEY_SETTING.o)
                0x00005c08                LED_KEY_SETTING_Write
 .text.TEST_Read
                0x00005c20       0x10 .\CortexM0\ARM_GCC_484\Debug\UART_Bootloadable.a(TEST.o)
                0x00005c20                TEST_Read
 .text.UART_1_SpiUartReadRxData
                0x00005c30        0xc .\CortexM0\ARM_GCC_484\Debug\UART_Bootloadable.a(UART_1_SPI_UART.o)
                0x00005c30                UART_1_SpiUartReadRxData
 .text.UART_1_SpiUartGetRxBufferSize
                0x00005c3c       0x10 .\CortexM0\ARM_GCC_484\Debug\UART_Bootloadable.a(UART_1_SPI_UART.o)
                0x00005c3c                UART_1_SpiUartGetRxBufferSize
 .text.UART_1_SpiUartDisableIntRx
                0x00005c4c       0x10 .\CortexM0\ARM_GCC_484\Debug\UART_Bootloadable.a(UART_1_SPI_UART.o)
                0x00005c4c                UART_1_SpiUartDisableIntRx
 .text.UART_1_SPI_UART_ISR
                0x00005c5c       0x14 .\CortexM0\ARM_GCC_484\Debug\UART_Bootloadable.a(UART_1_SPI_UART_INT.o)
                0x00005c5c                UART_1_SPI_UART_ISR
 .text.UART_0_SpiUartReadRxData
                0x00005c70        0xc .\CortexM0\ARM_GCC_484\Debug\UART_Bootloadable.a(UART_0_SPI_UART.o)
                0x00005c70                UART_0_SpiUartReadRxData
 .text.UART_0_SpiUartGetRxBufferSize
                0x00005c7c       0x10 .\CortexM0\ARM_GCC_484\Debug\UART_Bootloadable.a(UART_0_SPI_UART.o)
                0x00005c7c                UART_0_SpiUartGetRxBufferSize
 .text.UART_0_SpiUartDisableIntRx
                0x00005c8c       0x10 .\CortexM0\ARM_GCC_484\Debug\UART_Bootloadable.a(UART_0_SPI_UART.o)
                0x00005c8c                UART_0_SpiUartDisableIntRx
 .text.UART_0_SPI_UART_ISR
                0x00005c9c       0x14 .\CortexM0\ARM_GCC_484\Debug\UART_Bootloadable.a(UART_0_SPI_UART_INT.o)
                0x00005c9c                UART_0_SPI_UART_ISR
 .text          0x00005cb0       0x14 c:/program files (x86)/cypress/psoc creator/3.1/psoc creator/import/gnu_cs/arm/4.8.4/bin/../lib/gcc/arm-none-eabi/4.8.4/armv6-m\libgcc.a(_thumb1_case_uqi.o)
                0x00005cb0                __gnu_thumb1_case_uqi
 .text          0x00005cc4       0x9c c:/program files (x86)/cypress/psoc creator/3.1/psoc creator/import/gnu_cs/arm/4.8.4/bin/../lib/gcc/arm-none-eabi/4.8.4/armv6-m\libgcc.a(_udivsi3.o)
                0x00005cc4                __aeabi_uidiv
                0x00005cc4                __udivsi3
                0x00005d4c                __aeabi_uidivmod
 .text          0x00005d60       0xc0 c:/program files (x86)/cypress/psoc creator/3.1/psoc creator/import/gnu_cs/arm/4.8.4/bin/../lib/gcc/arm-none-eabi/4.8.4/armv6-m\libgcc.a(_divsi3.o)
                0x00005d60                __divsi3
                0x00005d60                __aeabi_idiv
                0x00005e0c                __aeabi_idivmod
 .text          0x00005e20        0x4 c:/program files (x86)/cypress/psoc creator/3.1/psoc creator/import/gnu_cs/arm/4.8.4/bin/../lib/gcc/arm-none-eabi/4.8.4/armv6-m\libgcc.a(_dvmd_tls.o)
                0x00005e20                __aeabi_idiv0
                0x00005e20                __aeabi_ldiv0
 .text.__libc_init_array
                0x00005e24       0x4c c:/program files (x86)/cypress/psoc creator/3.1/psoc creator/import/gnu_cs/arm/4.8.4/bin/../lib/gcc/arm-none-eabi/4.8.4/../../../../arm-none-eabi/lib/armv6-m\libg_s.a(lib_a-init.o)
                0x00005e24                __libc_init_array
 .text.memcpy   0x00005e70       0x12 c:/program files (x86)/cypress/psoc creator/3.1/psoc creator/import/gnu_cs/arm/4.8.4/bin/../lib/gcc/arm-none-eabi/4.8.4/../../../../arm-none-eabi/lib/armv6-m\libg_s.a(lib_a-memcpy-stub.o)
                0x00005e70                memcpy
 .text.memset   0x00005e82       0x10 c:/program files (x86)/cypress/psoc creator/3.1/psoc creator/import/gnu_cs/arm/4.8.4/bin/../lib/gcc/arm-none-eabi/4.8.4/../../../../arm-none-eabi/lib/armv6-m\libg_s.a(lib_a-memset.o)
                0x00005e82                memset
 *(.plt)
 *(.gnu.warning)
 *(.glue_7t)
 .glue_7t       0x00000000        0x0 linker stubs
 *(.glue_7)
 .glue_7        0x00000000        0x0 linker stubs
 *(.vfp11_veneer)
 .vfp11_veneer  0x00000000        0x0 linker stubs
 *(.bootloader)
 *(.ARM.extab* .gnu.linkonce.armextab.*)
 *(.gcc_except_table)

.v4_bx          0x00005e94        0x0
 .v4_bx         0x00000000        0x0 linker stubs

.iplt           0x00005e94        0x0
 .iplt          0x00000000        0x0 c:/program files (x86)/cypress/psoc creator/3.1/psoc creator/import/gnu_cs/arm/4.8.4/bin/../lib/gcc/arm-none-eabi/4.8.4/armv6-m/crtbegin.o

.eh_frame_hdr
 *(.eh_frame_hdr)

.eh_frame       0x00005e94        0x4
 *(.eh_frame)
 .eh_frame      0x00005e94        0x0 c:/program files (x86)/cypress/psoc creator/3.1/psoc creator/import/gnu_cs/arm/4.8.4/bin/../lib/gcc/arm-none-eabi/4.8.4/armv6-m/crtbegin.o
 .eh_frame      0x00005e94        0x4 c:/program files (x86)/cypress/psoc creator/3.1/psoc creator/import/gnu_cs/arm/4.8.4/bin/../lib/gcc/arm-none-eabi/4.8.4/armv6-m/crtend.o
                0x00005e98                PROVIDE (__exidx_start, .)

.ARM.exidx
 *(.ARM.exidx* .gnu.linkonce.armexidx.*)
                0x00005e98                __exidx_end = .

.rodata         0x00005e98      0x300
 *(.rodata .rodata.* .gnu.linkonce.r.*)
 .rodata        0x00005e98      0x1f8 .\CortexM0\ARM_GCC_484\Debug\uart_wifi.o
                0x00005e98                Tab_tds_in_01
                0x00005f98                Tab_tds_in_02
                0x00006040                Tab_tds_out
 .rodata        0x00006090       0x58 .\CortexM0\ARM_GCC_484\Debug\UART_Bootloadable.a(cyfitter_cfg.o)
 .rodata        0x000060e8       0x68 .\CortexM0\ARM_GCC_484\Debug\UART_Bootloadable.a(CapSense.o)
                0x000060e8                CapSense_widgetResolution
                0x000060f4                CapSense_portTable
                0x000060f7                CapSense_pinShiftTbl
                0x000060fc                CapSense_prtSelTbl
                0x00006110                CapSense_prtCfgTbl
                0x00006124                CapSense_prtDRTbl
                0x00006138                CapSense_widgetNumber
                0x0000613b                CapSense_sampleClkDividerVal
                0x0000613e                CapSense_senseClkDividerVal
                0x00006144                CapSense_maskTable
 .rodata        0x00006150       0x12 .\CortexM0\ARM_GCC_484\Debug\UART_Bootloadable.a(CapSense_CSHL.o)
                0x00006150                CapSense_debounce
                0x00006153                CapSense_noiseThreshold
                0x00006156                CapSense_rawDataIndex
                0x00006159                CapSense_numberOfSensors
                0x0000615c                CapSense_fingerThreshold
                0x0000615f                CapSense_hysteresis
                0x00006164                . = ALIGN (0x4)
 *fill*         0x00006162        0x2 
 *(.init)
 .init          0x00006164        0x4 c:/program files (x86)/cypress/psoc creator/3.1/psoc creator/import/gnu_cs/arm/4.8.4/bin/../lib/gcc/arm-none-eabi/4.8.4/armv6-m/crti.o
                0x00006164                _init
 .init          0x00006168        0x8 c:/program files (x86)/cypress/psoc creator/3.1/psoc creator/import/gnu_cs/arm/4.8.4/bin/../lib/gcc/arm-none-eabi/4.8.4/armv6-m/crtn.o
                0x00006170                . = ALIGN (0x4)
                0x00006170                __preinit_array_start = .
 *(.preinit_array)
                0x00006170                __preinit_array_end = .
                0x00006170                . = ALIGN (0x4)
                0x00006170                __init_array_start = .
 *(SORT(.init_array.*))
 *(.init_array)
 .init_array    0x00006170        0x4 c:/program files (x86)/cypress/psoc creator/3.1/psoc creator/import/gnu_cs/arm/4.8.4/bin/../lib/gcc/arm-none-eabi/4.8.4/armv6-m/crtbegin.o
 .init_array    0x00006174        0x4 .\CortexM0\ARM_GCC_484\Debug\Cm0Start.o
                0x00006178                __init_array_end = .
                0x00006178                . = ALIGN (0x4)
 *(.fini)
 .fini          0x00006178        0x4 c:/program files (x86)/cypress/psoc creator/3.1/psoc creator/import/gnu_cs/arm/4.8.4/bin/../lib/gcc/arm-none-eabi/4.8.4/armv6-m/crti.o
                0x00006178                _fini
 .fini          0x0000617c        0x8 c:/program files (x86)/cypress/psoc creator/3.1/psoc creator/import/gnu_cs/arm/4.8.4/bin/../lib/gcc/arm-none-eabi/4.8.4/armv6-m/crtn.o
                0x00006184                . = ALIGN (0x4)
                0x00006184                __fini_array_start = .
 *(.fini_array)
 .fini_array    0x00006184        0x4 c:/program files (x86)/cypress/psoc creator/3.1/psoc creator/import/gnu_cs/arm/4.8.4/bin/../lib/gcc/arm-none-eabi/4.8.4/armv6-m/crtbegin.o
 *(SORT(.fini_array.*))
                0x00006188                __fini_array_end = .
                0x00006188                . = ALIGN (0x4)
 *crtbegin.o(.ctors)
 *(EXCLUDE_FILE(*crtend.o) .ctors)
 *(SORT(.ctors.*))
 *crtend.o(.ctors)
                0x00006188                . = ALIGN (0x4)
 *crtbegin.o(.dtors)
 *(EXCLUDE_FILE(*crtend.o) .dtors)
 *(SORT(.dtors.*))
 *crtend.o(.dtors)
                0x00006188                . = ALIGN (0x4)
                0x00006188                __cy_regions = .
                0x00006188        0x4 LONG 0x6198 __cy_region_init_ram
                0x0000618c        0x4 LONG 0x200000d0 __cy_region_start_data
                0x00006190        0x4 LONG 0x30 __cy_region_init_size_ram
                0x00006194        0x4 LONG 0x428 __cy_region_zero_size_ram
                0x00006198                __cy_regions_end = .
                0x00006198                . = ALIGN (0x8)
                0x00006198                _etext = .

.ramvectors     0x20000000       0xc0
                0x20000000                __cy_region_start_ram = .
 *(.ramvectors)
 .ramvectors    0x20000000       0xc0 .\CortexM0\ARM_GCC_484\Debug\Cm0Start.o
                0x20000000                CyRamVectors

.btldr_run      0x200000c0        0x4
 *(.bootloaderruntype)
 .bootloaderruntype
                0x200000c0        0x4 .\CortexM0\ARM_GCC_484\Debug\Cm0Start.o
                0x200000c0                cyBtldrRunType

.noinit         0x200000c8        0x4
 *(.noinit)
 .noinit        0x200000c8        0x4 .\CortexM0\ARM_GCC_484\Debug\Cm0Start.o

.data           0x200000d0       0x30 load address 0x00006198
                0x200000d0                __cy_region_start_data = .
 *(.jcr)
 .jcr           0x200000d0        0x0 c:/program files (x86)/cypress/psoc creator/3.1/psoc creator/import/gnu_cs/arm/4.8.4/bin/../lib/gcc/arm-none-eabi/4.8.4/armv6-m/crtbegin.o
 .jcr           0x200000d0        0x4 c:/program files (x86)/cypress/psoc creator/3.1/psoc creator/import/gnu_cs/arm/4.8.4/bin/../lib/gcc/arm-none-eabi/4.8.4/armv6-m/crtend.o
 *(.got.plt)
 *(.got)
 *(.shdata)
 *(.data .data.* .gnu.linkonce.d.*)
 .data          0x200000d4       0x10 .\CortexM0\ARM_GCC_484\Debug\UART_Bootloadable.a(CyLib.o)
                0x200000d4                cydelay32kMs
                0x200000d8                cydelayFreqKhz
                0x200000dc                cydelayFreqMhz
                0x200000e0                cydelayFreqHz
 .data          0x200000e4       0x14 .\CortexM0\ARM_GCC_484\Debug\UART_Bootloadable.a(CapSense.o)
                0x200000e4                CapSense_modulationIDAC
                0x200000e7                CapSense_compensationIDAC
                0x200000ea                CapSense_sensorEnableMask
                0x200000ec                CapSense_pcTable
 .data          0x200000f8        0x4 .\CortexM0\ARM_GCC_484\Debug\UART_Bootloadable.a(CapSense_CSHL.o)
                0x200000f8                CapSense_enableRawFilters
                0x200000f9                CapSense_lowBaselineReset
                0x20000100                . = ALIGN (0x8)
 *fill*         0x200000fc        0x4 
 *(.ram)
                0x20000100                _edata = .

.igot.plt       0x20000100        0x0 load address 0x000061c8
 .igot.plt      0x00000000        0x0 c:/program files (x86)/cypress/psoc creator/3.1/psoc creator/import/gnu_cs/arm/4.8.4/bin/../lib/gcc/arm-none-eabi/4.8.4/armv6-m/crtbegin.o

.bss            0x20000100      0x428 load address 0x000061c8
                0x20000100                PROVIDE (__bss_start__, .)
 *(.shbss)
 *(.bss .bss.* .gnu.linkonce.b.*)
 .bss           0x20000100       0x1c c:/program files (x86)/cypress/psoc creator/3.1/psoc creator/import/gnu_cs/arm/4.8.4/bin/../lib/gcc/arm-none-eabi/4.8.4/armv6-m/crtbegin.o
 .bss           0x2000011c       0x10 .\CortexM0\ARM_GCC_484\Debug\main.o
                0x2000011c                UART_0_initVar
                0x20000120                UART_0_customIntrHandler
                0x20000124                UART_1_initVar
                0x20000128                UART_1_customIntrHandler
 .bss           0x2000012c       0x64 .\CortexM0\ARM_GCC_484\Debug\uart_wifi.o
 .bss           0x20000190        0x4 .\CortexM0\ARM_GCC_484\Debug\UART_Bootloadable.a(CyFlash.o)
 .bss           0x20000194        0xa .\CortexM0\ARM_GCC_484\Debug\UART_Bootloadable.a(CapSense.o)
                0x20000194                CapSense_csdStatusVar
                0x20000196                CapSense_sensorRaw
                0x2000019c                CapSense_sensorIndex
 .bss           0x2000019e       0x12 .\CortexM0\ARM_GCC_484\Debug\UART_Bootloadable.a(CapSense_CSHL.o)
                0x2000019e                CapSense_sensorBaseline
                0x200001a4                CapSense_sensorBaselineLow
                0x200001a7                CapSense_sensorSignal
                0x200001ae                CapSense_sensorOnMask
 .bss           0x200001b0        0x1 .\CortexM0\ARM_GCC_484\Debug\UART_Bootloadable.a(CapSense_INT.o)
 .bss           0x200001b1        0x1 .\CortexM0\ARM_GCC_484\Debug\UART_Bootloadable.a(PWM.o)
                0x200001b1                PWM_initVar
 .bss           0x200001b2        0x1 .\CortexM0\ARM_GCC_484\Debug\UART_Bootloadable.a(Timer.o)
                0x200001b2                Timer_initVar
 *(COMMON)
 *fill*         0x200001b3        0x1 
 COMMON         0x200001b4       0x36 .\CortexM0\ARM_GCC_484\Debug\main.o
                0x200001b4                UartRx
                0x200001b5                NBfig
                0x200001b6                lXXZcnt_fig
                0x200001b7                Ack_Timer
                0x200001b8                dismode
                0x200001b9                BUZqueshuifkg
                0x200001ba                V24fig
                0x200001bb                BootloaderSign
                0x200001bc                TimeBase_Interrupt_CountOne
                0x200001bd                NbPressCnt
                0x200001be                V24Vcnt
                0x200001bf                V24dengdai
                0x200001c0                Dly1
                0x200001c4                BUZfkgtemp
                0x200001c5                NBPressStart
                0x200001c6                standkeyfig
                0x200001c7                BUZfkg
                0x200001c8                TimeBase_Interrupt_CountTwo
                0x200001ca                TimeBase_Interrupt_CountThree
                0x200001cc                LvxinJishi
                0x200001e4                Dly
                0x200001e8                NBPressCnt
                0x200001e9                qushui_BUZcnt
 *fill*         0x200001ea        0x2 
 COMMON         0x200001ec       0x20 .\CortexM0\ARM_GCC_484\Debug\display.o
                0x200001ec                LData
                0x200001f0                DisFlag_Keyshow
                0x200001f4                KData
                0x200001f8                LedPannelCnt
                0x200001fc                DisFlag_Filter
                0x20000200                HData
                0x20000204                DisFlag_Wifi
                0x20000208                JData
 COMMON         0x2000020c       0xf8 .\CortexM0\ARM_GCC_484\Debug\fun.o
                0x2000020c                Error_Counter
                0x20000210                Change_Filter
                0x20000214                NBmint
                0x20000216                eefig
                0x20000218                LXXZstandcnt
                0x2000021a                n
                0x2000021c                JP_N
                0x20000220                PressFlag
                0x20000224                DYWDfig1
                0x20000226                standkeycnt
                0x20000228                GYfig1
                0x2000022a                chongxicnt
                0x2000022c                WifiPressCnt
                0x2000022e                onemincnt
                0x20000230                cleareepromArrayflag
                0x20000231                F_Fsync_Clock_Cnt
                0x20000232                HP_N
                0x20000234                faststa
                0x20000236                Value_Loushui_Ad
                0x20000238                Value_Tds0
                0x2000023a                workstartfig
                0x2000023b                GYfig
                0x2000023c                eroorcnt
                0x2000023e                Firmware_Versionbak
                0x2000023f                F_Loushui_counter
                0x20000240                jingshuicnt
                0x20000242                jixingnumber
                0x20000244                KP_N
                0x20000246                F_Ssync_Clock
                0x20000247                F_SSettingPressCnt
                0x20000248                WorkFlag02
                0x2000024c                SP_N
                0x2000024e                Value_Tds1
                0x20000250                Filter_Manage_Num
                0x20000251                DYWDcnt
                0x20000252                PowerOnCnt00
                0x20000254                Value_Flow
                0x20000256                zijiandisplayfig
                0x20000257                onehourcnt
                0x20000258                V24cnt
                0x2000025a                LvXinNum
                0x2000025c                SendFlag
                0x20000260                jishihour
                0x20000261                Filter_Changed_Num
                0x2000026d                XzPressCnt
                0x2000026e                liucheng2
                0x2000026f                Firmware_Update
                0x20000270                SSettingPressCnt
                0x20000271                Value_T
                0x20000272                Tds_Ack_Timer
                0x20000273                standstar_fig
                0x20000274                F_Keysetting_Cnt
                0x20000275                Test_Cnt
                0x20000276                F_Filter_Reset_Data_Buf
                0x20000277                lvxinbaojingcnt
                0x20000278                F_Ssync_Clock_Cnt
                0x2000027a                DYWDcnt1
                0x2000027c                ErrorFlag
                0x20000280                firmwave_update_fig
                0x20000281                jserrorcnt
                0x20000282                fastjishifig
                0x20000283                poweroverfig
                0x20000284                Filter_Reset_Data_Buf
                0x20000285                Sys_Settingsn
                0x20000286                liucheng3
                0x20000287                Sys_Testsn
                0x20000288                Reset_Cnt
                0x20000289                SmarkLink_State
                0x2000028a                FSettingPressCnt
                0x2000028c                Error_Data
                0x20000290                liucheng1
                0x20000291                waterfullfig
                0x20000292                Loushui_counter
                0x20000294                fastfig
                0x20000295                GYcnt
                0x20000296                firmwave_updatecnt
                0x20000297                zijianstacnt
                0x20000298                NBstandcnt
                0x2000029c                WorkFlag
                0x200002a0                Filter_Full_Data_Buf
                0x200002b8                BuzzerCnt
                0x200002b9                jserrorcntfig
                0x200002bc                PowerOnOneHourCnt
                0x200002c0                Power_Buzfkg
                0x200002c2                LP_N
                0x200002c4                PowerOnCnt01
                0x200002c5                DYWDfig
                0x200002c6                liucheng4
                0x200002c7                chongxifig
                0x200002c8                StandByCnt
                0x200002ca                shuibumanfig
                0x200002cb                EEgyfullcnt
                0x200002cc                LianXuJiShi
                0x200002d0                fastcnt
                0x200002d2                MP_N
                0x200002d4                GYcnt1
                0x200002d8                Work_State
                0x200002dc                Filter_Reset_Data
                0x200002e0                Sys_Flownum
                0x200002e1                Keysetting_Cnt
                0x200002e2                Firmware_Version
                0x200002e4                Value_Tds1_bak
                0x200002e8                BuzzerFlag
                0x200002ec                gyfullcnt
                0x200002ee                fastjishicnt
                0x200002f0                BuzzerNum
                0x200002f1                Counter_Key
                0x200002f4                Switch_Data
                0x200002f8                EEjingshuiliang
                0x200002fa                Reset_Delay_Cnt
                0x200002fb                F_Fsync_Clock
                0x200002fc                jingshuiliang
                0x200002fe                BuzzerDly
                0x200002ff                yanshidisfig
                0x20000300                Pump_No_workingCnt
 COMMON         0x20000304      0x124 .\CortexM0\ARM_GCC_484\Debug\module.o
                0x20000304                T10msSign
                0x20000308                BtnFlag
                0x2000030c                BtnData
                0x2000030d                BtnData2
                0x2000030e                BtnData1
                0x2000030f                array_0
                0x20000390                AdcData
                0x20000394                AdcReady
                0x20000398                eepfig
                0x2000039a                AdcBuf
                0x2000039e                array
                0x2000041e                BtnCnt
                0x20000420                AdcTemp
 COMMON         0x20000428       0xee .\CortexM0\ARM_GCC_484\Debug\uart_wifi.o
                0x20000428                TDScheck1
                0x2000042c                giTDSBOARDDATALength
                0x2000042e                Work_State_Num_L
                0x2000042f                gctdsboardCommunState
                0x20000430                u8LinkState
                0x20000431                Frame_Num
                0x20000432                Work_State_Num_H
                0x20000433                u8SmartLinkState
                0x20000434                Value_Tds0_Tmp
                0x20000436                Value_Tds1_Tmp
                0x20000438                giWIFIDATALength
                0x2000043a                gcTDSBOARDCTL
                0x2000043c                iSendCounter
                0x2000043e                Error_Data_Buf
                0x20000450                gcWIFICTL
                0x20000452                ATTdsReceBuffer
                0x20000472                giWIFICommand
                0x20000474                cpSendBufPtr
                0x20000478                TDScheck2
                0x2000047c                iUartSendLen
                0x2000047e                ATReceBuffer
                0x200004e4                Send_Interval_Counter
                0x200004e8                WifiWorkFlag
                0x200004ec                Cmd_Function_Num
                0x200004f0                TDScheck3
                0x200004f4                giTDSBOARDCommand
                0x200004f8                WifidatagramWorkFlag
                0x200004fc                Cmd_Function_Buf
                0x2000050c                gcWifiCommunState
                0x20000510                TDScheck4
                0x20000514                Cmd_Function
 COMMON         0x20000516        0x5 .\CortexM0\ARM_GCC_484\Debug\UART_Bootloadable.a(CapSense.o)
                0x20000516                CapSense_csdTrim1
                0x20000517                CapSense_sensorEnableMaskBackup
                0x20000518                CapSense_unscannedSnsDriveMode
 *fill*         0x2000051b        0x1 
 COMMON         0x2000051c        0xa .\CortexM0\ARM_GCC_484\Debug\UART_Bootloadable.a(CapSense_CSHL.o)
                0x2000051c                CapSense_lowBaselineResetCnt
                0x20000520                CapSense_rawFilterData1
                0x20000528                . = ALIGN (0x8)
 *fill*         0x20000526        0x2 
 *(.ram.b)
                0x20000528                _end = .
                0x20000528                __end = .
                0x20000528                PROVIDE (end, .)
                0x20000528                PROVIDE (__bss_end__, .)
                0x00006198                __cy_region_init_ram = LOADADDR (.data)
                0x00000030                __cy_region_init_size_ram = (_edata - ADDR (.data))
                0x00000428                __cy_region_zero_size_ram = (_end - _edata)

.heap           0x20000528      0x100 load address 0x000061c8
                0x20000528                . = _end
                0x20000628                . = (. + 0x100)
 *fill*         0x20000528      0x100 
                0x20000628                __cy_heap_limit = .

.stack          0x20000c00      0x400
                0x20000c00                __cy_stack_limit = .
                0x20001000                . = (. + 0x400)
 *fill*         0x20000c00      0x400 
                0x00000001                ASSERT ((__cy_stack_limit >= __cy_heap_limit), region RAM overflowed with stack)

.cyloadermeta   0xf0000000       0x40
 *(.cyloadermeta)
 .cyloadermeta  0xf0000000       0x40 .\CortexM0\ARM_GCC_484\Debug\cybootloader.o
                0xf0000000                cy_meta_loader

.cyloadablemeta
                0x00007fc0       0x40
 *(.cyloadablemeta)
 .cyloadablemeta
                0x00007fc0       0x40 .\CortexM0\ARM_GCC_484\Debug\cymetadata.o
                0x00007fc0                cy_meta_loadable

.cyflashprotect
                0x90400000       0x20
 *(.cyflashprotect)
 .cyflashprotect
                0x90400000       0x20 .\CortexM0\ARM_GCC_484\Debug\cybootloader.o
                0x90400000                cy_meta_flashprotect

.cymeta         0x90500000        0xc
 *(.cymeta)
 .cymeta        0x90500000        0xc .\CortexM0\ARM_GCC_484\Debug\cybootloader.o
                0x90500000                cy_metadata

.cychipprotect  0x90600000        0x1
 *(.cychipprotect)
 .cychipprotect
                0x90600000        0x1 .\CortexM0\ARM_GCC_484\Debug\cybootloader.o
                0x90600000                cy_meta_chipprotect

.rel.dyn        0x00008000        0x0 load address 0x90600004
 .rel.iplt      0x00000000        0x0 c:/program files (x86)/cypress/psoc creator/3.1/psoc creator/import/gnu_cs/arm/4.8.4/bin/../lib/gcc/arm-none-eabi/4.8.4/armv6-m/crtbegin.o

.stab
 *(.stab)

.stabstr
 *(.stabstr)

.debug
 *(.debug)

.line
 *(.line)

.debug_srcinfo
 *(.debug_srcinfo)

.debug_sfnames
 *(.debug_sfnames)

.debug_aranges  0x00000000     0x1440
 *(.debug_aranges)
 .debug_aranges
                0x00000000       0xf0 .\CortexM0\ARM_GCC_484\Debug\main.o
 .debug_aranges
                0x000000f0       0x50 .\CortexM0\ARM_GCC_484\Debug\display.o
 .debug_aranges
                0x00000140       0x38 .\CortexM0\ARM_GCC_484\Debug\flash_wr_rd.o
 .debug_aranges
                0x00000178       0xa0 .\CortexM0\ARM_GCC_484\Debug\fun.o
 .debug_aranges
                0x00000218       0x80 .\CortexM0\ARM_GCC_484\Debug\module.o
 .debug_aranges
                0x00000298      0x1c0 .\CortexM0\ARM_GCC_484\Debug\uart_wifi.o
 .debug_aranges
                0x00000458       0x18 .\CortexM0\ARM_GCC_484\Debug\cybootloader.o
 .debug_aranges
                0x00000470       0x18 .\CortexM0\ARM_GCC_484\Debug\cymetadata.o
 .debug_aranges
                0x00000488       0x48 .\CortexM0\ARM_GCC_484\Debug\Cm0Start.o
 .debug_aranges
                0x000004d0       0x28 .\CortexM0\ARM_GCC_484\Debug\UART_Bootloadable.a(cyfitter_cfg.o)
 .debug_aranges
                0x000004f8       0x28 .\CortexM0\ARM_GCC_484\Debug\UART_Bootloadable.a(Bootloadable.o)
 .debug_aranges
                0x00000520       0x20 .\CortexM0\ARM_GCC_484\Debug\UART_Bootloadable.a(CyBootAsmGnu.o)
 .debug_aranges
                0x00000540       0x28 .\CortexM0\ARM_GCC_484\Debug\UART_Bootloadable.a(CyFlash.o)
 .debug_aranges
                0x00000568      0x210 .\CortexM0\ARM_GCC_484\Debug\UART_Bootloadable.a(CyLib.o)
 .debug_aranges
                0x00000778       0x40 .\CortexM0\ARM_GCC_484\Debug\UART_Bootloadable.a(TestPort.o)
 .debug_aranges
                0x000007b8       0x80 .\CortexM0\ARM_GCC_484\Debug\UART_Bootloadable.a(CC_ISR.o)
 .debug_aranges
                0x00000838      0x128 .\CortexM0\ARM_GCC_484\Debug\UART_Bootloadable.a(CapSense.o)
 .debug_aranges
                0x00000960       0xf0 .\CortexM0\ARM_GCC_484\Debug\UART_Bootloadable.a(CapSense_CSHL.o)
 .debug_aranges
                0x00000a50       0x20 .\CortexM0\ARM_GCC_484\Debug\UART_Bootloadable.a(CapSense_INT.o)
 .debug_aranges
                0x00000a70       0x40 .\CortexM0\ARM_GCC_484\Debug\UART_Bootloadable.a(V24V.o)
 .debug_aranges
                0x00000ab0       0x40 .\CortexM0\ARM_GCC_484\Debug\UART_Bootloadable.a(GYWD.o)
 .debug_aranges
                0x00000af0       0x40 .\CortexM0\ARM_GCC_484\Debug\UART_Bootloadable.a(DYWD.o)
 .debug_aranges
                0x00000b30       0x40 .\CortexM0\ARM_GCC_484\Debug\UART_Bootloadable.a(K1.o)
 .debug_aranges
                0x00000b70       0x40 .\CortexM0\ARM_GCC_484\Debug\UART_Bootloadable.a(K2.o)
 .debug_aranges
                0x00000bb0      0x158 .\CortexM0\ARM_GCC_484\Debug\UART_Bootloadable.a(PWM.o)
 .debug_aranges
                0x00000d08       0x40 .\CortexM0\ARM_GCC_484\Debug\UART_Bootloadable.a(FMQ.o)
 .debug_aranges
                0x00000d48       0x80 .\CortexM0\ARM_GCC_484\Debug\UART_Bootloadable.a(V24_IN_ISR.o)
 .debug_aranges
                0x00000dc8      0x158 .\CortexM0\ARM_GCC_484\Debug\UART_Bootloadable.a(Timer.o)
 .debug_aranges
                0x00000f20       0x80 .\CortexM0\ARM_GCC_484\Debug\UART_Bootloadable.a(isr_lowpower_1.o)
 .debug_aranges
                0x00000fa0       0x50 .\CortexM0\ARM_GCC_484\Debug\UART_Bootloadable.a(UART_1_UART.o)
 .debug_aranges
                0x00000ff0       0x50 .\CortexM0\ARM_GCC_484\Debug\UART_Bootloadable.a(UART_0_UART.o)
 .debug_aranges
                0x00001040       0x40 .\CortexM0\ARM_GCC_484\Debug\UART_Bootloadable.a(CapSense_SampleClk.o)
 .debug_aranges
                0x00001080       0x40 .\CortexM0\ARM_GCC_484\Debug\UART_Bootloadable.a(CapSense_SenseClk.o)
 .debug_aranges
                0x000010c0       0x40 .\CortexM0\ARM_GCC_484\Debug\UART_Bootloadable.a(LED_RO3.o)
 .debug_aranges
                0x00001100       0x40 .\CortexM0\ARM_GCC_484\Debug\UART_Bootloadable.a(LED_RO2.o)
 .debug_aranges
                0x00001140       0x40 .\CortexM0\ARM_GCC_484\Debug\UART_Bootloadable.a(LED_RO1.o)
 .debug_aranges
                0x00001180       0x40 .\CortexM0\ARM_GCC_484\Debug\UART_Bootloadable.a(LED_FC.o)
 .debug_aranges
                0x000011c0       0x40 .\CortexM0\ARM_GCC_484\Debug\UART_Bootloadable.a(LED_PP.o)
 .debug_aranges
                0x00001200       0x40 .\CortexM0\ARM_GCC_484\Debug\UART_Bootloadable.a(LED_BC.o)
 .debug_aranges
                0x00001240       0x40 .\CortexM0\ARM_GCC_484\Debug\UART_Bootloadable.a(LED_WIFI.o)
 .debug_aranges
                0x00001280       0x40 .\CortexM0\ARM_GCC_484\Debug\UART_Bootloadable.a(LED_KEY_WIFI.o)
 .debug_aranges
                0x000012c0       0x40 .\CortexM0\ARM_GCC_484\Debug\UART_Bootloadable.a(LED_KEY_SETTING.o)
 .debug_aranges
                0x00001300       0x40 .\CortexM0\ARM_GCC_484\Debug\UART_Bootloadable.a(TEST.o)
 .debug_aranges
                0x00001340       0x60 .\CortexM0\ARM_GCC_484\Debug\UART_Bootloadable.a(UART_1_SPI_UART.o)
 .debug_aranges
                0x000013a0       0x20 .\CortexM0\ARM_GCC_484\Debug\UART_Bootloadable.a(UART_1_SPI_UART_INT.o)
 .debug_aranges
                0x000013c0       0x60 .\CortexM0\ARM_GCC_484\Debug\UART_Bootloadable.a(UART_0_SPI_UART.o)
 .debug_aranges
                0x00001420       0x20 .\CortexM0\ARM_GCC_484\Debug\UART_Bootloadable.a(UART_0_SPI_UART_INT.o)

.debug_pubnames
 *(.debug_pubnames)

.debug_info     0x00000000     0xd5cf
 *(.debug_info .gnu.linkonce.wi.*)
 .debug_info    0x00000000      0xf3e .\CortexM0\ARM_GCC_484\Debug\main.o
 .debug_info    0x00000f3e      0x9bb .\CortexM0\ARM_GCC_484\Debug\display.o
 .debug_info    0x000018f9      0x221 .\CortexM0\ARM_GCC_484\Debug\flash_wr_rd.o
 .debug_info    0x00001b1a     0x17b3 .\CortexM0\ARM_GCC_484\Debug\fun.o
 .debug_info    0x000032cd      0x810 .\CortexM0\ARM_GCC_484\Debug\module.o
 .debug_info    0x00003add     0x19ac .\CortexM0\ARM_GCC_484\Debug\uart_wifi.o
 .debug_info    0x00005489      0x14d .\CortexM0\ARM_GCC_484\Debug\cybootloader.o
 .debug_info    0x000055d6       0xb1 .\CortexM0\ARM_GCC_484\Debug\cymetadata.o
 .debug_info    0x00005687      0x375 .\CortexM0\ARM_GCC_484\Debug\Cm0Start.o
 .debug_info    0x000059fc      0x523 .\CortexM0\ARM_GCC_484\Debug\UART_Bootloadable.a(cyfitter_cfg.o)
 .debug_info    0x00005f1f      0x1a3 .\CortexM0\ARM_GCC_484\Debug\UART_Bootloadable.a(Bootloadable.o)
 .debug_info    0x000060c2       0x92 .\CortexM0\ARM_GCC_484\Debug\UART_Bootloadable.a(CyBootAsmGnu.o)
 .debug_info    0x00006154      0x3e9 .\CortexM0\ARM_GCC_484\Debug\UART_Bootloadable.a(CyFlash.o)
 .debug_info    0x0000653d     0x1356 .\CortexM0\ARM_GCC_484\Debug\UART_Bootloadable.a(CyLib.o)
 .debug_info    0x00007893      0x14c .\CortexM0\ARM_GCC_484\Debug\UART_Bootloadable.a(TestPort.o)
 .debug_info    0x000079df      0x34b .\CortexM0\ARM_GCC_484\Debug\UART_Bootloadable.a(CC_ISR.o)
 .debug_info    0x00007d2a      0xf49 .\CortexM0\ARM_GCC_484\Debug\UART_Bootloadable.a(CapSense.o)
 .debug_info    0x00008c73      0xacf .\CortexM0\ARM_GCC_484\Debug\UART_Bootloadable.a(CapSense_CSHL.o)
 .debug_info    0x00009742      0x1ad .\CortexM0\ARM_GCC_484\Debug\UART_Bootloadable.a(CapSense_INT.o)
 .debug_info    0x000098ef      0x14c .\CortexM0\ARM_GCC_484\Debug\UART_Bootloadable.a(V24V.o)
 .debug_info    0x00009a3b      0x150 .\CortexM0\ARM_GCC_484\Debug\UART_Bootloadable.a(GYWD.o)
 .debug_info    0x00009b8b      0x14c .\CortexM0\ARM_GCC_484\Debug\UART_Bootloadable.a(DYWD.o)
 .debug_info    0x00009cd7      0x14c .\CortexM0\ARM_GCC_484\Debug\UART_Bootloadable.a(K1.o)
 .debug_info    0x00009e23      0x14c .\CortexM0\ARM_GCC_484\Debug\UART_Bootloadable.a(K2.o)
 .debug_info    0x00009f6f      0x95b .\CortexM0\ARM_GCC_484\Debug\UART_Bootloadable.a(PWM.o)
 .debug_info    0x0000a8ca      0x14c .\CortexM0\ARM_GCC_484\Debug\UART_Bootloadable.a(FMQ.o)
 .debug_info    0x0000aa16      0x34b .\CortexM0\ARM_GCC_484\Debug\UART_Bootloadable.a(V24_IN_ISR.o)
 .debug_info    0x0000ad61      0x95b .\CortexM0\ARM_GCC_484\Debug\UART_Bootloadable.a(Timer.o)
 .debug_info    0x0000b6bc      0x34b .\CortexM0\ARM_GCC_484\Debug\UART_Bootloadable.a(isr_lowpower_1.o)
 .debug_info    0x0000ba07      0x34b .\CortexM0\ARM_GCC_484\Debug\UART_Bootloadable.a(UART_1_UART.o)
 .debug_info    0x0000bd52      0x34b .\CortexM0\ARM_GCC_484\Debug\UART_Bootloadable.a(UART_0_UART.o)
 .debug_info    0x0000c09d      0x14d .\CortexM0\ARM_GCC_484\Debug\UART_Bootloadable.a(CapSense_SampleClk.o)
 .debug_info    0x0000c1ea      0x14d .\CortexM0\ARM_GCC_484\Debug\UART_Bootloadable.a(CapSense_SenseClk.o)
 .debug_info    0x0000c337      0x14c .\CortexM0\ARM_GCC_484\Debug\UART_Bootloadable.a(LED_RO3.o)
 .debug_info    0x0000c483      0x14c .\CortexM0\ARM_GCC_484\Debug\UART_Bootloadable.a(LED_RO2.o)
 .debug_info    0x0000c5cf      0x14c .\CortexM0\ARM_GCC_484\Debug\UART_Bootloadable.a(LED_RO1.o)
 .debug_info    0x0000c71b      0x14c .\CortexM0\ARM_GCC_484\Debug\UART_Bootloadable.a(LED_FC.o)
 .debug_info    0x0000c867      0x14c .\CortexM0\ARM_GCC_484\Debug\UART_Bootloadable.a(LED_PP.o)
 .debug_info    0x0000c9b3      0x14c .\CortexM0\ARM_GCC_484\Debug\UART_Bootloadable.a(LED_BC.o)
 .debug_info    0x0000caff      0x14c .\CortexM0\ARM_GCC_484\Debug\UART_Bootloadable.a(LED_WIFI.o)
 .debug_info    0x0000cc4b      0x14c .\CortexM0\ARM_GCC_484\Debug\UART_Bootloadable.a(LED_KEY_WIFI.o)
 .debug_info    0x0000cd97      0x14c .\CortexM0\ARM_GCC_484\Debug\UART_Bootloadable.a(LED_KEY_SETTING.o)
 .debug_info    0x0000cee3      0x14c .\CortexM0\ARM_GCC_484\Debug\UART_Bootloadable.a(TEST.o)
 .debug_info    0x0000d02f      0x219 .\CortexM0\ARM_GCC_484\Debug\UART_Bootloadable.a(UART_1_SPI_UART.o)
 .debug_info    0x0000d248       0xb7 .\CortexM0\ARM_GCC_484\Debug\UART_Bootloadable.a(UART_1_SPI_UART_INT.o)
 .debug_info    0x0000d2ff      0x219 .\CortexM0\ARM_GCC_484\Debug\UART_Bootloadable.a(UART_0_SPI_UART.o)
 .debug_info    0x0000d518       0xb7 .\CortexM0\ARM_GCC_484\Debug\UART_Bootloadable.a(UART_0_SPI_UART_INT.o)

.debug_abbrev   0x00000000     0x3e43
 *(.debug_abbrev)
 .debug_abbrev  0x00000000      0x2ef .\CortexM0\ARM_GCC_484\Debug\main.o
 .debug_abbrev  0x000002ef      0x127 .\CortexM0\ARM_GCC_484\Debug\display.o
 .debug_abbrev  0x00000416      0x11e .\CortexM0\ARM_GCC_484\Debug\flash_wr_rd.o
 .debug_abbrev  0x00000534      0x276 .\CortexM0\ARM_GCC_484\Debug\fun.o
 .debug_abbrev  0x000007aa      0x22c .\CortexM0\ARM_GCC_484\Debug\module.o
 .debug_abbrev  0x000009d6      0x2ad .\CortexM0\ARM_GCC_484\Debug\uart_wifi.o
 .debug_abbrev  0x00000c83       0x77 .\CortexM0\ARM_GCC_484\Debug\cybootloader.o
 .debug_abbrev  0x00000cfa       0x5d .\CortexM0\ARM_GCC_484\Debug\cymetadata.o
 .debug_abbrev  0x00000d57      0x1eb .\CortexM0\ARM_GCC_484\Debug\Cm0Start.o
 .debug_abbrev  0x00000f42      0x2ac .\CortexM0\ARM_GCC_484\Debug\UART_Bootloadable.a(cyfitter_cfg.o)
 .debug_abbrev  0x000011ee      0x116 .\CortexM0\ARM_GCC_484\Debug\UART_Bootloadable.a(Bootloadable.o)
 .debug_abbrev  0x00001304       0x14 .\CortexM0\ARM_GCC_484\Debug\UART_Bootloadable.a(CyBootAsmGnu.o)
 .debug_abbrev  0x00001318      0x1dc .\CortexM0\ARM_GCC_484\Debug\UART_Bootloadable.a(CyFlash.o)
 .debug_abbrev  0x000014f4      0x3cc .\CortexM0\ARM_GCC_484\Debug\UART_Bootloadable.a(CyLib.o)
 .debug_abbrev  0x000018c0       0xc4 .\CortexM0\ARM_GCC_484\Debug\UART_Bootloadable.a(TestPort.o)
 .debug_abbrev  0x00001984      0x23c .\CortexM0\ARM_GCC_484\Debug\UART_Bootloadable.a(CC_ISR.o)
 .debug_abbrev  0x00001bc0      0x285 .\CortexM0\ARM_GCC_484\Debug\UART_Bootloadable.a(CapSense.o)
 .debug_abbrev  0x00001e45      0x284 .\CortexM0\ARM_GCC_484\Debug\UART_Bootloadable.a(CapSense_CSHL.o)
 .debug_abbrev  0x000020c9      0x106 .\CortexM0\ARM_GCC_484\Debug\UART_Bootloadable.a(CapSense_INT.o)
 .debug_abbrev  0x000021cf       0xc4 .\CortexM0\ARM_GCC_484\Debug\UART_Bootloadable.a(V24V.o)
 .debug_abbrev  0x00002293       0xb7 .\CortexM0\ARM_GCC_484\Debug\UART_Bootloadable.a(GYWD.o)
 .debug_abbrev  0x0000234a       0xc4 .\CortexM0\ARM_GCC_484\Debug\UART_Bootloadable.a(DYWD.o)
 .debug_abbrev  0x0000240e       0xc4 .\CortexM0\ARM_GCC_484\Debug\UART_Bootloadable.a(K1.o)
 .debug_abbrev  0x000024d2       0xc4 .\CortexM0\ARM_GCC_484\Debug\UART_Bootloadable.a(K2.o)
 .debug_abbrev  0x00002596      0x1b1 .\CortexM0\ARM_GCC_484\Debug\UART_Bootloadable.a(PWM.o)
 .debug_abbrev  0x00002747       0xc4 .\CortexM0\ARM_GCC_484\Debug\UART_Bootloadable.a(FMQ.o)
 .debug_abbrev  0x0000280b      0x23c .\CortexM0\ARM_GCC_484\Debug\UART_Bootloadable.a(V24_IN_ISR.o)
 .debug_abbrev  0x00002a47      0x1a0 .\CortexM0\ARM_GCC_484\Debug\UART_Bootloadable.a(Timer.o)
 .debug_abbrev  0x00002be7      0x23c .\CortexM0\ARM_GCC_484\Debug\UART_Bootloadable.a(isr_lowpower_1.o)
 .debug_abbrev  0x00002e23      0x183 .\CortexM0\ARM_GCC_484\Debug\UART_Bootloadable.a(UART_1_UART.o)
 .debug_abbrev  0x00002fa6      0x183 .\CortexM0\ARM_GCC_484\Debug\UART_Bootloadable.a(UART_0_UART.o)
 .debug_abbrev  0x00003129       0xd3 .\CortexM0\ARM_GCC_484\Debug\UART_Bootloadable.a(CapSense_SampleClk.o)
 .debug_abbrev  0x000031fc       0xd3 .\CortexM0\ARM_GCC_484\Debug\UART_Bootloadable.a(CapSense_SenseClk.o)
 .debug_abbrev  0x000032cf       0xc4 .\CortexM0\ARM_GCC_484\Debug\UART_Bootloadable.a(LED_RO3.o)
 .debug_abbrev  0x00003393       0xc4 .\CortexM0\ARM_GCC_484\Debug\UART_Bootloadable.a(LED_RO2.o)
 .debug_abbrev  0x00003457       0xc4 .\CortexM0\ARM_GCC_484\Debug\UART_Bootloadable.a(LED_RO1.o)
 .debug_abbrev  0x0000351b       0xc4 .\CortexM0\ARM_GCC_484\Debug\UART_Bootloadable.a(LED_FC.o)
 .debug_abbrev  0x000035df       0xc4 .\CortexM0\ARM_GCC_484\Debug\UART_Bootloadable.a(LED_PP.o)
 .debug_abbrev  0x000036a3       0xc4 .\CortexM0\ARM_GCC_484\Debug\UART_Bootloadable.a(LED_BC.o)
 .debug_abbrev  0x00003767       0xc4 .\CortexM0\ARM_GCC_484\Debug\UART_Bootloadable.a(LED_WIFI.o)
 .debug_abbrev  0x0000382b       0xc4 .\CortexM0\ARM_GCC_484\Debug\UART_Bootloadable.a(LED_KEY_WIFI.o)
 .debug_abbrev  0x000038ef       0xc4 .\CortexM0\ARM_GCC_484\Debug\UART_Bootloadable.a(LED_KEY_SETTING.o)
 .debug_abbrev  0x000039b3       0xc4 .\CortexM0\ARM_GCC_484\Debug\UART_Bootloadable.a(TEST.o)
 .debug_abbrev  0x00003a77      0x176 .\CortexM0\ARM_GCC_484\Debug\UART_Bootloadable.a(UART_1_SPI_UART.o)
 .debug_abbrev  0x00003bed       0x70 .\CortexM0\ARM_GCC_484\Debug\UART_Bootloadable.a(UART_1_SPI_UART_INT.o)
 .debug_abbrev  0x00003c5d      0x176 .\CortexM0\ARM_GCC_484\Debug\UART_Bootloadable.a(UART_0_SPI_UART.o)
 .debug_abbrev  0x00003dd3       0x70 .\CortexM0\ARM_GCC_484\Debug\UART_Bootloadable.a(UART_0_SPI_UART_INT.o)

.debug_line     0x00000000     0x5135
 *(.debug_line)
 .debug_line    0x00000000      0x47e .\CortexM0\ARM_GCC_484\Debug\main.o
 .debug_line    0x0000047e      0x225 .\CortexM0\ARM_GCC_484\Debug\display.o
 .debug_line    0x000006a3       0xbe .\CortexM0\ARM_GCC_484\Debug\flash_wr_rd.o
 .debug_line    0x00000761      0x703 .\CortexM0\ARM_GCC_484\Debug\fun.o
 .debug_line    0x00000e64      0x3de .\CortexM0\ARM_GCC_484\Debug\module.o
 .debug_line    0x00001242      0x71b .\CortexM0\ARM_GCC_484\Debug\uart_wifi.o
 .debug_line    0x0000195d       0x55 .\CortexM0\ARM_GCC_484\Debug\cybootloader.o
 .debug_line    0x000019b2       0x53 .\CortexM0\ARM_GCC_484\Debug\cymetadata.o
 .debug_line    0x00001a05      0x210 .\CortexM0\ARM_GCC_484\Debug\Cm0Start.o
 .debug_line    0x00001c15      0x1b7 .\CortexM0\ARM_GCC_484\Debug\UART_Bootloadable.a(cyfitter_cfg.o)
 .debug_line    0x00001dcc       0xba .\CortexM0\ARM_GCC_484\Debug\UART_Bootloadable.a(Bootloadable.o)
 .debug_line    0x00001e86       0x69 .\CortexM0\ARM_GCC_484\Debug\UART_Bootloadable.a(CyBootAsmGnu.o)
 .debug_line    0x00001eef      0x15c .\CortexM0\ARM_GCC_484\Debug\UART_Bootloadable.a(CyFlash.o)
 .debug_line    0x0000204b      0x749 .\CortexM0\ARM_GCC_484\Debug\UART_Bootloadable.a(CyLib.o)
 .debug_line    0x00002794       0xb8 .\CortexM0\ARM_GCC_484\Debug\UART_Bootloadable.a(TestPort.o)
 .debug_line    0x0000284c      0x195 .\CortexM0\ARM_GCC_484\Debug\UART_Bootloadable.a(CC_ISR.o)
 .debug_line    0x000029e1      0x50d .\CortexM0\ARM_GCC_484\Debug\UART_Bootloadable.a(CapSense.o)
 .debug_line    0x00002eee      0x394 .\CortexM0\ARM_GCC_484\Debug\UART_Bootloadable.a(CapSense_CSHL.o)
 .debug_line    0x00003282       0x9e .\CortexM0\ARM_GCC_484\Debug\UART_Bootloadable.a(CapSense_INT.o)
 .debug_line    0x00003320       0xb4 .\CortexM0\ARM_GCC_484\Debug\UART_Bootloadable.a(V24V.o)
 .debug_line    0x000033d4       0xb4 .\CortexM0\ARM_GCC_484\Debug\UART_Bootloadable.a(GYWD.o)
 .debug_line    0x00003488       0xb4 .\CortexM0\ARM_GCC_484\Debug\UART_Bootloadable.a(DYWD.o)
 .debug_line    0x0000353c       0xb2 .\CortexM0\ARM_GCC_484\Debug\UART_Bootloadable.a(K1.o)
 .debug_line    0x000035ee       0xb2 .\CortexM0\ARM_GCC_484\Debug\UART_Bootloadable.a(K2.o)
 .debug_line    0x000036a0      0x3f6 .\CortexM0\ARM_GCC_484\Debug\UART_Bootloadable.a(PWM.o)
 .debug_line    0x00003a96       0xb3 .\CortexM0\ARM_GCC_484\Debug\UART_Bootloadable.a(FMQ.o)
 .debug_line    0x00003b49      0x1af .\CortexM0\ARM_GCC_484\Debug\UART_Bootloadable.a(V24_IN_ISR.o)
 .debug_line    0x00003cf8      0x3e9 .\CortexM0\ARM_GCC_484\Debug\UART_Bootloadable.a(Timer.o)
 .debug_line    0x000040e1      0x1a3 .\CortexM0\ARM_GCC_484\Debug\UART_Bootloadable.a(isr_lowpower_1.o)
 .debug_line    0x00004284      0x156 .\CortexM0\ARM_GCC_484\Debug\UART_Bootloadable.a(UART_1_UART.o)
 .debug_line    0x000043da      0x156 .\CortexM0\ARM_GCC_484\Debug\UART_Bootloadable.a(UART_0_UART.o)
 .debug_line    0x00004530       0xc2 .\CortexM0\ARM_GCC_484\Debug\UART_Bootloadable.a(CapSense_SampleClk.o)
 .debug_line    0x000045f2       0xc1 .\CortexM0\ARM_GCC_484\Debug\UART_Bootloadable.a(CapSense_SenseClk.o)
 .debug_line    0x000046b3       0xb7 .\CortexM0\ARM_GCC_484\Debug\UART_Bootloadable.a(LED_RO3.o)
 .debug_line    0x0000476a       0xb7 .\CortexM0\ARM_GCC_484\Debug\UART_Bootloadable.a(LED_RO2.o)
 .debug_line    0x00004821       0xb7 .\CortexM0\ARM_GCC_484\Debug\UART_Bootloadable.a(LED_RO1.o)
 .debug_line    0x000048d8       0xb6 .\CortexM0\ARM_GCC_484\Debug\UART_Bootloadable.a(LED_FC.o)
 .debug_line    0x0000498e       0xb6 .\CortexM0\ARM_GCC_484\Debug\UART_Bootloadable.a(LED_PP.o)
 .debug_line    0x00004a44       0xb6 .\CortexM0\ARM_GCC_484\Debug\UART_Bootloadable.a(LED_BC.o)
 .debug_line    0x00004afa       0xb8 .\CortexM0\ARM_GCC_484\Debug\UART_Bootloadable.a(LED_WIFI.o)
 .debug_line    0x00004bb2       0xba .\CortexM0\ARM_GCC_484\Debug\UART_Bootloadable.a(LED_KEY_WIFI.o)
 .debug_line    0x00004c6c       0xbf .\CortexM0\ARM_GCC_484\Debug\UART_Bootloadable.a(LED_KEY_SETTING.o)
 .debug_line    0x00004d2b       0xb4 .\CortexM0\ARM_GCC_484\Debug\UART_Bootloadable.a(TEST.o)
 .debug_line    0x00004ddf      0x128 .\CortexM0\ARM_GCC_484\Debug\UART_Bootloadable.a(UART_1_SPI_UART.o)
 .debug_line    0x00004f07       0x83 .\CortexM0\ARM_GCC_484\Debug\UART_Bootloadable.a(UART_1_SPI_UART_INT.o)
 .debug_line    0x00004f8a      0x128 .\CortexM0\ARM_GCC_484\Debug\UART_Bootloadable.a(UART_0_SPI_UART.o)
 .debug_line    0x000050b2       0x83 .\CortexM0\ARM_GCC_484\Debug\UART_Bootloadable.a(UART_0_SPI_UART_INT.o)

.debug_frame    0x00000000     0x30cc
 *(.debug_frame)
 .debug_frame   0x00000000      0x2b8 .\CortexM0\ARM_GCC_484\Debug\main.o
 .debug_frame   0x000002b8       0xd4 .\CortexM0\ARM_GCC_484\Debug\display.o
 .debug_frame   0x0000038c       0x68 .\CortexM0\ARM_GCC_484\Debug\flash_wr_rd.o
 .debug_frame   0x000003f4      0x220 .\CortexM0\ARM_GCC_484\Debug\fun.o
 .debug_frame   0x00000614      0x178 .\CortexM0\ARM_GCC_484\Debug\module.o
 .debug_frame   0x0000078c      0x638 .\CortexM0\ARM_GCC_484\Debug\uart_wifi.o
 .debug_frame   0x00000dc4       0xa4 .\CortexM0\ARM_GCC_484\Debug\Cm0Start.o
 .debug_frame   0x00000e68       0x4c .\CortexM0\ARM_GCC_484\Debug\UART_Bootloadable.a(cyfitter_cfg.o)
 .debug_frame   0x00000eb4       0x50 .\CortexM0\ARM_GCC_484\Debug\UART_Bootloadable.a(Bootloadable.o)
 .debug_frame   0x00000f04       0x54 .\CortexM0\ARM_GCC_484\Debug\UART_Bootloadable.a(CyFlash.o)
 .debug_frame   0x00000f58      0x528 .\CortexM0\ARM_GCC_484\Debug\UART_Bootloadable.a(CyLib.o)
 .debug_frame   0x00001480       0x6c .\CortexM0\ARM_GCC_484\Debug\UART_Bootloadable.a(TestPort.o)
 .debug_frame   0x000014ec      0x104 .\CortexM0\ARM_GCC_484\Debug\UART_Bootloadable.a(CC_ISR.o)
 .debug_frame   0x000015f0      0x368 .\CortexM0\ARM_GCC_484\Debug\UART_Bootloadable.a(CapSense.o)
 .debug_frame   0x00001958      0x290 .\CortexM0\ARM_GCC_484\Debug\UART_Bootloadable.a(CapSense_CSHL.o)
 .debug_frame   0x00001be8       0x30 .\CortexM0\ARM_GCC_484\Debug\UART_Bootloadable.a(CapSense_INT.o)
 .debug_frame   0x00001c18       0x6c .\CortexM0\ARM_GCC_484\Debug\UART_Bootloadable.a(V24V.o)
 .debug_frame   0x00001c84       0x6c .\CortexM0\ARM_GCC_484\Debug\UART_Bootloadable.a(GYWD.o)
 .debug_frame   0x00001cf0       0x6c .\CortexM0\ARM_GCC_484\Debug\UART_Bootloadable.a(DYWD.o)
 .debug_frame   0x00001d5c       0x6c .\CortexM0\ARM_GCC_484\Debug\UART_Bootloadable.a(K1.o)
 .debug_frame   0x00001dc8       0x6c .\CortexM0\ARM_GCC_484\Debug\UART_Bootloadable.a(K2.o)
 .debug_frame   0x00001e34      0x384 .\CortexM0\ARM_GCC_484\Debug\UART_Bootloadable.a(PWM.o)
 .debug_frame   0x000021b8       0x6c .\CortexM0\ARM_GCC_484\Debug\UART_Bootloadable.a(FMQ.o)
 .debug_frame   0x00002224      0x104 .\CortexM0\ARM_GCC_484\Debug\UART_Bootloadable.a(V24_IN_ISR.o)
 .debug_frame   0x00002328      0x384 .\CortexM0\ARM_GCC_484\Debug\UART_Bootloadable.a(Timer.o)
 .debug_frame   0x000026ac      0x108 .\CortexM0\ARM_GCC_484\Debug\UART_Bootloadable.a(isr_lowpower_1.o)
 .debug_frame   0x000027b4       0xbc .\CortexM0\ARM_GCC_484\Debug\UART_Bootloadable.a(UART_1_UART.o)
 .debug_frame   0x00002870       0xbc .\CortexM0\ARM_GCC_484\Debug\UART_Bootloadable.a(UART_0_UART.o)
 .debug_frame   0x0000292c       0x60 .\CortexM0\ARM_GCC_484\Debug\UART_Bootloadable.a(CapSense_SampleClk.o)
 .debug_frame   0x0000298c       0x60 .\CortexM0\ARM_GCC_484\Debug\UART_Bootloadable.a(CapSense_SenseClk.o)
 .debug_frame   0x000029ec       0x6c .\CortexM0\ARM_GCC_484\Debug\UART_Bootloadable.a(LED_RO3.o)
 .debug_frame   0x00002a58       0x6c .\CortexM0\ARM_GCC_484\Debug\UART_Bootloadable.a(LED_RO2.o)
 .debug_frame   0x00002ac4       0x6c .\CortexM0\ARM_GCC_484\Debug\UART_Bootloadable.a(LED_RO1.o)
 .debug_frame   0x00002b30       0x6c .\CortexM0\ARM_GCC_484\Debug\UART_Bootloadable.a(LED_FC.o)
 .debug_frame   0x00002b9c       0x6c .\CortexM0\ARM_GCC_484\Debug\UART_Bootloadable.a(LED_PP.o)
 .debug_frame   0x00002c08       0x6c .\CortexM0\ARM_GCC_484\Debug\UART_Bootloadable.a(LED_BC.o)
 .debug_frame   0x00002c74       0x6c .\CortexM0\ARM_GCC_484\Debug\UART_Bootloadable.a(LED_WIFI.o)
 .debug_frame   0x00002ce0       0x60 .\CortexM0\ARM_GCC_484\Debug\UART_Bootloadable.a(LED_KEY_WIFI.o)
 .debug_frame   0x00002d40       0x6c .\CortexM0\ARM_GCC_484\Debug\UART_Bootloadable.a(LED_KEY_SETTING.o)
 .debug_frame   0x00002dac       0x6c .\CortexM0\ARM_GCC_484\Debug\UART_Bootloadable.a(TEST.o)
 .debug_frame   0x00002e18       0xb0 .\CortexM0\ARM_GCC_484\Debug\UART_Bootloadable.a(UART_1_SPI_UART.o)
 .debug_frame   0x00002ec8       0x2c .\CortexM0\ARM_GCC_484\Debug\UART_Bootloadable.a(UART_1_SPI_UART_INT.o)
 .debug_frame   0x00002ef4       0xb0 .\CortexM0\ARM_GCC_484\Debug\UART_Bootloadable.a(UART_0_SPI_UART.o)
 .debug_frame   0x00002fa4       0x2c .\CortexM0\ARM_GCC_484\Debug\UART_Bootloadable.a(UART_0_SPI_UART_INT.o)
 .debug_frame   0x00002fd0       0x20 c:/program files (x86)/cypress/psoc creator/3.1/psoc creator/import/gnu_cs/arm/4.8.4/bin/../lib/gcc/arm-none-eabi/4.8.4/armv6-m\libgcc.a(_udivsi3.o)
 .debug_frame   0x00002ff0       0x20 c:/program files (x86)/cypress/psoc creator/3.1/psoc creator/import/gnu_cs/arm/4.8.4/bin/../lib/gcc/arm-none-eabi/4.8.4/armv6-m\libgcc.a(_divsi3.o)
 .debug_frame   0x00003010       0x20 c:/program files (x86)/cypress/psoc creator/3.1/psoc creator/import/gnu_cs/arm/4.8.4/bin/../lib/gcc/arm-none-eabi/4.8.4/../../../../arm-none-eabi/lib/armv6-m\libg_s.a(lib_a-errno.o)
 .debug_frame   0x00003030       0x28 c:/program files (x86)/cypress/psoc creator/3.1/psoc creator/import/gnu_cs/arm/4.8.4/bin/../lib/gcc/arm-none-eabi/4.8.4/../../../../arm-none-eabi/lib/armv6-m\libg_s.a(lib_a-exit.o)
 .debug_frame   0x00003058       0x2c c:/program files (x86)/cypress/psoc creator/3.1/psoc creator/import/gnu_cs/arm/4.8.4/bin/../lib/gcc/arm-none-eabi/4.8.4/../../../../arm-none-eabi/lib/armv6-m\libg_s.a(lib_a-init.o)
 .debug_frame   0x00003084       0x28 c:/program files (x86)/cypress/psoc creator/3.1/psoc creator/import/gnu_cs/arm/4.8.4/bin/../lib/gcc/arm-none-eabi/4.8.4/../../../../arm-none-eabi/lib/armv6-m\libg_s.a(lib_a-memcpy-stub.o)
 .debug_frame   0x000030ac       0x20 c:/program files (x86)/cypress/psoc creator/3.1/psoc creator/import/gnu_cs/arm/4.8.4/bin/../lib/gcc/arm-none-eabi/4.8.4/../../../../arm-none-eabi/lib/armv6-m\libg_s.a(lib_a-memset.o)

.debug_str      0x00000000     0x4a46
 *(.debug_str)
 .debug_str     0x00000000      0x971 .\CortexM0\ARM_GCC_484\Debug\main.o
                                0x9c3 (size before relaxing)
 .debug_str     0x00000971      0x294 .\CortexM0\ARM_GCC_484\Debug\display.o
                                0x414 (size before relaxing)
 .debug_str     0x00000c05       0xf9 .\CortexM0\ARM_GCC_484\Debug\flash_wr_rd.o
                                0x221 (size before relaxing)
 .debug_str     0x00000cfe      0x7db .\CortexM0\ARM_GCC_484\Debug\fun.o
                                0xddd (size before relaxing)
 .debug_str     0x000014d9      0x178 .\CortexM0\ARM_GCC_484\Debug\module.o
                                0x517 (size before relaxing)
 .debug_str     0x00001651      0x69f .\CortexM0\ARM_GCC_484\Debug\uart_wifi.o
                                0xcf0 (size before relaxing)
 .debug_str     0x00001cf0       0x7a .\CortexM0\ARM_GCC_484\Debug\cybootloader.o
                                0x1dd (size before relaxing)
 .debug_str     0x00001d6a       0x37 .\CortexM0\ARM_GCC_484\Debug\cymetadata.o
                                0x19a (size before relaxing)
 .debug_str     0x00001da1      0x151 .\CortexM0\ARM_GCC_484\Debug\Cm0Start.o
                                0x2e7 (size before relaxing)
 .debug_str     0x00001ef2      0x19a .\CortexM0\ARM_GCC_484\Debug\UART_Bootloadable.a(cyfitter_cfg.o)
                                0x36b (size before relaxing)