Archive member included because of file (symbol)

.\CortexM0\ARM_GCC_484\Debug\UART_Bootloader.a(cyfitter_cfg.o)
                              .\CortexM0\ARM_GCC_484\Debug\Cm0Start.o (cyfitter_cfg)
.\CortexM0\ARM_GCC_484\Debug\UART_Bootloader.a(Bootloader.o)
                              .\CortexM0\ARM_GCC_484\Debug\Cm0Start.o (CyBtldr_CheckLaunch)
.\CortexM0\ARM_GCC_484\Debug\UART_Bootloader.a(CyBootAsmGnu.o)
                              .\CortexM0\ARM_GCC_484\Debug\UART_Bootloader.a(cyfitter_cfg.o) (CyDelayCycles)
.\CortexM0\ARM_GCC_484\Debug\UART_Bootloader.a(CyFlash.o)
                              .\CortexM0\ARM_GCC_484\Debug\UART_Bootloader.a(Bootloader.o) (CySysFlashWriteRow)
.\CortexM0\ARM_GCC_484\Debug\UART_Bootloader.a(CyLib.o)
                              .\CortexM0\ARM_GCC_484\Debug\UART_Bootloader.a(Bootloader.o) (CyHalt)
.\CortexM0\ARM_GCC_484\Debug\UART_Bootloader.a(PWM.o)
                              .\CortexM0\ARM_GCC_484\Debug\UART_Bootloader.a(Bootloader.o) (PWM_Stop)
.\CortexM0\ARM_GCC_484\Debug\UART_Bootloader.a(UART_0.o)
                              .\CortexM0\ARM_GCC_484\Debug\UART_Bootloader.a(Bootloader.o) (UART_0_Init)
.\CortexM0\ARM_GCC_484\Debug\UART_Bootloader.a(UART_0_SPI_UART.o)
                              .\CortexM0\ARM_GCC_484\Debug\UART_Btldr.o (UART_0_SpiUartReadRxData)
.\CortexM0\ARM_GCC_484\Debug\UART_Bootloader.a(UART_0_UART.o)
                              .\CortexM0\ARM_GCC_484\Debug\UART_Bootloader.a(UART_0.o) (UART_0_UartInit)
.\CortexM0\ARM_GCC_484\Debug\UART_Bootloader.a(UART_0_SPI_UART_INT.o)
                              .\CortexM0\ARM_GCC_484\Debug\UART_Bootloader.a(UART_0_UART.o) (UART_0_SPI_UART_ISR)
c:/program files/cypress/psoc creator/3.1/psoc creator/import/gnu_cs/arm/4.8.4/bin/../lib/gcc/arm-none-eabi/4.8.4/armv6-m\libgcc.a(_thumb1_case_uqi.o)
                              .\CortexM0\ARM_GCC_484\Debug\UART_Bootloader.a(Bootloader.o) (__gnu_thumb1_case_uqi)
c:/program files/cypress/psoc creator/3.1/psoc creator/import/gnu_cs/arm/4.8.4/bin/../lib/gcc/arm-none-eabi/4.8.4/armv6-m\libgcc.a(_udivsi3.o)
                              .\CortexM0\ARM_GCC_484\Debug\UART_Bootloader.a(CyLib.o) (__aeabi_uidiv)
c:/program files/cypress/psoc creator/3.1/psoc creator/import/gnu_cs/arm/4.8.4/bin/../lib/gcc/arm-none-eabi/4.8.4/armv6-m\libgcc.a(_dvmd_tls.o)
                              c:/program files/cypress/psoc creator/3.1/psoc creator/import/gnu_cs/arm/4.8.4/bin/../lib/gcc/arm-none-eabi/4.8.4/armv6-m\libgcc.a(_udivsi3.o) (__aeabi_idiv0)
c:/program files/cypress/psoc creator/3.1/psoc creator/import/gnu_cs/arm/4.8.4/bin/../lib/gcc/arm-none-eabi/4.8.4/../../../../arm-none-eabi/lib/armv6-m\libg_s.a(lib_a-errno.o)
                              .\CortexM0\ARM_GCC_484\Debug\Cm0Start.o (__errno)
c:/program files/cypress/psoc creator/3.1/psoc creator/import/gnu_cs/arm/4.8.4/bin/../lib/gcc/arm-none-eabi/4.8.4/../../../../arm-none-eabi/lib/armv6-m\libg_s.a(lib_a-exit.o)
                              c:/program files/cypress/psoc creator/3.1/psoc creator/import/gnu_cs/arm/4.8.4/bin/../lib/gcc/arm-none-eabi/4.8.4/../../../../arm-none-eabi/lib/armv6-m/crt0.o (exit)
c:/program files/cypress/psoc creator/3.1/psoc creator/import/gnu_cs/arm/4.8.4/bin/../lib/gcc/arm-none-eabi/4.8.4/../../../../arm-none-eabi/lib/armv6-m\libg_s.a(lib_a-impure.o)
                              c:/program files/cypress/psoc creator/3.1/psoc creator/import/gnu_cs/arm/4.8.4/bin/../lib/gcc/arm-none-eabi/4.8.4/../../../../arm-none-eabi/lib/armv6-m\libg_s.a(lib_a-exit.o) (_global_impure_ptr)
c:/program files/cypress/psoc creator/3.1/psoc creator/import/gnu_cs/arm/4.8.4/bin/../lib/gcc/arm-none-eabi/4.8.4/../../../../arm-none-eabi/lib/armv6-m\libg_s.a(lib_a-init.o)
                              c:/program files/cypress/psoc creator/3.1/psoc creator/import/gnu_cs/arm/4.8.4/bin/../lib/gcc/arm-none-eabi/4.8.4/../../../../arm-none-eabi/lib/armv6-m/crt0.o (__libc_init_array)
c:/program files/cypress/psoc creator/3.1/psoc creator/import/gnu_cs/arm/4.8.4/bin/../lib/gcc/arm-none-eabi/4.8.4/../../../../arm-none-eabi/lib/armv6-m\libg_s.a(lib_a-memcpy-stub.o)
                              .\CortexM0\ARM_GCC_484\Debug\UART_Bootloader.a(Bootloader.o) (memcpy)
c:/program files/cypress/psoc creator/3.1/psoc creator/import/gnu_cs/arm/4.8.4/bin/../lib/gcc/arm-none-eabi/4.8.4/../../../../arm-none-eabi/lib/armv6-m\libg_s.a(lib_a-memset.o)
                              c:/program files/cypress/psoc creator/3.1/psoc creator/import/gnu_cs/arm/4.8.4/bin/../lib/gcc/arm-none-eabi/4.8.4/../../../../arm-none-eabi/lib/armv6-m/crt0.o (memset)

Allocating common symbols
Common symbol       size              file

f_ack_1             0x1               .\CortexM0\ARM_GCC_484\Debug\UART_Bootloader.a(Bootloader.o)
z_itotalcount       0x1               .\CortexM0\ARM_GCC_484\Debug\UART_Bootloader.a(Bootloader.o)
f_delay             0x1               .\CortexM0\ARM_GCC_484\Debug\UART_Bootloader.a(Bootloader.o)
giWIFIDATALength    0x1               .\CortexM0\ARM_GCC_484\Debug\UART_Bootloader.a(Bootloader.o)
packetBuffer        0x12c             .\CortexM0\ARM_GCC_484\Debug\UART_Bootloader.a(Bootloader.o)
iSendCounter        0x2               .\CortexM0\ARM_GCC_484\Debug\UART_Bootloader.a(Bootloader.o)
gcWIFICTL           0x1               .\CortexM0\ARM_GCC_484\Debug\UART_Bootloader.a(Bootloader.o)
giWIFICommand       0x1               .\CortexM0\ARM_GCC_484\Debug\UART_Bootloader.a(Bootloader.o)
z_iicount           0x1               .\CortexM0\ARM_GCC_484\Debug\UART_Bootloader.a(Bootloader.o)
cpSendBufPtr        0x4               .\CortexM0\ARM_GCC_484\Debug\UART_Bootloader.a(Bootloader.o)
iUartSendLen        0x2               .\CortexM0\ARM_GCC_484\Debug\UART_Bootloader.a(Bootloader.o)
ATReceBuffer        0x102             .\CortexM0\ARM_GCC_484\Debug\UART_Bootloader.a(Bootloader.o)
WifiWorkFlag        0x4               .\CortexM0\ARM_GCC_484\Debug\UART_Bootloader.a(Bootloader.o)
BUZfkg              0x1               .\CortexM0\ARM_GCC_484\Debug\UART_Bootloader.a(Bootloader.o)
dataBuffer_0        0x12c             .\CortexM0\ARM_GCC_484\Debug\UART_Bootloader.a(Bootloader.o)
WifidatagramWorkFlag
                    0x4               .\CortexM0\ARM_GCC_484\Debug\UART_Bootloader.a(Bootloader.o)
gcWifiCommunState   0x1               .\CortexM0\ARM_GCC_484\Debug\UART_Bootloader.a(Bootloader.o)
BuzzerDly           0x4               .\CortexM0\ARM_GCC_484\Debug\UART_Bootloader.a(Bootloader.o)
F_uart_0_tx         0x1               .\CortexM0\ARM_GCC_484\Debug\UART_Bootloader.a(Bootloader.o)

Discarded input sections

 .text          0x00000000        0x0 c:/program files/cypress/psoc creator/3.1/psoc creator/import/gnu_cs/arm/4.8.4/bin/../lib/gcc/arm-none-eabi/4.8.4/armv6-m/crti.o
 .data          0x00000000        0x0 c:/program files/cypress/psoc creator/3.1/psoc creator/import/gnu_cs/arm/4.8.4/bin/../lib/gcc/arm-none-eabi/4.8.4/armv6-m/crti.o
 .bss           0x00000000        0x0 c:/program files/cypress/psoc creator/3.1/psoc creator/import/gnu_cs/arm/4.8.4/bin/../lib/gcc/arm-none-eabi/4.8.4/armv6-m/crti.o
 .data          0x00000000        0x4 c:/program files/cypress/psoc creator/3.1/psoc creator/import/gnu_cs/arm/4.8.4/bin/../lib/gcc/arm-none-eabi/4.8.4/armv6-m/crtbegin.o
 .text          0x00000000       0x78 c:/program files/cypress/psoc creator/3.1/psoc creator/import/gnu_cs/arm/4.8.4/bin/../lib/gcc/arm-none-eabi/4.8.4/../../../../arm-none-eabi/lib/armv6-m/crt0.o
 .data          0x00000000        0x0 c:/program files/cypress/psoc creator/3.1/psoc creator/import/gnu_cs/arm/4.8.4/bin/../lib/gcc/arm-none-eabi/4.8.4/../../../../arm-none-eabi/lib/armv6-m/crt0.o
 .bss           0x00000000        0x0 c:/program files/cypress/psoc creator/3.1/psoc creator/import/gnu_cs/arm/4.8.4/bin/../lib/gcc/arm-none-eabi/4.8.4/../../../../arm-none-eabi/lib/armv6-m/crt0.o
 .ARM.extab     0x00000000        0x0 c:/program files/cypress/psoc creator/3.1/psoc creator/import/gnu_cs/arm/4.8.4/bin/../lib/gcc/arm-none-eabi/4.8.4/../../../../arm-none-eabi/lib/armv6-m/crt0.o
 .ARM.exidx     0x00000000        0x8 c:/program files/cypress/psoc creator/3.1/psoc creator/import/gnu_cs/arm/4.8.4/bin/../lib/gcc/arm-none-eabi/4.8.4/../../../../arm-none-eabi/lib/armv6-m/crt0.o
 .text          0x00000000        0x0 .\CortexM0\ARM_GCC_484\Debug\main.o
 .data          0x00000000        0x0 .\CortexM0\ARM_GCC_484\Debug\main.o
 .bss           0x00000000        0x0 .\CortexM0\ARM_GCC_484\Debug\main.o
 .text          0x00000000        0x0 .\CortexM0\ARM_GCC_484\Debug\UART_Btldr.o
 .data          0x00000000        0x0 .\CortexM0\ARM_GCC_484\Debug\UART_Btldr.o
 .bss           0x00000000        0x2 .\CortexM0\ARM_GCC_484\Debug\UART_Btldr.o
 .text.CyBtldrCommStart
                0x00000000       0x10 .\CortexM0\ARM_GCC_484\Debug\UART_Btldr.o
 .text.CyBtldrCommStop
                0x00000000        0x8 .\CortexM0\ARM_GCC_484\Debug\UART_Btldr.o
 .text.CyBtldrCommReset
                0x00000000        0xc .\CortexM0\ARM_GCC_484\Debug\UART_Btldr.o
 .text.CyBtldrCommWrite
                0x00000000       0x1c .\CortexM0\ARM_GCC_484\Debug\UART_Btldr.o
 .text.CyBtldrCommRead
                0x00000000       0xcc .\CortexM0\ARM_GCC_484\Debug\UART_Btldr.o
 .text          0x00000000        0x0 .\CortexM0\ARM_GCC_484\Debug\cymetadata.o
 .data          0x00000000        0x0 .\CortexM0\ARM_GCC_484\Debug\cymetadata.o
 .bss           0x00000000        0x0 .\CortexM0\ARM_GCC_484\Debug\cymetadata.o
 .text          0x00000000        0x0 .\CortexM0\ARM_GCC_484\Debug\Cm0Start.o
 .data          0x00000000        0x4 .\CortexM0\ARM_GCC_484\Debug\Cm0Start.o
 .bss           0x00000000        0x0 .\CortexM0\ARM_GCC_484\Debug\Cm0Start.o
 .text._exit    0x00000000        0x2 .\CortexM0\ARM_GCC_484\Debug\Cm0Start.o
 .text._sbrk    0x00000000       0x30 .\CortexM0\ARM_GCC_484\Debug\Cm0Start.o
 .text          0x00000000        0x0 .\CortexM0\ARM_GCC_484\Debug\UART_Bootloader.a(cyfitter_cfg.o)
 .data          0x00000000        0x0 .\CortexM0\ARM_GCC_484\Debug\UART_Bootloader.a(cyfitter_cfg.o)
 .bss           0x00000000        0x0 .\CortexM0\ARM_GCC_484\Debug\UART_Bootloader.a(cyfitter_cfg.o)
 .text          0x00000000        0x0 .\CortexM0\ARM_GCC_484\Debug\UART_Bootloader.a(Bootloader.o)
 .data          0x00000000        0x8 .\CortexM0\ARM_GCC_484\Debug\UART_Bootloader.a(Bootloader.o)
 .text.Sum_Make_Verify
                0x00000000       0x20 .\CortexM0\ARM_GCC_484\Debug\UART_Bootloader.a(Bootloader.o)
 .text.Bootloader_Calc8BitSum
                0x00000000       0x26 .\CortexM0\ARM_GCC_484\Debug\UART_Bootloader.a(Bootloader.o)
 .text.Bootloader_SetFlashByte
                0x00000000       0x2c .\CortexM0\ARM_GCC_484\Debug\UART_Bootloader.a(Bootloader.o)
 .text.Bootloader_Exit
                0x00000000       0x34 .\CortexM0\ARM_GCC_484\Debug\UART_Bootloader.a(Bootloader.o)
 .data          0x00000000        0x0 .\CortexM0\ARM_GCC_484\Debug\UART_Bootloader.a(CyBootAsmGnu.o)
 .bss           0x00000000        0x0 .\CortexM0\ARM_GCC_484\Debug\UART_Bootloader.a(CyBootAsmGnu.o)
 .text          0x00000000        0x0 .\CortexM0\ARM_GCC_484\Debug\UART_Bootloader.a(CyFlash.o)
 .data          0x00000000        0x0 .\CortexM0\ARM_GCC_484\Debug\UART_Bootloader.a(CyFlash.o)
 .text.CySysFlashSetWaitCycles
                0x00000000       0x2c .\CortexM0\ARM_GCC_484\Debug\UART_Bootloader.a(CyFlash.o)
 .text          0x00000000        0x0 .\CortexM0\ARM_GCC_484\Debug\UART_Bootloader.a(CyLib.o)
 .bss           0x00000000       0x24 .\CortexM0\ARM_GCC_484\Debug\UART_Bootloader.a(CyLib.o)
 .text.CySysClkImoStart
                0x00000000       0x14 .\CortexM0\ARM_GCC_484\Debug\UART_Bootloader.a(CyLib.o)
 .text.CySysClkImoStop
                0x00000000       0x10 .\CortexM0\ARM_GCC_484\Debug\UART_Bootloader.a(CyLib.o)
 .text.CySysClkIloStart
                0x00000000       0x14 .\CortexM0\ARM_GCC_484\Debug\UART_Bootloader.a(CyLib.o)
 .text.CySysClkWriteHfclkDirect
                0x00000000       0x24 .\CortexM0\ARM_GCC_484\Debug\UART_Bootloader.a(CyLib.o)
 .text.CySysClkWriteSysclkDiv
                0x00000000       0x2c .\CortexM0\ARM_GCC_484\Debug\UART_Bootloader.a(CyLib.o)
 .text.CySysWdtLock
                0x00000000       0x1c .\CortexM0\ARM_GCC_484\Debug\UART_Bootloader.a(CyLib.o)
 .text.CySysWdtUnlock
                0x00000000       0x30 .\CortexM0\ARM_GCC_484\Debug\UART_Bootloader.a(CyLib.o)
 .text.CySysWdtReadEnabledStatus
                0x00000000       0x1c .\CortexM0\ARM_GCC_484\Debug\UART_Bootloader.a(CyLib.o)
 .text.CySysWdtWriteMode
                0x00000000       0x34 .\CortexM0\ARM_GCC_484\Debug\UART_Bootloader.a(CyLib.o)
 .text.CySysWdtReadMode
                0x00000000       0x14 .\CortexM0\ARM_GCC_484\Debug\UART_Bootloader.a(CyLib.o)
 .text.CySysWdtWriteClearOnMatch
                0x00000000       0x34 .\CortexM0\ARM_GCC_484\Debug\UART_Bootloader.a(CyLib.o)
 .text.CySysWdtReadClearOnMatch
                0x00000000       0x1c .\CortexM0\ARM_GCC_484\Debug\UART_Bootloader.a(CyLib.o)
 .text.CySysWdtEnable
                0x00000000       0x34 .\CortexM0\ARM_GCC_484\Debug\UART_Bootloader.a(CyLib.o)
 .text.CySysWdtDisable
                0x00000000       0x2c .\CortexM0\ARM_GCC_484\Debug\UART_Bootloader.a(CyLib.o)
 .text.CySysWdtWriteCascade
                0x00000000       0x34 .\CortexM0\ARM_GCC_484\Debug\UART_Bootloader.a(CyLib.o)
 .text.CySysWdtReadCascade
                0x00000000       0x14 .\CortexM0\ARM_GCC_484\Debug\UART_Bootloader.a(CyLib.o)
 .text.CySysWdtWriteToggleBit
                0x00000000       0x28 .\CortexM0\ARM_GCC_484\Debug\UART_Bootloader.a(CyLib.o)
 .text.CySysWdtReadToggleBit
                0x00000000       0x10 .\CortexM0\ARM_GCC_484\Debug\UART_Bootloader.a(CyLib.o)
 .text.CySysWdtReadMatch
                0x00000000       0x18 .\CortexM0\ARM_GCC_484\Debug\UART_Bootloader.a(CyLib.o)
 .text.CySysWdtReadCount
                0x00000000       0x30 .\CortexM0\ARM_GCC_484\Debug\UART_Bootloader.a(CyLib.o)
 .text.CySysClkIloStop
                0x00000000       0xb4 .\CortexM0\ARM_GCC_484\Debug\UART_Bootloader.a(CyLib.o)
 .text.CySysWdtGetInterruptSource
                0x00000000       0x14 .\CortexM0\ARM_GCC_484\Debug\UART_Bootloader.a(CyLib.o)
 .text.CySysWdtClearInterrupt
                0x00000000       0x50 .\CortexM0\ARM_GCC_484\Debug\UART_Bootloader.a(CyLib.o)
 .text.CySysWdtResetCounters
                0x00000000       0x18 .\CortexM0\ARM_GCC_484\Debug\UART_Bootloader.a(CyLib.o)
 .text.CySysLvdEnable
                0x00000000       0x2c .\CortexM0\ARM_GCC_484\Debug\UART_Bootloader.a(CyLib.o)
 .text.CySysLvdDisable
                0x00000000       0x20 .\CortexM0\ARM_GCC_484\Debug\UART_Bootloader.a(CyLib.o)
 .text.CySysLvdGetInterruptSource
                0x00000000       0x10 .\CortexM0\ARM_GCC_484\Debug\UART_Bootloader.a(CyLib.o)
 .text.CySysLvdClearInterrupt
                0x00000000        0xc .\CortexM0\ARM_GCC_484\Debug\UART_Bootloader.a(CyLib.o)
 .text.CySysGetResetReason
                0x00000000       0x14 .\CortexM0\ARM_GCC_484\Debug\UART_Bootloader.a(CyLib.o)
 .text.CyDisableInts
                0x00000000       0x10 .\CortexM0\ARM_GCC_484\Debug\UART_Bootloader.a(CyLib.o)
 .text.CyEnableInts
                0x00000000        0xc .\CortexM0\ARM_GCC_484\Debug\UART_Bootloader.a(CyLib.o)
 .text.CyIntSetSysVector
                0x00000000       0x14 .\CortexM0\ARM_GCC_484\Debug\UART_Bootloader.a(CyLib.o)
 .text.CyIntGetSysVector
                0x00000000       0x12 .\CortexM0\ARM_GCC_484\Debug\UART_Bootloader.a(CyLib.o)
 .text.CyIntGetVector
                0x00000000       0x14 .\CortexM0\ARM_GCC_484\Debug\UART_Bootloader.a(CyLib.o)
 .text.CyIntGetPriority
                0x00000000       0x24 .\CortexM0\ARM_GCC_484\Debug\UART_Bootloader.a(CyLib.o)
 .text.CyIntGetState
                0x00000000       0x18 .\CortexM0\ARM_GCC_484\Debug\UART_Bootloader.a(CyLib.o)
 .text.CyIntSetPending
                0x00000000       0x14 .\CortexM0\ARM_GCC_484\Debug\UART_Bootloader.a(CyLib.o)
 .text.CyIntClearPending
                0x00000000       0x14 .\CortexM0\ARM_GCC_484\Debug\UART_Bootloader.a(CyLib.o)
 .text.CySysClkWriteImoFreq
                0x00000000      0x124 .\CortexM0\ARM_GCC_484\Debug\UART_Bootloader.a(CyLib.o)
 .text.CySysWdtWriteMatch
                0x00000000       0x38 .\CortexM0\ARM_GCC_484\Debug\UART_Bootloader.a(CyLib.o)
 .text.CyDelayFreq
                0x00000000       0x48 .\CortexM0\ARM_GCC_484\Debug\UART_Bootloader.a(CyLib.o)
 .text.CySysTickInit
                0x00000000       0x50 .\CortexM0\ARM_GCC_484\Debug\UART_Bootloader.a(CyLib.o)
 .text.CySysTickStop
                0x00000000       0x10 .\CortexM0\ARM_GCC_484\Debug\UART_Bootloader.a(CyLib.o)
 .text.CySysTickEnableInterrupt
                0x00000000       0x10 .\CortexM0\ARM_GCC_484\Debug\UART_Bootloader.a(CyLib.o)
 .text.CySysTickEnable
                0x00000000       0x18 .\CortexM0\ARM_GCC_484\Debug\UART_Bootloader.a(CyLib.o)
 .text.CySysTickStart
                0x00000000       0x1c .\CortexM0\ARM_GCC_484\Debug\UART_Bootloader.a(CyLib.o)
 .text.CySysTickDisableInterrupt
                0x00000000       0x10 .\CortexM0\ARM_GCC_484\Debug\UART_Bootloader.a(CyLib.o)
 .text.CySysTickSetReload
                0x00000000       0x10 .\CortexM0\ARM_GCC_484\Debug\UART_Bootloader.a(CyLib.o)
 .text.CySysTickGetReload
                0x00000000       0x10 .\CortexM0\ARM_GCC_484\Debug\UART_Bootloader.a(CyLib.o)
 .text.CySysTickGetValue
                0x00000000       0x14 .\CortexM0\ARM_GCC_484\Debug\UART_Bootloader.a(CyLib.o)
 .text.CySysTickGetCountFlag
                0x00000000       0x10 .\CortexM0\ARM_GCC_484\Debug\UART_Bootloader.a(CyLib.o)
 .text.CySysTickServiceCallbacks
                0x00000000       0x24 .\CortexM0\ARM_GCC_484\Debug\UART_Bootloader.a(CyLib.o)
 .text.CySysTickClear
                0x00000000        0xc .\CortexM0\ARM_GCC_484\Debug\UART_Bootloader.a(CyLib.o)
 .text.CySysTickSetCallback
                0x00000000       0x10 .\CortexM0\ARM_GCC_484\Debug\UART_Bootloader.a(CyLib.o)
 .text.CySysTickGetCallback
                0x00000000       0x10 .\CortexM0\ARM_GCC_484\Debug\UART_Bootloader.a(CyLib.o)
 .rodata        0x00000000       0x2e .\CortexM0\ARM_GCC_484\Debug\UART_Bootloader.a(CyLib.o)
 .text          0x00000000        0x0 .\CortexM0\ARM_GCC_484\Debug\UART_Bootloader.a(PWM.o)
 .data          0x00000000        0x0 .\CortexM0\ARM_GCC_484\Debug\UART_Bootloader.a(PWM.o)
 .text.PWM_SetMode
                0x00000000       0x28 .\CortexM0\ARM_GCC_484\Debug\UART_Bootloader.a(PWM.o)
 .text.PWM_SetQDMode
                0x00000000       0x28 .\CortexM0\ARM_GCC_484\Debug\UART_Bootloader.a(PWM.o)
 .text.PWM_SetPrescaler
                0x00000000       0x28 .\CortexM0\ARM_GCC_484\Debug\UART_Bootloader.a(PWM.o)
 .text.PWM_SetOneShot
                0x00000000       0x2c .\CortexM0\ARM_GCC_484\Debug\UART_Bootloader.a(PWM.o)
 .text.PWM_SetPWMMode
                0x00000000       0x10 .\CortexM0\ARM_GCC_484\Debug\UART_Bootloader.a(PWM.o)
 .text.PWM_SetPWMSyncKill
                0x00000000       0x28 .\CortexM0\ARM_GCC_484\Debug\UART_Bootloader.a(PWM.o)
 .text.PWM_SetPWMStopOnKill
                0x00000000       0x28 .\CortexM0\ARM_GCC_484\Debug\UART_Bootloader.a(PWM.o)
 .text.PWM_SetPWMDeadTime
                0x00000000       0x2c .\CortexM0\ARM_GCC_484\Debug\UART_Bootloader.a(PWM.o)
 .text.PWM_SetPWMInvert
                0x00000000       0x28 .\CortexM0\ARM_GCC_484\Debug\UART_Bootloader.a(PWM.o)
 .text.PWM_WriteCounter
                0x00000000        0xc .\CortexM0\ARM_GCC_484\Debug\UART_Bootloader.a(PWM.o)
 .text.PWM_ReadCounter
                0x00000000        0xc .\CortexM0\ARM_GCC_484\Debug\UART_Bootloader.a(PWM.o)
 .text.PWM_SetCounterMode
                0x00000000       0x28 .\CortexM0\ARM_GCC_484\Debug\UART_Bootloader.a(PWM.o)
 .text.PWM_WritePeriod
                0x00000000        0xc .\CortexM0\ARM_GCC_484\Debug\UART_Bootloader.a(PWM.o)
 .text.PWM_ReadPeriod
                0x00000000        0xc .\CortexM0\ARM_GCC_484\Debug\UART_Bootloader.a(PWM.o)
 .text.PWM_SetCompareSwap
                0x00000000       0x24 .\CortexM0\ARM_GCC_484\Debug\UART_Bootloader.a(PWM.o)
 .text.PWM_WritePeriodBuf
                0x00000000        0xc .\CortexM0\ARM_GCC_484\Debug\UART_Bootloader.a(PWM.o)
 .text.PWM_ReadPeriodBuf
                0x00000000        0xc .\CortexM0\ARM_GCC_484\Debug\UART_Bootloader.a(PWM.o)
 .text.PWM_SetPeriodSwap
                0x00000000       0x28 .\CortexM0\ARM_GCC_484\Debug\UART_Bootloader.a(PWM.o)
 .text.PWM_WriteCompare
                0x00000000        0xc .\CortexM0\ARM_GCC_484\Debug\UART_Bootloader.a(PWM.o)
 .text.PWM_ReadCompare
                0x00000000        0xc .\CortexM0\ARM_GCC_484\Debug\UART_Bootloader.a(PWM.o)
 .text.PWM_WriteCompareBuf
                0x00000000        0xc .\CortexM0\ARM_GCC_484\Debug\UART_Bootloader.a(PWM.o)
 .text.PWM_ReadCompareBuf
                0x00000000        0xc .\CortexM0\ARM_GCC_484\Debug\UART_Bootloader.a(PWM.o)
 .text.PWM_ReadCapture
                0x00000000        0xc .\CortexM0\ARM_GCC_484\Debug\UART_Bootloader.a(PWM.o)
 .text.PWM_ReadCaptureBuf
                0x00000000        0xc .\CortexM0\ARM_GCC_484\Debug\UART_Bootloader.a(PWM.o)
 .text.PWM_SetCaptureMode
                0x00000000       0x24 .\CortexM0\ARM_GCC_484\Debug\UART_Bootloader.a(PWM.o)
 .text.PWM_SetReloadMode
                0x00000000       0x24 .\CortexM0\ARM_GCC_484\Debug\UART_Bootloader.a(PWM.o)
 .text.PWM_SetStartMode
                0x00000000       0x28 .\CortexM0\ARM_GCC_484\Debug\UART_Bootloader.a(PWM.o)
 .text.PWM_SetStopMode
                0x00000000       0x24 .\CortexM0\ARM_GCC_484\Debug\UART_Bootloader.a(PWM.o)
 .text.PWM_SetCountMode
                0x00000000       0x24 .\CortexM0\ARM_GCC_484\Debug\UART_Bootloader.a(PWM.o)
 .text.PWM_ReadStatus
                0x00000000       0x14 .\CortexM0\ARM_GCC_484\Debug\UART_Bootloader.a(PWM.o)
 .text.PWM_SetInterruptMode
                0x00000000        0xc .\CortexM0\ARM_GCC_484\Debug\UART_Bootloader.a(PWM.o)
 .text.PWM_GetInterruptSourceMasked
                0x00000000        0xc .\CortexM0\ARM_GCC_484\Debug\UART_Bootloader.a(PWM.o)
 .text.PWM_GetInterruptSource
                0x00000000        0xc .\CortexM0\ARM_GCC_484\Debug\UART_Bootloader.a(PWM.o)
 .text.PWM_ClearInterrupt
                0x00000000        0xc .\CortexM0\ARM_GCC_484\Debug\UART_Bootloader.a(PWM.o)
 .text.PWM_SetInterrupt
                0x00000000        0xc .\CortexM0\ARM_GCC_484\Debug\UART_Bootloader.a(PWM.o)
 .text          0x00000000        0x0 .\CortexM0\ARM_GCC_484\Debug\UART_Bootloader.a(UART_0.o)
 .data          0x00000000        0x0 .\CortexM0\ARM_GCC_484\Debug\UART_Bootloader.a(UART_0.o)
 .text.UART_0_Stop
                0x00000000       0x20 .\CortexM0\ARM_GCC_484\Debug\UART_Bootloader.a(UART_0.o)
 .text.UART_0_SetRxFifoLevel
                0x00000000       0x14 .\CortexM0\ARM_GCC_484\Debug\UART_Bootloader.a(UART_0.o)
 .text.UART_0_SetTxFifoLevel
                0x00000000       0x14 .\CortexM0\ARM_GCC_484\Debug\UART_Bootloader.a(UART_0.o)
 .text.UART_0_I2CSlaveNackGeneration
                0x00000000       0x3c .\CortexM0\ARM_GCC_484\Debug\UART_Bootloader.a(UART_0.o)
 .text          0x00000000        0x0 .\CortexM0\ARM_GCC_484\Debug\UART_Bootloader.a(UART_0_SPI_UART.o)
 .data          0x00000000        0x0 .\CortexM0\ARM_GCC_484\Debug\UART_Bootloader.a(UART_0_SPI_UART.o)
 .bss           0x00000000        0x0 .\CortexM0\ARM_GCC_484\Debug\UART_Bootloader.a(UART_0_SPI_UART.o)
 .text.UART_0_SpiUartWriteTxData
                0x00000000       0x1c .\CortexM0\ARM_GCC_484\Debug\UART_Bootloader.a(UART_0_SPI_UART.o)
 .text.UART_0_SpiUartPutArray
                0x00000000       0x16 .\CortexM0\ARM_GCC_484\Debug\UART_Bootloader.a(UART_0_SPI_UART.o)
 .text.UART_0_SpiUartGetTxBufferSize
                0x00000000       0x10 .\CortexM0\ARM_GCC_484\Debug\UART_Bootloader.a(UART_0_SPI_UART.o)
 .text.UART_0_SpiUartDisableIntTx
                0x00000000       0x10 .\CortexM0\ARM_GCC_484\Debug\UART_Bootloader.a(UART_0_SPI_UART.o)
 .text          0x00000000        0x0 .\CortexM0\ARM_GCC_484\Debug\UART_Bootloader.a(UART_0_UART.o)
 .data          0x00000000        0x0 .\CortexM0\ARM_GCC_484\Debug\UART_Bootloader.a(UART_0_UART.o)
 .bss           0x00000000        0x0 .\CortexM0\ARM_GCC_484\Debug\UART_Bootloader.a(UART_0_UART.o)
 .text.UART_0_UartSetRxAddress
                0x00000000       0x14 .\CortexM0\ARM_GCC_484\Debug\UART_Bootloader.a(UART_0_UART.o)
 .text.UART_0_UartSetRxAddressMask
                0x00000000       0x18 .\CortexM0\ARM_GCC_484\Debug\UART_Bootloader.a(UART_0_UART.o)
 .text.UART_0_UartGetChar
                0x00000000       0x28 .\CortexM0\ARM_GCC_484\Debug\UART_Bootloader.a(UART_0_UART.o)
 .text.UART_0_UartPutString
                0x00000000       0x16 .\CortexM0\ARM_GCC_484\Debug\UART_Bootloader.a(UART_0_UART.o)
 .text.UART_0_UartPutCRLF
                0x00000000       0x14 .\CortexM0\ARM_GCC_484\Debug\UART_Bootloader.a(UART_0_UART.o)
 .text          0x00000000        0x0 .\CortexM0\ARM_GCC_484\Debug\UART_Bootloader.a(UART_0_SPI_UART_INT.o)
 .data          0x00000000        0x0 .\CortexM0\ARM_GCC_484\Debug\UART_Bootloader.a(UART_0_SPI_UART_INT.o)
 .bss           0x00000000        0x0 .\CortexM0\ARM_GCC_484\Debug\UART_Bootloader.a(UART_0_SPI_UART_INT.o)
 .data          0x00000000        0x0 c:/program files/cypress/psoc creator/3.1/psoc creator/import/gnu_cs/arm/4.8.4/bin/../lib/gcc/arm-none-eabi/4.8.4/armv6-m\libgcc.a(_thumb1_case_uqi.o)
 .bss           0x00000000        0x0 c:/program files/cypress/psoc creator/3.1/psoc creator/import/gnu_cs/arm/4.8.4/bin/../lib/gcc/arm-none-eabi/4.8.4/armv6-m\libgcc.a(_thumb1_case_uqi.o)
 .text          0x00000000       0x9c c:/program files/cypress/psoc creator/3.1/psoc creator/import/gnu_cs/arm/4.8.4/bin/../lib/gcc/arm-none-eabi/4.8.4/armv6-m\libgcc.a(_udivsi3.o)
 .data          0x00000000        0x0 c:/program files/cypress/psoc creator/3.1/psoc creator/import/gnu_cs/arm/4.8.4/bin/../lib/gcc/arm-none-eabi/4.8.4/armv6-m\libgcc.a(_udivsi3.o)
 .bss           0x00000000        0x0 c:/program files/cypress/psoc creator/3.1/psoc creator/import/gnu_cs/arm/4.8.4/bin/../lib/gcc/arm-none-eabi/4.8.4/armv6-m\libgcc.a(_udivsi3.o)
 .text          0x00000000        0x4 c:/program files/cypress/psoc creator/3.1/psoc creator/import/gnu_cs/arm/4.8.4/bin/../lib/gcc/arm-none-eabi/4.8.4/armv6-m\libgcc.a(_dvmd_tls.o)
 .data          0x00000000        0x0 c:/program files/cypress/psoc creator/3.1/psoc creator/import/gnu_cs/arm/4.8.4/bin/../lib/gcc/arm-none-eabi/4.8.4/armv6-m\libgcc.a(_dvmd_tls.o)
 .bss           0x00000000        0x0 c:/program files/cypress/psoc creator/3.1/psoc creator/import/gnu_cs/arm/4.8.4/bin/../lib/gcc/arm-none-eabi/4.8.4/armv6-m\libgcc.a(_dvmd_tls.o)
 .text          0x00000000        0x0 c:/program files/cypress/psoc creator/3.1/psoc creator/import/gnu_cs/arm/4.8.4/bin/../lib/gcc/arm-none-eabi/4.8.4/../../../../arm-none-eabi/lib/armv6-m\libg_s.a(lib_a-errno.o)
 .data          0x00000000        0x0 c:/program files/cypress/psoc creator/3.1/psoc creator/import/gnu_cs/arm/4.8.4/bin/../lib/gcc/arm-none-eabi/4.8.4/../../../../arm-none-eabi/lib/armv6-m\libg_s.a(lib_a-errno.o)
 .bss           0x00000000        0x0 c:/program files/cypress/psoc creator/3.1/psoc creator/import/gnu_cs/arm/4.8.4/bin/../lib/gcc/arm-none-eabi/4.8.4/../../../../arm-none-eabi/lib/armv6-m\libg_s.a(lib_a-errno.o)
 .text.__errno  0x00000000        0xc c:/program files/cypress/psoc creator/3.1/psoc creator/import/gnu_cs/arm/4.8.4/bin/../lib/gcc/arm-none-eabi/4.8.4/../../../../arm-none-eabi/lib/armv6-m\libg_s.a(lib_a-errno.o)
 .text          0x00000000        0x0 c:/program files/cypress/psoc creator/3.1/psoc creator/import/gnu_cs/arm/4.8.4/bin/../lib/gcc/arm-none-eabi/4.8.4/../../../../arm-none-eabi/lib/armv6-m\libg_s.a(lib_a-exit.o)
 .data          0x00000000        0x0 c:/program files/cypress/psoc creator/3.1/psoc creator/import/gnu_cs/arm/4.8.4/bin/../lib/gcc/arm-none-eabi/4.8.4/../../../../arm-none-eabi/lib/armv6-m\libg_s.a(lib_a-exit.o)
 .bss           0x00000000        0x0 c:/program files/cypress/psoc creator/3.1/psoc creator/import/gnu_cs/arm/4.8.4/bin/../lib/gcc/arm-none-eabi/4.8.4/../../../../arm-none-eabi/lib/armv6-m\libg_s.a(lib_a-exit.o)
 .text.exit     0x00000000       0x2c c:/program files/cypress/psoc creator/3.1/psoc creator/import/gnu_cs/arm/4.8.4/bin/../lib/gcc/arm-none-eabi/4.8.4/../../../../arm-none-eabi/lib/armv6-m\libg_s.a(lib_a-exit.o)
 .text          0x00000000        0x0 c:/program files/cypress/psoc creator/3.1/psoc creator/import/gnu_cs/arm/4.8.4/bin/../lib/gcc/arm-none-eabi/4.8.4/../../../../arm-none-eabi/lib/armv6-m\libg_s.a(lib_a-impure.o)
 .data          0x00000000        0x0 c:/program files/cypress/psoc creator/3.1/psoc creator/import/gnu_cs/arm/4.8.4/bin/../lib/gcc/arm-none-eabi/4.8.4/../../../../arm-none-eabi/lib/armv6-m\libg_s.a(lib_a-impure.o)
 .bss           0x00000000        0x0 c:/program files/cypress/psoc creator/3.1/psoc creator/import/gnu_cs/arm/4.8.4/bin/../lib/gcc/arm-none-eabi/4.8.4/../../../../arm-none-eabi/lib/armv6-m\libg_s.a(lib_a-impure.o)
 .data.impure_data
                0x00000000       0x60 c:/program files/cypress/psoc creator/3.1/psoc creator/import/gnu_cs/arm/4.8.4/bin/../lib/gcc/arm-none-eabi/4.8.4/../../../../arm-none-eabi/lib/armv6-m\libg_s.a(lib_a-impure.o)
 .data._impure_ptr
                0x00000000        0x4 c:/program files/cypress/psoc creator/3.1/psoc creator/import/gnu_cs/arm/4.8.4/bin/../lib/gcc/arm-none-eabi/4.8.4/../../../../arm-none-eabi/lib/armv6-m\libg_s.a(lib_a-impure.o)
 .rodata.str1.1
                0x00000000        0x2 c:/program files/cypress/psoc creator/3.1/psoc creator/import/gnu_cs/arm/4.8.4/bin/../lib/gcc/arm-none-eabi/4.8.4/../../../../arm-none-eabi/lib/armv6-m\libg_s.a(lib_a-impure.o)
 .rodata._global_impure_ptr
                0x00000000        0x4 c:/program files/cypress/psoc creator/3.1/psoc creator/import/gnu_cs/arm/4.8.4/bin/../lib/gcc/arm-none-eabi/4.8.4/../../../../arm-none-eabi/lib/armv6-m\libg_s.a(lib_a-impure.o)
 .text          0x00000000        0x0 c:/program files/cypress/psoc creator/3.1/psoc creator/import/gnu_cs/arm/4.8.4/bin/../lib/gcc/arm-none-eabi/4.8.4/../../../../arm-none-eabi/lib/armv6-m\libg_s.a(lib_a-init.o)
 .data          0x00000000        0x0 c:/program files/cypress/psoc creator/3.1/psoc creator/import/gnu_cs/arm/4.8.4/bin/../lib/gcc/arm-none-eabi/4.8.4/../../../../arm-none-eabi/lib/armv6-m\libg_s.a(lib_a-init.o)
 .bss           0x00000000        0x0 c:/program files/cypress/psoc creator/3.1/psoc creator/import/gnu_cs/arm/4.8.4/bin/../lib/gcc/arm-none-eabi/4.8.4/../../../../arm-none-eabi/lib/armv6-m\libg_s.a(lib_a-init.o)
 .text          0x00000000        0x0 c:/program files/cypress/psoc creator/3.1/psoc creator/import/gnu_cs/arm/4.8.4/bin/../lib/gcc/arm-none-eabi/4.8.4/../../../../arm-none-eabi/lib/armv6-m\libg_s.a(lib_a-memcpy-stub.o)
 .data          0x00000000        0x0 c:/program files/cypress/psoc creator/3.1/psoc creator/import/gnu_cs/arm/4.8.4/bin/../lib/gcc/arm-none-eabi/4.8.4/../../../../arm-none-eabi/lib/armv6-m\libg_s.a(lib_a-memcpy-stub.o)
 .bss           0x00000000        0x0 c:/program files/cypress/psoc creator/3.1/psoc creator/import/gnu_cs/arm/4.8.4/bin/../lib/gcc/arm-none-eabi/4.8.4/../../../../arm-none-eabi/lib/armv6-m\libg_s.a(lib_a-memcpy-stub.o)
 .text          0x00000000        0x0 c:/program files/cypress/psoc creator/3.1/psoc creator/import/gnu_cs/arm/4.8.4/bin/../lib/gcc/arm-none-eabi/4.8.4/../../../../arm-none-eabi/lib/armv6-m\libg_s.a(lib_a-memset.o)
 .data          0x00000000        0x0 c:/program files/cypress/psoc creator/3.1/psoc creator/import/gnu_cs/arm/4.8.4/bin/../lib/gcc/arm-none-eabi/4.8.4/../../../../arm-none-eabi/lib/armv6-m\libg_s.a(lib_a-memset.o)
 .bss           0x00000000        0x0 c:/program files/cypress/psoc creator/3.1/psoc creator/import/gnu_cs/arm/4.8.4/bin/../lib/gcc/arm-none-eabi/4.8.4/../../../../arm-none-eabi/lib/armv6-m\libg_s.a(lib_a-memset.o)
 .text          0x00000000        0x0 c:/program files/cypress/psoc creator/3.1/psoc creator/import/gnu_cs/arm/4.8.4/bin/../lib/gcc/arm-none-eabi/4.8.4/armv6-m/crtend.o
 .data          0x00000000        0x0 c:/program files/cypress/psoc creator/3.1/psoc creator/import/gnu_cs/arm/4.8.4/bin/../lib/gcc/arm-none-eabi/4.8.4/armv6-m/crtend.o
 .bss           0x00000000        0x0 c:/program files/cypress/psoc creator/3.1/psoc creator/import/gnu_cs/arm/4.8.4/bin/../lib/gcc/arm-none-eabi/4.8.4/armv6-m/crtend.o
 .text          0x00000000        0x0 c:/program files/cypress/psoc creator/3.1/psoc creator/import/gnu_cs/arm/4.8.4/bin/../lib/gcc/arm-none-eabi/4.8.4/armv6-m/crtn.o
 .data          0x00000000        0x0 c:/program files/cypress/psoc creator/3.1/psoc creator/import/gnu_cs/arm/4.8.4/bin/../lib/gcc/arm-none-eabi/4.8.4/armv6-m/crtn.o
 .bss           0x00000000        0x0 c:/program files/cypress/psoc creator/3.1/psoc creator/import/gnu_cs/arm/4.8.4/bin/../lib/gcc/arm-none-eabi/4.8.4/armv6-m/crtn.o

Memory Configuration

Name             Origin             Length             Attributes
rom              0x00000000         0x00008000         xr
ram              0x20000000         0x00001000         xrw
*default*        0x00000000         0xffffffff

Linker script and memory map

LOAD c:/program files/cypress/psoc creator/3.1/psoc creator/import/gnu_cs/arm/4.8.4/bin/../lib/gcc/arm-none-eabi/4.8.4/armv6-m/crti.o
LOAD c:/program files/cypress/psoc creator/3.1/psoc creator/import/gnu_cs/arm/4.8.4/bin/../lib/gcc/arm-none-eabi/4.8.4/armv6-m/crtbegin.o
LOAD c:/program files/cypress/psoc creator/3.1/psoc creator/import/gnu_cs/arm/4.8.4/bin/../lib/gcc/arm-none-eabi/4.8.4/../../../../arm-none-eabi/lib/armv6-m/crt0.o
START GROUP
LOAD .\CortexM0\ARM_GCC_484\Debug\main.o
LOAD .\CortexM0\ARM_GCC_484\Debug\UART_Btldr.o
LOAD .\CortexM0\ARM_GCC_484\Debug\cymetadata.o
LOAD .\CortexM0\ARM_GCC_484\Debug\Cm0Start.o
LOAD .\CortexM0\ARM_GCC_484\Debug\UART_Bootloader.a
LOAD C:\Program Files\Cypress\PSoC Creator\3.1\PSoC Creator\psoc\content\cycomponentlibrary\CyComponentLibrary.cylib\CortexM0\ARM_GCC_484\Debug\CyComponentLibrary.a
END GROUP
START GROUP
LOAD c:/program files/cypress/psoc creator/3.1/psoc creator/import/gnu_cs/arm/4.8.4/bin/../lib/gcc/arm-none-eabi/4.8.4/armv6-m\libgcc.a
LOAD c:/program files/cypress/psoc creator/3.1/psoc creator/import/gnu_cs/arm/4.8.4/bin/../lib/gcc/arm-none-eabi/4.8.4/../../../../arm-none-eabi/lib/armv6-m\libg_s.a
LOAD c:/program files/cypress/psoc creator/3.1/psoc creator/import/gnu_cs/arm/4.8.4/bin/../lib/gcc/arm-none-eabi/4.8.4/../../../../arm-none-eabi/lib/armv6-m\libc_s.a
END GROUP
START GROUP
LOAD c:/program files/cypress/psoc creator/3.1/psoc creator/import/gnu_cs/arm/4.8.4/bin/../lib/gcc/arm-none-eabi/4.8.4/armv6-m\libgcc.a
LOAD c:/program files/cypress/psoc creator/3.1/psoc creator/import/gnu_cs/arm/4.8.4/bin/../lib/gcc/arm-none-eabi/4.8.4/../../../../arm-none-eabi/lib/armv6-m\libc_s.a
END GROUP
LOAD c:/program files/cypress/psoc creator/3.1/psoc creator/import/gnu_cs/arm/4.8.4/bin/../lib/gcc/arm-none-eabi/4.8.4/armv6-m/crtend.o
LOAD c:/program files/cypress/psoc creator/3.1/psoc creator/import/gnu_cs/arm/4.8.4/bin/../lib/gcc/arm-none-eabi/4.8.4/armv6-m/crtn.o
START GROUP
LOAD c:/program files/cypress/psoc creator/3.1/psoc creator/import/gnu_cs/arm/4.8.4/bin/../lib/gcc/arm-none-eabi/4.8.4/armv6-m\libgcc.a
LOAD c:/program files/cypress/psoc creator/3.1/psoc creator/import/gnu_cs/arm/4.8.4/bin/../lib/gcc/arm-none-eabi/4.8.4/../../../../arm-none-eabi/lib/armv6-m\libc.a
LOAD c:/program files/cypress/psoc creator/3.1/psoc creator/import/gnu_cs/arm/4.8.4/bin/../lib/gcc/arm-none-eabi/4.8.4/../../../../arm-none-eabi/lib/armv6-m\libnosys.a
END GROUP
                0x00000000                CY_APPL_ORIGIN = 0x0
                0x00000080                CY_FLASH_ROW_SIZE = 0x80
                0x00000001                CY_APPL_NUM = 0x1
                0x00000040                CY_METADATA_SIZE = 0x40
                0x20000598                PROVIDE (__cy_heap_start, _end)
                0x00000001                PROVIDE (__cy_region_num, ((__cy_regions_end - __cy_regions) / 0x10))
                0x20001000                PROVIDE (__cy_stack, (ORIGIN (ram) + 0x1000))
                0x20000c00                PROVIDE (__cy_heap_end, (__cy_stack - 0x400))

.cybootloader   0x00000000        0x0
 *(.cybootloader)
                0x00000000                appl1_start = CY_APPL_ORIGIN?CY_APPL_ORIGIN:ALIGN (CY_FLASH_ROW_SIZE)
                0x00003f80                appl2_start = (appl1_start + ALIGN ((((0x8000 - appl1_start) - (0x2 * CY_FLASH_ROW_SIZE)) / 0x2), CY_FLASH_ROW_SIZE))
                0x00000000                appl_start = (CY_APPL_NUM == 0x1)?appl1_start:appl2_start

.text           0x00000000      0xe70
 CREATE_OBJECT_SYMBOLS
                0x00000000                PROVIDE (__cy_interrupt_vector, RomVectors)
 *(.romvectors)
 .romvectors    0x00000000       0x10 .\CortexM0\ARM_GCC_484\Debug\Cm0Start.o
                0x00000000                RomVectors
                0x00000001                ASSERT ((. != __cy_interrupt_vector), No interrupt vector)
                0x00000001                ASSERT (CY_APPL_ORIGIN?(SIZEOF (.cybootloader) <= CY_APPL_ORIGIN):0x1, Wrong image location)
                0x00000010                PROVIDE (__cy_reset, Reset)
 *(.text.Reset)
 .text.Reset    0x00000010        0xa .\CortexM0\ARM_GCC_484\Debug\Cm0Start.o
                0x00000010                Reset
                0x00000001                ASSERT ((. != __cy_reset), No reset code)
 *(.psocinit)
 *fill*         0x0000001a        0x2 
 .psocinit      0x0000001c      0x198 .\CortexM0\ARM_GCC_484\Debug\UART_Bootloader.a(cyfitter_cfg.o)
                0x0000001c                cyfitter_cfg
                0x000001b4                . = MAX (., 0x100)
 *(.text .text.* .gnu.linkonce.t.*)
 .text          0x000001b4       0x60 c:/program files/cypress/psoc creator/3.1/psoc creator/import/gnu_cs/arm/4.8.4/bin/../lib/gcc/arm-none-eabi/4.8.4/armv6-m/crtbegin.o
 .text.startup.main
                0x00000214        0x8 .\CortexM0\ARM_GCC_484\Debug\main.o
                0x00000214                main
 .text.IntDefaultHandler
                0x0000021c        0x2 .\CortexM0\ARM_GCC_484\Debug\Cm0Start.o
                0x0000021c                IntDefaultHandler
 *fill*         0x0000021e        0x2 
 .text.Start_c  0x00000220       0x4c .\CortexM0\ARM_GCC_484\Debug\Cm0Start.o
                0x00000220                Start_c
 .text.startup.initialize_psoc
                0x0000026c       0x54 .\CortexM0\ARM_GCC_484\Debug\Cm0Start.o
                0x0000026c                initialize_psoc
 .text.Bootloader_LaunchBootloadable
                0x000002c0        0x2 .\CortexM0\ARM_GCC_484\Debug\UART_Bootloader.a(Bootloader.o)
 *fill*         0x000002c2        0x2 
 .text.crc16    0x000002c4       0x34 .\CortexM0\ARM_GCC_484\Debug\UART_Bootloader.a(Bootloader.o)
                0x000002c4                crc16
 .text.Comm_Uart_0_PrintHex8
                0x000002f8       0x1c .\CortexM0\ARM_GCC_484\Debug\UART_Bootloader.a(Bootloader.o)
                0x000002f8                Comm_Uart_0_PrintHex8
 .text.Uart_0_Putchar
                0x00000314       0x38 .\CortexM0\ARM_GCC_484\Debug\UART_Bootloader.a(Bootloader.o)
                0x00000314                Uart_0_Putchar
 .text.UART_SendData
                0x0000034c       0x20 .\CortexM0\ARM_GCC_484\Debug\UART_Bootloader.a(Bootloader.o)
                0x0000034c                UART_SendData
 .text.SendDataToWifi
                0x0000036c       0xa4 .\CortexM0\ARM_GCC_484\Debug\UART_Bootloader.a(Bootloader.o)
                0x0000036c                SendDataToWifi
 .text.LoadUARTData
                0x00000410      0x120 .\CortexM0\ARM_GCC_484\Debug\UART_Bootloader.a(Bootloader.o)
                0x00000410                LoadUARTData
 .text.UART_ISR_0_FUN
                0x00000530       0x2c .\CortexM0\ARM_GCC_484\Debug\UART_Bootloader.a(Bootloader.o)
                0x00000530                UART_ISR_0_FUN
 .text.Buzzer_Fun
                0x0000055c       0x44 .\CortexM0\ARM_GCC_484\Debug\UART_Bootloader.a(Bootloader.o)
                0x0000055c                Buzzer_Fun
 .text.Bootloader_GetMetadata
                0x000005a0       0x98 .\CortexM0\ARM_GCC_484\Debug\UART_Bootloader.a(Bootloader.o)
                0x000005a0                Bootloader_GetMetadata
 .text.CyBtldr_CheckLaunch
                0x00000638       0x3c .\CortexM0\ARM_GCC_484\Debug\UART_Bootloader.a(Bootloader.o)
                0x00000638                CyBtldr_CheckLaunch
 .text.Bootloader_ValidateBootloadable
                0x00000674       0x62 .\CortexM0\ARM_GCC_484\Debug\UART_Bootloader.a(Bootloader.o)
                0x00000674                Bootloader_ValidateBootloadable
 *fill*         0x000006d6        0x2 
 .text.Bootloader_HostLink
                0x000006d8      0x1b0 .\CortexM0\ARM_GCC_484\Debug\UART_Bootloader.a(Bootloader.o)
 .text.Bootloader_Start
                0x00000888       0x34 .\CortexM0\ARM_GCC_484\Debug\UART_Bootloader.a(Bootloader.o)
                0x00000888                Bootloader_Start
 *fill*         0x000008bc        0x4 
 .text          0x000008c0       0x28 .\CortexM0\ARM_GCC_484\Debug\UART_Bootloader.a(CyBootAsmGnu.o)
                0x000008c0                CyDelayCycles
                0x000008d4                CyEnterCriticalSection
                0x000008dc                CyExitCriticalSection
 .text.CySysFlashWriteRow
                0x000008e8      0x1a0 .\CortexM0\ARM_GCC_484\Debug\UART_Bootloader.a(CyFlash.o)
                0x000008e8                CySysFlashWriteRow
 .text.CyIntSetVector
                0x00000a88       0x18 .\CortexM0\ARM_GCC_484\Debug\UART_Bootloader.a(CyLib.o)
                0x00000a88                CyIntSetVector
 .text.CyIntSetPriority
                0x00000aa0       0x40 .\CortexM0\ARM_GCC_484\Debug\UART_Bootloader.a(CyLib.o)
                0x00000aa0                CyIntSetPriority
 .text.CyIntEnable
                0x00000ae0       0x14 .\CortexM0\ARM_GCC_484\Debug\UART_Bootloader.a(CyLib.o)
                0x00000ae0                CyIntEnable
 .text.CyIntDisable
                0x00000af4       0x14 .\CortexM0\ARM_GCC_484\Debug\UART_Bootloader.a(CyLib.o)
                0x00000af4                CyIntDisable
 .text.CyHalt   0x00000b08        0x4 .\CortexM0\ARM_GCC_484\Debug\UART_Bootloader.a(CyLib.o)
                0x00000b08                CyHalt
 .text.CySoftwareReset
                0x00000b0c       0x18 .\CortexM0\ARM_GCC_484\Debug\UART_Bootloader.a(CyLib.o)
                0x00000b0c                CySoftwareReset
 .text.CyDelay  0x00000b24       0x2c .\CortexM0\ARM_GCC_484\Debug\UART_Bootloader.a(CyLib.o)
                0x00000b24                CyDelay
 .text.CyDelayUs
                0x00000b50       0x14 .\CortexM0\ARM_GCC_484\Debug\UART_Bootloader.a(CyLib.o)
                0x00000b50                CyDelayUs
 .text.PWM_Init
                0x00000b64       0x50 .\CortexM0\ARM_GCC_484\Debug\UART_Bootloader.a(PWM.o)
                0x00000b64                PWM_Init
 .text.PWM_Stop
                0x00000bb4       0x1c .\CortexM0\ARM_GCC_484\Debug\UART_Bootloader.a(PWM.o)
                0x00000bb4                PWM_Stop
 .text.PWM_TriggerCommand
                0x00000bd0       0x1c .\CortexM0\ARM_GCC_484\Debug\UART_Bootloader.a(PWM.o)
                0x00000bd0                PWM_TriggerCommand
 .text.PWM_Enable
                0x00000bec       0x24 .\CortexM0\ARM_GCC_484\Debug\UART_Bootloader.a(PWM.o)
                0x00000bec                PWM_Enable
 .text.PWM_Start
                0x00000c10       0x1c .\CortexM0\ARM_GCC_484\Debug\UART_Bootloader.a(PWM.o)
                0x00000c10                PWM_Start
 .text.UART_0_Init
                0x00000c2c        0x8 .\CortexM0\ARM_GCC_484\Debug\UART_Bootloader.a(UART_0.o)
                0x00000c2c                UART_0_Init
 .text.UART_0_Enable
                0x00000c34       0x1c .\CortexM0\ARM_GCC_484\Debug\UART_Bootloader.a(UART_0.o)
                0x00000c34                UART_0_Enable
 .text.UART_0_Start
                0x00000c50       0x1c .\CortexM0\ARM_GCC_484\Debug\UART_Bootloader.a(UART_0.o)
                0x00000c50                UART_0_Start
 .text.UART_0_SetCustomInterruptHandler
                0x00000c6c        0xc .\CortexM0\ARM_GCC_484\Debug\UART_Bootloader.a(UART_0.o)
                0x00000c6c                UART_0_SetCustomInterruptHandler
 .text.UART_0_SpiUartReadRxData
                0x00000c78        0xc .\CortexM0\ARM_GCC_484\Debug\UART_Bootloader.a(UART_0_SPI_UART.o)
                0x00000c78                UART_0_SpiUartReadRxData
 .text.UART_0_SpiUartGetRxBufferSize
                0x00000c84       0x10 .\CortexM0\ARM_GCC_484\Debug\UART_Bootloader.a(UART_0_SPI_UART.o)
                0x00000c84                UART_0_SpiUartGetRxBufferSize
 .text.UART_0_SpiUartClearRxBuffer
                0x00000c94       0x20 .\CortexM0\ARM_GCC_484\Debug\UART_Bootloader.a(UART_0_SPI_UART.o)
                0x00000c94                UART_0_SpiUartClearRxBuffer
 .text.UART_0_SpiUartClearTxBuffer
                0x00000cb4       0x20 .\CortexM0\ARM_GCC_484\Debug\UART_Bootloader.a(UART_0_SPI_UART.o)
                0x00000cb4                UART_0_SpiUartClearTxBuffer
 .text.UART_0_SpiUartDisableIntRx
                0x00000cd4       0x10 .\CortexM0\ARM_GCC_484\Debug\UART_Bootloader.a(UART_0_SPI_UART.o)
                0x00000cd4                UART_0_SpiUartDisableIntRx
 .text.UART_0_UartInit
                0x00000ce4       0xac .\CortexM0\ARM_GCC_484\Debug\UART_Bootloader.a(UART_0_UART.o)
                0x00000ce4                UART_0_UartInit
 .text.UART_0_UartGetByte
                0x00000d90       0x40 .\CortexM0\ARM_GCC_484\Debug\UART_Bootloader.a(UART_0_UART.o)
                0x00000d90                UART_0_UartGetByte
 .text.UART_0_SPI_UART_ISR
                0x00000dd0       0x14 .\CortexM0\ARM_GCC_484\Debug\UART_Bootloader.a(UART_0_SPI_UART_INT.o)
                0x00000dd0                UART_0_SPI_UART_ISR
 .text          0x00000de4       0x14 c:/program files/cypress/psoc creator/3.1/psoc creator/import/gnu_cs/arm/4.8.4/bin/../lib/gcc/arm-none-eabi/4.8.4/armv6-m\libgcc.a(_thumb1_case_uqi.o)
                0x00000de4                __gnu_thumb1_case_uqi
 .text.__libc_init_array
                0x00000df8       0x4c c:/program files/cypress/psoc creator/3.1/psoc creator/import/gnu_cs/arm/4.8.4/bin/../lib/gcc/arm-none-eabi/4.8.4/../../../../arm-none-eabi/lib/armv6-m\libg_s.a(lib_a-init.o)
                0x00000df8                __libc_init_array
 .text.memcpy   0x00000e44       0x12 c:/program files/cypress/psoc creator/3.1/psoc creator/import/gnu_cs/arm/4.8.4/bin/../lib/gcc/arm-none-eabi/4.8.4/../../../../arm-none-eabi/lib/armv6-m\libg_s.a(lib_a-memcpy-stub.o)
                0x00000e44                memcpy
 .text.memset   0x00000e56       0x10 c:/program files/cypress/psoc creator/3.1/psoc creator/import/gnu_cs/arm/4.8.4/bin/../lib/gcc/arm-none-eabi/4.8.4/../../../../arm-none-eabi/lib/armv6-m\libg_s.a(lib_a-memset.o)
                0x00000e56                memset
 *(.plt)
 *(.gnu.warning)
 *(.glue_7t)
 .glue_7t       0x00000000        0x0 linker stubs
 *(.glue_7)
 .glue_7        0x00000000        0x0 linker stubs
 *(.vfp11_veneer)
 .vfp11_veneer  0x00000000        0x0 linker stubs
 *(.bootloader)
 *fill*         0x00000e66        0x2 
 .bootloader    0x00000e68        0x8 .\CortexM0\ARM_GCC_484\Debug\UART_Bootloader.a(Bootloader.o)
                0x00000e68                Bootloader_SizeBytes
                0x00000e6c                Bootloader_Checksum
 *(.ARM.extab* .gnu.linkonce.armextab.*)
 *(.gcc_except_table)

.v4_bx          0x00000e70        0x0
 .v4_bx         0x00000000        0x0 linker stubs

.iplt           0x00000e70        0x0
 .iplt          0x00000000        0x0 c:/program files/cypress/psoc creator/3.1/psoc creator/import/gnu_cs/arm/4.8.4/bin/../lib/gcc/arm-none-eabi/4.8.4/armv6-m/crtbegin.o

.eh_frame_hdr
 *(.eh_frame_hdr)

.eh_frame       0x00000e70        0x4
 *(.eh_frame)
 .eh_frame      0x00000e70        0x0 c:/program files/cypress/psoc creator/3.1/psoc creator/import/gnu_cs/arm/4.8.4/bin/../lib/gcc/arm-none-eabi/4.8.4/armv6-m/crtbegin.o
 .eh_frame      0x00000e70        0x4 c:/program files/cypress/psoc creator/3.1/psoc creator/import/gnu_cs/arm/4.8.4/bin/../lib/gcc/arm-none-eabi/4.8.4/armv6-m/crtend.o
                0x00000e74                PROVIDE (__exidx_start, .)

.ARM.exidx
 *(.ARM.exidx* .gnu.linkonce.armexidx.*)
                0x00000e74                __exidx_end = .

.rodata         0x00000e74      0x234
 *(.rodata .rodata.* .gnu.linkonce.r.*)
 .rodata        0x00000e74      0x200 .\CortexM0\ARM_GCC_484\Debug\UART_Bootloader.a(Bootloader.o)
                0x00000e74                auchCRCHi
                0x00000f74                auchCRCLo
                0x00001074                . = ALIGN (0x4)
 *(.init)
 .init          0x00001074        0x4 c:/program files/cypress/psoc creator/3.1/psoc creator/import/gnu_cs/arm/4.8.4/bin/../lib/gcc/arm-none-eabi/4.8.4/armv6-m/crti.o
                0x00001074                _init
 .init          0x00001078        0x8 c:/program files/cypress/psoc creator/3.1/psoc creator/import/gnu_cs/arm/4.8.4/bin/../lib/gcc/arm-none-eabi/4.8.4/armv6-m/crtn.o
                0x00001080                . = ALIGN (0x4)
                0x00001080                __preinit_array_start = .
 *(.preinit_array)
                0x00001080                __preinit_array_end = .
                0x00001080                . = ALIGN (0x4)
                0x00001080                __init_array_start = .
 *(SORT(.init_array.*))
 *(.init_array)
 .init_array    0x00001080        0x4 c:/program files/cypress/psoc creator/3.1/psoc creator/import/gnu_cs/arm/4.8.4/bin/../lib/gcc/arm-none-eabi/4.8.4/armv6-m/crtbegin.o
 .init_array    0x00001084        0x4 .\CortexM0\ARM_GCC_484\Debug\Cm0Start.o
                0x00001088                __init_array_end = .
                0x00001088                . = ALIGN (0x4)
 *(.fini)
 .fini          0x00001088        0x4 c:/program files/cypress/psoc creator/3.1/psoc creator/import/gnu_cs/arm/4.8.4/bin/../lib/gcc/arm-none-eabi/4.8.4/armv6-m/crti.o
                0x00001088                _fini
 .fini          0x0000108c        0x8 c:/program files/cypress/psoc creator/3.1/psoc creator/import/gnu_cs/arm/4.8.4/bin/../lib/gcc/arm-none-eabi/4.8.4/armv6-m/crtn.o
                0x00001094                . = ALIGN (0x4)
                0x00001094                __fini_array_start = .
 *(.fini_array)
 .fini_array    0x00001094        0x4 c:/program files/cypress/psoc creator/3.1/psoc creator/import/gnu_cs/arm/4.8.4/bin/../lib/gcc/arm-none-eabi/4.8.4/armv6-m/crtbegin.o
 *(SORT(.fini_array.*))
                0x00001098                __fini_array_end = .
                0x00001098                . = ALIGN (0x4)
 *crtbegin.o(.ctors)
 *(EXCLUDE_FILE(*crtend.o) .ctors)
 *(SORT(.ctors.*))
 *crtend.o(.ctors)
                0x00001098                . = ALIGN (0x4)
 *crtbegin.o(.dtors)
 *(EXCLUDE_FILE(*crtend.o) .dtors)
 *(SORT(.dtors.*))
 *crtend.o(.dtors)
                0x00001098                . = ALIGN (0x4)
                0x00001098                __cy_regions = .
                0x00001098        0x4 LONG 0x10a8 __cy_region_init_ram
                0x0000109c        0x4 LONG 0x200000d0 __cy_region_start_data
                0x000010a0        0x4 LONG 0x18 __cy_region_init_size_ram
                0x000010a4        0x4 LONG 0x4b0 __cy_region_zero_size_ram
                0x000010a8                __cy_regions_end = .
                0x000010a8                . = ALIGN (0x8)
                0x000010a8                _etext = .

.ramvectors     0x20000000       0xc0
                0x20000000                __cy_region_start_ram = .
 *(.ramvectors)
 .ramvectors    0x20000000       0xc0 .\CortexM0\ARM_GCC_484\Debug\Cm0Start.o
                0x20000000                CyRamVectors

.btldr_run      0x200000c0        0x4
 *(.bootloaderruntype)
 .bootloaderruntype
                0x200000c0        0x4 .\CortexM0\ARM_GCC_484\Debug\Cm0Start.o
                0x200000c0                cyBtldrRunType

.noinit         0x200000c8        0x4
 *(.noinit)
 .noinit        0x200000c8        0x4 .\CortexM0\ARM_GCC_484\Debug\Cm0Start.o

.data           0x200000d0       0x18 load address 0x000010a8
                0x200000d0                __cy_region_start_data = .
 *(.jcr)
 .jcr           0x200000d0        0x0 c:/program files/cypress/psoc creator/3.1/psoc creator/import/gnu_cs/arm/4.8.4/bin/../lib/gcc/arm-none-eabi/4.8.4/armv6-m/crtbegin.o
 .jcr           0x200000d0        0x4 c:/program files/cypress/psoc creator/3.1/psoc creator/import/gnu_cs/arm/4.8.4/bin/../lib/gcc/arm-none-eabi/4.8.4/armv6-m/crtend.o
 *(.got.plt)
 *(.got)
 *(.shdata)
 *(.data .data.* .gnu.linkonce.d.*)
 .data          0x200000d4       0x10 .\CortexM0\ARM_GCC_484\Debug\UART_Bootloader.a(CyLib.o)
                0x200000d4                cydelay32kMs
                0x200000d8                cydelayFreqKhz
                0x200000dc                cydelayFreqMhz
                0x200000e0                cydelayFreqHz
                0x200000e8                . = ALIGN (0x8)
 *fill*         0x200000e4        0x4 
 *(.ram)
                0x200000e8                _edata = .

.igot.plt       0x200000e8        0x0 load address 0x000010c0
 .igot.plt      0x00000000        0x0 c:/program files/cypress/psoc creator/3.1/psoc creator/import/gnu_cs/arm/4.8.4/bin/../lib/gcc/arm-none-eabi/4.8.4/armv6-m/crtbegin.o

.bss            0x200000e8      0x4b0 load address 0x000010c0
                0x200000e8                PROVIDE (__bss_start__, .)
 *(.shbss)
 *(.bss .bss.* .gnu.linkonce.b.*)
 .bss           0x200000e8       0x1c c:/program files/cypress/psoc creator/3.1/psoc creator/import/gnu_cs/arm/4.8.4/bin/../lib/gcc/arm-none-eabi/4.8.4/armv6-m/crtbegin.o
 .bss           0x20000104       0xff .\CortexM0\ARM_GCC_484\Debug\UART_Bootloader.a(Bootloader.o)
 *fill*         0x20000203        0x1 
 .bss           0x20000204        0x4 .\CortexM0\ARM_GCC_484\Debug\UART_Bootloader.a(CyFlash.o)
 .bss           0x20000208        0x1 .\CortexM0\ARM_GCC_484\Debug\UART_Bootloader.a(PWM.o)
                0x20000208                PWM_initVar
 *fill*         0x20000209        0x3 
 .bss           0x2000020c        0x8 .\CortexM0\ARM_GCC_484\Debug\UART_Bootloader.a(UART_0.o)
                0x2000020c                UART_0_initVar
                0x20000210                UART_0_customIntrHandler
 *(COMMON)
 COMMON         0x20000214      0x381 .\CortexM0\ARM_GCC_484\Debug\UART_Bootloader.a(Bootloader.o)
                0x20000214                f_ack_1
                0x20000215                z_itotalcount
                0x20000216                f_delay
                0x20000217                giWIFIDATALength
                0x20000218                packetBuffer
                0x20000344                iSendCounter
                0x20000346                gcWIFICTL
                0x20000347                giWIFICommand
                0x20000348                z_iicount
                0x2000034c                cpSendBufPtr
                0x20000350                iUartSendLen
                0x20000352                ATReceBuffer
                0x20000454                WifiWorkFlag
                0x20000458                BUZfkg
                0x20000459                dataBuffer_0
                0x20000588                WifidatagramWorkFlag
                0x2000058c                gcWifiCommunState
                0x20000590                BuzzerDly
                0x20000594                F_uart_0_tx
                0x20000598                . = ALIGN (0x8)
 *fill*         0x20000595        0x3 
 *(.ram.b)
                0x20000598                _end = .
                0x20000598                __end = .
                0x20000598                PROVIDE (end, .)
                0x20000598                PROVIDE (__bss_end__, .)
                0x000010a8                __cy_region_init_ram = LOADADDR (.data)
                0x00000018                __cy_region_init_size_ram = (_edata - ADDR (.data))
                0x000004b0                __cy_region_zero_size_ram = (_end - _edata)

.heap           0x20000598      0x100 load address 0x000010c0
                0x20000598                . = _end
                0x20000698                . = (. + 0x100)
 *fill*         0x20000598      0x100 
                0x20000698                __cy_heap_limit = .

.stack          0x20000c00      0x400
                0x20000c00                __cy_stack_limit = .
                0x20001000                . = (. + 0x400)
 *fill*         0x20000c00      0x400 
                0x00000001                ASSERT ((__cy_stack_limit >= __cy_heap_limit), region RAM overflowed with stack)

.cyloadermeta   0x00007fc0       0x40
 *(.cyloadermeta)
 .cyloadermeta  0x00007fc0       0x40 .\CortexM0\ARM_GCC_484\Debug\cymetadata.o
                0x00007fc0                cy_meta_loader

.cyloadablemeta
 *(.cyloadablemeta)

.cyflashprotect
                0x90400000       0x20
 *(.cyflashprotect)
 .cyflashprotect
                0x90400000       0x20 .\CortexM0\ARM_GCC_484\Debug\cymetadata.o
                0x90400000                cy_meta_flashprotect

.cymeta         0x90500000        0xc
 *(.cymeta)
 .cymeta        0x90500000        0xc .\CortexM0\ARM_GCC_484\Debug\cymetadata.o
                0x90500000                cy_metadata

.cychipprotect  0x90600000        0x1
 *(.cychipprotect)
 .cychipprotect
                0x90600000        0x1 .\CortexM0\ARM_GCC_484\Debug\cymetadata.o
                0x90600000                cy_meta_chipprotect

.rel.dyn        0x000010c0        0x0 load address 0x90600004
 .rel.iplt      0x00000000        0x0 c:/program files/cypress/psoc creator/3.1/psoc creator/import/gnu_cs/arm/4.8.4/bin/../lib/gcc/arm-none-eabi/4.8.4/armv6-m/crtbegin.o

.stab
 *(.stab)

.stabstr
 *(.stabstr)

.debug
 *(.debug)

.line
 *(.line)

.debug_srcinfo
 *(.debug_srcinfo)

.debug_sfnames
 *(.debug_sfnames)

.debug_aranges  0x00000000      0x660
 *(.debug_aranges)
 .debug_aranges
                0x00000000       0x20 .\CortexM0\ARM_GCC_484\Debug\main.o
 .debug_aranges
                0x00000020       0x40 .\CortexM0\ARM_GCC_484\Debug\UART_Btldr.o
 .debug_aranges
                0x00000060       0x18 .\CortexM0\ARM_GCC_484\Debug\cymetadata.o
 .debug_aranges
                0x00000078       0x48 .\CortexM0\ARM_GCC_484\Debug\Cm0Start.o
 .debug_aranges
                0x000000c0       0x20 .\CortexM0\ARM_GCC_484\Debug\UART_Bootloader.a(cyfitter_cfg.o)
 .debug_aranges
                0x000000e0       0xa8 .\CortexM0\ARM_GCC_484\Debug\UART_Bootloader.a(Bootloader.o)
 .debug_aranges
                0x00000188       0x20 .\CortexM0\ARM_GCC_484\Debug\UART_Bootloader.a(CyBootAsmGnu.o)
 .debug_aranges
                0x000001a8       0x28 .\CortexM0\ARM_GCC_484\Debug\UART_Bootloader.a(CyFlash.o)
 .debug_aranges
                0x000001d0      0x210 .\CortexM0\ARM_GCC_484\Debug\UART_Bootloader.a(CyLib.o)
 .debug_aranges
                0x000003e0      0x158 .\CortexM0\ARM_GCC_484\Debug\UART_Bootloader.a(PWM.o)
 .debug_aranges
                0x00000538       0x58 .\CortexM0\ARM_GCC_484\Debug\UART_Bootloader.a(UART_0.o)
 .debug_aranges
                0x00000590       0x60 .\CortexM0\ARM_GCC_484\Debug\UART_Bootloader.a(UART_0_SPI_UART.o)
 .debug_aranges
                0x000005f0       0x50 .\CortexM0\ARM_GCC_484\Debug\UART_Bootloader.a(UART_0_UART.o)
 .debug_aranges
                0x00000640       0x20 .\CortexM0\ARM_GCC_484\Debug\UART_Bootloader.a(UART_0_SPI_UART_INT.o)

.debug_pubnames
 *(.debug_pubnames)

.debug_info     0x00000000     0x44ee
 *(.debug_info .gnu.linkonce.wi.*)
 .debug_info    0x00000000       0xae .\CortexM0\ARM_GCC_484\Debug\main.o
 .debug_info    0x000000ae      0x348 .\CortexM0\ARM_GCC_484\Debug\UART_Btldr.o
 .debug_info    0x000003f6      0x123 .\CortexM0\ARM_GCC_484\Debug\cymetadata.o
 .debug_info    0x00000519      0x385 .\CortexM0\ARM_GCC_484\Debug\Cm0Start.o
 .debug_info    0x0000089e      0x4ba .\CortexM0\ARM_GCC_484\Debug\UART_Bootloader.a(cyfitter_cfg.o)
 .debug_info    0x00000d58      0xdbb .\CortexM0\ARM_GCC_484\Debug\UART_Bootloader.a(Bootloader.o)
 .debug_info    0x00001b13       0x8e .\CortexM0\ARM_GCC_484\Debug\UART_Bootloader.a(CyBootAsmGnu.o)
 .debug_info    0x00001ba1      0x3e9 .\CortexM0\ARM_GCC_484\Debug\UART_Bootloader.a(CyFlash.o)
 .debug_info    0x00001f8a     0x1356 .\CortexM0\ARM_GCC_484\Debug\UART_Bootloader.a(CyLib.o)
 .debug_info    0x000032e0      0x95b .\CortexM0\ARM_GCC_484\Debug\UART_Bootloader.a(PWM.o)
 .debug_info    0x00003c3b      0x298 .\CortexM0\ARM_GCC_484\Debug\UART_Bootloader.a(UART_0.o)
 .debug_info    0x00003ed3      0x219 .\CortexM0\ARM_GCC_484\Debug\UART_Bootloader.a(UART_0_SPI_UART.o)
 .debug_info    0x000040ec      0x34b .\CortexM0\ARM_GCC_484\Debug\UART_Bootloader.a(UART_0_UART.o)
 .debug_info    0x00004437       0xb7 .\CortexM0\ARM_GCC_484\Debug\UART_Bootloader.a(UART_0_SPI_UART_INT.o)

.debug_abbrev   0x00000000     0x163b
 *(.debug_abbrev)
 .debug_abbrev  0x00000000       0x5e .\CortexM0\ARM_GCC_484\Debug\main.o
 .debug_abbrev  0x0000005e      0x160 .\CortexM0\ARM_GCC_484\Debug\UART_Btldr.o
 .debug_abbrev  0x000001be       0x5d .\CortexM0\ARM_GCC_484\Debug\cymetadata.o
 .debug_abbrev  0x0000021b      0x1eb .\CortexM0\ARM_GCC_484\Debug\Cm0Start.o
 .debug_abbrev  0x00000406      0x25c .\CortexM0\ARM_GCC_484\Debug\UART_Bootloader.a(cyfitter_cfg.o)
 .debug_abbrev  0x00000662      0x352 .\CortexM0\ARM_GCC_484\Debug\UART_Bootloader.a(Bootloader.o)
 .debug_abbrev  0x000009b4       0x14 .\CortexM0\ARM_GCC_484\Debug\UART_Bootloader.a(CyBootAsmGnu.o)
 .debug_abbrev  0x000009c8      0x1dc .\CortexM0\ARM_GCC_484\Debug\UART_Bootloader.a(CyFlash.o)
 .debug_abbrev  0x00000ba4      0x3cc .\CortexM0\ARM_GCC_484\Debug\UART_Bootloader.a(CyLib.o)
 .debug_abbrev  0x00000f70      0x1b1 .\CortexM0\ARM_GCC_484\Debug\UART_Bootloader.a(PWM.o)
 .debug_abbrev  0x00001121      0x1b1 .\CortexM0\ARM_GCC_484\Debug\UART_Bootloader.a(UART_0.o)
 .debug_abbrev  0x000012d2      0x176 .\CortexM0\ARM_GCC_484\Debug\UART_Bootloader.a(UART_0_SPI_UART.o)
 .debug_abbrev  0x00001448      0x183 .\CortexM0\ARM_GCC_484\Debug\UART_Bootloader.a(UART_0_UART.o)
 .debug_abbrev  0x000015cb       0x70 .\CortexM0\ARM_GCC_484\Debug\UART_Bootloader.a(UART_0_SPI_UART_INT.o)

.debug_line     0x00000000     0x1a25
 *(.debug_line)
 .debug_line    0x00000000       0x62 .\CortexM0\ARM_GCC_484\Debug\main.o
 .debug_line    0x00000062      0x13f .\CortexM0\ARM_GCC_484\Debug\UART_Btldr.o
 .debug_line    0x000001a1       0x53 .\CortexM0\ARM_GCC_484\Debug\cymetadata.o
 .debug_line    0x000001f4      0x204 .\CortexM0\ARM_GCC_484\Debug\Cm0Start.o
 .debug_line    0x000003f8      0x150 .\CortexM0\ARM_GCC_484\Debug\UART_Bootloader.a(cyfitter_cfg.o)
 .debug_line    0x00000548      0x39c .\CortexM0\ARM_GCC_484\Debug\UART_Bootloader.a(Bootloader.o)
 .debug_line    0x000008e4       0x69 .\CortexM0\ARM_GCC_484\Debug\UART_Bootloader.a(CyBootAsmGnu.o)
 .debug_line    0x0000094d      0x15c .\CortexM0\ARM_GCC_484\Debug\UART_Bootloader.a(CyFlash.o)
 .debug_line    0x00000aa9      0x749 .\CortexM0\ARM_GCC_484\Debug\UART_Bootloader.a(CyLib.o)
 .debug_line    0x000011f2      0x3f6 .\CortexM0\ARM_GCC_484\Debug\UART_Bootloader.a(PWM.o)
 .debug_line    0x000015e8      0x13c .\CortexM0\ARM_GCC_484\Debug\UART_Bootloader.a(UART_0.o)
 .debug_line    0x00001724      0x128 .\CortexM0\ARM_GCC_484\Debug\UART_Bootloader.a(UART_0_SPI_UART.o)
 .debug_line    0x0000184c      0x156 .\CortexM0\ARM_GCC_484\Debug\UART_Bootloader.a(UART_0_UART.o)
 .debug_line    0x000019a2       0x83 .\CortexM0\ARM_GCC_484\Debug\UART_Bootloader.a(UART_0_SPI_UART_INT.o)

.debug_frame    0x00000000      0xff4
 *(.debug_frame)
 .debug_frame   0x00000000       0x2c .\CortexM0\ARM_GCC_484\Debug\main.o
 .debug_frame   0x0000002c       0xac .\CortexM0\ARM_GCC_484\Debug\UART_Btldr.o
 .debug_frame   0x000000d8       0xa4 .\CortexM0\ARM_GCC_484\Debug\Cm0Start.o
 .debug_frame   0x0000017c       0x2c .\CortexM0\ARM_GCC_484\Debug\UART_Bootloader.a(cyfitter_cfg.o)
 .debug_frame   0x000001a8      0x218 .\CortexM0\ARM_GCC_484\Debug\UART_Bootloader.a(Bootloader.o)
 .debug_frame   0x000003c0       0x54 .\CortexM0\ARM_GCC_484\Debug\UART_Bootloader.a(CyFlash.o)
 .debug_frame   0x00000414      0x528 .\CortexM0\ARM_GCC_484\Debug\UART_Bootloader.a(CyLib.o)
 .debug_frame   0x0000093c      0x384 .\CortexM0\ARM_GCC_484\Debug\UART_Bootloader.a(PWM.o)
 .debug_frame   0x00000cc0       0xc0 .\CortexM0\ARM_GCC_484\Debug\UART_Bootloader.a(UART_0.o)
 .debug_frame   0x00000d80       0xb0 .\CortexM0\ARM_GCC_484\Debug\UART_Bootloader.a(UART_0_SPI_UART.o)
 .debug_frame   0x00000e30       0xbc .\CortexM0\ARM_GCC_484\Debug\UART_Bootloader.a(UART_0_UART.o)
 .debug_frame   0x00000eec       0x2c .\CortexM0\ARM_GCC_484\Debug\UART_Bootloader.a(UART_0_SPI_UART_INT.o)
 .debug_frame   0x00000f18       0x20 c:/program files/cypress/psoc creator/3.1/psoc creator/import/gnu_cs/arm/4.8.4/bin/../lib/gcc/arm-none-eabi/4.8.4/armv6-m\libgcc.a(_udivsi3.o)
 .debug_frame   0x00000f38       0x20 c:/program files/cypress/psoc creator/3.1/psoc creator/import/gnu_cs/arm/4.8.4/bin/../lib/gcc/arm-none-eabi/4.8.4/../../../../arm-none-eabi/lib/armv6-m\libg_s.a(lib_a-errno.o)
 .debug_frame   0x00000f58       0x28 c:/program files/cypress/psoc creator/3.1/psoc creator/import/gnu_cs/arm/4.8.4/bin/../lib/gcc/arm-none-eabi/4.8.4/../../../../arm-none-eabi/lib/armv6-m\libg_s.a(lib_a-exit.o)
 .debug_frame   0x00000f80       0x2c c:/program files/cypress/psoc creator/3.1/psoc creator/import/gnu_cs/arm/4.8.4/bin/../lib/gcc/arm-none-eabi/4.8.4/../../../../arm-none-eabi/lib/armv6-m\libg_s.a(lib_a-init.o)
 .debug_frame   0x00000fac       0x28 c:/program files/cypress/psoc creator/3.1/psoc creator/import/gnu_cs/arm/4.8.4/bin/../lib/gcc/arm-none-eabi/4.8.4/../../../../arm-none-eabi/lib/armv6-m\libg_s.a(lib_a-memcpy-stub.o)
 .debug_frame   0x00000fd4       0x20 c:/program files/cypress/psoc creator/3.1/psoc creator/import/gnu_cs/arm/4.8.4/bin/../lib/gcc/arm-none-eabi/4.8.4/../../../../arm-none-eabi/lib/armv6-m\libg_s.a(lib_a-memset.o)

.debug_str      0x00000000     0x1a00
 *(.debug_str)
 .debug_str     0x00000000      0x13f .\CortexM0\ARM_GCC_484\Debug\main.o
                                0x178 (size before relaxing)
 .debug_str     0x0000013f      0x17a .\CortexM0\ARM_GCC_484\Debug\UART_Btldr.o
                                0x2e5 (size before relaxing)
 .debug_str     0x000002b9       0x6a .\CortexM0\ARM_GCC_484\Debug\cymetadata.o
                                0x1c9 (size before relaxing)
 .debug_str     0x00000323      0x172 .\CortexM0\ARM_GCC_484\Debug\Cm0Start.o
                                0x2f7 (size before relaxing)
 .debug_str     0x00000495      0x18a .\CortexM0\ARM_GCC_484\Debug\UART_Bootloader.a(cyfitter_cfg.o)
                                0x340 (size before relaxing)
 .debug_str     0x0000061f      0x548 .\CortexM0\ARM_GCC_484\Debug\UART_Bootloader.a(Bootloader.o)
                                0x7ad (size before relaxing)
 .debug_str     0x00000b67      0x168 .\CortexM0\ARM_GCC_484\Debug\UART_Bootloader.a(CyFlash.o)
                                0x319 (size before relaxing)
 .debug_str     0x00000ccf      0x6e5 .\CortexM0\ARM_GCC_484\Debug\UART_Bootloader.a(CyLib.o)
                                0x8fc (size before relaxing)
 .debug_str     0x000013b4      0x381 .\CortexM0\ARM_GCC_484\Debug\UART_Bootloader.a(PWM.o)
                                0x53d (size before relaxing)
 .debug_str     0x00001735       0xed .\CortexM0\ARM_GCC_484\Debug\UART_Bootloader.a(UART_0.o)
                                0x2e5 (size before relaxing)
 .debug_str     0x00001822       0xc5 .\CortexM0\ARM_GCC_484\Debug\UART_Bootloader.a(UART_0_SPI_UART.o)
                                0x2c2 (size before relaxing)
 .debug_str     0x000018e7       0xd6 .\CortexM0\ARM_GCC_484\Debug\UART_Bootloader.a(UART_0_UART.o)
                                0x328 (size before relaxing)
 .debug_str     0x000019bd       0x43 .\CortexM0\ARM_GCC_484\Debug\UART_Bootloader.a(UART_0_SPI_UART_INT.o)
                                0x1c2 (size before relaxing)

.debug_loc      0x00000000     0x2414
 *(.debug_loc)
 .debug_loc     0x00000000      0x229 .\CortexM0\ARM_GCC_484\Debug\UART_Btldr.o
 .debug_loc     0x00000229      0x1ca .\CortexM0\ARM_GCC_484\Debug\Cm0Start.o
 .debug_loc     0x000003f3      0x152 .\CortexM0\ARM_GCC_484\Debug\UART_Bootloader.a(cyfitter_cfg.o)
 .debug_loc     0x00000545      0x84d .\CortexM0\ARM_GCC_484\Debug\UART_Bootloader.a(Bootloader.o)
 .debug_loc     0x00000d92      0x275 .\CortexM0\ARM_GCC_484\Debug\UART_Bootloader.a(CyFlash.o)
 .debug_loc     0x00001007      0xc0b .\CortexM0\ARM_GCC_484\Debug\UART_Bootloader.a(CyLib.o)
 .debug_loc     0x00001c12      0x547 .\CortexM0\ARM_GCC_484\Debug\UART_Bootloader.a(PWM.o)
 .debug_loc     0x00002159       0x3c .\CortexM0\ARM_GCC_484\Debug\UART_Bootloader.a(UART_0.o)
 .debug_loc     0x00002195       0xee .\CortexM0\ARM_GCC_484\Debug\UART_Bootloader.a(UART_0_SPI_UART.o)
 .debug_loc     0x00002283      0x191 .\CortexM0\ARM_GCC_484\Debug\UART_Bootloader.a(UART_0_UART.o)

.debug_macinfo
 *(.debug_macinfo)

.debug_ranges   0x00000000      0x728
 *(.debug_ranges)
 .debug_ranges  0x00000000       0x10 .\CortexM0\ARM_GCC_484\Debug\main.o
 .debug_ranges  0x00000010       0x30 .\CortexM0\ARM_GCC_484\Debug\UART_Btldr.o
 .debug_ranges  0x00000040       0x38 .\CortexM0\ARM_GCC_484\Debug\Cm0Start.o
 .debug_ranges  0x00000078       0x60 .\CortexM0\ARM_GCC_484\Debug\UART_Bootloader.a(cyfitter_cfg.o)
 .debug_ranges  0x000000d8       0xb0 .\CortexM0\ARM_GCC_484\Debug\UART_Bootloader.a(Bootloader.o)
 .debug_ranges  0x00000188       0x30 .\CortexM0\ARM_GCC_484\Debug\UART_Bootloader.a(CyFlash.o)
 .debug_ranges  0x000001b8      0x328 .\CortexM0\ARM_GCC_484\Debug\UART_Bootloader.a(CyLib.o)
 .debug_ranges  0x000004e0      0x160 .\CortexM0\ARM_GCC_484\Debug\UART_Bootloader.a(PWM.o)
 .debug_ranges  0x00000640       0x48 .\CortexM0\ARM_GCC_484\Debug\UART_Bootloader.a(UART_0.o)
 .debug_ranges  0x00000688       0x50 .\CortexM0\ARM_GCC_484\Debug\UART_Bootloader.a(UART_0_SPI_UART.o)
 .debug_ranges  0x000006d8       0x40 .\CortexM0\ARM_GCC_484\Debug\UART_Bootloader.a(UART_0_UART.o)
 .debug_ranges  0x00000718       0x10 .\CortexM0\ARM_GCC_484\Debug\UART_Bootloader.a(UART_0_SPI_UART_INT.o)

.comment        0x00000000       0x70
 .comment       0x00000000       0x70 .\CortexM0\ARM_GCC_484\Debug\main.o
                                 0x71 (size before relaxing)
 .comment       0x00000000       0x71 .\CortexM0\ARM_GCC_484\Debug\UART_Btldr.o
 .comment       0x00000000       0x71 .\CortexM0\ARM_GCC_484\Debug\cymetadata.o
 .comment       0x00000000       0x71 .\CortexM0\ARM_GCC_484\Debug\Cm0Start.o
 .comment       0x00000000       0x71 .\CortexM0\ARM_GCC_484\Debug\UART_Bootloader.a(cyfitter_cfg.o)
 .comment       0x00000000       0x71 .\CortexM0\ARM_GCC_484\Debug\UART_Bootloader.a(Bootloader.o)
 .comment       0x00000000       0x71 .\CortexM0\ARM_GCC_484\Debug\UART_Bootloader.a(CyFlash.o)
 .comment       0x00000000       0x71 .\CortexM0\ARM_GCC_484\Debug\UART_Bootloader.a(CyLib.o)
 .comment       0x00000000       0x71 .\CortexM0\ARM_GCC_484\Debug\UART_Bootloader.a(PWM.o)
 .comment       0x00000000       0x71 .\CortexM0\ARM_GCC_484\Debug\UART_Bootloader.a(UART_0.o)
 .comment       0x00000000       0x71 .\CortexM0\ARM_GCC_484\Debug\UART_Bootloader.a(UART_0_SPI_UART.o)
 .comment       0x00000000       0x71 .\CortexM0\ARM_GCC_484\Debug\UART_Bootloader.a(UART_0_UART.o)
 .comment       0x00000000       0x71 .\CortexM0\ARM_GCC_484\Debug\UART_Bootloader.a(UART_0_SPI_UART_INT.o)

.debug_weaknames
 *(.debug_weaknames)

.debug_funcnames
 *(.debug_funcnames)

.debug_typenames
 *(.debug_typenames)

.debug_varnames
 *(.debug_varnames)

.note.gnu.arm.ident
 *(.note.gnu.arm.ident)

.ARM.attributes
                0x00000000       0x28
 *(.ARM.attributes)
 .ARM.attributes
                0x00000000       0x1e c:/program files/cypress/psoc creator/3.1/psoc creator/import/gnu_cs/arm/4.8.4/bin/../lib/gcc/arm-none-eabi/4.8.4/armv6-m/crti.o
 .ARM.attributes
                0x0000001e       0x2c c:/program files/cypress/psoc creator/3.1/psoc creator/import/gnu_cs/arm/4.8.4/bin/../lib/gcc/arm-none-eabi/4.8.4/armv6-m/crtbegin.o
 .ARM.attributes
                0x0000004a       0x1b c:/program files/cypress/psoc creator/3.1/psoc creator/import/gnu_cs/arm/4.8.4/bin/../lib/gcc/arm-none-eabi/4.8.4/../../../../arm-none-eabi/lib/armv6-m/crt0.o
 .ARM.attributes
                0x00000065       0x31 .\CortexM0\ARM_GCC_484\Debug\main.o
 .ARM.attributes
                0x00000096       0x31 .\CortexM0\ARM_GCC_484\Debug\UART_Btldr.o
 .ARM.attributes
                0x000000c7       0x31 .\CortexM0\ARM_GCC_484\Debug\cymetadata.o
 .ARM.attributes
                0x000000f8       0x31 .\CortexM0\ARM_GCC_484\Debug\Cm0Start.o
 .ARM.attributes
                0x00000129       0x31 .\CortexM0\ARM_GCC_484\Debug\UART_Bootloader.a(cyfitter_cfg.o)
 .ARM.attributes
                0x0000015a       0x31 .\CortexM0\ARM_GCC_484\Debug\UART_Bootloader.a(Bootloader.o)
 .ARM.attributes
                0x0000018b       0x21 .\CortexM0\ARM_GCC_484\Debug\UART_Bootloader.a(CyBootAsmGnu.o)
 .ARM.attributes
                0x000001ac       0x31 .\CortexM0\ARM_GCC_484\Debug\UART_Bootloader.a(CyFlash.o)
 .ARM.attributes
                0x000001dd       0x31 .\CortexM0\ARM_GCC_484\Debug\UART_Bootloader.a(CyLib.o)
 .ARM.attributes
                0x0000020e       0x31 .\CortexM0\ARM_GCC_484\Debug\UART_Bootloader.a(PWM.o)
 .ARM.attributes
                0x0000023f       0x31 .\CortexM0\ARM_GCC_484\Debug\UART_Bootloader.a(UART_0.o)
 .ARM.attributes
                0x00000270       0x31 .\CortexM0\ARM_GCC_484\Debug\UART_Bootloader.a(UART_0_SPI_UART.o)
 .ARM.attributes
                0x000002a1       0x31 .\CortexM0\ARM_GCC_484\Debug\UART_Bootloader.a(UART_0_UART.o)
 .ARM.attributes
                0x000002d2       0x31 .\CortexM0\ARM_GCC_484\Debug\UART_Bootloader.a(UART_0_SPI_UART_INT.o)
 .ARM.attributes
                0x00000303       0x1e c:/program files/cypress/psoc creator/3.1/psoc creator/import/gnu_cs/arm/4.8.4/bin/../lib/gcc/arm-none-eabi/4.8.4/armv6-m\libgcc.a(_thumb1_case_uqi.o)
 .ARM.attributes
                0x00000321       0x1e c:/program files/cypress/psoc creator/3.1/psoc creator/import/gnu_cs/arm/4.8.4/bin/../lib/gcc/arm-none-eabi/4.8.4/armv6-m\libgcc.a(_udivsi3.o)
 .ARM.attributes
                0x0000033f       0x1e c:/program files/cypress/psoc creator/3.1/psoc creator/import/gnu_cs/arm/4.8.4/bin/../lib/gcc/arm-none-eabi/4.8.4/armv6-m\libgcc.a(_dvmd_tls.o)
 .ARM.attributes
                0x0000035d       0x2c c:/program files/cypress/psoc creator/3.1/psoc creator/import/gnu_cs/arm/4.8.4/bin/../lib/gcc/arm-none-eabi/4.8.4/../../../../arm-none-eabi/lib/armv6-m\libg_s.a(lib_a-errno.o)
 .ARM.attributes
                0x00000389       0x2c c:/program files/cypress/psoc creator/3.1/psoc creator/import/gnu_cs/arm/4.8.4/bin/../lib/gcc/arm-none-eabi/4.8.4/../../../../arm-none-eabi/lib/armv6-m\libg_s.a(lib_a-exit.o)
 .ARM.attributes
                0x000003b5       0x2c c:/program files/cypress/psoc creator/3.1/psoc creator/import/gnu_cs/arm/4.8.4/bin/../lib/gcc/arm-none-eabi/4.8.4/../../../../arm-none-eabi/lib/armv6-m\libg_s.a(lib_a-impure.o)
 .ARM.attributes
                0x000003e1       0x2c c:/program files/cypress/psoc creator/3.1/psoc creator/import/gnu_cs/arm/4.8.4/bin/../lib/gcc/arm-none-eabi/4.8.4/../../../../arm-none-eabi/lib/armv6-m\libg_s.a(lib_a-init.o)
 .ARM.attributes
                0x0000040d       0x2c c:/program files/cypress/psoc creator/3.1/psoc creator/import/gnu_cs/arm/4.8.4/bin/../lib/gcc/arm-none-eabi/4.8.4/../../../../arm-none-eabi/lib/armv6-m\libg_s.a(lib_a-memcpy-stub.o)
 .ARM.attributes
                0x00000439       0x2c c:/program files/cypress/psoc creator/3.1/psoc creator/import/gnu_cs/arm/4.8.4/bin/../lib/gcc/arm-none-eabi/4.8.4/../../../../arm-none-eabi/lib/armv6-m\libg_s.a(lib_a-memset.o)
 .ARM.attributes
                0x00000465       0x2c c:/program files/cypress/psoc creator/3.1/psoc creator/import/gnu_cs/arm/4.8.4/bin/../lib/gcc/arm-none-eabi/4.8.4/armv6-m/crtend.o
 .ARM.attributes
                0x00000491       0x1e c:/program files/cypress/psoc creator/3.1/psoc creator/import/gnu_cs/arm/4.8.4/bin/../lib/gcc/arm-none-eabi/4.8.4/armv6-m/crtn.o

/DISCARD/
 *(.note.GNU-stack)
OUTPUT(.\CortexM0\ARM_GCC_484\Debug\UART_Bootloader.elf elf32-littlearm)
